┌ Info: Simulation info
│   job_id = lf1e_clw_cal_member
└   output_dir = /home/jeff/larcform1-experiments/experiments/clw calibration/output/uki_1/iteration_004/member_003/output_0000
┌ Info: Running
│   job_id = lf1e_clw_cal_member
│   output_dir = /home/jeff/larcform1-experiments/experiments/clw calibration/output/uki_1/iteration_004/member_003/output_0000
└   tspan = (0.0 seconds (2010-01-01T00:00:00) [counter = 0, period = 1 second, epoch = 2010-01-01T00:00:00], 172800.0 seconds (2010-01-03T00:00:00) [counter = 172800, period = 1 second, epoch = 2010-01-01T00:00:00])
┌ Info: Progress
│   simulation_time = 30 seconds
│   n_steps_completed = 1
│   wall_time_per_step = 0 seconds
│   wall_time_total = 0 seconds
│   wall_time_remaining = 0 seconds
│   wall_time_spent = 0 seconds
│   percent_complete = 0.0%
│   estimated_sypd = Inf
│   instantaneous_sypd = 0.0 (sdpd_estimate = 0.0)
│   date_now = 2026-07-05T16:38:01.177
└   estimated_finish_date = 2026-07-05T16:38:01.177
┌ Info: Progress
│   simulation_time = 1 minute
│   n_steps_completed = 2
│   wall_time_per_step = 0 seconds
│   wall_time_total = 0 seconds
│   wall_time_remaining = 0 seconds
│   wall_time_spent = 0 seconds
│   percent_complete = 0.0%
│   estimated_sypd = Inf
│   instantaneous_sypd = 0.03
│   date_now = 2026-07-05T16:38:03.886
└   estimated_finish_date = 2026-07-05T16:38:03.886
┌ Info: Progress
│   simulation_time = 2 minutes
│   n_steps_completed = 4
│   wall_time_per_step = 4 milliseconds, 581 microseconds
│   wall_time_total = 26 seconds, 389 milliseconds
│   wall_time_remaining = 26 seconds, 371 milliseconds
│   wall_time_spent = 18 milliseconds, 326 microseconds
│   percent_complete = 0.1%
│   estimated_sypd = 17.927
│   instantaneous_sypd = 17.927
│   date_now = 2026-07-05T16:38:03.895
└   estimated_finish_date = 2026-07-05T16:38:30.895
┌ Info: Progress
│   simulation_time = 4 minutes
│   n_steps_completed = 8
│   wall_time_per_step = 4 milliseconds, 406 microseconds
│   wall_time_total = 25 seconds, 380 milliseconds
│   wall_time_remaining = 25 seconds, 344 milliseconds
│   wall_time_spent = 35 milliseconds, 250 microseconds
│   percent_complete = 0.1%
│   estimated_sypd = 18.641
│   instantaneous_sypd = 19.413
│   date_now = 2026-07-05T16:38:03.912
└   estimated_finish_date = 2026-07-05T16:38:29.912
┌ Info: Progress
│   simulation_time = 8 minutes
│   n_steps_completed = 16
│   wall_time_per_step = 4 milliseconds, 187 microseconds
│   wall_time_total = 24 seconds, 120 milliseconds
│   wall_time_remaining = 24 seconds, 53 milliseconds
│   wall_time_spent = 67 milliseconds, 151 nanoseconds
│   percent_complete = 0.3%
│   estimated_sypd = 19.614
│   instantaneous_sypd = 20.696
│   date_now = 2026-07-05T16:38:03.944
└   estimated_finish_date = 2026-07-05T16:38:28.944
┌ Info: Progress
│   simulation_time = 16 minutes
│   n_steps_completed = 32
│   wall_time_per_step = 4 milliseconds, 74 microseconds
│   wall_time_total = 23 seconds, 471 milliseconds
│   wall_time_remaining = 23 seconds, 340 milliseconds
│   wall_time_spent = 130 milliseconds, 396 microseconds
│   percent_complete = 0.6%
│   estimated_sypd = 20.157
│   instantaneous_sypd = 20.73
│   date_now = 2026-07-05T16:38:04.007
└   estimated_finish_date = 2026-07-05T16:38:28.007
┌ Info: Progress
│   simulation_time = 32 minutes
│   n_steps_completed = 64
│   wall_time_per_step = 4 milliseconds, 107 microseconds
│   wall_time_total = 23 seconds, 661 milliseconds
│   wall_time_remaining = 23 seconds, 398 milliseconds
│   wall_time_spent = 262 milliseconds, 903 microseconds
│   percent_complete = 1.1%
│   estimated_sypd = 19.995
│   instantaneous_sypd = 19.835
│   date_now = 2026-07-05T16:38:04.140
└   estimated_finish_date = 2026-07-05T16:38:28.140
┌ Info: Progress
│   simulation_time = 1 hour, 4 minutes
│   n_steps_completed = 128
│   wall_time_per_step = 4 milliseconds, 235 microseconds
│   wall_time_total = 24 seconds, 395 milliseconds
│   wall_time_remaining = 23 seconds, 853 milliseconds
│   wall_time_spent = 542 milliseconds, 118 microseconds
│   percent_complete = 2.2%
│   estimated_sypd = 19.393
│   instantaneous_sypd = 18.827
│   date_now = 2026-07-05T16:38:04.419
└   estimated_finish_date = 2026-07-05T16:38:28.419
┌ Info: Progress
│   simulation_time = 2 hours, 8 minutes
│   n_steps_completed = 256
│   wall_time_per_step = 4 milliseconds, 227 microseconds
│   wall_time_total = 24 seconds, 353 milliseconds
│   wall_time_remaining = 23 seconds, 270 milliseconds
│   wall_time_spent = 1 second, 82 milliseconds
│   percent_complete = 4.4%
│   estimated_sypd = 19.427
│   instantaneous_sypd = 19.46
│   date_now = 2026-07-05T16:38:04.960
└   estimated_finish_date = 2026-07-05T16:38:28.960
┌ Info: Progress
│   simulation_time = 4 hours, 16 minutes
│   n_steps_completed = 512
│   wall_time_per_step = 4 milliseconds, 256 microseconds
│   wall_time_total = 24 seconds, 515 milliseconds
│   wall_time_remaining = 22 seconds, 335 milliseconds
│   wall_time_spent = 2 seconds, 179 milliseconds
│   percent_complete = 8.9%
│   estimated_sypd = 19.298
│   instantaneous_sypd = 19.172
│   date_now = 2026-07-05T16:38:06.056
└   estimated_finish_date = 2026-07-05T16:38:29.056
┌ Info: Progress
│   simulation_time = 6 hours, 40 minutes
│   n_steps_completed = 801
│   wall_time_per_step = 4 milliseconds, 361 microseconds
│   wall_time_total = 25 seconds, 119 milliseconds
│   wall_time_remaining = 21 seconds, 626 milliseconds
│   wall_time_spent = 3 seconds, 493 milliseconds
│   percent_complete = 13.9%
│   estimated_sypd = 18.834
│   instantaneous_sypd = 18.064
│   date_now = 2026-07-05T16:38:07.370
└   estimated_finish_date = 2026-07-05T16:38:29.370
┌ Info: Progress
│   simulation_time = 8 hours, 32 minutes
│   n_steps_completed = 1024
│   wall_time_per_step = 4 milliseconds, 417 microseconds
│   wall_time_total = 25 seconds, 442 milliseconds
│   wall_time_remaining = 20 seconds, 919 milliseconds
│   wall_time_spent = 4 seconds, 523 milliseconds
│   percent_complete = 17.8%
│   estimated_sypd = 18.595
│   instantaneous_sypd = 17.785
│   date_now = 2026-07-05T16:38:08.400
└   estimated_finish_date = 2026-07-05T16:38:29.400
┌ Info: Progress
│   simulation_time = 10 hours, 56 minutes
│   n_steps_completed = 1313
│   wall_time_per_step = 4 milliseconds, 476 microseconds
│   wall_time_total = 25 seconds, 786 milliseconds
│   wall_time_remaining = 19 seconds, 908 milliseconds
│   wall_time_spent = 5 seconds, 877 milliseconds
│   percent_complete = 22.8%
│   estimated_sypd = 18.347
│   instantaneous_sypd = 17.519
│   date_now = 2026-07-05T16:38:09.755
└   estimated_finish_date = 2026-07-05T16:38:29.755
┌ Info: Progress
│   simulation_time = 13 hours, 21 minutes
│   n_steps_completed = 1602
│   wall_time_per_step = 4 milliseconds, 567 microseconds
│   wall_time_total = 26 seconds, 306 milliseconds
│   wall_time_remaining = 18 seconds, 989 milliseconds
│   wall_time_spent = 7 seconds, 316 milliseconds
│   percent_complete = 27.8%
│   estimated_sypd = 17.984
│   instantaneous_sypd = 16.501
│   date_now = 2026-07-05T16:38:11.194
└   estimated_finish_date = 2026-07-05T16:38:30.194
┌ Info: Progress
│   simulation_time = 15 hours, 45 minutes
│   n_steps_completed = 1891
│   wall_time_per_step = 4 milliseconds, 650 microseconds
│   wall_time_total = 26 seconds, 784 milliseconds
│   wall_time_remaining = 17 seconds, 990 milliseconds
│   wall_time_spent = 8 seconds, 793 milliseconds
│   percent_complete = 32.8%
│   estimated_sypd = 17.663
│   instantaneous_sypd = 16.074
│   date_now = 2026-07-05T16:38:12.670
└   estimated_finish_date = 2026-07-05T16:38:30.670
┌ Info: Progress
│   simulation_time = 17 hours, 4 minutes
│   n_steps_completed = 2048
│   wall_time_per_step = 4 milliseconds, 702 microseconds
│   wall_time_total = 27 seconds, 85 milliseconds
│   wall_time_remaining = 17 seconds, 454 milliseconds
│   wall_time_spent = 9 seconds, 630 milliseconds
│   percent_complete = 35.6%
│   estimated_sypd = 17.467
│   instantaneous_sypd = 15.404
│   date_now = 2026-07-05T16:38:13.507
└   estimated_finish_date = 2026-07-05T16:38:31.507
┌ Info: Progress
│   simulation_time = 19 hours, 28 minutes
│   n_steps_completed = 2337
│   wall_time_per_step = 4 milliseconds, 818 microseconds
│   wall_time_total = 27 seconds, 752 milliseconds
│   wall_time_remaining = 16 seconds, 492 milliseconds
│   wall_time_spent = 11 seconds, 260 milliseconds
│   percent_complete = 40.6%
│   estimated_sypd = 17.047
│   instantaneous_sypd = 14.565
│   date_now = 2026-07-05T16:38:15.137
└   estimated_finish_date = 2026-07-05T16:38:32.137
┌ Info: Progress
│   simulation_time = 21 hours, 53 minutes
│   n_steps_completed = 2626
│   wall_time_per_step = 4 milliseconds, 948 microseconds
│   wall_time_total = 28 seconds, 501 milliseconds
│   wall_time_remaining = 15 seconds, 507 milliseconds
│   wall_time_spent = 12 seconds, 994 milliseconds
│   percent_complete = 45.6%
│   estimated_sypd = 16.599
│   instantaneous_sypd = 13.69
│   date_now = 2026-07-05T16:38:16.871
└   estimated_finish_date = 2026-07-05T16:38:32.871
┌ Info: Progress
│   simulation_time = 1 day, 17 minutes
│   n_steps_completed = 2915
│   wall_time_per_step = 5 milliseconds, 66 microseconds
│   wall_time_total = 29 seconds, 182 milliseconds
│   wall_time_remaining = 14 seconds, 413 milliseconds
│   wall_time_spent = 14 seconds, 768 milliseconds
│   percent_complete = 50.6%
│   estimated_sypd = 16.212
│   instantaneous_sypd = 13.378
│   date_now = 2026-07-05T16:38:18.646
└   estimated_finish_date = 2026-07-05T16:38:33.646
┌ Info: Progress
│   simulation_time = 1 day, 2 hours
│   n_steps_completed = 3204
│   wall_time_per_step = 5 milliseconds, 128 microseconds
│   wall_time_total = 29 seconds, 540 milliseconds
│   wall_time_remaining = 13 seconds, 108 milliseconds
│   wall_time_spent = 16 seconds, 431 milliseconds
│   percent_complete = 55.6%
│   estimated_sypd = 16.016
│   instantaneous_sypd = 14.271
│   date_now = 2026-07-05T16:38:20.309
└   estimated_finish_date = 2026-07-05T16:38:34.309
┌ Info: Progress
│   simulation_time = 1 day, 5 hours
│   n_steps_completed = 3493
│   wall_time_per_step = 5 milliseconds, 192 microseconds
│   wall_time_total = 29 seconds, 907 milliseconds
│   wall_time_remaining = 11 seconds, 770 milliseconds
│   wall_time_spent = 18 seconds, 136 milliseconds
│   percent_complete = 60.6%
│   estimated_sypd = 15.819
│   instantaneous_sypd = 13.922
│   date_now = 2026-07-05T16:38:22.014
└   estimated_finish_date = 2026-07-05T16:38:34.014
┌ Info: Progress
│   simulation_time = 1 day, 7 hours
│   n_steps_completed = 3782
│   wall_time_per_step = 5 milliseconds, 253 microseconds
│   wall_time_total = 30 seconds, 261 milliseconds
│   wall_time_remaining = 10 seconds, 391 milliseconds
│   wall_time_spent = 19 seconds, 869 milliseconds
│   percent_complete = 65.7%
│   estimated_sypd = 15.634
│   instantaneous_sypd = 13.698
│   date_now = 2026-07-05T16:38:23.747
└   estimated_finish_date = 2026-07-05T16:38:34.747
┌ Info: Progress
│   simulation_time = 1 day, 9 hours
│   n_steps_completed = 4071
│   wall_time_per_step = 5 milliseconds, 330 microseconds
│   wall_time_total = 30 seconds, 701 milliseconds
│   wall_time_remaining = 9 seconds, 2 milliseconds
│   wall_time_spent = 21 seconds, 698 milliseconds
│   percent_complete = 70.7%
│   estimated_sypd = 15.41
│   instantaneous_sypd = 12.977
│   date_now = 2026-07-05T16:38:25.576
└   estimated_finish_date = 2026-07-05T16:38:35.576
┌ Info: Progress
│   simulation_time = 1 day, 10 hours
│   n_steps_completed = 4096
│   wall_time_per_step = 5 milliseconds, 338 microseconds
│   wall_time_total = 30 seconds, 749 milliseconds
│   wall_time_remaining = 8 seconds, 883 milliseconds
│   wall_time_spent = 21 seconds, 865 milliseconds
│   percent_complete = 71.1%
│   estimated_sypd = 15.386
│   instantaneous_sypd = 12.282
│   date_now = 2026-07-05T16:38:25.743
└   estimated_finish_date = 2026-07-05T16:38:34.743
┌ Info: Progress
│   simulation_time = 1 day, 12 hours
│   n_steps_completed = 4385
│   wall_time_per_step = 5 milliseconds, 392 microseconds
│   wall_time_total = 31 seconds, 62 milliseconds
│   wall_time_remaining = 7 seconds, 415 milliseconds
│   wall_time_spent = 23 seconds, 647 milliseconds
│   percent_complete = 76.1%
│   estimated_sypd = 15.231
│   instantaneous_sypd = 13.326
│   date_now = 2026-07-05T16:38:27.524
└   estimated_finish_date = 2026-07-05T16:38:35.524
┌ Info: Progress
│   simulation_time = 1 day, 14 hours
│   n_steps_completed = 4674
│   wall_time_per_step = 5 milliseconds, 449 microseconds
│   wall_time_total = 31 seconds, 389 milliseconds
│   wall_time_remaining = 5 seconds, 918 milliseconds
│   wall_time_spent = 25 seconds, 471 milliseconds
│   percent_complete = 81.1%
│   estimated_sypd = 15.072
│   instantaneous_sypd = 13.011
│   date_now = 2026-07-05T16:38:29.349
└   estimated_finish_date = 2026-07-05T16:38:35.349
┌ Info: Progress
│   simulation_time = 1 day, 17 hours
│   n_steps_completed = 4963
│   wall_time_per_step = 5 milliseconds, 526 microseconds
│   wall_time_total = 31 seconds, 830 milliseconds
│   wall_time_remaining = 4 seconds, 404 milliseconds
│   wall_time_spent = 27 seconds, 426 milliseconds
│   percent_complete = 86.2%
│   estimated_sypd = 14.863
│   instantaneous_sypd = 12.142
│   date_now = 2026-07-05T16:38:31.304
└   estimated_finish_date = 2026-07-05T16:38:36.304
┌ Info: Progress
│   simulation_time = 1 day, 19 hours
│   n_steps_completed = 5252
│   wall_time_per_step = 5 milliseconds, 586 microseconds
│   wall_time_total = 32 seconds, 177 milliseconds
│   wall_time_remaining = 2 seconds, 837 milliseconds
│   wall_time_spent = 29 seconds, 339 milliseconds
│   percent_complete = 91.2%
│   estimated_sypd = 14.703
│   instantaneous_sypd = 12.408
│   date_now = 2026-07-05T16:38:33.217
└   estimated_finish_date = 2026-07-05T16:38:36.217
┌ Info: Progress
│   simulation_time = 1 day, 22 hours
│   n_steps_completed = 5541
│   wall_time_per_step = 5 milliseconds, 644 microseconds
│   wall_time_total = 32 seconds, 510 milliseconds
│   wall_time_remaining = 1 second, 236 milliseconds
│   wall_time_spent = 31 seconds, 274 milliseconds
│   percent_complete = 96.2%
│   estimated_sypd = 14.552
│   instantaneous_sypd = 12.269
│   date_now = 2026-07-05T16:38:35.152
└   estimated_finish_date = 2026-07-05T16:38:37.152
[ Info: solve! walltime = 32.816
[ Info: sypd: 14.427
[ Info: wall_time_per_timestep: 5 milliseconds, 697 microseconds
[ Info: Memory currently used (after solve!) by the process (RSS): 8.68 GiB
[ Info: Completed member 3
┌ Info: Making AtmosConfig with config files: 
│      /home/jeff/larcform1-experiments/ClimaAtmos.jl/src/config/../../config/default_configs/default_config.yml
└   
┌ Info: numerics 
│          `energy_q_tot_upwinding`::`Val{:vanleer_limiter}`
│                `tracer_upwinding`::`Val{:vanleer_limiter}`
│       `edmfx_mse_q_tot_upwinding`::`Val{:first_order}`
│         `edmfx_sgsflux_upwinding`::`Val{:none}`
│          `edmfx_tracer_upwinding`::`Val{:first_order}`
│         `test_dycore_consistency`::`Nothing`
│            `reproducible_restart`::`Nothing`
│                         `limiter`::`Nothing`
│                       `diff_mode`::`ClimaAtmos.Implicit`
│                       `hyperdiff`::`Nothing`
└   
┌ Info: AtmosModel: 
│   
│                               `water`::`ClimaAtmos.AtmosWater{ClimaAtmos.NonEquilibriumMicrophysics1M, ClimaAtmos.QuadratureCloud, ClimaAtmos.Implicit, Nothing, ClimaAtmos.SGSQuadrature{3, StaticArraysCore.SVector{3, Float32}, StaticArraysCore.SVector{3, Float32}, ClimaAtmos.GaussianSGS, Float32}, ClimaAtmos.FixedTerminalVelocity{Float32}}`
│                           `scm_setup`::`ClimaAtmos.SCMSetup{Nothing, Nothing, Nothing, Bool, @NamedTuple{prof_ug::AtmosphericProfilesLibrary.ZProfile{AtmosphericProfilesLibrary.var"#Larcform1_geostrophic_u##0#Larcform1_geostrophic_u##1"{Float32}}, prof_vg::AtmosphericProfilesLibrary.ZProfile{Returns{Float32}}, coriolis_param::Float32}}`
│                           `radiation`::`ClimaAtmos.AtmosRadiation{ClimaAtmos.RRTMGPInterface.AllSkyRadiationWithClearSkyDiagnostics{ClimaAtmos.InteractiveCloudInRadiation}, ClimaAtmos.Larcform1Insolation}`
│                            `turbconv`::`ClimaAtmos.AtmosTurbconv{ClimaAtmos.EDMFXModel{ClimaAtmos.InvZEntrainment, ClimaAtmos.BuoyancyVelocityDetrainment, Val{true}, Val{true}, Val{true}, Val{true}, Val{true}, ClimaAtmos.SmoothMinimumBlending}, ClimaAtmos.PrognosticEDMFX{1, true, Float32}, Nothing, Nothing, Nothing}`
│                     `prescribed_flow`::`Nothing`
│                        `gravity_wave`::`ClimaAtmos.AtmosGravityWave{Nothing, Nothing}`
│                  `vertical_diffusion`::`Nothing`
│                              `sponge`::`ClimaAtmos.AtmosSponge{Nothing, Nothing}`
│                             `surface`::`ClimaAtmos.AtmosSurface{ClimaAtmos.SurfaceConditions.MoninObukhov{Float32, Nothing, Nothing}, ClimaAtmos.SurfaceConditions.SlabOceanTemperature{Float32}, ClimaAtmos.SurfaceConditions.SurfaceBoundaryOverrides{Float32, Float32, Nothing, Nothing, Nothing, Nothing}, ClimaAtmos.ConstantAlbedo{Float32}}`
│                            `numerics`::`ClimaAtmos.AtmosNumerics{Val{:vanleer_limiter}, Val{:vanleer_limiter}, Val{:first_order}, Val{:none}, Val{:first_order}, Nothing, Nothing, Nothing, ClimaAtmos.Implicit, Nothing}`
│                           `chemistry`::`ClimaAtmos.AtmosChem{Nothing}`
└   
┌ Info: Microphysics settings: 
│                          `n_substeps`::`3`
│                     `n_substeps_quad`::`2`
│              `cloud_liquid_formation`::`CloudLiquidFormation`
│                 `cloud_ice_formation`::`TemperatureDependent`
│                      `cloud_ice_melt`::`CloudIceMelt`
│                 `rain_autoconversion`::`Kessler1M`
│                 `snow_autoconversion`::`NoSupersaturation`
│       `rain_condensation_evaporation`::`RainEvaporation`
│         `snow_deposition_sublimation`::`DepositionAndSublimation`
│                           `snow_melt`::`SnowMelt`
│         `cloud_liquid_rain_accretion`::`CloudLiquidRainAccretion`
│         `cloud_liquid_snow_accretion`::`CloudLiquidSnowAccretion`
│            `cloud_ice_rain_accretion`::`CloudIceRainAccretion`
│            `cloud_ice_snow_accretion`::`CloudIceSnowAccretion`
│                 `rain_snow_accretion`::`RainSnowAccretion`
└   
[ Info: Single-process ClimaAtmos run on CPUSingleThreaded
[ Info: Using ODE config: `ClimaTimeSteppers.ARS222`
[ Info: Initialized state (68.262 μs, 7.76 KiB)
[ Info: Built cache (207.193 ms, 172.6 MiB)
[ Info: Assembled callbacks (128.653 μs, 17.42 KiB)
┌ Info: Jacobian algorithm: ManualSparseJacobian(
│     approximate_solve_iters = 2,
└   )
[ Info: Jacobian derivative flags: topography_flag = IgnoreDerivative, diffusion_flag = UseDerivative
[ Info: Built tendency function (223.056 μs, 201.06 KiB)
[ Info: Initialized integrator (8.644 ms, 169.03 KiB)
[ Info: Added 7 user-provided YAML-style diagnostics
[ Info: Saving accumulated diagnostics to disk with frequency: 1 hour
[ Info: Set up diagnostics (450.361 μs, 103.66 KiB)
[ Info: Initialized 7 total diagnostics
