┌ Info: Simulation info
│   job_id = lf1e_clw1_v1_base
└   output_dir = experiments/clw sensitivity experiments/output/lf1e-clw-1/v1_base/output_0000
┌ Info: Running
│   job_id = lf1e_clw1_v1_base
│   output_dir = experiments/clw sensitivity experiments/output/lf1e-clw-1/v1_base/output_0000
└   tspan = (0.0 seconds (2010-01-01T00:00:00) [counter = 0, period = 1 second, epoch = 2010-01-01T00:00:00], 172800.0 seconds (2010-01-03T00:00:00) [counter = 172800, period = 1 second, epoch = 2010-01-01T00:00:00])
┌ Info: Progress
│   simulation_time = 30 seconds
│   n_steps_completed = 1
│   wall_time_per_step = 0 seconds
│   wall_time_total = 0 seconds
│   wall_time_remaining = 0 seconds
│   wall_time_spent = 0 seconds
│   percent_complete = 0.0%
│   estimated_sypd = Inf
│   instantaneous_sypd = 0.0 (sdpd_estimate = 0.0)
│   date_now = 2026-07-02T21:25:30.896
└   estimated_finish_date = 2026-07-02T21:25:30.895
┌ Info: Progress
│   simulation_time = 1 minute
│   n_steps_completed = 2
│   wall_time_per_step = 0 seconds
│   wall_time_total = 0 seconds
│   wall_time_remaining = 0 seconds
│   wall_time_spent = 0 seconds
│   percent_complete = 0.0%
│   estimated_sypd = Inf
│   instantaneous_sypd = 0.012
│   date_now = 2026-07-02T21:25:37.971
└   estimated_finish_date = 2026-07-02T21:25:37.971
┌ Info: Progress
│   simulation_time = 2 minutes
│   n_steps_completed = 4
│   wall_time_per_step = 11 milliseconds, 956 microseconds
│   wall_time_total = 1 minute, 8 seconds
│   wall_time_remaining = 1 minute, 8 seconds
│   wall_time_spent = 47 milliseconds, 825 microseconds
│   percent_complete = 0.1%
│   estimated_sypd = 6.87
│   instantaneous_sypd = 6.87
│   date_now = 2026-07-02T21:25:38.071
└   estimated_finish_date = 2026-07-02T21:26:47.071
┌ Info: Progress
│   simulation_time = 4 minutes
│   n_steps_completed = 8
│   wall_time_per_step = 19 milliseconds, 352 microseconds
│   wall_time_total = 1 minute, 51 seconds
│   wall_time_remaining = 1 minute, 51 seconds
│   wall_time_spent = 154 milliseconds, 816 microseconds
│   percent_complete = 0.1%
│   estimated_sypd = 4.244
│   instantaneous_sypd = 3.071
│   date_now = 2026-07-02T21:25:38.091
└   estimated_finish_date = 2026-07-02T21:27:30.091
┌ Info: Progress
│   simulation_time = 8 minutes
│   n_steps_completed = 16
│   wall_time_per_step = 12 milliseconds, 834 microseconds
│   wall_time_total = 1 minute, 13 seconds
│   wall_time_remaining = 1 minute, 13 seconds
│   wall_time_spent = 205 milliseconds, 353 microseconds
│   percent_complete = 0.3%
│   estimated_sypd = 6.4
│   instantaneous_sypd = 13.002
│   date_now = 2026-07-02T21:25:38.141
└   estimated_finish_date = 2026-07-02T21:26:52.141
┌ Info: Progress
│   simulation_time = 16 minutes
│   n_steps_completed = 32
│   wall_time_per_step = 275 milliseconds, 667 microseconds
│   wall_time_total = 26 minutes, 27 seconds
│   wall_time_remaining = 26 minutes, 19 seconds
│   wall_time_spent = 8 seconds, 821 milliseconds
│   percent_complete = 0.6%
│   estimated_sypd = 0.298
│   instantaneous_sypd = 0.153
│   date_now = 2026-07-02T21:25:46.757
└   estimated_finish_date = 2026-07-02T21:52:06.757
┌ Info: Progress
│   simulation_time = 32 minutes
│   n_steps_completed = 64
│   wall_time_per_step = 141 milliseconds, 815 microseconds
│   wall_time_total = 13 minutes, 36 seconds
│   wall_time_remaining = 13 minutes, 27 seconds
│   wall_time_spent = 9 seconds, 76 milliseconds
│   percent_complete = 1.1%
│   estimated_sypd = 0.579
│   instantaneous_sypd = 10.314
│   date_now = 2026-07-02T21:25:47.012
└   estimated_finish_date = 2026-07-02T21:39:15.012
┌ Info: Progress
│   simulation_time = 1 hour, 4 minutes
│   n_steps_completed = 128
│   wall_time_per_step = 112 milliseconds, 544 microseconds
│   wall_time_total = 10 minutes, 48 seconds
│   wall_time_remaining = 10 minutes, 33 seconds
│   wall_time_spent = 14 seconds, 405 milliseconds
│   percent_complete = 2.2%
│   estimated_sypd = 0.73
│   instantaneous_sypd = 0.986
│   date_now = 2026-07-02T21:25:52.351
└   estimated_finish_date = 2026-07-02T21:36:26.351
┌ Info: Progress
│   simulation_time = 2 hours, 8 minutes
│   n_steps_completed = 256
│   wall_time_per_step = 60 milliseconds, 61 microseconds
│   wall_time_total = 5 minutes, 45 seconds
│   wall_time_remaining = 5 minutes, 30 seconds
│   wall_time_spent = 15 seconds, 375 milliseconds
│   percent_complete = 4.4%
│   estimated_sypd = 1.368
│   instantaneous_sypd = 10.838
│   date_now = 2026-07-02T21:25:53.312
└   estimated_finish_date = 2026-07-02T21:31:24.312
┌ Info: Progress
│   simulation_time = 4 hours, 16 minutes
│   n_steps_completed = 512
│   wall_time_per_step = 34 milliseconds, 69 microseconds
│   wall_time_total = 3 minutes, 16 seconds
│   wall_time_remaining = 2 minutes, 58 seconds
│   wall_time_spent = 17 seconds, 443 milliseconds
│   percent_complete = 8.9%
│   estimated_sypd = 2.411
│   instantaneous_sypd = 10.168
│   date_now = 2026-07-02T21:25:55.379
└   estimated_finish_date = 2026-07-02T21:28:54.379
┌ Info: Progress
│   simulation_time = 6 hours, 40 minutes
│   n_steps_completed = 801
│   wall_time_per_step = 24 milliseconds, 526 microseconds
│   wall_time_total = 2 minutes, 21 seconds
│   wall_time_remaining = 2 minutes, 1 second
│   wall_time_spent = 19 seconds, 645 milliseconds
│   percent_complete = 13.9%
│   estimated_sypd = 3.349
│   instantaneous_sypd = 10.779
│   date_now = 2026-07-02T21:25:57.582
└   estimated_finish_date = 2026-07-02T21:27:59.582
┌ Info: Progress
│   simulation_time = 8 hours, 32 minutes
│   n_steps_completed = 1024
│   wall_time_per_step = 20 milliseconds, 824 microseconds
│   wall_time_total = 1 minute, 59 seconds
│   wall_time_remaining = 1 minute, 38 seconds
│   wall_time_spent = 21 seconds, 323 milliseconds
│   percent_complete = 17.8%
│   estimated_sypd = 3.944
│   instantaneous_sypd = 10.915
│   date_now = 2026-07-02T21:25:59.260
└   estimated_finish_date = 2026-07-02T21:27:38.260
┌ Info: Progress
│   simulation_time = 10 hours, 56 minutes
│   n_steps_completed = 1313
│   wall_time_per_step = 17 milliseconds, 912 microseconds
│   wall_time_total = 1 minute, 43 seconds
│   wall_time_remaining = 1 minute, 19 seconds
│   wall_time_spent = 23 seconds, 518 milliseconds
│   percent_complete = 22.8%
│   estimated_sypd = 4.585
│   instantaneous_sypd = 10.815
│   date_now = 2026-07-02T21:26:01.455
└   estimated_finish_date = 2026-07-02T21:27:21.455
┌ Info: Progress
│   simulation_time = 13 hours, 21 minutes
│   n_steps_completed = 1602
│   wall_time_per_step = 16 milliseconds, 75 microseconds
│   wall_time_total = 1 minute, 32 seconds
│   wall_time_remaining = 1 minute, 6 seconds
│   wall_time_spent = 25 seconds, 752 milliseconds
│   percent_complete = 27.8%
│   estimated_sypd = 5.109
│   instantaneous_sypd = 10.627
│   date_now = 2026-07-02T21:26:03.688
└   estimated_finish_date = 2026-07-02T21:27:10.688
┌ Info: Progress
│   simulation_time = 15 hours, 45 minutes
│   n_steps_completed = 1891
│   wall_time_per_step = 14 milliseconds, 778 microseconds
│   wall_time_total = 1 minute, 25 seconds
│   wall_time_remaining = 57 seconds, 176 milliseconds
│   wall_time_spent = 27 seconds, 945 milliseconds
│   percent_complete = 32.8%
│   estimated_sypd = 5.558
│   instantaneous_sypd = 10.824
│   date_now = 2026-07-02T21:26:05.881
└   estimated_finish_date = 2026-07-02T21:27:03.881
┌ Info: Progress
│   simulation_time = 17 hours, 4 minutes
│   n_steps_completed = 2048
│   wall_time_per_step = 14 milliseconds, 243 microseconds
│   wall_time_total = 1 minute, 22 seconds
│   wall_time_remaining = 52 seconds, 871 milliseconds
│   wall_time_spent = 29 seconds, 170 milliseconds
│   percent_complete = 35.6%
│   estimated_sypd = 5.767
│   instantaneous_sypd = 10.53
│   date_now = 2026-07-02T21:26:07.106
└   estimated_finish_date = 2026-07-02T21:27:00.106
┌ Info: Progress
│   simulation_time = 19 hours, 28 minutes
│   n_steps_completed = 2337
│   wall_time_per_step = 13 milliseconds, 428 microseconds
│   wall_time_total = 1 minute, 17 seconds
│   wall_time_remaining = 45 seconds, 965 milliseconds
│   wall_time_spent = 31 seconds, 382 milliseconds
│   percent_complete = 40.6%
│   estimated_sypd = 6.117
│   instantaneous_sypd = 10.731
│   date_now = 2026-07-02T21:26:09.318
└   estimated_finish_date = 2026-07-02T21:26:55.318
┌ Info: Progress
│   simulation_time = 21 hours, 53 minutes
│   n_steps_completed = 2626
│   wall_time_per_step = 12 milliseconds, 812 microseconds
│   wall_time_total = 1 minute, 13 seconds
│   wall_time_remaining = 40 seconds, 152 milliseconds
│   wall_time_spent = 33 seconds, 644 milliseconds
│   percent_complete = 45.6%
│   estimated_sypd = 6.411
│   instantaneous_sypd = 10.493
│   date_now = 2026-07-02T21:26:11.580
└   estimated_finish_date = 2026-07-02T21:26:52.580
┌ Info: Progress
│   simulation_time = 1 day, 17 minutes
│   n_steps_completed = 2915
│   wall_time_per_step = 12 milliseconds, 301 microseconds
│   wall_time_total = 1 minute, 10 seconds
│   wall_time_remaining = 34 seconds, 997 milliseconds
│   wall_time_spent = 35 seconds, 858 milliseconds
│   percent_complete = 50.6%
│   estimated_sypd = 6.677
│   instantaneous_sypd = 10.722
│   date_now = 2026-07-02T21:26:13.811
└   estimated_finish_date = 2026-07-02T21:26:48.811
┌ Info: Progress
│   simulation_time = 1 day, 2 hours
│   n_steps_completed = 3204
│   wall_time_per_step = 11 milliseconds, 920 microseconds
│   wall_time_total = 1 minute, 8 seconds
│   wall_time_remaining = 30 seconds, 467 milliseconds
│   wall_time_spent = 38 seconds, 191 milliseconds
│   percent_complete = 55.6%
│   estimated_sypd = 6.891
│   instantaneous_sypd = 10.172
│   date_now = 2026-07-02T21:26:16.128
└   estimated_finish_date = 2026-07-02T21:26:47.128
┌ Info: Progress
│   simulation_time = 1 day, 5 hours
│   n_steps_completed = 3493
│   wall_time_per_step = 11 milliseconds, 578 microseconds
│   wall_time_total = 1 minute, 6 seconds
│   wall_time_remaining = 26 seconds, 249 milliseconds
│   wall_time_spent = 40 seconds, 444 milliseconds
│   percent_complete = 60.6%
│   estimated_sypd = 7.094
│   instantaneous_sypd = 10.536
│   date_now = 2026-07-02T21:26:18.381
└   estimated_finish_date = 2026-07-02T21:26:45.381
┌ Info: Progress
│   simulation_time = 1 day, 7 hours
│   n_steps_completed = 3782
│   wall_time_per_step = 11 milliseconds, 305 microseconds
│   wall_time_total = 1 minute, 5 seconds
│   wall_time_remaining = 22 seconds, 362 milliseconds
│   wall_time_spent = 42 seconds, 757 milliseconds
│   percent_complete = 65.7%
│   estimated_sypd = 7.265
│   instantaneous_sypd = 10.262
│   date_now = 2026-07-02T21:26:20.694
└   estimated_finish_date = 2026-07-02T21:26:43.694
┌ Info: Progress
│   simulation_time = 1 day, 9 hours
│   n_steps_completed = 4071
│   wall_time_per_step = 11 milliseconds, 52 microseconds
│   wall_time_total = 1 minute, 3 seconds
│   wall_time_remaining = 18 seconds, 667 milliseconds
│   wall_time_spent = 44 seconds, 994 milliseconds
│   percent_complete = 70.7%
│   estimated_sypd = 7.431
│   instantaneous_sypd = 10.614
│   date_now = 2026-07-02T21:26:22.930
└   estimated_finish_date = 2026-07-02T21:26:41.930
┌ Info: Progress
│   simulation_time = 1 day, 10 hours
│   n_steps_completed = 4096
│   wall_time_per_step = 11 milliseconds, 37 microseconds
│   wall_time_total = 1 minute, 3 seconds
│   wall_time_remaining = 18 seconds, 366 milliseconds
│   wall_time_spent = 45 seconds, 208 milliseconds
│   percent_complete = 71.1%
│   estimated_sypd = 7.442
│   instantaneous_sypd = 9.582
│   date_now = 2026-07-02T21:26:23.145
└   estimated_finish_date = 2026-07-02T21:26:42.145
┌ Info: Progress
│   simulation_time = 1 day, 12 hours
│   n_steps_completed = 4385
│   wall_time_per_step = 10 milliseconds, 834 microseconds
│   wall_time_total = 1 minute, 2 seconds
│   wall_time_remaining = 14 seconds, 897 milliseconds
│   wall_time_spent = 47 seconds, 508 milliseconds
│   percent_complete = 76.1%
│   estimated_sypd = 7.581
│   instantaneous_sypd = 10.322
│   date_now = 2026-07-02T21:26:25.444
└   estimated_finish_date = 2026-07-02T21:26:40.444
┌ Info: Progress
│   simulation_time = 1 day, 14 hours
│   n_steps_completed = 4674
│   wall_time_per_step = 10 milliseconds, 653 microseconds
│   wall_time_total = 1 minute, 1 second
│   wall_time_remaining = 11 seconds, 569 milliseconds
│   wall_time_spent = 49 seconds, 792 milliseconds
│   percent_complete = 81.1%
│   estimated_sypd = 7.71
│   instantaneous_sypd = 10.394
│   date_now = 2026-07-02T21:26:27.728
└   estimated_finish_date = 2026-07-02T21:26:39.728
┌ Info: Progress
│   simulation_time = 1 day, 17 hours
│   n_steps_completed = 4963
│   wall_time_per_step = 10 milliseconds, 503 microseconds
│   wall_time_total = 1 minute, 498 milliseconds
│   wall_time_remaining = 8 seconds, 371 milliseconds
│   wall_time_spent = 52 seconds, 127 milliseconds
│   percent_complete = 86.2%
│   estimated_sypd = 7.82
│   instantaneous_sypd = 10.166
│   date_now = 2026-07-02T21:26:30.063
└   estimated_finish_date = 2026-07-02T21:26:39.063
┌ Info: Progress
│   simulation_time = 1 day, 19 hours
│   n_steps_completed = 5252
│   wall_time_per_step = 10 milliseconds, 370 microseconds
│   wall_time_total = 59 seconds, 736 milliseconds
│   wall_time_remaining = 5 seconds, 268 milliseconds
│   wall_time_spent = 54 seconds, 468 milliseconds
│   percent_complete = 91.2%
│   estimated_sypd = 7.92
│   instantaneous_sypd = 10.139
│   date_now = 2026-07-02T21:26:32.404
└   estimated_finish_date = 2026-07-02T21:26:38.404
┌ Info: Progress
│   simulation_time = 1 day, 22 hours
│   n_steps_completed = 5541
│   wall_time_per_step = 10 milliseconds, 255 microseconds
│   wall_time_total = 59 seconds, 73 milliseconds
│   wall_time_remaining = 2 seconds, 246 milliseconds
│   wall_time_spent = 56 seconds, 827 milliseconds
│   percent_complete = 96.2%
│   estimated_sypd = 8.009
│   instantaneous_sypd = 10.061
│   date_now = 2026-07-02T21:26:34.764
└   estimated_finish_date = 2026-07-02T21:26:37.764
[ Info: solve! walltime = 58.634
[ Info: sypd: 8.074
[ Info: wall_time_per_timestep: 10 milliseconds, 179 microseconds
[ Info: Memory currently used (after solve!) by the process (RSS): 6.57 GiB
┌ Info: Finished variation [1/9]
│   overlay = experiments/clw sensitivity experiments/configs/v1_base.yml
│   job_id = lf1e_clw1_v1_base
│   ret_code = success
└   walltime = 8m5s
┌ Info: Starting variation [2/9]
└   overlay = experiments/clw sensitivity experiments/configs/v2_0M.yml
┌ Info: Making AtmosConfig with config files: 
│      /Users/jeff/clima/larcform1-experiments/ClimaAtmos.jl/src/config/../../config/default_configs/default_config.yml
│      /Users/jeff/clima/larcform1-experiments/experiments/clw sensitivity experiments/../../ClimaAtmos.jl/config/model_configs/larcform1_1M_prognostic_edmfx.yml
│      experiments/clw sensitivity experiments/configs/v2_0M.yml
└   
┌ Info: numerics 
│          `energy_q_tot_upwinding`::`Val{:vanleer_limiter}`
│                `tracer_upwinding`::`Val{:vanleer_limiter}`
│       `edmfx_mse_q_tot_upwinding`::`Val{:first_order}`
│         `edmfx_sgsflux_upwinding`::`Val{:none}`
│          `edmfx_tracer_upwinding`::`Val{:first_order}`
│         `test_dycore_consistency`::`Nothing`
│            `reproducible_restart`::`Nothing`
│                         `limiter`::`Nothing`
│                       `diff_mode`::`ClimaAtmos.Implicit`
│                       `hyperdiff`::`Nothing`
└   
┌ Info: AtmosModel: 
│   
│                               `water`::`ClimaAtmos.AtmosWater{ClimaAtmos.EquilibriumMicrophysics0M, ClimaAtmos.QuadratureCloud, ClimaAtmos.Implicit, Nothing, ClimaAtmos.SGSQuadrature{3, StaticArraysCore.SVector{3, Float32}, StaticArraysCore.SVector{3, Float32}, ClimaAtmos.GaussianSGS, Float32}, ClimaAtmos.FixedTerminalVelocity{Float32}}`
│                           `scm_setup`::`ClimaAtmos.SCMSetup{Nothing, Nothing, Nothing, Bool, @NamedTuple{prof_ug::AtmosphericProfilesLibrary.ZProfile{AtmosphericProfilesLibrary.var"#149#150"{Float32}}, prof_vg::AtmosphericProfilesLibrary.ZProfile{Returns{Float32}}, coriolis_param::Float32}}`
│                           `radiation`::`ClimaAtmos.AtmosRadiation{ClimaAtmos.RRTMGPInterface.AllSkyRadiationWithClearSkyDiagnostics{ClimaAtmos.InteractiveCloudInRadiation}, ClimaAtmos.Larcform1Insolation}`
│                            `turbconv`::`ClimaAtmos.AtmosTurbconv{ClimaAtmos.EDMFXModel{ClimaAtmos.InvZEntrainment, ClimaAtmos.BuoyancyVelocityDetrainment, Val{true}, Val{true}, Val{true}, Val{true}, Val{true}, ClimaAtmos.SmoothMinimumBlending}, ClimaAtmos.PrognosticEDMFX{1, true, Float32}, Nothing, Nothing, Nothing}`
│                     `prescribed_flow`::`Nothing`
│                        `gravity_wave`::`ClimaAtmos.AtmosGravityWave{Nothing, Nothing}`
│                  `vertical_diffusion`::`Nothing`
│                              `sponge`::`ClimaAtmos.AtmosSponge{Nothing, Nothing}`
│                             `surface`::`ClimaAtmos.AtmosSurface{ClimaAtmos.SurfaceConditions.MoninObukhov{Float32, Nothing, Nothing}, ClimaAtmos.SurfaceConditions.SlabOceanTemperature{Float32}, ClimaAtmos.SurfaceConditions.SurfaceBoundaryOverrides{Float32, Float32, Nothing, Nothing, Nothing, Nothing}, ClimaAtmos.ConstantAlbedo{Float32}}`
│                            `numerics`::`ClimaAtmos.AtmosNumerics{Val{:vanleer_limiter}, Val{:vanleer_limiter}, Val{:first_order}, Val{:none}, Val{:first_order}, Nothing, Nothing, Nothing, ClimaAtmos.Implicit, Nothing}`
│                           `chemistry`::`ClimaAtmos.AtmosChem{Nothing}`
└   
[ Info: Single-process ClimaAtmos run on CPUSingleThreaded
[ Info: Using ODE config: `ClimaTimeSteppers.ARS222`
[ Info: Initialized state (55.709 μs, 4.48 KiB)
[ Info: Built cache (4.698 s, 2.12 GiB)
[ Info: Assembled callbacks (21.089 ms, 1.06 MiB)
┌ Info: Jacobian algorithm: ManualSparseJacobian(
│     approximate_solve_iters = 2,
└   )
[ Info: Jacobian derivative flags: topography_flag = IgnoreDerivative, diffusion_flag = UseDerivative
[ Info: Built tendency function (868.632 ms, 40.51 MiB)
[ Info: Initialized integrator (4.218 s, 1.45 GiB)
[ Info: Added 114 user-provided YAML-style diagnostics
[ Info: Saving accumulated diagnostics to disk with frequency: 10 minutes, 1 hour
[ Info: Set up diagnostics (2.671 s, 10.01 MiB)
┌ Error: Variation failed before/during setup
│   overlay = experiments/clw sensitivity experiments/configs/v2_0M.yml
└   exception = (ErrorException("Cannot compute husra with model = ClimaAtmos.EquilibriumMicrophysics0M"), Union{Ptr{Nothing}, Base.InterpreterIP}[Ptr{Nothing} @0x000000011be159f3, Ptr{Nothing} @0x0000000513630013, Ptr{Nothing} @0x0000000513638077, Ptr{Nothing} @0x000000051364001f, Ptr{Nothing} @0x0000000513648013, Ptr{Nothing} @0x000000051365001f, Ptr{Nothing} @0x0000000513658013, Ptr{Nothing} @0x000000051365804f, Ptr{Nothing} @0x00000005134f898f, Ptr{Nothing} @0x0000000513500013, Ptr{Nothing} @0x000000051350005f, Ptr{Nothing} @0x00000005134e81bf, Ptr{Nothing} @0x00000005134f005f, Ptr{Nothing} @0x00000005134f009f, Ptr{Nothing} @0x0000000509d09f47, Ptr{Nothing} @0x0000000509d38097, Ptr{Nothing} @0x0000000509d380df, Ptr{Nothing} @0x0000000159e68a6b, Ptr{Nothing} @0x0000000159e691af, Ptr{Nothing} @0x000000014fee8917, Ptr{Nothing} @0x000000014fef81a7, Ptr{Nothing} @0x000000014fef82db, Ptr{Nothing} @0x0000000117ad80b3, Ptr{Nothing} @0x0000000117ad8103, Ptr{Nothing} @0x000000010733c0f3, Ptr{Nothing} @0x000000010733baf3, Ptr{Nothing} @0x000000010733a7b7, Ptr{Nothing} @0x000000010733adc7, Base.InterpreterIP in top-level CodeInfo for Main at statement 12, Ptr{Nothing} @0x000000010735458f, Ptr{Nothing} @0x000000010735430f, Ptr{Nothing} @0x00000001073552a3, Ptr{Nothing} @0x000000011c16e623, Ptr{Nothing} @0x000000011c16b3fb, Ptr{Nothing} @0x000000011b9a1c3b, Ptr{Nothing} @0x000000011b632b93, Ptr{Nothing} @0x000000011b8fd903, Ptr{Nothing} @0x000000011c019893, Ptr{Nothing} @0x000000011b5a4b67, Ptr{Nothing} @0x0000000107385c37, Ptr{Nothing} @0x0000000107385b43])
┌ Info: Finished variation [2/9]
│   overlay = experiments/clw sensitivity experiments/configs/v2_0M.yml
│   job_id = experiments/clw sensitivity experiments/configs/v2_0M.yml
│   ret_code = setup_error
└   walltime = 32.7s
┌ Info: Starting variation [3/9]
└   overlay = experiments/clw sensitivity experiments/configs/v3_2M.yml
┌ Info: Making AtmosConfig with config files: 
│      /Users/jeff/clima/larcform1-experiments/ClimaAtmos.jl/src/config/../../config/default_configs/default_config.yml
│      /Users/jeff/clima/larcform1-experiments/experiments/clw sensitivity experiments/../../ClimaAtmos.jl/config/model_configs/larcform1_1M_prognostic_edmfx.yml
│      experiments/clw sensitivity experiments/configs/v3_2M.yml
└   
┌ Info: numerics 
│          `energy_q_tot_upwinding`::`Val{:vanleer_limiter}`
│                `tracer_upwinding`::`Val{:vanleer_limiter}`
│       `edmfx_mse_q_tot_upwinding`::`Val{:first_order}`
│         `edmfx_sgsflux_upwinding`::`Val{:none}`
│          `edmfx_tracer_upwinding`::`Val{:first_order}`
│         `test_dycore_consistency`::`Nothing`
│            `reproducible_restart`::`Nothing`
│                         `limiter`::`Nothing`
│                       `diff_mode`::`ClimaAtmos.Implicit`
│                       `hyperdiff`::`Nothing`
└   
┌ Info: AtmosModel: 
│   
│                               `water`::`ClimaAtmos.AtmosWater{ClimaAtmos.NonEquilibriumMicrophysics2M, ClimaAtmos.QuadratureCloud, ClimaAtmos.Implicit, Nothing, ClimaAtmos.SGSQuadrature{3, StaticArraysCore.SVector{3, Float32}, StaticArraysCore.SVector{3, Float32}, ClimaAtmos.GaussianSGS, Float32}, ClimaAtmos.FixedTerminalVelocity{Float32}}`
│                           `scm_setup`::`ClimaAtmos.SCMSetup{Nothing, Nothing, Nothing, Bool, @NamedTuple{prof_ug::AtmosphericProfilesLibrary.ZProfile{AtmosphericProfilesLibrary.var"#149#150"{Float32}}, prof_vg::AtmosphericProfilesLibrary.ZProfile{Returns{Float32}}, coriolis_param::Float32}}`
│                           `radiation`::`ClimaAtmos.AtmosRadiation{ClimaAtmos.RRTMGPInterface.AllSkyRadiationWithClearSkyDiagnostics{ClimaAtmos.InteractiveCloudInRadiation}, ClimaAtmos.Larcform1Insolation}`
│                            `turbconv`::`ClimaAtmos.AtmosTurbconv{ClimaAtmos.EDMFXModel{ClimaAtmos.InvZEntrainment, ClimaAtmos.BuoyancyVelocityDetrainment, Val{true}, Val{true}, Val{true}, Val{true}, Val{true}, ClimaAtmos.SmoothMinimumBlending}, ClimaAtmos.PrognosticEDMFX{1, true, Float32}, Nothing, Nothing, Nothing}`
│                     `prescribed_flow`::`Nothing`
│                        `gravity_wave`::`ClimaAtmos.AtmosGravityWave{Nothing, Nothing}`
│                  `vertical_diffusion`::`Nothing`
│                              `sponge`::`ClimaAtmos.AtmosSponge{Nothing, Nothing}`
│                             `surface`::`ClimaAtmos.AtmosSurface{ClimaAtmos.SurfaceConditions.MoninObukhov{Float32, Nothing, Nothing}, ClimaAtmos.SurfaceConditions.SlabOceanTemperature{Float32}, ClimaAtmos.SurfaceConditions.SurfaceBoundaryOverrides{Float32, Float32, Nothing, Nothing, Nothing, Nothing}, ClimaAtmos.ConstantAlbedo{Float32}}`
│                            `numerics`::`ClimaAtmos.AtmosNumerics{Val{:vanleer_limiter}, Val{:vanleer_limiter}, Val{:first_order}, Val{:none}, Val{:first_order}, Nothing, Nothing, Nothing, ClimaAtmos.Implicit, Nothing}`
│                           `chemistry`::`ClimaAtmos.AtmosChem{Nothing}`
└   
┌ Info: Microphysics settings: 
│              `cloud_liquid_formation`::`CloudLiquidFormation`
│                 `cloud_ice_formation`::`ConstantTimescale`
│                      `cloud_ice_melt`::`CloudIceMelt`
│                 `rain_autoconversion`::`Kessler1M`
│                 `snow_autoconversion`::`NoSupersaturation`
│       `rain_condensation_evaporation`::`RainEvaporation`
│         `snow_deposition_sublimation`::`DepositionAndSublimation`
│                           `snow_melt`::`SnowMelt`
│         `cloud_liquid_rain_accretion`::`CloudLiquidRainAccretion`
│         `cloud_liquid_snow_accretion`::`CloudLiquidSnowAccretion`
│            `cloud_ice_rain_accretion`::`CloudIceRainAccretion`
│            `cloud_ice_snow_accretion`::`CloudIceSnowAccretion`
│                 `rain_snow_accretion`::`RainSnowAccretion`
└   
[ Info: Single-process ClimaAtmos run on CPUSingleThreaded
[ Info: Using ODE config: `ClimaTimeSteppers.ARS222`
[ Info: Initialized state (69.125 μs, 8.98 KiB)
┌ Error: Variation failed before/during setup
│   overlay = experiments/clw sensitivity experiments/configs/v3_2M.yml
└   exception = (ErrorException("Not implemented yet"), Union{Ptr{Nothing}, Base.InterpreterIP}[Ptr{Nothing} @0x000000011be159f3, Ptr{Nothing} @0x00000005140e01b7, Ptr{Nothing} @0x00000005140e8013, Ptr{Nothing} @0x00000005140f0d37, Ptr{Nothing} @0x000000051412021f, Ptr{Nothing} @0x000000051412803b, Ptr{Nothing} @0x0000000514149e03, Ptr{Nothing} @0x0000000514149ff7, Ptr{Nothing} @0x0000000513c14ecf, Ptr{Nothing} @0x0000000513c58097, Ptr{Nothing} @0x0000000513c580df, Ptr{Nothing} @0x0000000159e68a6b, Ptr{Nothing} @0x0000000159e691af, Ptr{Nothing} @0x000000014fee8917, Ptr{Nothing} @0x000000014fef81a7, Ptr{Nothing} @0x000000014fef82db, Ptr{Nothing} @0x0000000117ad80b3, Ptr{Nothing} @0x0000000117ad8103, Ptr{Nothing} @0x000000010733c0f3, Ptr{Nothing} @0x000000010733baf3, Ptr{Nothing} @0x000000010733a7b7, Ptr{Nothing} @0x000000010733adc7, Base.InterpreterIP in top-level CodeInfo for Main at statement 12, Ptr{Nothing} @0x000000010735458f, Ptr{Nothing} @0x000000010735430f, Ptr{Nothing} @0x00000001073552a3, Ptr{Nothing} @0x000000011c16e623, Ptr{Nothing} @0x000000011c16b3fb, Ptr{Nothing} @0x000000011b9a1c3b, Ptr{Nothing} @0x000000011b632b93, Ptr{Nothing} @0x000000011b8fd903, Ptr{Nothing} @0x000000011c019893, Ptr{Nothing} @0x000000011b5a4b67, Ptr{Nothing} @0x0000000107385c37, Ptr{Nothing} @0x0000000107385b43])
┌ Info: Finished variation [3/9]
│   overlay = experiments/clw sensitivity experiments/configs/v3_2M.yml
│   job_id = experiments/clw sensitivity experiments/configs/v3_2M.yml
│   ret_code = setup_error
└   walltime = 22.0s
┌ Info: Starting variation [4/9]
└   overlay = experiments/clw sensitivity experiments/configs/v4_cloudonly.yml
┌ Info: Making AtmosConfig with config files: 
│      /Users/jeff/clima/larcform1-experiments/ClimaAtmos.jl/src/config/../../config/default_configs/default_config.yml
│      /Users/jeff/clima/larcform1-experiments/experiments/clw sensitivity experiments/../../ClimaAtmos.jl/config/model_configs/larcform1_1M_prognostic_edmfx.yml
│      experiments/clw sensitivity experiments/configs/v4_cloudonly.yml
└   
┌ Info: numerics 
│          `energy_q_tot_upwinding`::`Val{:vanleer_limiter}`
│                `tracer_upwinding`::`Val{:vanleer_limiter}`
│       `edmfx_mse_q_tot_upwinding`::`Val{:first_order}`
│         `edmfx_sgsflux_upwinding`::`Val{:none}`
│          `edmfx_tracer_upwinding`::`Val{:first_order}`
│         `test_dycore_consistency`::`Nothing`
│            `reproducible_restart`::`Nothing`
│                         `limiter`::`Nothing`
│                       `diff_mode`::`ClimaAtmos.Implicit`
│                       `hyperdiff`::`Nothing`
└   
┌ Info: AtmosModel: 
│   
│                               `water`::`ClimaAtmos.AtmosWater{ClimaAtmos.NonEquilibriumMicrophysics1M, ClimaAtmos.QuadratureCloud, ClimaAtmos.Implicit, Nothing, ClimaAtmos.SGSQuadrature{3, StaticArraysCore.SVector{3, Float32}, StaticArraysCore.SVector{3, Float32}, ClimaAtmos.GaussianSGS, Float32}, ClimaAtmos.FixedTerminalVelocity{Float32}}`
│                           `scm_setup`::`ClimaAtmos.SCMSetup{Nothing, Nothing, Nothing, Bool, @NamedTuple{prof_ug::AtmosphericProfilesLibrary.ZProfile{AtmosphericProfilesLibrary.var"#149#150"{Float32}}, prof_vg::AtmosphericProfilesLibrary.ZProfile{Returns{Float32}}, coriolis_param::Float32}}`
│                           `radiation`::`ClimaAtmos.AtmosRadiation{ClimaAtmos.RRTMGPInterface.AllSkyRadiationWithClearSkyDiagnostics{ClimaAtmos.InteractiveCloudInRadiation}, ClimaAtmos.Larcform1Insolation}`
│                            `turbconv`::`ClimaAtmos.AtmosTurbconv{ClimaAtmos.EDMFXModel{ClimaAtmos.InvZEntrainment, ClimaAtmos.BuoyancyVelocityDetrainment, Val{true}, Val{true}, Val{true}, Val{true}, Val{true}, ClimaAtmos.SmoothMinimumBlending}, ClimaAtmos.PrognosticEDMFX{1, true, Float32}, Nothing, Nothing, Nothing}`
│                     `prescribed_flow`::`Nothing`
│                        `gravity_wave`::`ClimaAtmos.AtmosGravityWave{Nothing, Nothing}`
│                  `vertical_diffusion`::`Nothing`
│                              `sponge`::`ClimaAtmos.AtmosSponge{Nothing, Nothing}`
│                             `surface`::`ClimaAtmos.AtmosSurface{ClimaAtmos.SurfaceConditions.MoninObukhov{Float32, Nothing, Nothing}, ClimaAtmos.SurfaceConditions.SlabOceanTemperature{Float32}, ClimaAtmos.SurfaceConditions.SurfaceBoundaryOverrides{Float32, Float32, Nothing, Nothing, Nothing, Nothing}, ClimaAtmos.ConstantAlbedo{Float32}}`
│                            `numerics`::`ClimaAtmos.AtmosNumerics{Val{:vanleer_limiter}, Val{:vanleer_limiter}, Val{:first_order}, Val{:none}, Val{:first_order}, Nothing, Nothing, Nothing, ClimaAtmos.Implicit, Nothing}`
│                           `chemistry`::`ClimaAtmos.AtmosChem{Nothing}`
└   
┌ Info: Microphysics settings: 
│                          `n_substeps`::`3`
│                     `n_substeps_quad`::`2`
│              `cloud_liquid_formation`::`CloudLiquidFormation`
│                 `cloud_ice_formation`::`ConstantTimescale`
│                      `cloud_ice_melt`::`disabled`
│                 `rain_autoconversion`::`disabled`
│                 `snow_autoconversion`::`disabled`
│       `rain_condensation_evaporation`::`disabled`
│         `snow_deposition_sublimation`::`disabled`
│                           `snow_melt`::`disabled`
│         `cloud_liquid_rain_accretion`::`disabled`
│         `cloud_liquid_snow_accretion`::`CloudLiquidSnowAccretion`
│            `cloud_ice_rain_accretion`::`disabled`
│            `cloud_ice_snow_accretion`::`disabled`
│                 `rain_snow_accretion`::`RainSnowAccretion`
└   
[ Info: Single-process ClimaAtmos run on CPUSingleThreaded
[ Info: Using ODE config: `ClimaTimeSteppers.ARS222`
[ Info: Initialized state (60.708 μs, 6.98 KiB)
[ Info: Built cache (7.468 s, 2.81 GiB)
[ Info: Assembled callbacks (163.708 μs, 17.55 KiB)
┌ Info: Jacobian algorithm: ManualSparseJacobian(
│     approximate_solve_iters = 2,
└   )
[ Info: Jacobian derivative flags: topography_flag = IgnoreDerivative, diffusion_flag = UseDerivative
[ Info: Built tendency function (592.333 μs, 195.57 KiB)
[ Info: Initialized integrator (9.827 s, 1.98 GiB)
[ Info: Added 114 user-provided YAML-style diagnostics
[ Info: Saving accumulated diagnostics to disk with frequency: 10 minutes, 1 hour
[ Info: Set up diagnostics (2.971 s, 6.62 MiB)
[ Info: Initialized 114 total diagnostics
