┌ Info: Simulation info
│   job_id = lf1e_clw_cal_member
└   output_dir = /home/jeff/larcform1-experiments/experiments/clw calibration/output/smoke/iteration_001/member_009/output_0000
┌ Info: Running
│   job_id = lf1e_clw_cal_member
│   output_dir = /home/jeff/larcform1-experiments/experiments/clw calibration/output/smoke/iteration_001/member_009/output_0000
└   tspan = (0.0 seconds (2010-01-01T00:00:00) [counter = 0, period = 1 second, epoch = 2010-01-01T00:00:00], 172800.0 seconds (2010-01-03T00:00:00) [counter = 172800, period = 1 second, epoch = 2010-01-01T00:00:00])
┌ Info: Progress
│   simulation_time = 30 seconds
│   n_steps_completed = 1
│   wall_time_per_step = 0 seconds
│   wall_time_total = 0 seconds
│   wall_time_remaining = 0 seconds
│   wall_time_spent = 0 seconds
│   percent_complete = 0.0%
│   estimated_sypd = Inf
│   instantaneous_sypd = 0.0 (sdpd_estimate = 0.0)
│   date_now = 2026-07-05T09:08:54.201
└   estimated_finish_date = 2026-07-05T09:08:54.201
┌ Info: Progress
│   simulation_time = 1 minute
│   n_steps_completed = 2
│   wall_time_per_step = 0 seconds
│   wall_time_total = 0 seconds
│   wall_time_remaining = 0 seconds
│   wall_time_spent = 0 seconds
│   percent_complete = 0.0%
│   estimated_sypd = Inf
│   instantaneous_sypd = 0.032
│   date_now = 2026-07-05T09:08:56.784
└   estimated_finish_date = 2026-07-05T09:08:56.784
┌ Info: Progress
│   simulation_time = 2 minutes
│   n_steps_completed = 4
│   wall_time_per_step = 4 milliseconds, 594 microseconds
│   wall_time_total = 26 seconds, 466 milliseconds
│   wall_time_remaining = 26 seconds, 448 milliseconds
│   wall_time_spent = 18 milliseconds, 379 microseconds
│   percent_complete = 0.1%
│   estimated_sypd = 17.875
│   instantaneous_sypd = 17.875
│   date_now = 2026-07-05T09:08:56.793
└   estimated_finish_date = 2026-07-05T09:09:23.793
┌ Info: Progress
│   simulation_time = 4 minutes
│   n_steps_completed = 8
│   wall_time_per_step = 4 milliseconds, 346 microseconds
│   wall_time_total = 25 seconds, 34 milliseconds
│   wall_time_remaining = 24 seconds, 999 milliseconds
│   wall_time_spent = 34 milliseconds, 769 microseconds
│   percent_complete = 0.1%
│   estimated_sypd = 18.898
│   instantaneous_sypd = 20.045
│   date_now = 2026-07-05T09:08:56.809
└   estimated_finish_date = 2026-07-05T09:09:21.809
┌ Info: Progress
│   simulation_time = 8 minutes
│   n_steps_completed = 16
│   wall_time_per_step = 4 milliseconds, 85 microseconds
│   wall_time_total = 23 seconds, 530 milliseconds
│   wall_time_remaining = 23 seconds, 465 milliseconds
│   wall_time_spent = 65 milliseconds, 363 microseconds
│   percent_complete = 0.3%
│   estimated_sypd = 20.105
│   instantaneous_sypd = 21.477
│   date_now = 2026-07-05T09:08:56.840
└   estimated_finish_date = 2026-07-05T09:09:20.840
┌ Info: Progress
│   simulation_time = 16 minutes
│   n_steps_completed = 32
│   wall_time_per_step = 3 milliseconds, 933 microseconds
│   wall_time_total = 22 seconds, 657 milliseconds
│   wall_time_remaining = 22 seconds, 531 milliseconds
│   wall_time_spent = 125 milliseconds, 875 microseconds
│   percent_complete = 0.6%
│   estimated_sypd = 20.88
│   instantaneous_sypd = 21.718
│   date_now = 2026-07-05T09:08:56.900
└   estimated_finish_date = 2026-07-05T09:09:19.900
┌ Info: Progress
│   simulation_time = 32 minutes
│   n_steps_completed = 64
│   wall_time_per_step = 3 milliseconds, 961 microseconds
│   wall_time_total = 22 seconds, 820 milliseconds
│   wall_time_remaining = 22 seconds, 567 milliseconds
│   wall_time_spent = 253 milliseconds, 564 microseconds
│   percent_complete = 1.1%
│   estimated_sypd = 20.731
│   instantaneous_sypd = 20.584
│   date_now = 2026-07-05T09:08:57.028
└   estimated_finish_date = 2026-07-05T09:09:20.028
┌ Info: Progress
│   simulation_time = 1 hour, 4 minutes
│   n_steps_completed = 128
│   wall_time_per_step = 4 milliseconds, 79 microseconds
│   wall_time_total = 23 seconds, 498 milliseconds
│   wall_time_remaining = 22 seconds, 976 milliseconds
│   wall_time_spent = 522 milliseconds, 186 microseconds
│   percent_complete = 2.2%
│   estimated_sypd = 20.133
│   instantaneous_sypd = 19.569
│   date_now = 2026-07-05T09:08:57.297
└   estimated_finish_date = 2026-07-05T09:09:20.297
┌ Info: Progress
│   simulation_time = 2 hours, 8 minutes
│   n_steps_completed = 256
│   wall_time_per_step = 4 milliseconds, 40 microseconds
│   wall_time_total = 23 seconds, 271 milliseconds
│   wall_time_remaining = 22 seconds, 237 milliseconds
│   wall_time_spent = 1 second, 34 milliseconds
│   percent_complete = 4.4%
│   estimated_sypd = 20.33
│   instantaneous_sypd = 20.53
│   date_now = 2026-07-05T09:08:57.809
└   estimated_finish_date = 2026-07-05T09:09:20.809
┌ Info: Progress
│   simulation_time = 4 hours, 16 minutes
│   n_steps_completed = 512
│   wall_time_per_step = 4 milliseconds, 59 microseconds
│   wall_time_total = 23 seconds, 383 milliseconds
│   wall_time_remaining = 21 seconds, 304 milliseconds
│   wall_time_spent = 2 seconds, 78 milliseconds
│   percent_complete = 8.9%
│   estimated_sypd = 20.232
│   instantaneous_sypd = 20.136
│   date_now = 2026-07-05T09:08:58.853
└   estimated_finish_date = 2026-07-05T09:09:20.853
┌ Info: Progress
│   simulation_time = 6 hours, 40 minutes
│   n_steps_completed = 801
│   wall_time_per_step = 4 milliseconds, 127 microseconds
│   wall_time_total = 23 seconds, 773 milliseconds
│   wall_time_remaining = 20 seconds, 467 milliseconds
│   wall_time_spent = 3 seconds, 305 milliseconds
│   percent_complete = 13.9%
│   estimated_sypd = 19.9
│   instantaneous_sypd = 19.338
│   date_now = 2026-07-05T09:09:00.081
└   estimated_finish_date = 2026-07-05T09:09:21.080
┌ Info: Progress
│   simulation_time = 8 hours, 32 minutes
│   n_steps_completed = 1024
│   wall_time_per_step = 4 milliseconds, 173 microseconds
│   wall_time_total = 24 seconds, 41 milliseconds
│   wall_time_remaining = 19 seconds, 767 milliseconds
│   wall_time_spent = 4 seconds, 274 milliseconds
│   percent_complete = 17.8%
│   estimated_sypd = 19.678
│   instantaneous_sypd = 18.92
│   date_now = 2026-07-05T09:09:01.049
└   estimated_finish_date = 2026-07-05T09:09:21.049
┌ Info: Progress
│   simulation_time = 10 hours, 56 minutes
│   n_steps_completed = 1313
│   wall_time_per_step = 4 milliseconds, 232 microseconds
│   wall_time_total = 24 seconds, 380 milliseconds
│   wall_time_remaining = 18 seconds, 822 milliseconds
│   wall_time_spent = 5 seconds, 557 milliseconds
│   percent_complete = 22.8%
│   estimated_sypd = 19.405
│   instantaneous_sypd = 18.496
│   date_now = 2026-07-05T09:09:02.332
└   estimated_finish_date = 2026-07-05T09:09:21.332
┌ Info: Progress
│   simulation_time = 13 hours, 21 minutes
│   n_steps_completed = 1602
│   wall_time_per_step = 4 milliseconds, 312 microseconds
│   wall_time_total = 24 seconds, 837 milliseconds
│   wall_time_remaining = 17 seconds, 929 milliseconds
│   wall_time_spent = 6 seconds, 908 milliseconds
│   percent_complete = 27.8%
│   estimated_sypd = 19.048
│   instantaneous_sypd = 17.576
│   date_now = 2026-07-05T09:09:03.683
└   estimated_finish_date = 2026-07-05T09:09:21.683
┌ Info: Progress
│   simulation_time = 15 hours, 45 minutes
│   n_steps_completed = 1891
│   wall_time_per_step = 4 milliseconds, 392 microseconds
│   wall_time_total = 25 seconds, 300 milliseconds
│   wall_time_remaining = 16 seconds, 994 milliseconds
│   wall_time_spent = 8 seconds, 306 milliseconds
│   percent_complete = 32.8%
│   estimated_sypd = 18.699
│   instantaneous_sypd = 16.979
│   date_now = 2026-07-05T09:09:05.081
└   estimated_finish_date = 2026-07-05T09:09:22.081
┌ Info: Progress
│   simulation_time = 17 hours, 4 minutes
│   n_steps_completed = 2048
│   wall_time_per_step = 4 milliseconds, 437 microseconds
│   wall_time_total = 25 seconds, 560 milliseconds
│   wall_time_remaining = 16 seconds, 472 milliseconds
│   wall_time_spent = 9 seconds, 88 milliseconds
│   percent_complete = 35.6%
│   estimated_sypd = 18.509
│   instantaneous_sypd = 16.485
│   date_now = 2026-07-05T09:09:05.863
└   estimated_finish_date = 2026-07-05T09:09:22.863
┌ Info: Progress
│   simulation_time = 19 hours, 28 minutes
│   n_steps_completed = 2337
│   wall_time_per_step = 4 milliseconds, 512 microseconds
│   wall_time_total = 25 seconds, 993 milliseconds
│   wall_time_remaining = 15 seconds, 447 milliseconds
│   wall_time_spent = 10 seconds, 546 milliseconds
│   percent_complete = 40.6%
│   estimated_sypd = 18.2
│   instantaneous_sypd = 16.279
│   date_now = 2026-07-05T09:09:07.321
└   estimated_finish_date = 2026-07-05T09:09:23.321
┌ Info: Progress
│   simulation_time = 21 hours, 53 minutes
│   n_steps_completed = 2626
│   wall_time_per_step = 4 milliseconds, 642 microseconds
│   wall_time_total = 26 seconds, 743 milliseconds
│   wall_time_remaining = 14 seconds, 550 milliseconds
│   wall_time_spent = 12 seconds, 192 milliseconds
│   percent_complete = 45.6%
│   estimated_sypd = 17.69
│   instantaneous_sypd = 14.422
│   date_now = 2026-07-05T09:09:08.967
└   estimated_finish_date = 2026-07-05T09:09:23.967
┌ Info: Progress
│   simulation_time = 1 day, 17 minutes
│   n_steps_completed = 2915
│   wall_time_per_step = 4 milliseconds, 724 microseconds
│   wall_time_total = 27 seconds, 215 milliseconds
│   wall_time_remaining = 13 seconds, 442 milliseconds
│   wall_time_spent = 13 seconds, 773 milliseconds
│   percent_complete = 50.6%
│   estimated_sypd = 17.383
│   instantaneous_sypd = 15.014
│   date_now = 2026-07-05T09:09:10.548
└   estimated_finish_date = 2026-07-05T09:09:24.548
┌ Info: Progress
│   simulation_time = 1 day, 2 hours
│   n_steps_completed = 3204
│   wall_time_per_step = 4 milliseconds, 791 microseconds
│   wall_time_total = 27 seconds, 597 milliseconds
│   wall_time_remaining = 12 seconds, 246 milliseconds
│   wall_time_spent = 15 seconds, 350 milliseconds
│   percent_complete = 55.6%
│   estimated_sypd = 17.143
│   instantaneous_sypd = 15.047
│   date_now = 2026-07-05T09:09:12.125
└   estimated_finish_date = 2026-07-05T09:09:25.125
┌ Info: Progress
│   simulation_time = 1 day, 5 hours
│   n_steps_completed = 3493
│   wall_time_per_step = 4 milliseconds, 866 microseconds
│   wall_time_total = 28 seconds, 29 milliseconds
│   wall_time_remaining = 11 seconds, 31 milliseconds
│   wall_time_spent = 16 seconds, 997 milliseconds
│   percent_complete = 60.6%
│   estimated_sypd = 16.879
│   instantaneous_sypd = 14.413
│   date_now = 2026-07-05T09:09:13.772
└   estimated_finish_date = 2026-07-05T09:09:25.772
┌ Info: Progress
│   simulation_time = 1 day, 7 hours
│   n_steps_completed = 3782
│   wall_time_per_step = 4 milliseconds, 936 microseconds
│   wall_time_total = 28 seconds, 432 milliseconds
│   wall_time_remaining = 9 seconds, 763 milliseconds
│   wall_time_spent = 18 seconds, 668 milliseconds
│   percent_complete = 65.7%
│   estimated_sypd = 16.639
│   instantaneous_sypd = 14.206
│   date_now = 2026-07-05T09:09:15.443
└   estimated_finish_date = 2026-07-05T09:09:25.443
┌ Info: Progress
│   simulation_time = 1 day, 9 hours
│   n_steps_completed = 4071
│   wall_time_per_step = 5 milliseconds, 24 microseconds
│   wall_time_total = 28 seconds, 938 milliseconds
│   wall_time_remaining = 8 seconds, 485 milliseconds
│   wall_time_spent = 20 seconds, 452 milliseconds
│   percent_complete = 70.7%
│   estimated_sypd = 16.348
│   instantaneous_sypd = 13.304
│   date_now = 2026-07-05T09:09:17.228
└   estimated_finish_date = 2026-07-05T09:09:26.228
┌ Info: Progress
│   simulation_time = 1 day, 10 hours
│   n_steps_completed = 4096
│   wall_time_per_step = 5 milliseconds, 32 microseconds
│   wall_time_total = 28 seconds, 987 milliseconds
│   wall_time_remaining = 8 seconds, 374 milliseconds
│   wall_time_spent = 20 seconds, 613 milliseconds
│   percent_complete = 71.1%
│   estimated_sypd = 16.321
│   instantaneous_sypd = 12.794
│   date_now = 2026-07-05T09:09:17.388
└   estimated_finish_date = 2026-07-05T09:09:26.388
┌ Info: Progress
│   simulation_time = 1 day, 12 hours
│   n_steps_completed = 4385
│   wall_time_per_step = 5 milliseconds, 110 microseconds
│   wall_time_total = 29 seconds, 438 milliseconds
│   wall_time_remaining = 7 seconds, 27 milliseconds
│   wall_time_spent = 22 seconds, 410 milliseconds
│   percent_complete = 76.1%
│   estimated_sypd = 16.071
│   instantaneous_sypd = 13.206
│   date_now = 2026-07-05T09:09:19.186
└   estimated_finish_date = 2026-07-05T09:09:27.186
┌ Info: Progress
│   simulation_time = 1 day, 14 hours
│   n_steps_completed = 4674
│   wall_time_per_step = 5 milliseconds, 190 microseconds
│   wall_time_total = 29 seconds, 899 milliseconds
│   wall_time_remaining = 5 seconds, 637 milliseconds
│   wall_time_spent = 24 seconds, 262 milliseconds
│   percent_complete = 81.1%
│   estimated_sypd = 15.823
│   instantaneous_sypd = 12.822
│   date_now = 2026-07-05T09:09:21.037
└   estimated_finish_date = 2026-07-05T09:09:27.037
┌ Info: Progress
│   simulation_time = 1 day, 17 hours
│   n_steps_completed = 4963
│   wall_time_per_step = 5 milliseconds, 277 microseconds
│   wall_time_total = 30 seconds, 395 milliseconds
│   wall_time_remaining = 4 seconds, 205 milliseconds
│   wall_time_spent = 26 seconds, 190 milliseconds
│   percent_complete = 86.2%
│   estimated_sypd = 15.565
│   instantaneous_sypd = 12.312
│   date_now = 2026-07-05T09:09:22.965
└   estimated_finish_date = 2026-07-05T09:09:27.965
┌ Info: Progress
│   simulation_time = 1 day, 19 hours
│   n_steps_completed = 5252
│   wall_time_per_step = 5 milliseconds, 351 microseconds
│   wall_time_total = 30 seconds, 825 milliseconds
│   wall_time_remaining = 2 seconds, 718 milliseconds
│   wall_time_spent = 28 seconds, 106 milliseconds
│   percent_complete = 91.2%
│   estimated_sypd = 15.348
│   instantaneous_sypd = 12.384
│   date_now = 2026-07-05T09:09:24.882
└   estimated_finish_date = 2026-07-05T09:09:27.882
┌ Info: Progress
│   simulation_time = 1 day, 22 hours
│   n_steps_completed = 5541
│   wall_time_per_step = 5 milliseconds, 436 microseconds
│   wall_time_total = 31 seconds, 314 milliseconds
│   wall_time_remaining = 1 second, 190 milliseconds
│   wall_time_spent = 30 seconds, 123 milliseconds
│   percent_complete = 96.2%
│   estimated_sypd = 15.108
│   instantaneous_sypd = 11.77
│   date_now = 2026-07-05T09:09:26.898
└   estimated_finish_date = 2026-07-05T09:09:28.898
[ Info: solve! walltime = 31.654
[ Info: sypd: 14.956
[ Info: wall_time_per_timestep: 5 milliseconds, 495 microseconds
[ Info: Memory currently used (after solve!) by the process (RSS): 8.8 GiB
[ Info: Completed member 9
[ Info: Completed iteration 1, updating ensemble
[ Warn: Detected 2 clashes where forward map evaluations are exactly equal (and not NaN), this is likely to cause `LinearAlgebra` difficulty. Please check forward evaluations for bugs.
[ Info: Iteration 0 (prior)
[ Info: Covariance trace: 2.606004749072532
[ Info: Iteration 1 (T=0.20056791356661988)
┌ Info: Covariance-weighted error: 3.445756949953549
│   Covariance trace: 2.081143204054328
└   Covariance trace ratio (current/previous): 0.798595322896092
┌ Warn: Attempting to store EnsembleKalmanProcesses.var"#succ_gauss_analysis!#FailureHandler##18".
│   JLD2 only stores functions by name.
└    This may not be useful for anonymous functions.
┌ Warn: Attempting to store EnsembleKalmanProcesses.var"#failsafe_update#FailureHandler##21"{EnsembleKalmanProcesses.var"#succ_gauss_analysis!#FailureHandler##18"}.
│   JLD2 only stores functions by name.
└    This may not be useful for anonymous functions.
┌ Warn: Attempting to store EnsembleKalmanProcesses.Localizers.var"#Localizer##0#Localizer##1".
│   JLD2 only stores functions by name.
└    This may not be useful for anonymous functions.
┌ Info: Iteration 1 complete
│   misfit = 3.445756949953549
└   constrained_param_means = [70.65091519409037, 73.19857591233269, 0.0001807285077827755, 96.27143700311328]
┌ Info: Final constrained parameter means:
└   EKP.get_ϕ_mean_final(prior, ekp) = [70.65091519409037, 70.65091519409037, 0.00039034885900183304, 70.65091519409037]
┌ Error: Exception while generating log record in module Main at /home/jeff/larcform1-experiments/experiments/clw calibration/run_calibration.jl:68
└   exception = (KeyError("bayes_loss"), Union{Ptr{Nothing}, Base.InterpreterIP}[Ptr{Nothing}(0x000075cf0fb18225), Ptr{Nothing}(0x000075cf0fb182f6), Ptr{Nothing}(0x000075cf10b00501), Ptr{Nothing}(0x000075cf10b006ef), Ptr{Nothing}(0x000075cfb46764d4), Ptr{Nothing}(0x000075cfb4675dc4), Ptr{Nothing}(0x000075cfb4676ab3), Ptr{Nothing}(0x000075cfb4677157), Ptr{Nothing}(0x000075cfb4677d02), Base.InterpreterIP in top-level CodeInfo for Main at statement 57, Ptr{Nothing}(0x000075cfb46958e2), Ptr{Nothing}(0x000075cfb4695d91), Ptr{Nothing}(0x000075cfb4696695), Ptr{Nothing}(0x000075cfb4696cd1), Ptr{Nothing}(0x000075cfa31a5f62), Ptr{Nothing}(0x000075cfa3c76dff), Ptr{Nothing}(0x000075cfa2aa227a), Ptr{Nothing}(0x000075cfa26d676b), Ptr{Nothing}(0x000075cfa27ecd83), Ptr{Nothing}(0x000075cfa337bd05), Ptr{Nothing}(0x000075cfa28488e3), Ptr{Nothing}(0x000075cfb46bc75e), Ptr{Nothing}(0x000075cfb46bd439), Ptr{Nothing}(0x0000000000401088), Ptr{Nothing}(0x000075cfb522a600), Ptr{Nothing}(0x000075cfb522a717), Ptr{Nothing}(0x00000000004010b8)])
