┌ Info: Simulation info
│   job_id = lf1e_clw_cal_member
└   output_dir = /home/jeff/larcform1-experiments/experiments/clw calibration/output/uki_1/iteration_005/member_002/output_0000
┌ Info: Running
│   job_id = lf1e_clw_cal_member
│   output_dir = /home/jeff/larcform1-experiments/experiments/clw calibration/output/uki_1/iteration_005/member_002/output_0000
└   tspan = (0.0 seconds (2010-01-01T00:00:00) [counter = 0, period = 1 second, epoch = 2010-01-01T00:00:00], 172800.0 seconds (2010-01-03T00:00:00) [counter = 172800, period = 1 second, epoch = 2010-01-01T00:00:00])
┌ Info: Progress
│   simulation_time = 30 seconds
│   n_steps_completed = 1
│   wall_time_per_step = 0 seconds
│   wall_time_total = 0 seconds
│   wall_time_remaining = 0 seconds
│   wall_time_spent = 0 seconds
│   percent_complete = 0.0%
│   estimated_sypd = Inf
│   instantaneous_sypd = 0.0 (sdpd_estimate = 0.0)
│   date_now = 2026-07-05T16:44:56.667
└   estimated_finish_date = 2026-07-05T16:44:56.667
┌ Info: Progress
│   simulation_time = 1 minute
│   n_steps_completed = 2
│   wall_time_per_step = 0 seconds
│   wall_time_total = 0 seconds
│   wall_time_remaining = 0 seconds
│   wall_time_spent = 0 seconds
│   percent_complete = 0.0%
│   estimated_sypd = Inf
│   instantaneous_sypd = 0.031
│   date_now = 2026-07-05T16:44:59.352
└   estimated_finish_date = 2026-07-05T16:44:59.352
┌ Info: Progress
│   simulation_time = 2 minutes
│   n_steps_completed = 4
│   wall_time_per_step = 4 milliseconds, 616 microseconds
│   wall_time_total = 26 seconds, 593 milliseconds
│   wall_time_remaining = 26 seconds, 575 milliseconds
│   wall_time_spent = 18 milliseconds, 467 microseconds
│   percent_complete = 0.1%
│   estimated_sypd = 17.79
│   instantaneous_sypd = 17.79
│   date_now = 2026-07-05T16:44:59.362
└   estimated_finish_date = 2026-07-05T16:45:26.362
┌ Info: Progress
│   simulation_time = 4 minutes
│   n_steps_completed = 8
│   wall_time_per_step = 4 milliseconds, 337 microseconds
│   wall_time_total = 24 seconds, 983 milliseconds
│   wall_time_remaining = 24 seconds, 949 milliseconds
│   wall_time_spent = 34 milliseconds, 699 microseconds
│   percent_complete = 0.1%
│   estimated_sypd = 18.936
│   instantaneous_sypd = 20.24
│   date_now = 2026-07-05T16:44:59.378
└   estimated_finish_date = 2026-07-05T16:45:24.378
┌ Info: Progress
│   simulation_time = 8 minutes
│   n_steps_completed = 16
│   wall_time_per_step = 4 milliseconds, 83 microseconds
│   wall_time_total = 23 seconds, 521 milliseconds
│   wall_time_remaining = 23 seconds, 456 milliseconds
│   wall_time_spent = 65 milliseconds, 338 microseconds
│   percent_complete = 0.3%
│   estimated_sypd = 20.113
│   instantaneous_sypd = 21.446
│   date_now = 2026-07-05T16:44:59.409
└   estimated_finish_date = 2026-07-05T16:45:23.408
┌ Info: Progress
│   simulation_time = 16 minutes
│   n_steps_completed = 32
│   wall_time_per_step = 3 milliseconds, 923 microseconds
│   wall_time_total = 22 seconds, 601 milliseconds
│   wall_time_remaining = 22 seconds, 476 milliseconds
│   wall_time_spent = 125 milliseconds, 564 microseconds
│   percent_complete = 0.6%
│   estimated_sypd = 20.932
│   instantaneous_sypd = 21.821
│   date_now = 2026-07-05T16:44:59.469
└   estimated_finish_date = 2026-07-05T16:45:22.469
┌ Info: Progress
│   simulation_time = 32 minutes
│   n_steps_completed = 64
│   wall_time_per_step = 3 milliseconds, 981 microseconds
│   wall_time_total = 22 seconds, 934 milliseconds
│   wall_time_remaining = 22 seconds, 679 milliseconds
│   wall_time_spent = 254 milliseconds, 822 microseconds
│   percent_complete = 1.1%
│   estimated_sypd = 20.629
│   instantaneous_sypd = 20.334
│   date_now = 2026-07-05T16:44:59.598
└   estimated_finish_date = 2026-07-05T16:45:22.598
┌ Info: Progress
│   simulation_time = 1 hour, 4 minutes
│   n_steps_completed = 128
│   wall_time_per_step = 4 milliseconds, 123 microseconds
│   wall_time_total = 23 seconds, 752 milliseconds
│   wall_time_remaining = 23 seconds, 224 milliseconds
│   wall_time_spent = 527 milliseconds, 837 microseconds
│   percent_complete = 2.2%
│   estimated_sypd = 19.918
│   instantaneous_sypd = 19.254
│   date_now = 2026-07-05T16:44:59.871
└   estimated_finish_date = 2026-07-05T16:45:23.871
┌ Info: Progress
│   simulation_time = 2 hours, 8 minutes
│   n_steps_completed = 256
│   wall_time_per_step = 4 milliseconds, 116 microseconds
│   wall_time_total = 23 seconds, 711 milliseconds
│   wall_time_remaining = 22 seconds, 657 milliseconds
│   wall_time_spent = 1 second, 53 milliseconds
│   percent_complete = 4.4%
│   estimated_sypd = 19.952
│   instantaneous_sypd = 19.987
│   date_now = 2026-07-05T16:45:00.397
└   estimated_finish_date = 2026-07-05T16:45:23.397
┌ Info: Progress
│   simulation_time = 4 hours, 16 minutes
│   n_steps_completed = 512
│   wall_time_per_step = 4 milliseconds, 145 microseconds
│   wall_time_total = 23 seconds, 877 milliseconds
│   wall_time_remaining = 21 seconds, 755 milliseconds
│   wall_time_spent = 2 seconds, 122 milliseconds
│   percent_complete = 8.9%
│   estimated_sypd = 19.814
│   instantaneous_sypd = 19.677
│   date_now = 2026-07-05T16:45:01.466
└   estimated_finish_date = 2026-07-05T16:45:23.466
┌ Info: Progress
│   simulation_time = 6 hours, 40 minutes
│   n_steps_completed = 801
│   wall_time_per_step = 4 milliseconds, 200 microseconds
│   wall_time_total = 24 seconds, 196 milliseconds
│   wall_time_remaining = 20 seconds, 831 milliseconds
│   wall_time_spent = 3 seconds, 364 milliseconds
│   percent_complete = 13.9%
│   estimated_sypd = 19.553
│   instantaneous_sypd = 19.107
│   date_now = 2026-07-05T16:45:02.708
└   estimated_finish_date = 2026-07-05T16:45:23.708
┌ Info: Progress
│   simulation_time = 8 hours, 32 minutes
│   n_steps_completed = 1024
│   wall_time_per_step = 4 milliseconds, 249 microseconds
│   wall_time_total = 24 seconds, 478 milliseconds
│   wall_time_remaining = 20 seconds, 126 milliseconds
│   wall_time_spent = 4 seconds, 351 milliseconds
│   percent_complete = 17.8%
│   estimated_sypd = 19.327
│   instantaneous_sypd = 18.558
│   date_now = 2026-07-05T16:45:03.695
└   estimated_finish_date = 2026-07-05T16:45:24.695
┌ Info: Progress
│   simulation_time = 10 hours, 56 minutes
│   n_steps_completed = 1313
│   wall_time_per_step = 4 milliseconds, 309 microseconds
│   wall_time_total = 24 seconds, 823 milliseconds
│   wall_time_remaining = 19 seconds, 165 milliseconds
│   wall_time_spent = 5 seconds, 658 milliseconds
│   percent_complete = 22.8%
│   estimated_sypd = 19.058
│   instantaneous_sypd = 18.163
│   date_now = 2026-07-05T16:45:05.002
└   estimated_finish_date = 2026-07-05T16:45:25.002
┌ Info: Progress
│   simulation_time = 13 hours, 21 minutes
│   n_steps_completed = 1602
│   wall_time_per_step = 4 milliseconds, 384 microseconds
│   wall_time_total = 25 seconds, 256 milliseconds
│   wall_time_remaining = 18 seconds, 231 milliseconds
│   wall_time_spent = 7 seconds, 24 milliseconds
│   percent_complete = 27.8%
│   estimated_sypd = 18.732
│   instantaneous_sypd = 17.381
│   date_now = 2026-07-05T16:45:06.368
└   estimated_finish_date = 2026-07-05T16:45:25.368
┌ Info: Progress
│   simulation_time = 15 hours, 45 minutes
│   n_steps_completed = 1891
│   wall_time_per_step = 4 milliseconds, 455 microseconds
│   wall_time_total = 25 seconds, 665 milliseconds
│   wall_time_remaining = 17 seconds, 239 milliseconds
│   wall_time_spent = 8 seconds, 425 milliseconds
│   percent_complete = 32.8%
│   estimated_sypd = 18.433
│   instantaneous_sypd = 16.937
│   date_now = 2026-07-05T16:45:07.769
└   estimated_finish_date = 2026-07-05T16:45:25.769
┌ Info: Progress
│   simulation_time = 17 hours, 4 minutes
│   n_steps_completed = 2048
│   wall_time_per_step = 4 milliseconds, 501 microseconds
│   wall_time_total = 25 seconds, 928 milliseconds
│   wall_time_remaining = 16 seconds, 709 milliseconds
│   wall_time_spent = 9 seconds, 219 milliseconds
│   percent_complete = 35.6%
│   estimated_sypd = 18.246
│   instantaneous_sypd = 16.258
│   date_now = 2026-07-05T16:45:08.562
└   estimated_finish_date = 2026-07-05T16:45:25.562
┌ Info: Progress
│   simulation_time = 19 hours, 28 minutes
│   n_steps_completed = 2337
│   wall_time_per_step = 4 milliseconds, 575 microseconds
│   wall_time_total = 26 seconds, 355 milliseconds
│   wall_time_remaining = 15 seconds, 662 milliseconds
│   wall_time_spent = 10 seconds, 693 milliseconds
│   percent_complete = 40.6%
│   estimated_sypd = 17.951
│   instantaneous_sypd = 16.101
│   date_now = 2026-07-05T16:45:10.037
└   estimated_finish_date = 2026-07-05T16:45:26.037
┌ Info: Progress
│   simulation_time = 21 hours, 53 minutes
│   n_steps_completed = 2626
│   wall_time_per_step = 4 milliseconds, 697 microseconds
│   wall_time_total = 27 seconds, 56 milliseconds
│   wall_time_remaining = 14 seconds, 721 milliseconds
│   wall_time_spent = 12 seconds, 335 milliseconds
│   percent_complete = 45.6%
│   estimated_sypd = 17.486
│   instantaneous_sypd = 14.457
│   date_now = 2026-07-05T16:45:11.679
└   estimated_finish_date = 2026-07-05T16:45:26.678
┌ Info: Progress
│   simulation_time = 1 day, 17 minutes
│   n_steps_completed = 2915
│   wall_time_per_step = 4 milliseconds, 769 microseconds
│   wall_time_total = 27 seconds, 474 milliseconds
│   wall_time_remaining = 13 seconds, 570 milliseconds
│   wall_time_spent = 13 seconds, 904 milliseconds
│   percent_complete = 50.6%
│   estimated_sypd = 17.22
│   instantaneous_sypd = 15.131
│   date_now = 2026-07-05T16:45:13.247
└   estimated_finish_date = 2026-07-05T16:45:27.247
┌ Info: Progress
│   simulation_time = 1 day, 2 hours
│   n_steps_completed = 3204
│   wall_time_per_step = 4 milliseconds, 837 microseconds
│   wall_time_total = 27 seconds, 864 milliseconds
│   wall_time_remaining = 12 seconds, 364 milliseconds
│   wall_time_spent = 15 seconds, 499 milliseconds
│   percent_complete = 55.6%
│   estimated_sypd = 16.979
│   instantaneous_sypd = 14.879
│   date_now = 2026-07-05T16:45:14.843
└   estimated_finish_date = 2026-07-05T16:45:27.843
┌ Info: Progress
│   simulation_time = 1 day, 5 hours
│   n_steps_completed = 3493
│   wall_time_per_step = 4 milliseconds, 905 microseconds
│   wall_time_total = 28 seconds, 253 milliseconds
│   wall_time_remaining = 11 seconds, 119 milliseconds
│   wall_time_spent = 17 seconds, 133 milliseconds
│   percent_complete = 60.6%
│   estimated_sypd = 16.745
│   instantaneous_sypd = 14.527
│   date_now = 2026-07-05T16:45:16.477
└   estimated_finish_date = 2026-07-05T16:45:28.477
┌ Info: Progress
│   simulation_time = 1 day, 7 hours
│   n_steps_completed = 3782
│   wall_time_per_step = 4 milliseconds, 982 microseconds
│   wall_time_total = 28 seconds, 696 milliseconds
│   wall_time_remaining = 9 seconds, 854 milliseconds
│   wall_time_spent = 18 seconds, 842 milliseconds
│   percent_complete = 65.7%
│   estimated_sypd = 16.486
│   instantaneous_sypd = 13.891
│   date_now = 2026-07-05T16:45:18.186
└   estimated_finish_date = 2026-07-05T16:45:28.186
┌ Info: Progress
│   simulation_time = 1 day, 9 hours
│   n_steps_completed = 4071
│   wall_time_per_step = 5 milliseconds, 42 microseconds
│   wall_time_total = 29 seconds, 47 milliseconds
│   wall_time_remaining = 8 seconds, 517 milliseconds
│   wall_time_spent = 20 seconds, 529 milliseconds
│   percent_complete = 70.7%
│   estimated_sypd = 16.287
│   instantaneous_sypd = 14.066
│   date_now = 2026-07-05T16:45:19.873
└   estimated_finish_date = 2026-07-05T16:45:28.873
┌ Info: Progress
│   simulation_time = 1 day, 10 hours
│   n_steps_completed = 4096
│   wall_time_per_step = 5 milliseconds, 50 microseconds
│   wall_time_total = 29 seconds, 92 milliseconds
│   wall_time_remaining = 8 seconds, 404 milliseconds
│   wall_time_spent = 20 seconds, 687 milliseconds
│   percent_complete = 71.1%
│   estimated_sypd = 16.262
│   instantaneous_sypd = 12.979
│   date_now = 2026-07-05T16:45:20.031
└   estimated_finish_date = 2026-07-05T16:45:29.031
┌ Info: Progress
│   simulation_time = 1 day, 12 hours
│   n_steps_completed = 4385
│   wall_time_per_step = 5 milliseconds, 118 microseconds
│   wall_time_total = 29 seconds, 484 milliseconds
│   wall_time_remaining = 7 seconds, 38 milliseconds
│   wall_time_spent = 22 seconds, 446 milliseconds
│   percent_complete = 76.1%
│   estimated_sypd = 16.046
│   instantaneous_sypd = 13.499
│   date_now = 2026-07-05T16:45:21.790
└   estimated_finish_date = 2026-07-05T16:45:29.790
┌ Info: Progress
│   simulation_time = 1 day, 14 hours
│   n_steps_completed = 4674
│   wall_time_per_step = 5 milliseconds, 182 microseconds
│   wall_time_total = 29 seconds, 851 milliseconds
│   wall_time_remaining = 5 seconds, 628 milliseconds
│   wall_time_spent = 24 seconds, 223 milliseconds
│   percent_complete = 81.1%
│   estimated_sypd = 15.849
│   instantaneous_sypd = 13.36
│   date_now = 2026-07-05T16:45:23.566
└   estimated_finish_date = 2026-07-05T16:45:29.566
┌ Info: Progress
│   simulation_time = 1 day, 17 hours
│   n_steps_completed = 4963
│   wall_time_per_step = 5 milliseconds, 264 microseconds
│   wall_time_total = 30 seconds, 322 milliseconds
│   wall_time_remaining = 4 seconds, 195 milliseconds
│   wall_time_spent = 26 seconds, 126 milliseconds
│   percent_complete = 86.2%
│   estimated_sypd = 15.602
│   instantaneous_sypd = 12.469
│   date_now = 2026-07-05T16:45:25.470
└   estimated_finish_date = 2026-07-05T16:45:30.470
┌ Info: Progress
│   simulation_time = 1 day, 19 hours
│   n_steps_completed = 5252
│   wall_time_per_step = 5 milliseconds, 330 microseconds
│   wall_time_total = 30 seconds, 703 milliseconds
│   wall_time_remaining = 2 seconds, 707 milliseconds
│   wall_time_spent = 27 seconds, 995 milliseconds
│   percent_complete = 91.2%
│   estimated_sypd = 15.409
│   instantaneous_sypd = 12.704
│   date_now = 2026-07-05T16:45:27.339
└   estimated_finish_date = 2026-07-05T16:45:30.339
┌ Info: Progress
│   simulation_time = 1 day, 22 hours
│   n_steps_completed = 5541
│   wall_time_per_step = 5 milliseconds, 404 microseconds
│   wall_time_total = 31 seconds, 128 milliseconds
│   wall_time_remaining = 1 second, 183 milliseconds
│   wall_time_spent = 29 seconds, 945 milliseconds
│   percent_complete = 96.2%
│   estimated_sypd = 15.198
│   instantaneous_sypd = 12.173
│   date_now = 2026-07-05T16:45:29.289
└   estimated_finish_date = 2026-07-05T16:45:31.289
[ Info: solve! walltime = 31.392
[ Info: sypd: 15.081
[ Info: wall_time_per_timestep: 5 milliseconds, 449 microseconds
[ Info: Memory currently used (after solve!) by the process (RSS): 8.68 GiB
[ Info: Completed member 2
┌ Info: Making AtmosConfig with config files: 
│      /home/jeff/larcform1-experiments/ClimaAtmos.jl/src/config/../../config/default_configs/default_config.yml
└   
┌ Info: numerics 
│          `energy_q_tot_upwinding`::`Val{:vanleer_limiter}`
│                `tracer_upwinding`::`Val{:vanleer_limiter}`
│       `edmfx_mse_q_tot_upwinding`::`Val{:first_order}`
│         `edmfx_sgsflux_upwinding`::`Val{:none}`
│          `edmfx_tracer_upwinding`::`Val{:first_order}`
│         `test_dycore_consistency`::`Nothing`
│            `reproducible_restart`::`Nothing`
│                         `limiter`::`Nothing`
│                       `diff_mode`::`ClimaAtmos.Implicit`
│                       `hyperdiff`::`Nothing`
└   
┌ Info: AtmosModel: 
│   
│                               `water`::`ClimaAtmos.AtmosWater{ClimaAtmos.NonEquilibriumMicrophysics1M, ClimaAtmos.QuadratureCloud, ClimaAtmos.Implicit, Nothing, ClimaAtmos.SGSQuadrature{3, StaticArraysCore.SVector{3, Float32}, StaticArraysCore.SVector{3, Float32}, ClimaAtmos.GaussianSGS, Float32}, ClimaAtmos.FixedTerminalVelocity{Float32}}`
│                           `scm_setup`::`ClimaAtmos.SCMSetup{Nothing, Nothing, Nothing, Bool, @NamedTuple{prof_ug::AtmosphericProfilesLibrary.ZProfile{AtmosphericProfilesLibrary.var"#Larcform1_geostrophic_u##0#Larcform1_geostrophic_u##1"{Float32}}, prof_vg::AtmosphericProfilesLibrary.ZProfile{Returns{Float32}}, coriolis_param::Float32}}`
│                           `radiation`::`ClimaAtmos.AtmosRadiation{ClimaAtmos.RRTMGPInterface.AllSkyRadiationWithClearSkyDiagnostics{ClimaAtmos.InteractiveCloudInRadiation}, ClimaAtmos.Larcform1Insolation}`
│                            `turbconv`::`ClimaAtmos.AtmosTurbconv{ClimaAtmos.EDMFXModel{ClimaAtmos.InvZEntrainment, ClimaAtmos.BuoyancyVelocityDetrainment, Val{true}, Val{true}, Val{true}, Val{true}, Val{true}, ClimaAtmos.SmoothMinimumBlending}, ClimaAtmos.PrognosticEDMFX{1, true, Float32}, Nothing, Nothing, Nothing}`
│                     `prescribed_flow`::`Nothing`
│                        `gravity_wave`::`ClimaAtmos.AtmosGravityWave{Nothing, Nothing}`
│                  `vertical_diffusion`::`Nothing`
│                              `sponge`::`ClimaAtmos.AtmosSponge{Nothing, Nothing}`
│                             `surface`::`ClimaAtmos.AtmosSurface{ClimaAtmos.SurfaceConditions.MoninObukhov{Float32, Nothing, Nothing}, ClimaAtmos.SurfaceConditions.SlabOceanTemperature{Float32}, ClimaAtmos.SurfaceConditions.SurfaceBoundaryOverrides{Float32, Float32, Nothing, Nothing, Nothing, Nothing}, ClimaAtmos.ConstantAlbedo{Float32}}`
│                            `numerics`::`ClimaAtmos.AtmosNumerics{Val{:vanleer_limiter}, Val{:vanleer_limiter}, Val{:first_order}, Val{:none}, Val{:first_order}, Nothing, Nothing, Nothing, ClimaAtmos.Implicit, Nothing}`
│                           `chemistry`::`ClimaAtmos.AtmosChem{Nothing}`
└   
┌ Info: Microphysics settings: 
│                          `n_substeps`::`3`
│                     `n_substeps_quad`::`2`
│              `cloud_liquid_formation`::`CloudLiquidFormation`
│                 `cloud_ice_formation`::`TemperatureDependent`
│                      `cloud_ice_melt`::`CloudIceMelt`
│                 `rain_autoconversion`::`Kessler1M`
│                 `snow_autoconversion`::`NoSupersaturation`
│       `rain_condensation_evaporation`::`RainEvaporation`
│         `snow_deposition_sublimation`::`DepositionAndSublimation`
│                           `snow_melt`::`SnowMelt`
│         `cloud_liquid_rain_accretion`::`CloudLiquidRainAccretion`
│         `cloud_liquid_snow_accretion`::`CloudLiquidSnowAccretion`
│            `cloud_ice_rain_accretion`::`CloudIceRainAccretion`
│            `cloud_ice_snow_accretion`::`CloudIceSnowAccretion`
│                 `rain_snow_accretion`::`RainSnowAccretion`
└   
[ Info: Single-process ClimaAtmos run on CPUSingleThreaded
[ Info: Using ODE config: `ClimaTimeSteppers.ARS222`
[ Info: Initialized state (42.381 μs, 7.76 KiB)
[ Info: Built cache (212.092 ms, 172.6 MiB)
[ Info: Assembled callbacks (131.023 μs, 17.42 KiB)
┌ Info: Jacobian algorithm: ManualSparseJacobian(
│     approximate_solve_iters = 2,
└   )
[ Info: Jacobian derivative flags: topography_flag = IgnoreDerivative, diffusion_flag = UseDerivative
[ Info: Built tendency function (484.502 μs, 201.06 KiB)
[ Info: Initialized integrator (8.297 ms, 169.03 KiB)
[ Info: Added 7 user-provided YAML-style diagnostics
[ Info: Saving accumulated diagnostics to disk with frequency: 1 hour
[ Info: Set up diagnostics (405.76 μs, 103.66 KiB)
[ Info: Initialized 7 total diagnostics
