┌ Info: Simulation info
│   job_id = lf1e_clw_cal_member
└   output_dir = /home/jeff/larcform1-experiments/experiments/clw calibration/output/uki_1/iteration_004/member_008/output_0000
┌ Info: Running
│   job_id = lf1e_clw_cal_member
│   output_dir = /home/jeff/larcform1-experiments/experiments/clw calibration/output/uki_1/iteration_004/member_008/output_0000
└   tspan = (0.0 seconds (2010-01-01T00:00:00) [counter = 0, period = 1 second, epoch = 2010-01-01T00:00:00], 172800.0 seconds (2010-01-03T00:00:00) [counter = 172800, period = 1 second, epoch = 2010-01-01T00:00:00])
┌ Info: Progress
│   simulation_time = 30 seconds
│   n_steps_completed = 1
│   wall_time_per_step = 0 seconds
│   wall_time_total = 0 seconds
│   wall_time_remaining = 0 seconds
│   wall_time_spent = 0 seconds
│   percent_complete = 0.0%
│   estimated_sypd = Inf
│   instantaneous_sypd = 0.0 (sdpd_estimate = 0.0)
│   date_now = 2026-07-05T16:40:54.685
└   estimated_finish_date = 2026-07-05T16:40:54.685
┌ Info: Progress
│   simulation_time = 1 minute
│   n_steps_completed = 2
│   wall_time_per_step = 0 seconds
│   wall_time_total = 0 seconds
│   wall_time_remaining = 0 seconds
│   wall_time_spent = 0 seconds
│   percent_complete = 0.0%
│   estimated_sypd = Inf
│   instantaneous_sypd = 0.032
│   date_now = 2026-07-05T16:40:57.283
└   estimated_finish_date = 2026-07-05T16:40:57.283
┌ Info: Progress
│   simulation_time = 2 minutes
│   n_steps_completed = 4
│   wall_time_per_step = 4 milliseconds, 657 microseconds
│   wall_time_total = 26 seconds, 829 milliseconds
│   wall_time_remaining = 26 seconds, 811 milliseconds
│   wall_time_spent = 18 milliseconds, 631 microseconds
│   percent_complete = 0.1%
│   estimated_sypd = 17.633
│   instantaneous_sypd = 17.633
│   date_now = 2026-07-05T16:40:57.293
└   estimated_finish_date = 2026-07-05T16:41:24.292
┌ Info: Progress
│   simulation_time = 4 minutes
│   n_steps_completed = 8
│   wall_time_per_step = 4 milliseconds, 415 microseconds
│   wall_time_total = 25 seconds, 434 milliseconds
│   wall_time_remaining = 25 seconds, 399 milliseconds
│   wall_time_spent = 35 milliseconds, 326 microseconds
│   percent_complete = 0.1%
│   estimated_sypd = 18.601
│   instantaneous_sypd = 19.68
│   date_now = 2026-07-05T16:40:57.309
└   estimated_finish_date = 2026-07-05T16:41:23.309
┌ Info: Progress
│   simulation_time = 8 minutes
│   n_steps_completed = 16
│   wall_time_per_step = 4 milliseconds, 135 microseconds
│   wall_time_total = 23 seconds, 821 milliseconds
│   wall_time_remaining = 23 seconds, 755 milliseconds
│   wall_time_spent = 66 milliseconds, 170 microseconds
│   percent_complete = 0.3%
│   estimated_sypd = 19.86
│   instantaneous_sypd = 21.303
│   date_now = 2026-07-05T16:40:57.340
└   estimated_finish_date = 2026-07-05T16:41:21.340
┌ Info: Progress
│   simulation_time = 16 minutes
│   n_steps_completed = 32
│   wall_time_per_step = 3 milliseconds, 951 microseconds
│   wall_time_total = 22 seconds, 757 milliseconds
│   wall_time_remaining = 22 seconds, 631 milliseconds
│   wall_time_spent = 126 milliseconds, 433 microseconds
│   percent_complete = 0.6%
│   estimated_sypd = 20.788
│   instantaneous_sypd = 21.808
│   date_now = 2026-07-05T16:40:57.400
└   estimated_finish_date = 2026-07-05T16:41:20.400
┌ Info: Progress
│   simulation_time = 32 minutes
│   n_steps_completed = 64
│   wall_time_per_step = 3 milliseconds, 984 microseconds
│   wall_time_total = 22 seconds, 949 milliseconds
│   wall_time_remaining = 22 seconds, 694 milliseconds
│   wall_time_spent = 254 milliseconds, 990 microseconds
│   percent_complete = 1.1%
│   estimated_sypd = 20.615
│   instantaneous_sypd = 20.445
│   date_now = 2026-07-05T16:40:57.529
└   estimated_finish_date = 2026-07-05T16:41:20.529
┌ Info: Progress
│   simulation_time = 1 hour, 4 minutes
│   n_steps_completed = 128
│   wall_time_per_step = 4 milliseconds, 112 microseconds
│   wall_time_total = 23 seconds, 686 milliseconds
│   wall_time_remaining = 23 seconds, 160 milliseconds
│   wall_time_spent = 526 milliseconds, 372 microseconds
│   percent_complete = 2.2%
│   estimated_sypd = 19.973
│   instantaneous_sypd = 19.37
│   date_now = 2026-07-05T16:40:57.800
└   estimated_finish_date = 2026-07-05T16:41:21.800
┌ Info: Progress
│   simulation_time = 2 hours, 8 minutes
│   n_steps_completed = 256
│   wall_time_per_step = 4 milliseconds, 72 microseconds
│   wall_time_total = 23 seconds, 458 milliseconds
│   wall_time_remaining = 22 seconds, 416 milliseconds
│   wall_time_spent = 1 second, 42 milliseconds
│   percent_complete = 4.4%
│   estimated_sypd = 20.167
│   instantaneous_sypd = 20.365
│   date_now = 2026-07-05T16:40:58.317
└   estimated_finish_date = 2026-07-05T16:41:21.317
┌ Info: Progress
│   simulation_time = 4 hours, 16 minutes
│   n_steps_completed = 512
│   wall_time_per_step = 4 milliseconds, 103 microseconds
│   wall_time_total = 23 seconds, 636 milliseconds
│   wall_time_remaining = 21 seconds, 535 milliseconds
│   wall_time_spent = 2 seconds, 101 milliseconds
│   percent_complete = 8.9%
│   estimated_sypd = 20.015
│   instantaneous_sypd = 19.866
│   date_now = 2026-07-05T16:40:59.375
└   estimated_finish_date = 2026-07-05T16:41:21.375
┌ Info: Progress
│   simulation_time = 6 hours, 40 minutes
│   n_steps_completed = 801
│   wall_time_per_step = 4 milliseconds, 188 microseconds
│   wall_time_total = 24 seconds, 123 milliseconds
│   wall_time_remaining = 20 seconds, 768 milliseconds
│   wall_time_spent = 3 seconds, 354 milliseconds
│   percent_complete = 13.9%
│   estimated_sypd = 19.612
│   instantaneous_sypd = 18.935
│   date_now = 2026-07-05T16:41:00.629
└   estimated_finish_date = 2026-07-05T16:41:21.629
┌ Info: Progress
│   simulation_time = 8 hours, 32 minutes
│   n_steps_completed = 1024
│   wall_time_per_step = 4 milliseconds, 240 microseconds
│   wall_time_total = 24 seconds, 427 milliseconds
│   wall_time_remaining = 20 seconds, 85 milliseconds
│   wall_time_spent = 4 seconds, 342 milliseconds
│   percent_complete = 17.8%
│   estimated_sypd = 19.367
│   instantaneous_sypd = 18.537
│   date_now = 2026-07-05T16:41:01.617
└   estimated_finish_date = 2026-07-05T16:41:22.617
┌ Info: Progress
│   simulation_time = 10 hours, 56 minutes
│   n_steps_completed = 1313
│   wall_time_per_step = 4 milliseconds, 306 microseconds
│   wall_time_total = 24 seconds, 805 milliseconds
│   wall_time_remaining = 19 seconds, 150 milliseconds
│   wall_time_spent = 5 seconds, 654 milliseconds
│   percent_complete = 22.8%
│   estimated_sypd = 19.073
│   instantaneous_sypd = 18.097
│   date_now = 2026-07-05T16:41:02.928
└   estimated_finish_date = 2026-07-05T16:41:22.928
┌ Info: Progress
│   simulation_time = 13 hours, 21 minutes
│   n_steps_completed = 1602
│   wall_time_per_step = 4 milliseconds, 383 microseconds
│   wall_time_total = 25 seconds, 248 milliseconds
│   wall_time_remaining = 18 seconds, 226 milliseconds
│   wall_time_spent = 7 seconds, 22 milliseconds
│   percent_complete = 27.8%
│   estimated_sypd = 18.738
│   instantaneous_sypd = 17.354
│   date_now = 2026-07-05T16:41:04.296
└   estimated_finish_date = 2026-07-05T16:41:23.296
┌ Info: Progress
│   simulation_time = 15 hours, 45 minutes
│   n_steps_completed = 1891
│   wall_time_per_step = 4 milliseconds, 462 microseconds
│   wall_time_total = 25 seconds, 706 milliseconds
│   wall_time_remaining = 17 seconds, 266 milliseconds
│   wall_time_spent = 8 seconds, 439 milliseconds
│   percent_complete = 32.8%
│   estimated_sypd = 18.404
│   instantaneous_sypd = 16.752
│   date_now = 2026-07-05T16:41:05.713
└   estimated_finish_date = 2026-07-05T16:41:23.713
┌ Info: Progress
│   simulation_time = 17 hours, 4 minutes
│   n_steps_completed = 2048
│   wall_time_per_step = 4 milliseconds, 506 microseconds
│   wall_time_total = 25 seconds, 959 milliseconds
│   wall_time_remaining = 16 seconds, 729 milliseconds
│   wall_time_spent = 9 seconds, 230 milliseconds
│   percent_complete = 35.6%
│   estimated_sypd = 18.225
│   instantaneous_sypd = 16.308
│   date_now = 2026-07-05T16:41:06.504
└   estimated_finish_date = 2026-07-05T16:41:23.504
┌ Info: Progress
│   simulation_time = 19 hours, 28 minutes
│   n_steps_completed = 2337
│   wall_time_per_step = 4 milliseconds, 580 microseconds
│   wall_time_total = 26 seconds, 385 milliseconds
│   wall_time_remaining = 15 seconds, 680 milliseconds
│   wall_time_spent = 10 seconds, 705 milliseconds
│   percent_complete = 40.6%
│   estimated_sypd = 17.93
│   instantaneous_sypd = 16.087
│   date_now = 2026-07-05T16:41:07.979
└   estimated_finish_date = 2026-07-05T16:41:23.979
┌ Info: Progress
│   simulation_time = 21 hours, 53 minutes
│   n_steps_completed = 2626
│   wall_time_per_step = 4 milliseconds, 657 microseconds
│   wall_time_total = 26 seconds, 829 milliseconds
│   wall_time_remaining = 14 seconds, 597 milliseconds
│   wall_time_spent = 12 seconds, 231 milliseconds
│   percent_complete = 45.6%
│   estimated_sypd = 17.634
│   instantaneous_sypd = 15.556
│   date_now = 2026-07-05T16:41:09.505
└   estimated_finish_date = 2026-07-05T16:41:24.505
┌ Info: Progress
│   simulation_time = 1 day, 17 minutes
│   n_steps_completed = 2915
│   wall_time_per_step = 4 milliseconds, 783 microseconds
│   wall_time_total = 27 seconds, 552 milliseconds
│   wall_time_remaining = 13 seconds, 608 milliseconds
│   wall_time_spent = 13 seconds, 943 milliseconds
│   percent_complete = 50.6%
│   estimated_sypd = 17.171
│   instantaneous_sypd = 13.862
│   date_now = 2026-07-05T16:41:11.218
└   estimated_finish_date = 2026-07-05T16:41:25.218
┌ Info: Progress
│   simulation_time = 1 day, 2 hours
│   n_steps_completed = 3204
│   wall_time_per_step = 4 milliseconds, 846 microseconds
│   wall_time_total = 27 seconds, 915 milliseconds
│   wall_time_remaining = 12 seconds, 387 milliseconds
│   wall_time_spent = 15 seconds, 528 milliseconds
│   percent_complete = 55.6%
│   estimated_sypd = 16.947
│   instantaneous_sypd = 14.982
│   date_now = 2026-07-05T16:41:12.802
└   estimated_finish_date = 2026-07-05T16:41:25.802
┌ Info: Progress
│   simulation_time = 1 day, 5 hours
│   n_steps_completed = 3493
│   wall_time_per_step = 4 milliseconds, 917 microseconds
│   wall_time_total = 28 seconds, 324 milliseconds
│   wall_time_remaining = 11 seconds, 147 milliseconds
│   wall_time_spent = 17 seconds, 176 milliseconds
│   percent_complete = 60.6%
│   estimated_sypd = 16.703
│   instantaneous_sypd = 14.402
│   date_now = 2026-07-05T16:41:14.450
└   estimated_finish_date = 2026-07-05T16:41:26.450
┌ Info: Progress
│   simulation_time = 1 day, 7 hours
│   n_steps_completed = 3782
│   wall_time_per_step = 4 milliseconds, 978 microseconds
│   wall_time_total = 28 seconds, 675 milliseconds
│   wall_time_remaining = 9 seconds, 847 milliseconds
│   wall_time_spent = 18 seconds, 828 milliseconds
│   percent_complete = 65.7%
│   estimated_sypd = 16.498
│   instantaneous_sypd = 14.37
│   date_now = 2026-07-05T16:41:16.102
└   estimated_finish_date = 2026-07-05T16:41:26.102
┌ Info: Progress
│   simulation_time = 1 day, 9 hours
│   n_steps_completed = 4071
│   wall_time_per_step = 5 milliseconds, 56 microseconds
│   wall_time_total = 29 seconds, 127 milliseconds
│   wall_time_remaining = 8 seconds, 540 milliseconds
│   wall_time_spent = 20 seconds, 586 milliseconds
│   percent_complete = 70.7%
│   estimated_sypd = 16.243
│   instantaneous_sypd = 13.502
│   date_now = 2026-07-05T16:41:17.860
└   estimated_finish_date = 2026-07-05T16:41:26.860
┌ Info: Progress
│   simulation_time = 1 day, 10 hours
│   n_steps_completed = 4096
│   wall_time_per_step = 5 milliseconds, 65 microseconds
│   wall_time_total = 29 seconds, 178 milliseconds
│   wall_time_remaining = 8 seconds, 429 milliseconds
│   wall_time_spent = 20 seconds, 748 milliseconds
│   percent_complete = 71.1%
│   estimated_sypd = 16.214
│   instantaneous_sypd = 12.628
│   date_now = 2026-07-05T16:41:18.023
└   estimated_finish_date = 2026-07-05T16:41:27.023
┌ Info: Progress
│   simulation_time = 1 day, 12 hours
│   n_steps_completed = 4385
│   wall_time_per_step = 5 milliseconds, 131 microseconds
│   wall_time_total = 29 seconds, 557 milliseconds
│   wall_time_remaining = 7 seconds, 55 milliseconds
│   wall_time_spent = 22 seconds, 501 milliseconds
│   percent_complete = 76.1%
│   estimated_sypd = 16.006
│   instantaneous_sypd = 13.542
│   date_now = 2026-07-05T16:41:19.776
└   estimated_finish_date = 2026-07-05T16:41:27.776
┌ Info: Progress
│   simulation_time = 1 day, 14 hours
│   n_steps_completed = 4674
│   wall_time_per_step = 5 milliseconds, 196 microseconds
│   wall_time_total = 29 seconds, 932 milliseconds
│   wall_time_remaining = 5 seconds, 643 milliseconds
│   wall_time_spent = 24 seconds, 288 milliseconds
│   percent_complete = 81.1%
│   estimated_sypd = 15.806
│   instantaneous_sypd = 13.282
│   date_now = 2026-07-05T16:41:21.563
└   estimated_finish_date = 2026-07-05T16:41:27.563
┌ Info: Progress
│   simulation_time = 1 day, 17 hours
│   n_steps_completed = 4963
│   wall_time_per_step = 5 milliseconds, 273 microseconds
│   wall_time_total = 30 seconds, 375 milliseconds
│   wall_time_remaining = 4 seconds, 202 milliseconds
│   wall_time_spent = 26 seconds, 172 milliseconds
│   percent_complete = 86.2%
│   estimated_sypd = 15.575
│   instantaneous_sypd = 12.604
│   date_now = 2026-07-05T16:41:23.446
└   estimated_finish_date = 2026-07-05T16:41:28.446
┌ Info: Progress
│   simulation_time = 1 day, 19 hours
│   n_steps_completed = 5252
│   wall_time_per_step = 5 milliseconds, 339 microseconds
│   wall_time_total = 30 seconds, 752 milliseconds
│   wall_time_remaining = 2 seconds, 712 milliseconds
│   wall_time_spent = 28 seconds, 40 milliseconds
│   percent_complete = 91.2%
│   estimated_sypd = 15.384
│   instantaneous_sypd = 12.705
│   date_now = 2026-07-05T16:41:25.315
└   estimated_finish_date = 2026-07-05T16:41:28.315
┌ Info: Progress
│   simulation_time = 1 day, 22 hours
│   n_steps_completed = 5541
│   wall_time_per_step = 5 milliseconds, 402 microseconds
│   wall_time_total = 31 seconds, 119 milliseconds
│   wall_time_remaining = 1 second, 183 milliseconds
│   wall_time_spent = 29 seconds, 936 milliseconds
│   percent_complete = 96.2%
│   estimated_sypd = 15.203
│   instantaneous_sypd = 12.519
│   date_now = 2026-07-05T16:41:27.211
└   estimated_finish_date = 2026-07-05T16:41:29.211
[ Info: solve! walltime = 31.432
[ Info: sypd: 15.062
[ Info: wall_time_per_timestep: 5 milliseconds, 456 microseconds
[ Info: Memory currently used (after solve!) by the process (RSS): 8.68 GiB
[ Info: Completed member 8
┌ Info: Making AtmosConfig with config files: 
│      /home/jeff/larcform1-experiments/ClimaAtmos.jl/src/config/../../config/default_configs/default_config.yml
└   
┌ Info: numerics 
│          `energy_q_tot_upwinding`::`Val{:vanleer_limiter}`
│                `tracer_upwinding`::`Val{:vanleer_limiter}`
│       `edmfx_mse_q_tot_upwinding`::`Val{:first_order}`
│         `edmfx_sgsflux_upwinding`::`Val{:none}`
│          `edmfx_tracer_upwinding`::`Val{:first_order}`
│         `test_dycore_consistency`::`Nothing`
│            `reproducible_restart`::`Nothing`
│                         `limiter`::`Nothing`
│                       `diff_mode`::`ClimaAtmos.Implicit`
│                       `hyperdiff`::`Nothing`
└   
┌ Info: AtmosModel: 
│   
│                               `water`::`ClimaAtmos.AtmosWater{ClimaAtmos.NonEquilibriumMicrophysics1M, ClimaAtmos.QuadratureCloud, ClimaAtmos.Implicit, Nothing, ClimaAtmos.SGSQuadrature{3, StaticArraysCore.SVector{3, Float32}, StaticArraysCore.SVector{3, Float32}, ClimaAtmos.GaussianSGS, Float32}, ClimaAtmos.FixedTerminalVelocity{Float32}}`
│                           `scm_setup`::`ClimaAtmos.SCMSetup{Nothing, Nothing, Nothing, Bool, @NamedTuple{prof_ug::AtmosphericProfilesLibrary.ZProfile{AtmosphericProfilesLibrary.var"#Larcform1_geostrophic_u##0#Larcform1_geostrophic_u##1"{Float32}}, prof_vg::AtmosphericProfilesLibrary.ZProfile{Returns{Float32}}, coriolis_param::Float32}}`
│                           `radiation`::`ClimaAtmos.AtmosRadiation{ClimaAtmos.RRTMGPInterface.AllSkyRadiationWithClearSkyDiagnostics{ClimaAtmos.InteractiveCloudInRadiation}, ClimaAtmos.Larcform1Insolation}`
│                            `turbconv`::`ClimaAtmos.AtmosTurbconv{ClimaAtmos.EDMFXModel{ClimaAtmos.InvZEntrainment, ClimaAtmos.BuoyancyVelocityDetrainment, Val{true}, Val{true}, Val{true}, Val{true}, Val{true}, ClimaAtmos.SmoothMinimumBlending}, ClimaAtmos.PrognosticEDMFX{1, true, Float32}, Nothing, Nothing, Nothing}`
│                     `prescribed_flow`::`Nothing`
│                        `gravity_wave`::`ClimaAtmos.AtmosGravityWave{Nothing, Nothing}`
│                  `vertical_diffusion`::`Nothing`
│                              `sponge`::`ClimaAtmos.AtmosSponge{Nothing, Nothing}`
│                             `surface`::`ClimaAtmos.AtmosSurface{ClimaAtmos.SurfaceConditions.MoninObukhov{Float32, Nothing, Nothing}, ClimaAtmos.SurfaceConditions.SlabOceanTemperature{Float32}, ClimaAtmos.SurfaceConditions.SurfaceBoundaryOverrides{Float32, Float32, Nothing, Nothing, Nothing, Nothing}, ClimaAtmos.ConstantAlbedo{Float32}}`
│                            `numerics`::`ClimaAtmos.AtmosNumerics{Val{:vanleer_limiter}, Val{:vanleer_limiter}, Val{:first_order}, Val{:none}, Val{:first_order}, Nothing, Nothing, Nothing, ClimaAtmos.Implicit, Nothing}`
│                           `chemistry`::`ClimaAtmos.AtmosChem{Nothing}`
└   
┌ Info: Microphysics settings: 
│                          `n_substeps`::`3`
│                     `n_substeps_quad`::`2`
│              `cloud_liquid_formation`::`CloudLiquidFormation`
│                 `cloud_ice_formation`::`TemperatureDependent`
│                      `cloud_ice_melt`::`CloudIceMelt`
│                 `rain_autoconversion`::`Kessler1M`
│                 `snow_autoconversion`::`NoSupersaturation`
│       `rain_condensation_evaporation`::`RainEvaporation`
│         `snow_deposition_sublimation`::`DepositionAndSublimation`
│                           `snow_melt`::`SnowMelt`
│         `cloud_liquid_rain_accretion`::`CloudLiquidRainAccretion`
│         `cloud_liquid_snow_accretion`::`CloudLiquidSnowAccretion`
│            `cloud_ice_rain_accretion`::`CloudIceRainAccretion`
│            `cloud_ice_snow_accretion`::`CloudIceSnowAccretion`
│                 `rain_snow_accretion`::`RainSnowAccretion`
└   
[ Info: Single-process ClimaAtmos run on CPUSingleThreaded
[ Info: Using ODE config: `ClimaTimeSteppers.ARS222`
[ Info: Initialized state (66.141 μs, 7.76 KiB)
[ Info: Built cache (199.079 ms, 172.6 MiB)
[ Info: Assembled callbacks (124.804 μs, 17.42 KiB)
┌ Info: Jacobian algorithm: ManualSparseJacobian(
│     approximate_solve_iters = 2,
└   )
[ Info: Jacobian derivative flags: topography_flag = IgnoreDerivative, diffusion_flag = UseDerivative
[ Info: Built tendency function (311.578 μs, 201.06 KiB)
[ Info: Initialized integrator (8.675 ms, 169.03 KiB)
[ Info: Added 7 user-provided YAML-style diagnostics
[ Info: Saving accumulated diagnostics to disk with frequency: 1 hour
[ Info: Set up diagnostics (476.502 μs, 103.66 KiB)
[ Info: Initialized 7 total diagnostics
