┌ Info: Simulation info
│   job_id = lf1e_clw_cal_member
└   output_dir = /home/jeff/larcform1-experiments/experiments/clw calibration/output/uki_1/iteration_004/member_001/output_0000
┌ Info: Running
│   job_id = lf1e_clw_cal_member
│   output_dir = /home/jeff/larcform1-experiments/experiments/clw calibration/output/uki_1/iteration_004/member_001/output_0000
└   tspan = (0.0 seconds (2010-01-01T00:00:00) [counter = 0, period = 1 second, epoch = 2010-01-01T00:00:00], 172800.0 seconds (2010-01-03T00:00:00) [counter = 172800, period = 1 second, epoch = 2010-01-01T00:00:00])
┌ Info: Progress
│   simulation_time = 30 seconds
│   n_steps_completed = 1
│   wall_time_per_step = 0 seconds
│   wall_time_total = 0 seconds
│   wall_time_remaining = 0 seconds
│   wall_time_spent = 0 seconds
│   percent_complete = 0.0%
│   estimated_sypd = Inf
│   instantaneous_sypd = 0.0 (sdpd_estimate = 0.0)
│   date_now = 2026-07-05T16:36:51.371
└   estimated_finish_date = 2026-07-05T16:36:51.371
┌ Info: Progress
│   simulation_time = 1 minute
│   n_steps_completed = 2
│   wall_time_per_step = 0 seconds
│   wall_time_total = 0 seconds
│   wall_time_remaining = 0 seconds
│   wall_time_spent = 0 seconds
│   percent_complete = 0.0%
│   estimated_sypd = Inf
│   instantaneous_sypd = 0.031
│   date_now = 2026-07-05T16:36:54.013
└   estimated_finish_date = 2026-07-05T16:36:54.013
┌ Info: Progress
│   simulation_time = 2 minutes
│   n_steps_completed = 4
│   wall_time_per_step = 4 milliseconds, 733 microseconds
│   wall_time_total = 27 seconds, 265 milliseconds
│   wall_time_remaining = 27 seconds, 246 milliseconds
│   wall_time_spent = 18 milliseconds, 934 microseconds
│   percent_complete = 0.1%
│   estimated_sypd = 17.352
│   instantaneous_sypd = 17.352
│   date_now = 2026-07-05T16:36:54.022
└   estimated_finish_date = 2026-07-05T16:37:22.022
┌ Info: Progress
│   simulation_time = 4 minutes
│   n_steps_completed = 8
│   wall_time_per_step = 4 milliseconds, 450 microseconds
│   wall_time_total = 25 seconds, 632 milliseconds
│   wall_time_remaining = 25 seconds, 597 milliseconds
│   wall_time_spent = 35 milliseconds, 601 microseconds
│   percent_complete = 0.1%
│   estimated_sypd = 18.457
│   instantaneous_sypd = 19.712
│   date_now = 2026-07-05T16:36:54.039
└   estimated_finish_date = 2026-07-05T16:37:20.039
┌ Info: Progress
│   simulation_time = 8 minutes
│   n_steps_completed = 16
│   wall_time_per_step = 4 milliseconds, 171 microseconds
│   wall_time_total = 24 seconds, 30 milliseconds
│   wall_time_remaining = 23 seconds, 963 milliseconds
│   wall_time_spent = 66 milliseconds, 751 microseconds
│   percent_complete = 0.3%
│   estimated_sypd = 19.688
│   instantaneous_sypd = 21.094
│   date_now = 2026-07-05T16:36:54.070
└   estimated_finish_date = 2026-07-05T16:37:18.070
┌ Info: Progress
│   simulation_time = 16 minutes
│   n_steps_completed = 32
│   wall_time_per_step = 4 milliseconds, 17 microseconds
│   wall_time_total = 23 seconds, 141 milliseconds
│   wall_time_remaining = 23 seconds, 13 milliseconds
│   wall_time_spent = 128 milliseconds, 566 microseconds
│   percent_complete = 0.6%
│   estimated_sypd = 20.443
│   instantaneous_sypd = 21.26
│   date_now = 2026-07-05T16:36:54.132
└   estimated_finish_date = 2026-07-05T16:37:18.132
┌ Info: Progress
│   simulation_time = 32 minutes
│   n_steps_completed = 64
│   wall_time_per_step = 4 milliseconds, 35 microseconds
│   wall_time_total = 23 seconds, 242 milliseconds
│   wall_time_remaining = 22 seconds, 983 milliseconds
│   wall_time_spent = 258 milliseconds, 247 microseconds
│   percent_complete = 1.1%
│   estimated_sypd = 20.355
│   instantaneous_sypd = 20.268
│   date_now = 2026-07-05T16:36:54.262
└   estimated_finish_date = 2026-07-05T16:37:17.262
┌ Info: Progress
│   simulation_time = 1 hour, 4 minutes
│   n_steps_completed = 128
│   wall_time_per_step = 4 milliseconds, 142 microseconds
│   wall_time_total = 23 seconds, 862 milliseconds
│   wall_time_remaining = 23 seconds, 332 milliseconds
│   wall_time_spent = 530 milliseconds, 276 microseconds
│   percent_complete = 2.2%
│   estimated_sypd = 19.826
│   instantaneous_sypd = 19.324
│   date_now = 2026-07-05T16:36:54.534
└   estimated_finish_date = 2026-07-05T16:37:18.534
┌ Info: Progress
│   simulation_time = 2 hours, 8 minutes
│   n_steps_completed = 256
│   wall_time_per_step = 4 milliseconds, 151 microseconds
│   wall_time_total = 23 seconds, 911 milliseconds
│   wall_time_remaining = 22 seconds, 848 milliseconds
│   wall_time_spent = 1 second, 62 milliseconds
│   percent_complete = 4.4%
│   estimated_sypd = 19.786
│   instantaneous_sypd = 19.746
│   date_now = 2026-07-05T16:36:55.066
└   estimated_finish_date = 2026-07-05T16:37:18.066
┌ Info: Progress
│   simulation_time = 4 hours, 16 minutes
│   n_steps_completed = 512
│   wall_time_per_step = 4 milliseconds, 189 microseconds
│   wall_time_total = 24 seconds, 132 milliseconds
│   wall_time_remaining = 21 seconds, 986 milliseconds
│   wall_time_spent = 2 seconds, 145 milliseconds
│   percent_complete = 8.9%
│   estimated_sypd = 19.605
│   instantaneous_sypd = 19.427
│   date_now = 2026-07-05T16:36:56.149
└   estimated_finish_date = 2026-07-05T16:37:18.149
┌ Info: Progress
│   simulation_time = 6 hours, 40 minutes
│   n_steps_completed = 801
│   wall_time_per_step = 4 milliseconds, 256 microseconds
│   wall_time_total = 24 seconds, 517 milliseconds
│   wall_time_remaining = 21 seconds, 108 milliseconds
│   wall_time_spent = 3 seconds, 409 milliseconds
│   percent_complete = 13.9%
│   estimated_sypd = 19.296
│   instantaneous_sypd = 18.773
│   date_now = 2026-07-05T16:36:57.413
└   estimated_finish_date = 2026-07-05T16:37:19.413
┌ Info: Progress
│   simulation_time = 8 hours, 32 minutes
│   n_steps_completed = 1024
│   wall_time_per_step = 4 milliseconds, 312 microseconds
│   wall_time_total = 24 seconds, 840 milliseconds
│   wall_time_remaining = 20 seconds, 424 milliseconds
│   wall_time_spent = 4 seconds, 416 milliseconds
│   percent_complete = 17.8%
│   estimated_sypd = 19.046
│   instantaneous_sypd = 18.197
│   date_now = 2026-07-05T16:36:58.420
└   estimated_finish_date = 2026-07-05T16:37:19.420
┌ Info: Progress
│   simulation_time = 10 hours, 56 minutes
│   n_steps_completed = 1313
│   wall_time_per_step = 4 milliseconds, 361 microseconds
│   wall_time_total = 25 seconds, 121 milliseconds
│   wall_time_remaining = 19 seconds, 394 milliseconds
│   wall_time_spent = 5 seconds, 726 milliseconds
│   percent_complete = 22.8%
│   estimated_sypd = 18.833
│   instantaneous_sypd = 18.115
│   date_now = 2026-07-05T16:36:59.730
└   estimated_finish_date = 2026-07-05T16:37:19.730
┌ Info: Progress
│   simulation_time = 13 hours, 21 minutes
│   n_steps_completed = 1602
│   wall_time_per_step = 4 milliseconds, 442 microseconds
│   wall_time_total = 25 seconds, 586 milliseconds
│   wall_time_remaining = 18 seconds, 470 milliseconds
│   wall_time_spent = 7 seconds, 116 milliseconds
│   percent_complete = 27.8%
│   estimated_sypd = 18.49
│   instantaneous_sypd = 17.078
│   date_now = 2026-07-05T16:37:01.120
└   estimated_finish_date = 2026-07-05T16:37:20.120
┌ Info: Progress
│   simulation_time = 15 hours, 45 minutes
│   n_steps_completed = 1891
│   wall_time_per_step = 4 milliseconds, 515 microseconds
│   wall_time_total = 26 seconds, 7 milliseconds
│   wall_time_remaining = 17 seconds, 469 milliseconds
│   wall_time_spent = 8 seconds, 538 milliseconds
│   percent_complete = 32.8%
│   estimated_sypd = 18.191
│   instantaneous_sypd = 16.694
│   date_now = 2026-07-05T16:37:02.542
└   estimated_finish_date = 2026-07-05T16:37:20.542
┌ Info: Progress
│   simulation_time = 17 hours, 4 minutes
│   n_steps_completed = 2048
│   wall_time_per_step = 4 milliseconds, 558 microseconds
│   wall_time_total = 26 seconds, 254 milliseconds
│   wall_time_remaining = 16 seconds, 919 milliseconds
│   wall_time_spent = 9 seconds, 334 milliseconds
│   percent_complete = 35.6%
│   estimated_sypd = 18.02
│   instantaneous_sypd = 16.187
│   date_now = 2026-07-05T16:37:03.338
└   estimated_finish_date = 2026-07-05T16:37:20.338
┌ Info: Progress
│   simulation_time = 19 hours, 28 minutes
│   n_steps_completed = 2337
│   wall_time_per_step = 4 milliseconds, 631 microseconds
│   wall_time_total = 26 seconds, 676 milliseconds
│   wall_time_remaining = 15 seconds, 853 milliseconds
│   wall_time_spent = 10 seconds, 823 milliseconds
│   percent_complete = 40.6%
│   estimated_sypd = 17.735
│   instantaneous_sypd = 15.947
│   date_now = 2026-07-05T16:37:04.827
└   estimated_finish_date = 2026-07-05T16:37:20.827
┌ Info: Progress
│   simulation_time = 21 hours, 53 minutes
│   n_steps_completed = 2626
│   wall_time_per_step = 4 milliseconds, 707 microseconds
│   wall_time_total = 27 seconds, 112 milliseconds
│   wall_time_remaining = 14 seconds, 751 milliseconds
│   wall_time_spent = 12 seconds, 360 milliseconds
│   percent_complete = 45.6%
│   estimated_sypd = 17.449
│   instantaneous_sypd = 15.441
│   date_now = 2026-07-05T16:37:06.364
└   estimated_finish_date = 2026-07-05T16:37:21.364
┌ Info: Progress
│   simulation_time = 1 day, 17 minutes
│   n_steps_completed = 2915
│   wall_time_per_step = 4 milliseconds, 827 microseconds
│   wall_time_total = 27 seconds, 804 milliseconds
│   wall_time_remaining = 13 seconds, 733 milliseconds
│   wall_time_spent = 14 seconds, 71 milliseconds
│   percent_complete = 50.6%
│   estimated_sypd = 17.015
│   instantaneous_sypd = 13.879
│   date_now = 2026-07-05T16:37:08.075
└   estimated_finish_date = 2026-07-05T16:37:22.075
┌ Info: Progress
│   simulation_time = 1 day, 2 hours
│   n_steps_completed = 3204
│   wall_time_per_step = 4 milliseconds, 890 microseconds
│   wall_time_total = 28 seconds, 168 milliseconds
│   wall_time_remaining = 12 seconds, 499 milliseconds
│   wall_time_spent = 15 seconds, 668 milliseconds
│   percent_complete = 55.6%
│   estimated_sypd = 16.796
│   instantaneous_sypd = 14.859
│   date_now = 2026-07-05T16:37:09.672
└   estimated_finish_date = 2026-07-05T16:37:22.672
┌ Info: Progress
│   simulation_time = 1 day, 5 hours
│   n_steps_completed = 3493
│   wall_time_per_step = 4 milliseconds, 961 microseconds
│   wall_time_total = 28 seconds, 579 milliseconds
│   wall_time_remaining = 11 seconds, 248 milliseconds
│   wall_time_spent = 17 seconds, 331 milliseconds
│   percent_complete = 60.6%
│   estimated_sypd = 16.554
│   instantaneous_sypd = 14.275
│   date_now = 2026-07-05T16:37:11.335
└   estimated_finish_date = 2026-07-05T16:37:23.335
┌ Info: Progress
│   simulation_time = 1 day, 7 hours
│   n_steps_completed = 3782
│   wall_time_per_step = 5 milliseconds, 24 microseconds
│   wall_time_total = 28 seconds, 943 milliseconds
│   wall_time_remaining = 9 seconds, 939 milliseconds
│   wall_time_spent = 19 seconds, 4 milliseconds
│   percent_complete = 65.7%
│   estimated_sypd = 16.346
│   instantaneous_sypd = 14.191
│   date_now = 2026-07-05T16:37:13.008
└   estimated_finish_date = 2026-07-05T16:37:23.008
┌ Info: Progress
│   simulation_time = 1 day, 9 hours
│   n_steps_completed = 4071
│   wall_time_per_step = 5 milliseconds, 104 microseconds
│   wall_time_total = 29 seconds, 399 milliseconds
│   wall_time_remaining = 8 seconds, 620 milliseconds
│   wall_time_spent = 20 seconds, 778 milliseconds
│   percent_complete = 70.7%
│   estimated_sypd = 16.092
│   instantaneous_sypd = 13.376
│   date_now = 2026-07-05T16:37:14.782
└   estimated_finish_date = 2026-07-05T16:37:23.782
┌ Info: Progress
│   simulation_time = 1 day, 10 hours
│   n_steps_completed = 4096
│   wall_time_per_step = 5 milliseconds, 112 microseconds
│   wall_time_total = 29 seconds, 445 milliseconds
│   wall_time_remaining = 8 seconds, 506 milliseconds
│   wall_time_spent = 20 seconds, 939 milliseconds
│   percent_complete = 71.1%
│   estimated_sypd = 16.067
│   instantaneous_sypd = 12.787
│   date_now = 2026-07-05T16:37:14.943
└   estimated_finish_date = 2026-07-05T16:37:23.943
┌ Info: Progress
│   simulation_time = 1 day, 12 hours
│   n_steps_completed = 4385
│   wall_time_per_step = 5 milliseconds, 177 microseconds
│   wall_time_total = 29 seconds, 822 milliseconds
│   wall_time_remaining = 7 seconds, 119 milliseconds
│   wall_time_spent = 22 seconds, 703 milliseconds
│   percent_complete = 76.1%
│   estimated_sypd = 15.864
│   instantaneous_sypd = 13.453
│   date_now = 2026-07-05T16:37:16.707
└   estimated_finish_date = 2026-07-05T16:37:24.707
┌ Info: Progress
│   simulation_time = 1 day, 14 hours
│   n_steps_completed = 4674
│   wall_time_per_step = 5 milliseconds, 242 microseconds
│   wall_time_total = 30 seconds, 195 milliseconds
│   wall_time_remaining = 5 seconds, 693 milliseconds
│   wall_time_spent = 24 seconds, 502 milliseconds
│   percent_complete = 81.1%
│   estimated_sypd = 15.668
│   instantaneous_sypd = 13.196
│   date_now = 2026-07-05T16:37:18.506
└   estimated_finish_date = 2026-07-05T16:37:24.506
┌ Info: Progress
│   simulation_time = 1 day, 17 hours
│   n_steps_completed = 4963
│   wall_time_per_step = 5 milliseconds, 324 microseconds
│   wall_time_total = 30 seconds, 667 milliseconds
│   wall_time_remaining = 4 seconds, 243 milliseconds
│   wall_time_spent = 26 seconds, 423 milliseconds
│   percent_complete = 86.2%
│   estimated_sypd = 15.427
│   instantaneous_sypd = 12.354
│   date_now = 2026-07-05T16:37:20.428
└   estimated_finish_date = 2026-07-05T16:37:25.428
┌ Info: Progress
│   simulation_time = 1 day, 19 hours
│   n_steps_completed = 5252
│   wall_time_per_step = 5 milliseconds, 389 microseconds
│   wall_time_total = 31 seconds, 44 milliseconds
│   wall_time_remaining = 2 seconds, 737 milliseconds
│   wall_time_spent = 28 seconds, 306 milliseconds
│   percent_complete = 91.2%
│   estimated_sypd = 15.24
│   instantaneous_sypd = 12.609
│   date_now = 2026-07-05T16:37:22.310
└   estimated_finish_date = 2026-07-05T16:37:25.310
┌ Info: Progress
│   simulation_time = 1 day, 22 hours
│   n_steps_completed = 5541
│   wall_time_per_step = 5 milliseconds, 454 microseconds
│   wall_time_total = 31 seconds, 417 milliseconds
│   wall_time_remaining = 1 second, 194 milliseconds
│   wall_time_spent = 30 seconds, 222 milliseconds
│   percent_complete = 96.2%
│   estimated_sypd = 15.059
│   instantaneous_sypd = 12.387
│   date_now = 2026-07-05T16:37:24.226
└   estimated_finish_date = 2026-07-05T16:37:26.226
[ Info: solve! walltime = 31.713
[ Info: sypd: 14.928
[ Info: wall_time_per_timestep: 5 milliseconds, 505 microseconds
[ Info: Memory currently used (after solve!) by the process (RSS): 8.68 GiB
[ Info: Completed member 1
┌ Info: Making AtmosConfig with config files: 
│      /home/jeff/larcform1-experiments/ClimaAtmos.jl/src/config/../../config/default_configs/default_config.yml
└   
┌ Info: numerics 
│          `energy_q_tot_upwinding`::`Val{:vanleer_limiter}`
│                `tracer_upwinding`::`Val{:vanleer_limiter}`
│       `edmfx_mse_q_tot_upwinding`::`Val{:first_order}`
│         `edmfx_sgsflux_upwinding`::`Val{:none}`
│          `edmfx_tracer_upwinding`::`Val{:first_order}`
│         `test_dycore_consistency`::`Nothing`
│            `reproducible_restart`::`Nothing`
│                         `limiter`::`Nothing`
│                       `diff_mode`::`ClimaAtmos.Implicit`
│                       `hyperdiff`::`Nothing`
└   
┌ Info: AtmosModel: 
│   
│                               `water`::`ClimaAtmos.AtmosWater{ClimaAtmos.NonEquilibriumMicrophysics1M, ClimaAtmos.QuadratureCloud, ClimaAtmos.Implicit, Nothing, ClimaAtmos.SGSQuadrature{3, StaticArraysCore.SVector{3, Float32}, StaticArraysCore.SVector{3, Float32}, ClimaAtmos.GaussianSGS, Float32}, ClimaAtmos.FixedTerminalVelocity{Float32}}`
│                           `scm_setup`::`ClimaAtmos.SCMSetup{Nothing, Nothing, Nothing, Bool, @NamedTuple{prof_ug::AtmosphericProfilesLibrary.ZProfile{AtmosphericProfilesLibrary.var"#Larcform1_geostrophic_u##0#Larcform1_geostrophic_u##1"{Float32}}, prof_vg::AtmosphericProfilesLibrary.ZProfile{Returns{Float32}}, coriolis_param::Float32}}`
│                           `radiation`::`ClimaAtmos.AtmosRadiation{ClimaAtmos.RRTMGPInterface.AllSkyRadiationWithClearSkyDiagnostics{ClimaAtmos.InteractiveCloudInRadiation}, ClimaAtmos.Larcform1Insolation}`
│                            `turbconv`::`ClimaAtmos.AtmosTurbconv{ClimaAtmos.EDMFXModel{ClimaAtmos.InvZEntrainment, ClimaAtmos.BuoyancyVelocityDetrainment, Val{true}, Val{true}, Val{true}, Val{true}, Val{true}, ClimaAtmos.SmoothMinimumBlending}, ClimaAtmos.PrognosticEDMFX{1, true, Float32}, Nothing, Nothing, Nothing}`
│                     `prescribed_flow`::`Nothing`
│                        `gravity_wave`::`ClimaAtmos.AtmosGravityWave{Nothing, Nothing}`
│                  `vertical_diffusion`::`Nothing`
│                              `sponge`::`ClimaAtmos.AtmosSponge{Nothing, Nothing}`
│                             `surface`::`ClimaAtmos.AtmosSurface{ClimaAtmos.SurfaceConditions.MoninObukhov{Float32, Nothing, Nothing}, ClimaAtmos.SurfaceConditions.SlabOceanTemperature{Float32}, ClimaAtmos.SurfaceConditions.SurfaceBoundaryOverrides{Float32, Float32, Nothing, Nothing, Nothing, Nothing}, ClimaAtmos.ConstantAlbedo{Float32}}`
│                            `numerics`::`ClimaAtmos.AtmosNumerics{Val{:vanleer_limiter}, Val{:vanleer_limiter}, Val{:first_order}, Val{:none}, Val{:first_order}, Nothing, Nothing, Nothing, ClimaAtmos.Implicit, Nothing}`
│                           `chemistry`::`ClimaAtmos.AtmosChem{Nothing}`
└   
┌ Info: Microphysics settings: 
│                          `n_substeps`::`3`
│                     `n_substeps_quad`::`2`
│              `cloud_liquid_formation`::`CloudLiquidFormation`
│                 `cloud_ice_formation`::`TemperatureDependent`
│                      `cloud_ice_melt`::`CloudIceMelt`
│                 `rain_autoconversion`::`Kessler1M`
│                 `snow_autoconversion`::`NoSupersaturation`
│       `rain_condensation_evaporation`::`RainEvaporation`
│         `snow_deposition_sublimation`::`DepositionAndSublimation`
│                           `snow_melt`::`SnowMelt`
│         `cloud_liquid_rain_accretion`::`CloudLiquidRainAccretion`
│         `cloud_liquid_snow_accretion`::`CloudLiquidSnowAccretion`
│            `cloud_ice_rain_accretion`::`CloudIceRainAccretion`
│            `cloud_ice_snow_accretion`::`CloudIceSnowAccretion`
│                 `rain_snow_accretion`::`RainSnowAccretion`
└   
[ Info: Single-process ClimaAtmos run on CPUSingleThreaded
[ Info: Using ODE config: `ClimaTimeSteppers.ARS222`
[ Info: Initialized state (61.602 μs, 7.76 KiB)
[ Info: Built cache (202.838 ms, 172.6 MiB)
[ Info: Assembled callbacks (132.214 μs, 17.42 KiB)
┌ Info: Jacobian algorithm: ManualSparseJacobian(
│     approximate_solve_iters = 2,
└   )
[ Info: Jacobian derivative flags: topography_flag = IgnoreDerivative, diffusion_flag = UseDerivative
[ Info: Built tendency function (258.637 μs, 201.06 KiB)
[ Info: Initialized integrator (8.54 ms, 169.03 KiB)
[ Info: Added 7 user-provided YAML-style diagnostics
[ Info: Saving accumulated diagnostics to disk with frequency: 1 hour
[ Info: Set up diagnostics (447.061 μs, 103.66 KiB)
[ Info: Initialized 7 total diagnostics
