┌ Info: Simulation info
│   job_id = lf1e_clw_cal_member
└   output_dir = /home/jeff/larcform1-experiments/experiments/clw calibration/output/uki_1/iteration_006/member_008/output_0000
┌ Info: Running
│   job_id = lf1e_clw_cal_member
│   output_dir = /home/jeff/larcform1-experiments/experiments/clw calibration/output/uki_1/iteration_006/member_008/output_0000
└   tspan = (0.0 seconds (2010-01-01T00:00:00) [counter = 0, period = 1 second, epoch = 2010-01-01T00:00:00], 172800.0 seconds (2010-01-03T00:00:00) [counter = 172800, period = 1 second, epoch = 2010-01-01T00:00:00])
┌ Info: Progress
│   simulation_time = 30 seconds
│   n_steps_completed = 1
│   wall_time_per_step = 0 seconds
│   wall_time_total = 0 seconds
│   wall_time_remaining = 0 seconds
│   wall_time_spent = 0 seconds
│   percent_complete = 0.0%
│   estimated_sypd = Inf
│   instantaneous_sypd = 0.0 (sdpd_estimate = 0.0)
│   date_now = 2026-07-05T16:55:52.360
└   estimated_finish_date = 2026-07-05T16:55:52.360
┌ Info: Progress
│   simulation_time = 1 minute
│   n_steps_completed = 2
│   wall_time_per_step = 0 seconds
│   wall_time_total = 0 seconds
│   wall_time_remaining = 0 seconds
│   wall_time_spent = 0 seconds
│   percent_complete = 0.0%
│   estimated_sypd = Inf
│   instantaneous_sypd = 0.033
│   date_now = 2026-07-05T16:55:54.820
└   estimated_finish_date = 2026-07-05T16:55:54.820
┌ Info: Progress
│   simulation_time = 2 minutes
│   n_steps_completed = 4
│   wall_time_per_step = 4 milliseconds, 823 microseconds
│   wall_time_total = 27 seconds, 783 milliseconds
│   wall_time_remaining = 27 seconds, 764 milliseconds
│   wall_time_spent = 19 milliseconds, 294 microseconds
│   percent_complete = 0.1%
│   estimated_sypd = 17.028
│   instantaneous_sypd = 17.028
│   date_now = 2026-07-05T16:55:54.829
└   estimated_finish_date = 2026-07-05T16:56:22.829
┌ Info: Progress
│   simulation_time = 4 minutes
│   n_steps_completed = 8
│   wall_time_per_step = 4 milliseconds, 393 microseconds
│   wall_time_total = 25 seconds, 304 milliseconds
│   wall_time_remaining = 25 seconds, 269 milliseconds
│   wall_time_spent = 35 milliseconds, 145 microseconds
│   percent_complete = 0.1%
│   estimated_sypd = 18.696
│   instantaneous_sypd = 20.727
│   date_now = 2026-07-05T16:55:54.845
└   estimated_finish_date = 2026-07-05T16:56:20.845
┌ Info: Progress
│   simulation_time = 8 minutes
│   n_steps_completed = 16
│   wall_time_per_step = 4 milliseconds, 115 microseconds
│   wall_time_total = 23 seconds, 705 milliseconds
│   wall_time_remaining = 23 seconds, 639 milliseconds
│   wall_time_spent = 65 milliseconds, 848 microseconds
│   percent_complete = 0.3%
│   estimated_sypd = 19.958
│   instantaneous_sypd = 21.401
│   date_now = 2026-07-05T16:55:54.876
└   estimated_finish_date = 2026-07-05T16:56:18.876
┌ Info: Progress
│   simulation_time = 16 minutes
│   n_steps_completed = 32
│   wall_time_per_step = 3 milliseconds, 904 microseconds
│   wall_time_total = 22 seconds, 487 milliseconds
│   wall_time_remaining = 22 seconds, 362 milliseconds
│   wall_time_spent = 124 milliseconds, 929 microseconds
│   percent_complete = 0.6%
│   estimated_sypd = 21.039
│   instantaneous_sypd = 22.243
│   date_now = 2026-07-05T16:55:54.935
└   estimated_finish_date = 2026-07-05T16:56:17.935
┌ Info: Progress
│   simulation_time = 32 minutes
│   n_steps_completed = 64
│   wall_time_per_step = 3 milliseconds, 955 microseconds
│   wall_time_total = 22 seconds, 781 milliseconds
│   wall_time_remaining = 22 seconds, 528 milliseconds
│   wall_time_spent = 253 milliseconds, 129 microseconds
│   percent_complete = 1.1%
│   estimated_sypd = 20.767
│   instantaneous_sypd = 20.502
│   date_now = 2026-07-05T16:55:55.063
└   estimated_finish_date = 2026-07-05T16:56:18.063
┌ Info: Progress
│   simulation_time = 1 hour, 4 minutes
│   n_steps_completed = 128
│   wall_time_per_step = 4 milliseconds, 47 microseconds
│   wall_time_total = 23 seconds, 311 milliseconds
│   wall_time_remaining = 22 seconds, 793 milliseconds
│   wall_time_spent = 518 milliseconds, 32 microseconds
│   percent_complete = 2.2%
│   estimated_sypd = 20.295
│   instantaneous_sypd = 19.844
│   date_now = 2026-07-05T16:55:55.328
└   estimated_finish_date = 2026-07-05T16:56:18.328
┌ Info: Progress
│   simulation_time = 2 hours, 8 minutes
│   n_steps_completed = 256
│   wall_time_per_step = 4 milliseconds, 17 microseconds
│   wall_time_total = 23 seconds, 141 milliseconds
│   wall_time_remaining = 22 seconds, 112 milliseconds
│   wall_time_spent = 1 second, 28 milliseconds
│   percent_complete = 4.4%
│   estimated_sypd = 20.444
│   instantaneous_sypd = 20.595
│   date_now = 2026-07-05T16:55:55.839
└   estimated_finish_date = 2026-07-05T16:56:18.839
┌ Info: Progress
│   simulation_time = 4 hours, 16 minutes
│   n_steps_completed = 512
│   wall_time_per_step = 4 milliseconds, 71 microseconds
│   wall_time_total = 23 seconds, 451 milliseconds
│   wall_time_remaining = 21 seconds, 366 milliseconds
│   wall_time_spent = 2 seconds, 84 milliseconds
│   percent_complete = 8.9%
│   estimated_sypd = 20.174
│   instantaneous_sypd = 19.911
│   date_now = 2026-07-05T16:55:56.895
└   estimated_finish_date = 2026-07-05T16:56:18.895
┌ Info: Progress
│   simulation_time = 6 hours, 40 minutes
│   n_steps_completed = 801
│   wall_time_per_step = 4 milliseconds, 118 microseconds
│   wall_time_total = 23 seconds, 720 milliseconds
│   wall_time_remaining = 20 seconds, 421 milliseconds
│   wall_time_spent = 3 seconds, 298 milliseconds
│   percent_complete = 13.9%
│   estimated_sypd = 19.945
│   instantaneous_sypd = 19.553
│   date_now = 2026-07-05T16:55:58.109
└   estimated_finish_date = 2026-07-05T16:56:19.109
┌ Info: Progress
│   simulation_time = 8 hours, 32 minutes
│   n_steps_completed = 1024
│   wall_time_per_step = 4 milliseconds, 172 microseconds
│   wall_time_total = 24 seconds, 34 milliseconds
│   wall_time_remaining = 19 seconds, 761 milliseconds
│   wall_time_spent = 4 seconds, 272 milliseconds
│   percent_complete = 17.8%
│   estimated_sypd = 19.685
│   instantaneous_sypd = 18.802
│   date_now = 2026-07-05T16:55:59.083
└   estimated_finish_date = 2026-07-05T16:56:19.083
┌ Info: Progress
│   simulation_time = 10 hours, 56 minutes
│   n_steps_completed = 1313
│   wall_time_per_step = 4 milliseconds, 231 microseconds
│   wall_time_total = 24 seconds, 374 milliseconds
│   wall_time_remaining = 18 seconds, 818 milliseconds
│   wall_time_spent = 5 seconds, 556 milliseconds
│   percent_complete = 22.8%
│   estimated_sypd = 19.41
│   instantaneous_sypd = 18.495
│   date_now = 2026-07-05T16:56:00.366
└   estimated_finish_date = 2026-07-05T16:56:19.366
┌ Info: Progress
│   simulation_time = 13 hours, 21 minutes
│   n_steps_completed = 1602
│   wall_time_per_step = 4 milliseconds, 307 microseconds
│   wall_time_total = 24 seconds, 809 milliseconds
│   wall_time_remaining = 17 seconds, 909 milliseconds
│   wall_time_spent = 6 seconds, 900 milliseconds
│   percent_complete = 27.8%
│   estimated_sypd = 19.069
│   instantaneous_sypd = 17.663
│   date_now = 2026-07-05T16:56:01.710
└   estimated_finish_date = 2026-07-05T16:56:19.710
┌ Info: Progress
│   simulation_time = 15 hours, 45 minutes
│   n_steps_completed = 1891
│   wall_time_per_step = 4 milliseconds, 380 microseconds
│   wall_time_total = 25 seconds, 234 milliseconds
│   wall_time_remaining = 16 seconds, 950 milliseconds
│   wall_time_spent = 8 seconds, 284 milliseconds
│   percent_complete = 32.8%
│   estimated_sypd = 18.748
│   instantaneous_sypd = 17.147
│   date_now = 2026-07-05T16:56:03.095
└   estimated_finish_date = 2026-07-05T16:56:20.095
┌ Info: Progress
│   simulation_time = 17 hours, 4 minutes
│   n_steps_completed = 2048
│   wall_time_per_step = 4 milliseconds, 426 microseconds
│   wall_time_total = 25 seconds, 494 milliseconds
│   wall_time_remaining = 16 seconds, 429 milliseconds
│   wall_time_spent = 9 seconds, 64 milliseconds
│   percent_complete = 35.6%
│   estimated_sypd = 18.557
│   instantaneous_sypd = 16.528
│   date_now = 2026-07-05T16:56:03.875
└   estimated_finish_date = 2026-07-05T16:56:20.875
┌ Info: Progress
│   simulation_time = 19 hours, 28 minutes
│   n_steps_completed = 2337
│   wall_time_per_step = 4 milliseconds, 494 microseconds
│   wall_time_total = 25 seconds, 887 milliseconds
│   wall_time_remaining = 15 seconds, 384 milliseconds
│   wall_time_spent = 10 seconds, 503 milliseconds
│   percent_complete = 40.6%
│   estimated_sypd = 18.275
│   instantaneous_sypd = 16.498
│   date_now = 2026-07-05T16:56:05.314
└   estimated_finish_date = 2026-07-05T16:56:21.313
┌ Info: Progress
│   simulation_time = 21 hours, 53 minutes
│   n_steps_completed = 2626
│   wall_time_per_step = 4 milliseconds, 572 microseconds
│   wall_time_total = 26 seconds, 337 milliseconds
│   wall_time_remaining = 14 seconds, 330 milliseconds
│   wall_time_spent = 12 seconds, 7 milliseconds
│   percent_complete = 45.6%
│   estimated_sypd = 17.963
│   instantaneous_sypd = 15.784
│   date_now = 2026-07-05T16:56:06.817
└   estimated_finish_date = 2026-07-05T16:56:21.817
┌ Info: Progress
│   simulation_time = 1 day, 17 minutes
│   n_steps_completed = 2915
│   wall_time_per_step = 4 milliseconds, 701 microseconds
│   wall_time_total = 27 seconds, 81 milliseconds
│   wall_time_remaining = 13 seconds, 376 milliseconds
│   wall_time_spent = 13 seconds, 705 milliseconds
│   percent_complete = 50.6%
│   estimated_sypd = 17.469
│   instantaneous_sypd = 13.979
│   date_now = 2026-07-05T16:56:08.516
└   estimated_finish_date = 2026-07-05T16:56:22.516
┌ Info: Progress
│   simulation_time = 1 day, 2 hours
│   n_steps_completed = 3204
│   wall_time_per_step = 4 milliseconds, 760 microseconds
│   wall_time_total = 27 seconds, 420 milliseconds
│   wall_time_remaining = 12 seconds, 167 milliseconds
│   wall_time_spent = 15 seconds, 252 milliseconds
│   percent_complete = 55.6%
│   estimated_sypd = 17.254
│   instantaneous_sypd = 15.342
│   date_now = 2026-07-05T16:56:10.063
└   estimated_finish_date = 2026-07-05T16:56:23.063
┌ Info: Progress
│   simulation_time = 1 day, 5 hours
│   n_steps_completed = 3493
│   wall_time_per_step = 4 milliseconds, 821 microseconds
│   wall_time_total = 27 seconds, 772 milliseconds
│   wall_time_remaining = 10 seconds, 930 milliseconds
│   wall_time_spent = 16 seconds, 841 milliseconds
│   percent_complete = 60.6%
│   estimated_sypd = 17.035
│   instantaneous_sypd = 14.937
│   date_now = 2026-07-05T16:56:11.652
└   estimated_finish_date = 2026-07-05T16:56:22.652
┌ Info: Progress
│   simulation_time = 1 day, 7 hours
│   n_steps_completed = 3782
│   wall_time_per_step = 4 milliseconds, 881 microseconds
│   wall_time_total = 28 seconds, 114 milliseconds
│   wall_time_remaining = 9 seconds, 654 milliseconds
│   wall_time_spent = 18 seconds, 460 milliseconds
│   percent_complete = 65.7%
│   estimated_sypd = 16.827
│   instantaneous_sypd = 14.668
│   date_now = 2026-07-05T16:56:13.270
└   estimated_finish_date = 2026-07-05T16:56:23.270
┌ Info: Progress
│   simulation_time = 1 day, 9 hours
│   n_steps_completed = 4071
│   wall_time_per_step = 4 milliseconds, 956 microseconds
│   wall_time_total = 28 seconds, 549 milliseconds
│   wall_time_remaining = 8 seconds, 371 milliseconds
│   wall_time_spent = 20 seconds, 177 milliseconds
│   percent_complete = 70.7%
│   estimated_sypd = 16.572
│   instantaneous_sypd = 13.82
│   date_now = 2026-07-05T16:56:14.988
└   estimated_finish_date = 2026-07-05T16:56:23.988
┌ Info: Progress
│   simulation_time = 1 day, 10 hours
│   n_steps_completed = 4096
│   wall_time_per_step = 4 milliseconds, 963 microseconds
│   wall_time_total = 28 seconds, 591 milliseconds
│   wall_time_remaining = 8 seconds, 259 milliseconds
│   wall_time_spent = 20 seconds, 331 milliseconds
│   percent_complete = 71.1%
│   estimated_sypd = 16.547
│   instantaneous_sypd = 13.314
│   date_now = 2026-07-05T16:56:15.142
└   estimated_finish_date = 2026-07-05T16:56:24.142
┌ Info: Progress
│   simulation_time = 1 day, 12 hours
│   n_steps_completed = 4385
│   wall_time_per_step = 5 milliseconds, 27 microseconds
│   wall_time_total = 28 seconds, 957 milliseconds
│   wall_time_remaining = 6 seconds, 912 milliseconds
│   wall_time_spent = 22 seconds, 45 milliseconds
│   percent_complete = 76.1%
│   estimated_sypd = 16.338
│   instantaneous_sypd = 13.855
│   date_now = 2026-07-05T16:56:16.855
└   estimated_finish_date = 2026-07-05T16:56:23.855
┌ Info: Progress
│   simulation_time = 1 day, 14 hours
│   n_steps_completed = 4674
│   wall_time_per_step = 5 milliseconds, 90 microseconds
│   wall_time_total = 29 seconds, 321 milliseconds
│   wall_time_remaining = 5 seconds, 528 milliseconds
│   wall_time_spent = 23 seconds, 793 milliseconds
│   percent_complete = 81.1%
│   estimated_sypd = 16.135
│   instantaneous_sypd = 13.577
│   date_now = 2026-07-05T16:56:18.604
└   estimated_finish_date = 2026-07-05T16:56:24.604
┌ Info: Progress
│   simulation_time = 1 day, 17 hours
│   n_steps_completed = 4963
│   wall_time_per_step = 5 milliseconds, 167 microseconds
│   wall_time_total = 29 seconds, 764 milliseconds
│   wall_time_remaining = 4 seconds, 118 milliseconds
│   wall_time_spent = 25 seconds, 645 milliseconds
│   percent_complete = 86.2%
│   estimated_sypd = 15.895
│   instantaneous_sypd = 12.816
│   date_now = 2026-07-05T16:56:20.456
└   estimated_finish_date = 2026-07-05T16:56:25.456
┌ Info: Progress
│   simulation_time = 1 day, 19 hours
│   n_steps_completed = 5252
│   wall_time_per_step = 5 milliseconds, 232 microseconds
│   wall_time_total = 30 seconds, 139 milliseconds
│   wall_time_remaining = 2 seconds, 658 milliseconds
│   wall_time_spent = 27 seconds, 481 milliseconds
│   percent_complete = 91.2%
│   estimated_sypd = 15.697
│   instantaneous_sypd = 12.93
│   date_now = 2026-07-05T16:56:22.292
└   estimated_finish_date = 2026-07-05T16:56:25.292
┌ Info: Progress
│   simulation_time = 1 day, 22 hours
│   n_steps_completed = 5541
│   wall_time_per_step = 5 milliseconds, 304 microseconds
│   wall_time_total = 30 seconds, 555 milliseconds
│   wall_time_remaining = 1 second, 161 milliseconds
│   wall_time_spent = 29 seconds, 393 milliseconds
│   percent_complete = 96.2%
│   estimated_sypd = 15.484
│   instantaneous_sypd = 12.416
│   date_now = 2026-07-05T16:56:24.203
└   estimated_finish_date = 2026-07-05T16:56:26.203
[ Info: solve! walltime = 30.823
[ Info: sypd: 15.36
[ Info: wall_time_per_timestep: 5 milliseconds, 351 microseconds
[ Info: Memory currently used (after solve!) by the process (RSS): 8.68 GiB
[ Info: Completed member 8
┌ Info: Making AtmosConfig with config files: 
│      /home/jeff/larcform1-experiments/ClimaAtmos.jl/src/config/../../config/default_configs/default_config.yml
└   
┌ Info: numerics 
│          `energy_q_tot_upwinding`::`Val{:vanleer_limiter}`
│                `tracer_upwinding`::`Val{:vanleer_limiter}`
│       `edmfx_mse_q_tot_upwinding`::`Val{:first_order}`
│         `edmfx_sgsflux_upwinding`::`Val{:none}`
│          `edmfx_tracer_upwinding`::`Val{:first_order}`
│         `test_dycore_consistency`::`Nothing`
│            `reproducible_restart`::`Nothing`
│                         `limiter`::`Nothing`
│                       `diff_mode`::`ClimaAtmos.Implicit`
│                       `hyperdiff`::`Nothing`
└   
┌ Info: AtmosModel: 
│   
│                               `water`::`ClimaAtmos.AtmosWater{ClimaAtmos.NonEquilibriumMicrophysics1M, ClimaAtmos.QuadratureCloud, ClimaAtmos.Implicit, Nothing, ClimaAtmos.SGSQuadrature{3, StaticArraysCore.SVector{3, Float32}, StaticArraysCore.SVector{3, Float32}, ClimaAtmos.GaussianSGS, Float32}, ClimaAtmos.FixedTerminalVelocity{Float32}}`
│                           `scm_setup`::`ClimaAtmos.SCMSetup{Nothing, Nothing, Nothing, Bool, @NamedTuple{prof_ug::AtmosphericProfilesLibrary.ZProfile{AtmosphericProfilesLibrary.var"#Larcform1_geostrophic_u##0#Larcform1_geostrophic_u##1"{Float32}}, prof_vg::AtmosphericProfilesLibrary.ZProfile{Returns{Float32}}, coriolis_param::Float32}}`
│                           `radiation`::`ClimaAtmos.AtmosRadiation{ClimaAtmos.RRTMGPInterface.AllSkyRadiationWithClearSkyDiagnostics{ClimaAtmos.InteractiveCloudInRadiation}, ClimaAtmos.Larcform1Insolation}`
│                            `turbconv`::`ClimaAtmos.AtmosTurbconv{ClimaAtmos.EDMFXModel{ClimaAtmos.InvZEntrainment, ClimaAtmos.BuoyancyVelocityDetrainment, Val{true}, Val{true}, Val{true}, Val{true}, Val{true}, ClimaAtmos.SmoothMinimumBlending}, ClimaAtmos.PrognosticEDMFX{1, true, Float32}, Nothing, Nothing, Nothing}`
│                     `prescribed_flow`::`Nothing`
│                        `gravity_wave`::`ClimaAtmos.AtmosGravityWave{Nothing, Nothing}`
│                  `vertical_diffusion`::`Nothing`
│                              `sponge`::`ClimaAtmos.AtmosSponge{Nothing, Nothing}`
│                             `surface`::`ClimaAtmos.AtmosSurface{ClimaAtmos.SurfaceConditions.MoninObukhov{Float32, Nothing, Nothing}, ClimaAtmos.SurfaceConditions.SlabOceanTemperature{Float32}, ClimaAtmos.SurfaceConditions.SurfaceBoundaryOverrides{Float32, Float32, Nothing, Nothing, Nothing, Nothing}, ClimaAtmos.ConstantAlbedo{Float32}}`
│                            `numerics`::`ClimaAtmos.AtmosNumerics{Val{:vanleer_limiter}, Val{:vanleer_limiter}, Val{:first_order}, Val{:none}, Val{:first_order}, Nothing, Nothing, Nothing, ClimaAtmos.Implicit, Nothing}`
│                           `chemistry`::`ClimaAtmos.AtmosChem{Nothing}`
└   
┌ Info: Microphysics settings: 
│                          `n_substeps`::`3`
│                     `n_substeps_quad`::`2`
│              `cloud_liquid_formation`::`CloudLiquidFormation`
│                 `cloud_ice_formation`::`TemperatureDependent`
│                      `cloud_ice_melt`::`CloudIceMelt`
│                 `rain_autoconversion`::`Kessler1M`
│                 `snow_autoconversion`::`NoSupersaturation`
│       `rain_condensation_evaporation`::`RainEvaporation`
│         `snow_deposition_sublimation`::`DepositionAndSublimation`
│                           `snow_melt`::`SnowMelt`
│         `cloud_liquid_rain_accretion`::`CloudLiquidRainAccretion`
│         `cloud_liquid_snow_accretion`::`CloudLiquidSnowAccretion`
│            `cloud_ice_rain_accretion`::`CloudIceRainAccretion`
│            `cloud_ice_snow_accretion`::`CloudIceSnowAccretion`
│                 `rain_snow_accretion`::`RainSnowAccretion`
└   
[ Info: Single-process ClimaAtmos run on CPUSingleThreaded
[ Info: Using ODE config: `ClimaTimeSteppers.ARS222`
[ Info: Initialized state (30.481 μs, 7.76 KiB)
[ Info: Built cache (181.685 ms, 172.6 MiB)
[ Info: Assembled callbacks (132.324 μs, 17.42 KiB)
┌ Info: Jacobian algorithm: ManualSparseJacobian(
│     approximate_solve_iters = 2,
└   )
[ Info: Jacobian derivative flags: topography_flag = IgnoreDerivative, diffusion_flag = UseDerivative
[ Info: Built tendency function (191.845 μs, 201.06 KiB)
[ Info: Initialized integrator (8.43 ms, 169.03 KiB)
[ Info: Added 7 user-provided YAML-style diagnostics
[ Info: Saving accumulated diagnostics to disk with frequency: 1 hour
[ Info: Set up diagnostics (420.141 μs, 103.66 KiB)
[ Info: Initialized 7 total diagnostics
