┌ Info: Simulation info
│   job_id = lf1e_clw_cal_member
└   output_dir = /home/jeff/larcform1-experiments/experiments/clw calibration/output/uki_1/iteration_003/member_001/output_0000
┌ Info: Running
│   job_id = lf1e_clw_cal_member
│   output_dir = /home/jeff/larcform1-experiments/experiments/clw calibration/output/uki_1/iteration_003/member_001/output_0000
└   tspan = (0.0 seconds (2010-01-01T00:00:00) [counter = 0, period = 1 second, epoch = 2010-01-01T00:00:00], 172800.0 seconds (2010-01-03T00:00:00) [counter = 172800, period = 1 second, epoch = 2010-01-01T00:00:00])
┌ Info: Progress
│   simulation_time = 30 seconds
│   n_steps_completed = 1
│   wall_time_per_step = 0 seconds
│   wall_time_total = 0 seconds
│   wall_time_remaining = 0 seconds
│   wall_time_spent = 0 seconds
│   percent_complete = 0.0%
│   estimated_sypd = Inf
│   instantaneous_sypd = 0.0 (sdpd_estimate = 0.0)
│   date_now = 2026-07-05T16:29:24.541
└   estimated_finish_date = 2026-07-05T16:29:24.541
┌ Info: Progress
│   simulation_time = 1 minute
│   n_steps_completed = 2
│   wall_time_per_step = 0 seconds
│   wall_time_total = 0 seconds
│   wall_time_remaining = 0 seconds
│   wall_time_spent = 0 seconds
│   percent_complete = 0.0%
│   estimated_sypd = Inf
│   instantaneous_sypd = 0.031
│   date_now = 2026-07-05T16:29:27.203
└   estimated_finish_date = 2026-07-05T16:29:27.203
┌ Info: Progress
│   simulation_time = 2 minutes
│   n_steps_completed = 4
│   wall_time_per_step = 4 milliseconds, 590 microseconds
│   wall_time_total = 26 seconds, 441 milliseconds
│   wall_time_remaining = 26 seconds, 422 milliseconds
│   wall_time_spent = 18 milliseconds, 362 microseconds
│   percent_complete = 0.1%
│   estimated_sypd = 17.892
│   instantaneous_sypd = 17.892
│   date_now = 2026-07-05T16:29:27.212
└   estimated_finish_date = 2026-07-05T16:29:54.212
┌ Info: Progress
│   simulation_time = 4 minutes
│   n_steps_completed = 8
│   wall_time_per_step = 4 milliseconds, 276 microseconds
│   wall_time_total = 24 seconds, 631 milliseconds
│   wall_time_remaining = 24 seconds, 597 milliseconds
│   wall_time_spent = 34 milliseconds, 210 microseconds
│   percent_complete = 0.1%
│   estimated_sypd = 19.207
│   instantaneous_sypd = 20.73
│   date_now = 2026-07-05T16:29:27.228
└   estimated_finish_date = 2026-07-05T16:29:52.228
┌ Info: Progress
│   simulation_time = 8 minutes
│   n_steps_completed = 16
│   wall_time_per_step = 4 milliseconds, 35 microseconds
│   wall_time_total = 23 seconds, 245 milliseconds
│   wall_time_remaining = 23 seconds, 180 milliseconds
│   wall_time_spent = 64 milliseconds, 570 microseconds
│   percent_complete = 0.3%
│   estimated_sypd = 20.352
│   instantaneous_sypd = 21.643
│   date_now = 2026-07-05T16:29:27.258
└   estimated_finish_date = 2026-07-05T16:29:51.258
┌ Info: Progress
│   simulation_time = 16 minutes
│   n_steps_completed = 32
│   wall_time_per_step = 3 milliseconds, 951 microseconds
│   wall_time_total = 22 seconds, 759 milliseconds
│   wall_time_remaining = 22 seconds, 633 milliseconds
│   wall_time_spent = 126 milliseconds, 441 microseconds
│   percent_complete = 0.6%
│   estimated_sypd = 20.787
│   instantaneous_sypd = 21.24
│   date_now = 2026-07-05T16:29:27.320
└   estimated_finish_date = 2026-07-05T16:29:50.320
┌ Info: Progress
│   simulation_time = 32 minutes
│   n_steps_completed = 64
│   wall_time_per_step = 4 milliseconds, 14 microseconds
│   wall_time_total = 23 seconds, 126 milliseconds
│   wall_time_remaining = 22 seconds, 869 milliseconds
│   wall_time_spent = 256 milliseconds, 957 microseconds
│   percent_complete = 1.1%
│   estimated_sypd = 20.457
│   instantaneous_sypd = 20.138
│   date_now = 2026-07-05T16:29:27.451
└   estimated_finish_date = 2026-07-05T16:29:50.451
┌ Info: Progress
│   simulation_time = 1 hour, 4 minutes
│   n_steps_completed = 128
│   wall_time_per_step = 4 milliseconds, 120 microseconds
│   wall_time_total = 23 seconds, 732 milliseconds
│   wall_time_remaining = 23 seconds, 204 milliseconds
│   wall_time_spent = 527 milliseconds, 377 microseconds
│   percent_complete = 2.2%
│   estimated_sypd = 19.935
│   instantaneous_sypd = 19.439
│   date_now = 2026-07-05T16:29:27.721
└   estimated_finish_date = 2026-07-05T16:29:51.721
┌ Info: Progress
│   simulation_time = 2 hours, 8 minutes
│   n_steps_completed = 256
│   wall_time_per_step = 4 milliseconds, 115 microseconds
│   wall_time_total = 23 seconds, 703 milliseconds
│   wall_time_remaining = 22 seconds, 650 milliseconds
│   wall_time_spent = 1 second, 53 milliseconds
│   percent_complete = 4.4%
│   estimated_sypd = 19.959
│   instantaneous_sypd = 19.982
│   date_now = 2026-07-05T16:29:28.247
└   estimated_finish_date = 2026-07-05T16:29:51.247
┌ Info: Progress
│   simulation_time = 4 hours, 16 minutes
│   n_steps_completed = 512
│   wall_time_per_step = 4 milliseconds, 162 microseconds
│   wall_time_total = 23 seconds, 978 milliseconds
│   wall_time_remaining = 21 seconds, 847 milliseconds
│   wall_time_spent = 2 seconds, 131 milliseconds
│   percent_complete = 8.9%
│   estimated_sypd = 19.73
│   instantaneous_sypd = 19.507
│   date_now = 2026-07-05T16:29:29.325
└   estimated_finish_date = 2026-07-05T16:29:51.325
┌ Info: Progress
│   simulation_time = 6 hours, 40 minutes
│   n_steps_completed = 801
│   wall_time_per_step = 4 milliseconds, 240 microseconds
│   wall_time_total = 24 seconds, 426 milliseconds
│   wall_time_remaining = 21 seconds, 29 milliseconds
│   wall_time_spent = 3 seconds, 396 milliseconds
│   percent_complete = 13.9%
│   estimated_sypd = 19.368
│   instantaneous_sypd = 18.759
│   date_now = 2026-07-05T16:29:30.590
└   estimated_finish_date = 2026-07-05T16:29:52.590
┌ Info: Progress
│   simulation_time = 8 hours, 32 minutes
│   n_steps_completed = 1024
│   wall_time_per_step = 4 milliseconds, 293 microseconds
│   wall_time_total = 24 seconds, 730 milliseconds
│   wall_time_remaining = 20 seconds, 333 milliseconds
│   wall_time_spent = 4 seconds, 396 milliseconds
│   percent_complete = 17.8%
│   estimated_sypd = 19.131
│   instantaneous_sypd = 18.323
│   date_now = 2026-07-05T16:29:31.590
└   estimated_finish_date = 2026-07-05T16:29:52.590
┌ Info: Progress
│   simulation_time = 10 hours, 56 minutes
│   n_steps_completed = 1313
│   wall_time_per_step = 4 milliseconds, 350 microseconds
│   wall_time_total = 25 seconds, 59 milliseconds
│   wall_time_remaining = 19 seconds, 346 milliseconds
│   wall_time_spent = 5 seconds, 712 milliseconds
│   percent_complete = 22.8%
│   estimated_sypd = 18.879
│   instantaneous_sypd = 18.04
│   date_now = 2026-07-05T16:29:32.906
└   estimated_finish_date = 2026-07-05T16:29:52.906
┌ Info: Progress
│   simulation_time = 13 hours, 21 minutes
│   n_steps_completed = 1602
│   wall_time_per_step = 4 milliseconds, 424 microseconds
│   wall_time_total = 25 seconds, 486 milliseconds
│   wall_time_remaining = 18 seconds, 398 milliseconds
│   wall_time_spent = 7 seconds, 88 milliseconds
│   percent_complete = 27.8%
│   estimated_sypd = 18.563
│   instantaneous_sypd = 17.248
│   date_now = 2026-07-05T16:29:34.282
└   estimated_finish_date = 2026-07-05T16:29:53.282
┌ Info: Progress
│   simulation_time = 15 hours, 45 minutes
│   n_steps_completed = 1891
│   wall_time_per_step = 4 milliseconds, 497 microseconds
│   wall_time_total = 25 seconds, 907 milliseconds
│   wall_time_remaining = 17 seconds, 401 milliseconds
│   wall_time_spent = 8 seconds, 505 milliseconds
│   percent_complete = 32.8%
│   estimated_sypd = 18.261
│   instantaneous_sypd = 16.754
│   date_now = 2026-07-05T16:29:35.699
└   estimated_finish_date = 2026-07-05T16:29:53.699
┌ Info: Progress
│   simulation_time = 17 hours, 4 minutes
│   n_steps_completed = 2048
│   wall_time_per_step = 4 milliseconds, 538 microseconds
│   wall_time_total = 26 seconds, 140 milliseconds
│   wall_time_remaining = 16 seconds, 846 milliseconds
│   wall_time_spent = 9 seconds, 294 milliseconds
│   percent_complete = 35.6%
│   estimated_sypd = 18.098
│   instantaneous_sypd = 16.341
│   date_now = 2026-07-05T16:29:36.488
└   estimated_finish_date = 2026-07-05T16:29:53.488
┌ Info: Progress
│   simulation_time = 19 hours, 28 minutes
│   n_steps_completed = 2337
│   wall_time_per_step = 4 milliseconds, 605 microseconds
│   wall_time_total = 26 seconds, 527 milliseconds
│   wall_time_remaining = 15 seconds, 764 milliseconds
│   wall_time_spent = 10 seconds, 763 milliseconds
│   percent_complete = 40.6%
│   estimated_sypd = 17.834
│   instantaneous_sypd = 16.162
│   date_now = 2026-07-05T16:29:37.957
└   estimated_finish_date = 2026-07-05T16:29:53.957
┌ Info: Progress
│   simulation_time = 21 hours, 53 minutes
│   n_steps_completed = 2626
│   wall_time_per_step = 4 milliseconds, 726 microseconds
│   wall_time_total = 27 seconds, 223 milliseconds
│   wall_time_remaining = 14 seconds, 812 milliseconds
│   wall_time_spent = 12 seconds, 411 milliseconds
│   percent_complete = 45.6%
│   estimated_sypd = 17.378
│   instantaneous_sypd = 14.402
│   date_now = 2026-07-05T16:29:39.605
└   estimated_finish_date = 2026-07-05T16:29:54.605
┌ Info: Progress
│   simulation_time = 1 day, 17 minutes
│   n_steps_completed = 2915
│   wall_time_per_step = 4 milliseconds, 789 microseconds
│   wall_time_total = 27 seconds, 585 milliseconds
│   wall_time_remaining = 13 seconds, 625 milliseconds
│   wall_time_spent = 13 seconds, 960 milliseconds
│   percent_complete = 50.6%
│   estimated_sypd = 17.15
│   instantaneous_sypd = 15.324
│   date_now = 2026-07-05T16:29:41.154
└   estimated_finish_date = 2026-07-05T16:29:55.154
┌ Info: Progress
│   simulation_time = 1 day, 2 hours
│   n_steps_completed = 3204
│   wall_time_per_step = 4 milliseconds, 852 microseconds
│   wall_time_total = 27 seconds, 951 milliseconds
│   wall_time_remaining = 12 seconds, 403 milliseconds
│   wall_time_spent = 15 seconds, 548 milliseconds
│   percent_complete = 55.6%
│   estimated_sypd = 16.926
│   instantaneous_sypd = 14.95
│   date_now = 2026-07-05T16:29:42.742
└   estimated_finish_date = 2026-07-05T16:29:55.742
┌ Info: Progress
│   simulation_time = 1 day, 5 hours
│   n_steps_completed = 3493
│   wall_time_per_step = 4 milliseconds, 918 microseconds
│   wall_time_total = 28 seconds, 331 milliseconds
│   wall_time_remaining = 11 seconds, 150 milliseconds
│   wall_time_spent = 17 seconds, 180 milliseconds
│   percent_complete = 60.6%
│   estimated_sypd = 16.699
│   instantaneous_sypd = 14.539
│   date_now = 2026-07-05T16:29:44.374
└   estimated_finish_date = 2026-07-05T16:29:56.374
┌ Info: Progress
│   simulation_time = 1 day, 7 hours
│   n_steps_completed = 3782
│   wall_time_per_step = 4 milliseconds, 998 microseconds
│   wall_time_total = 28 seconds, 790 milliseconds
│   wall_time_remaining = 9 seconds, 886 milliseconds
│   wall_time_spent = 18 seconds, 904 milliseconds
│   percent_complete = 65.7%
│   estimated_sypd = 16.432
│   instantaneous_sypd = 13.775
│   date_now = 2026-07-05T16:29:46.098
└   estimated_finish_date = 2026-07-05T16:29:56.098
┌ Info: Progress
│   simulation_time = 1 day, 9 hours
│   n_steps_completed = 4071
│   wall_time_per_step = 5 milliseconds, 57 microseconds
│   wall_time_total = 29 seconds, 132 milliseconds
│   wall_time_remaining = 8 seconds, 542 milliseconds
│   wall_time_spent = 20 seconds, 589 milliseconds
│   percent_complete = 70.7%
│   estimated_sypd = 16.24
│   instantaneous_sypd = 14.08
│   date_now = 2026-07-05T16:29:47.784
└   estimated_finish_date = 2026-07-05T16:29:56.784
┌ Info: Progress
│   simulation_time = 1 day, 10 hours
│   n_steps_completed = 4096
│   wall_time_per_step = 5 milliseconds, 65 microseconds
│   wall_time_total = 29 seconds, 178 milliseconds
│   wall_time_remaining = 8 seconds, 429 milliseconds
│   wall_time_spent = 20 seconds, 749 milliseconds
│   percent_complete = 71.1%
│   estimated_sypd = 16.214
│   instantaneous_sypd = 12.868
│   date_now = 2026-07-05T16:29:47.943
└   estimated_finish_date = 2026-07-05T16:29:56.943
┌ Info: Progress
│   simulation_time = 1 day, 12 hours
│   n_steps_completed = 4385
│   wall_time_per_step = 5 milliseconds, 130 microseconds
│   wall_time_total = 29 seconds, 553 milliseconds
│   wall_time_remaining = 7 seconds, 54 milliseconds
│   wall_time_spent = 22 seconds, 498 milliseconds
│   percent_complete = 76.1%
│   estimated_sypd = 16.008
│   instantaneous_sypd = 13.57
│   date_now = 2026-07-05T16:29:49.692
└   estimated_finish_date = 2026-07-05T16:29:57.692
┌ Info: Progress
│   simulation_time = 1 day, 14 hours
│   n_steps_completed = 4674
│   wall_time_per_step = 5 milliseconds, 204 microseconds
│   wall_time_total = 29 seconds, 976 milliseconds
│   wall_time_remaining = 5 seconds, 651 milliseconds
│   wall_time_spent = 24 seconds, 324 milliseconds
│   percent_complete = 81.1%
│   estimated_sypd = 15.782
│   instantaneous_sypd = 13.0
│   date_now = 2026-07-05T16:29:51.518
└   estimated_finish_date = 2026-07-05T16:29:57.518
┌ Info: Progress
│   simulation_time = 1 day, 17 hours
│   n_steps_completed = 4963
│   wall_time_per_step = 5 milliseconds, 266 microseconds
│   wall_time_total = 30 seconds, 335 milliseconds
│   wall_time_remaining = 4 seconds, 197 milliseconds
│   wall_time_spent = 26 seconds, 138 milliseconds
│   percent_complete = 86.2%
│   estimated_sypd = 15.595
│   instantaneous_sypd = 13.087
│   date_now = 2026-07-05T16:29:53.332
└   estimated_finish_date = 2026-07-05T16:29:58.332
┌ Info: Progress
│   simulation_time = 1 day, 19 hours
│   n_steps_completed = 5252
│   wall_time_per_step = 5 milliseconds, 327 microseconds
│   wall_time_total = 30 seconds, 688 milliseconds
│   wall_time_remaining = 2 seconds, 706 milliseconds
│   wall_time_spent = 27 seconds, 982 milliseconds
│   percent_complete = 91.2%
│   estimated_sypd = 15.416
│   instantaneous_sypd = 12.873
│   date_now = 2026-07-05T16:29:55.176
└   estimated_finish_date = 2026-07-05T16:29:58.176
┌ Info: Progress
│   simulation_time = 1 day, 22 hours
│   n_steps_completed = 5541
│   wall_time_per_step = 5 milliseconds, 398 microseconds
│   wall_time_total = 31 seconds, 98 milliseconds
│   wall_time_remaining = 1 second, 182 milliseconds
│   wall_time_spent = 29 seconds, 915 milliseconds
│   percent_complete = 96.2%
│   estimated_sypd = 15.213
│   instantaneous_sypd = 12.276
│   date_now = 2026-07-05T16:29:57.110
└   estimated_finish_date = 2026-07-05T16:29:59.110
[ Info: solve! walltime = 31.356
[ Info: sypd: 15.098
[ Info: wall_time_per_timestep: 5 milliseconds, 443 microseconds
[ Info: Memory currently used (after solve!) by the process (RSS): 8.68 GiB
[ Info: Completed member 1
┌ Info: Making AtmosConfig with config files: 
│      /home/jeff/larcform1-experiments/ClimaAtmos.jl/src/config/../../config/default_configs/default_config.yml
└   
┌ Info: numerics 
│          `energy_q_tot_upwinding`::`Val{:vanleer_limiter}`
│                `tracer_upwinding`::`Val{:vanleer_limiter}`
│       `edmfx_mse_q_tot_upwinding`::`Val{:first_order}`
│         `edmfx_sgsflux_upwinding`::`Val{:none}`
│          `edmfx_tracer_upwinding`::`Val{:first_order}`
│         `test_dycore_consistency`::`Nothing`
│            `reproducible_restart`::`Nothing`
│                         `limiter`::`Nothing`
│                       `diff_mode`::`ClimaAtmos.Implicit`
│                       `hyperdiff`::`Nothing`
└   
┌ Info: AtmosModel: 
│   
│                               `water`::`ClimaAtmos.AtmosWater{ClimaAtmos.NonEquilibriumMicrophysics1M, ClimaAtmos.QuadratureCloud, ClimaAtmos.Implicit, Nothing, ClimaAtmos.SGSQuadrature{3, StaticArraysCore.SVector{3, Float32}, StaticArraysCore.SVector{3, Float32}, ClimaAtmos.GaussianSGS, Float32}, ClimaAtmos.FixedTerminalVelocity{Float32}}`
│                           `scm_setup`::`ClimaAtmos.SCMSetup{Nothing, Nothing, Nothing, Bool, @NamedTuple{prof_ug::AtmosphericProfilesLibrary.ZProfile{AtmosphericProfilesLibrary.var"#Larcform1_geostrophic_u##0#Larcform1_geostrophic_u##1"{Float32}}, prof_vg::AtmosphericProfilesLibrary.ZProfile{Returns{Float32}}, coriolis_param::Float32}}`
│                           `radiation`::`ClimaAtmos.AtmosRadiation{ClimaAtmos.RRTMGPInterface.AllSkyRadiationWithClearSkyDiagnostics{ClimaAtmos.InteractiveCloudInRadiation}, ClimaAtmos.Larcform1Insolation}`
│                            `turbconv`::`ClimaAtmos.AtmosTurbconv{ClimaAtmos.EDMFXModel{ClimaAtmos.InvZEntrainment, ClimaAtmos.BuoyancyVelocityDetrainment, Val{true}, Val{true}, Val{true}, Val{true}, Val{true}, ClimaAtmos.SmoothMinimumBlending}, ClimaAtmos.PrognosticEDMFX{1, true, Float32}, Nothing, Nothing, Nothing}`
│                     `prescribed_flow`::`Nothing`
│                        `gravity_wave`::`ClimaAtmos.AtmosGravityWave{Nothing, Nothing}`
│                  `vertical_diffusion`::`Nothing`
│                              `sponge`::`ClimaAtmos.AtmosSponge{Nothing, Nothing}`
│                             `surface`::`ClimaAtmos.AtmosSurface{ClimaAtmos.SurfaceConditions.MoninObukhov{Float32, Nothing, Nothing}, ClimaAtmos.SurfaceConditions.SlabOceanTemperature{Float32}, ClimaAtmos.SurfaceConditions.SurfaceBoundaryOverrides{Float32, Float32, Nothing, Nothing, Nothing, Nothing}, ClimaAtmos.ConstantAlbedo{Float32}}`
│                            `numerics`::`ClimaAtmos.AtmosNumerics{Val{:vanleer_limiter}, Val{:vanleer_limiter}, Val{:first_order}, Val{:none}, Val{:first_order}, Nothing, Nothing, Nothing, ClimaAtmos.Implicit, Nothing}`
│                           `chemistry`::`ClimaAtmos.AtmosChem{Nothing}`
└   
┌ Info: Microphysics settings: 
│                          `n_substeps`::`3`
│                     `n_substeps_quad`::`2`
│              `cloud_liquid_formation`::`CloudLiquidFormation`
│                 `cloud_ice_formation`::`TemperatureDependent`
│                      `cloud_ice_melt`::`CloudIceMelt`
│                 `rain_autoconversion`::`Kessler1M`
│                 `snow_autoconversion`::`NoSupersaturation`
│       `rain_condensation_evaporation`::`RainEvaporation`
│         `snow_deposition_sublimation`::`DepositionAndSublimation`
│                           `snow_melt`::`SnowMelt`
│         `cloud_liquid_rain_accretion`::`CloudLiquidRainAccretion`
│         `cloud_liquid_snow_accretion`::`CloudLiquidSnowAccretion`
│            `cloud_ice_rain_accretion`::`CloudIceRainAccretion`
│            `cloud_ice_snow_accretion`::`CloudIceSnowAccretion`
│                 `rain_snow_accretion`::`RainSnowAccretion`
└   
[ Info: Single-process ClimaAtmos run on CPUSingleThreaded
[ Info: Using ODE config: `ClimaTimeSteppers.ARS222`
[ Info: Initialized state (47.682 μs, 7.76 KiB)
[ Info: Built cache (213.524 ms, 172.6 MiB)
[ Info: Assembled callbacks (136.044 μs, 17.42 KiB)
┌ Info: Jacobian algorithm: ManualSparseJacobian(
│     approximate_solve_iters = 2,
└   )
[ Info: Jacobian derivative flags: topography_flag = IgnoreDerivative, diffusion_flag = UseDerivative
[ Info: Built tendency function (198.155 μs, 201.06 KiB)
[ Info: Initialized integrator (8.518 ms, 169.03 KiB)
[ Info: Added 7 user-provided YAML-style diagnostics
[ Info: Saving accumulated diagnostics to disk with frequency: 1 hour
[ Info: Set up diagnostics (496.423 μs, 103.66 KiB)
[ Info: Initialized 7 total diagnostics
