┌ Info: Simulation info
│   job_id = lf1e_clw1_v1_base
└   output_dir = experiments/clw sensitivity experiments/output/lf1e-clw-1/v1_base/output_0001
┌ Info: Running
│   job_id = lf1e_clw1_v1_base
│   output_dir = experiments/clw sensitivity experiments/output/lf1e-clw-1/v1_base/output_0001
└   tspan = (0.0 seconds (2010-01-01T00:00:00) [counter = 0, period = 1 second, epoch = 2010-01-01T00:00:00], 172800.0 seconds (2010-01-03T00:00:00) [counter = 172800, period = 1 second, epoch = 2010-01-01T00:00:00])
┌ Info: Progress
│   simulation_time = 30 seconds
│   n_steps_completed = 1
│   wall_time_per_step = 0 seconds
│   wall_time_total = 0 seconds
│   wall_time_remaining = 0 seconds
│   wall_time_spent = 0 seconds
│   percent_complete = 0.0%
│   estimated_sypd = Inf
│   instantaneous_sypd = 0.0 (sdpd_estimate = 0.0)
│   date_now = 2026-07-04T08:51:20.840
└   estimated_finish_date = 2026-07-04T08:51:20.840
┌ Info: Progress
│   simulation_time = 1 minute
│   n_steps_completed = 2
│   wall_time_per_step = 0 seconds
│   wall_time_total = 0 seconds
│   wall_time_remaining = 0 seconds
│   wall_time_spent = 0 seconds
│   percent_complete = 0.0%
│   estimated_sypd = Inf
│   instantaneous_sypd = 0.005 (sdpd_estimate = 1.837)
│   date_now = 2026-07-04T08:51:37.148
└   estimated_finish_date = 2026-07-04T08:51:37.148
┌ Info: Progress
│   simulation_time = 2 minutes
│   n_steps_completed = 4
│   wall_time_per_step = 8 milliseconds, 228 microseconds
│   wall_time_total = 47 seconds, 393 milliseconds
│   wall_time_remaining = 47 seconds, 360 milliseconds
│   wall_time_spent = 32 milliseconds, 912 microseconds
│   percent_complete = 0.1%
│   estimated_sypd = 9.982
│   instantaneous_sypd = 9.982
│   date_now = 2026-07-04T08:51:37.225
└   estimated_finish_date = 2026-07-04T08:52:25.225
┌ Info: Progress
│   simulation_time = 4 minutes
│   n_steps_completed = 8
│   wall_time_per_step = 14 milliseconds, 888 microseconds
│   wall_time_total = 1 minute, 25 seconds
│   wall_time_remaining = 1 minute, 25 seconds
│   wall_time_spent = 119 milliseconds, 109 microseconds
│   percent_complete = 0.1%
│   estimated_sypd = 5.517
│   instantaneous_sypd = 3.812
│   date_now = 2026-07-04T08:51:37.251
└   estimated_finish_date = 2026-07-04T08:53:03.251
┌ Info: Progress
│   simulation_time = 8 minutes
│   n_steps_completed = 16
│   wall_time_per_step = 10 milliseconds, 430 microseconds
│   wall_time_total = 1 minute, 79 milliseconds
│   wall_time_remaining = 59 seconds, 912 milliseconds
│   wall_time_spent = 166 milliseconds, 888 microseconds
│   percent_complete = 0.3%
│   estimated_sypd = 7.875
│   instantaneous_sypd = 13.753
│   date_now = 2026-07-04T08:51:37.295
└   estimated_finish_date = 2026-07-04T08:52:37.295
┌ Info: Progress
│   simulation_time = 16 minutes
│   n_steps_completed = 32
│   wall_time_per_step = 929 milliseconds, 423 microseconds
│   wall_time_total = 1 hour, 29 minutes
│   wall_time_remaining = 1 hour, 28 minutes
│   wall_time_spent = 29 seconds, 741 milliseconds
│   percent_complete = 0.6%
│   estimated_sypd = 0.088
│   instantaneous_sypd = 0.044
│   date_now = 2026-07-04T08:52:06.876
└   estimated_finish_date = 2026-07-04T10:20:50.876
┌ Info: Progress
│   simulation_time = 32 minutes
│   n_steps_completed = 64
│   wall_time_per_step = 471 milliseconds, 354 microseconds
│   wall_time_total = 45 minutes, 15 seconds
│   wall_time_remaining = 44 minutes, 44 seconds
│   wall_time_spent = 30 seconds, 166 milliseconds
│   percent_complete = 1.1%
│   estimated_sypd = 0.174
│   instantaneous_sypd = 6.182
│   date_now = 2026-07-04T08:52:07.294
└   estimated_finish_date = 2026-07-04T09:36:52.294
┌ Info: Progress
│   simulation_time = 1 hour, 4 minutes
│   n_steps_completed = 128
│   wall_time_per_step = 304 milliseconds, 178 microseconds
│   wall_time_total = 29 minutes, 12 seconds
│   wall_time_remaining = 28 minutes, 33 seconds
│   wall_time_spent = 38 seconds, 934 milliseconds
│   percent_complete = 2.2%
│   estimated_sypd = 0.27
│   instantaneous_sypd = 0.6
│   date_now = 2026-07-04T08:52:16.063
└   estimated_finish_date = 2026-07-04T09:20:50.063
┌ Info: Progress
│   simulation_time = 2 hours, 8 minutes
│   n_steps_completed = 256
│   wall_time_per_step = 156 milliseconds, 99 microseconds
│   wall_time_total = 14 minutes, 59 seconds
│   wall_time_remaining = 14 minutes, 19 seconds
│   wall_time_spent = 39 seconds, 961 milliseconds
│   percent_complete = 4.4%
│   estimated_sypd = 0.526
│   instantaneous_sypd = 10.242
│   date_now = 2026-07-04T08:52:17.089
└   estimated_finish_date = 2026-07-04T09:06:37.089
┌ Info: Progress
│   simulation_time = 4 hours, 16 minutes
│   n_steps_completed = 512
│   wall_time_per_step = 82 milliseconds, 834 microseconds
│   wall_time_total = 7 minutes, 57 seconds
│   wall_time_remaining = 7 minutes, 14 seconds
│   wall_time_spent = 42 seconds, 411 milliseconds
│   percent_complete = 8.9%
│   estimated_sypd = 0.992
│   instantaneous_sypd = 8.583
│   date_now = 2026-07-04T08:52:19.539
└   estimated_finish_date = 2026-07-04T08:59:34.539
┌ Info: Progress
│   simulation_time = 6 hours, 40 minutes
│   n_steps_completed = 801
│   wall_time_per_step = 55 milliseconds, 817 microseconds
│   wall_time_total = 5 minutes, 21 seconds
│   wall_time_remaining = 4 minutes, 36 seconds
│   wall_time_spent = 44 seconds, 710 milliseconds
│   percent_complete = 13.9%
│   estimated_sypd = 1.471
│   instantaneous_sypd = 10.325
│   date_now = 2026-07-04T08:52:21.838
└   estimated_finish_date = 2026-07-04T08:56:58.838
┌ Info: Progress
│   simulation_time = 8 hours, 32 minutes
│   n_steps_completed = 1024
│   wall_time_per_step = 45 milliseconds, 270 microseconds
│   wall_time_total = 4 minutes, 20 seconds
│   wall_time_remaining = 3 minutes, 34 seconds
│   wall_time_spent = 46 seconds, 356 milliseconds
│   percent_complete = 17.8%
│   estimated_sypd = 1.814
│   instantaneous_sypd = 11.122
│   date_now = 2026-07-04T08:52:23.485
└   estimated_finish_date = 2026-07-04T08:55:58.484
┌ Info: Progress
│   simulation_time = 10 hours, 56 minutes
│   n_steps_completed = 1313
│   wall_time_per_step = 36 milliseconds, 914 microseconds
│   wall_time_total = 3 minutes, 32 seconds
│   wall_time_remaining = 2 minutes, 44 seconds
│   wall_time_spent = 48 seconds, 468 milliseconds
│   percent_complete = 22.8%
│   estimated_sypd = 2.225
│   instantaneous_sypd = 11.242
│   date_now = 2026-07-04T08:52:25.596
└   estimated_finish_date = 2026-07-04T08:55:10.596
┌ Info: Progress
│   simulation_time = 13 hours, 21 minutes
│   n_steps_completed = 1602
│   wall_time_per_step = 31 milliseconds, 608 microseconds
│   wall_time_total = 3 minutes, 2 seconds
│   wall_time_remaining = 2 minutes, 11 seconds
│   wall_time_spent = 50 seconds, 636 milliseconds
│   percent_complete = 27.8%
│   estimated_sypd = 2.599
│   instantaneous_sypd = 10.95
│   date_now = 2026-07-04T08:52:27.764
└   estimated_finish_date = 2026-07-04T08:54:39.764
┌ Info: Progress
│   simulation_time = 15 hours, 45 minutes
│   n_steps_completed = 1891
│   wall_time_per_step = 27 milliseconds, 900 microseconds
│   wall_time_total = 2 minutes, 40 seconds
│   wall_time_remaining = 1 minute, 47 seconds
│   wall_time_spent = 52 seconds, 760 milliseconds
│   percent_complete = 32.8%
│   estimated_sypd = 2.944
│   instantaneous_sypd = 11.175
│   date_now = 2026-07-04T08:52:29.888
└   estimated_finish_date = 2026-07-04T08:54:17.888
┌ Info: Progress
│   simulation_time = 17 hours, 4 minutes
│   n_steps_completed = 2048
│   wall_time_per_step = 26 milliseconds, 338 microseconds
│   wall_time_total = 2 minutes, 31 seconds
│   wall_time_remaining = 1 minute, 37 seconds
│   wall_time_spent = 53 seconds, 941 milliseconds
│   percent_complete = 35.6%
│   estimated_sypd = 3.118
│   instantaneous_sypd = 10.912
│   date_now = 2026-07-04T08:52:31.069
└   estimated_finish_date = 2026-07-04T08:54:09.069
┌ Info: Progress
│   simulation_time = 19 hours, 28 minutes
│   n_steps_completed = 2337
│   wall_time_per_step = 24 milliseconds, 201 nanoseconds
│   wall_time_total = 2 minutes, 18 seconds
│   wall_time_remaining = 1 minute, 22 seconds
│   wall_time_spent = 56 seconds, 88 milliseconds
│   percent_complete = 40.6%
│   estimated_sypd = 3.422
│   instantaneous_sypd = 11.058
│   date_now = 2026-07-04T08:52:33.216
└   estimated_finish_date = 2026-07-04T08:53:56.216
┌ Info: Progress
│   simulation_time = 21 hours, 53 minutes
│   n_steps_completed = 2626
│   wall_time_per_step = 22 milliseconds, 222 microseconds
│   wall_time_total = 2 minutes, 8 seconds
│   wall_time_remaining = 1 minute, 9 seconds
│   wall_time_spent = 58 seconds, 357 milliseconds
│   percent_complete = 45.6%
│   estimated_sypd = 3.696
│   instantaneous_sypd = 10.463
│   date_now = 2026-07-04T08:52:35.485
└   estimated_finish_date = 2026-07-04T08:53:45.485
┌ Info: Progress
│   simulation_time = 1 day, 17 minutes
│   n_steps_completed = 2915
│   wall_time_per_step = 20 milliseconds, 791 microseconds
│   wall_time_total = 1 minute, 59 seconds
│   wall_time_remaining = 59 seconds, 153 milliseconds
│   wall_time_spent = 1 minute, 608 milliseconds
│   percent_complete = 50.6%
│   estimated_sypd = 3.95
│   instantaneous_sypd = 10.543
│   date_now = 2026-07-04T08:52:37.755
└   estimated_finish_date = 2026-07-04T08:53:37.755
┌ Info: Progress
│   simulation_time = 1 day, 2 hours
│   n_steps_completed = 3204
│   wall_time_per_step = 19 milliseconds, 628 microseconds
│   wall_time_total = 1 minute, 53 seconds
│   wall_time_remaining = 50 seconds, 170 milliseconds
│   wall_time_spent = 1 minute, 2 seconds
│   percent_complete = 55.6%
│   estimated_sypd = 4.185
│   instantaneous_sypd = 10.407
│   date_now = 2026-07-04T08:52:40.017
└   estimated_finish_date = 2026-07-04T08:53:31.017
┌ Info: Progress
│   simulation_time = 1 day, 5 hours
│   n_steps_completed = 3493
│   wall_time_per_step = 18 milliseconds, 635 microseconds
│   wall_time_total = 1 minute, 47 seconds
│   wall_time_remaining = 42 seconds, 247 milliseconds
│   wall_time_spent = 1 minute, 5 seconds
│   percent_complete = 60.6%
│   estimated_sypd = 4.407
│   instantaneous_sypd = 10.765
│   date_now = 2026-07-04T08:52:42.222
└   estimated_finish_date = 2026-07-04T08:53:25.222
┌ Info: Progress
│   simulation_time = 1 day, 7 hours
│   n_steps_completed = 3782
│   wall_time_per_step = 17 milliseconds, 802 microseconds
│   wall_time_total = 1 minute, 42 seconds
│   wall_time_remaining = 35 seconds, 212 milliseconds
│   wall_time_spent = 1 minute, 7 seconds
│   percent_complete = 65.7%
│   estimated_sypd = 4.614
│   instantaneous_sypd = 10.629
│   date_now = 2026-07-04T08:52:44.455
└   estimated_finish_date = 2026-07-04T08:53:20.455
┌ Info: Progress
│   simulation_time = 1 day, 9 hours
│   n_steps_completed = 4071
│   wall_time_per_step = 17 milliseconds, 66 microseconds
│   wall_time_total = 1 minute, 38 seconds
│   wall_time_remaining = 28 seconds, 824 milliseconds
│   wall_time_spent = 1 minute, 9 seconds
│   percent_complete = 70.7%
│   estimated_sypd = 4.813
│   instantaneous_sypd = 11.049
│   date_now = 2026-07-04T08:52:46.604
└   estimated_finish_date = 2026-07-04T08:53:15.604
┌ Info: Progress
│   simulation_time = 1 day, 10 hours
│   n_steps_completed = 4096
│   wall_time_per_step = 17 milliseconds, 15 microseconds
│   wall_time_total = 1 minute, 38 seconds
│   wall_time_remaining = 28 seconds, 313 milliseconds
│   wall_time_spent = 1 minute, 9 seconds
│   percent_complete = 71.1%
│   estimated_sypd = 4.827
│   instantaneous_sypd = 9.339
│   date_now = 2026-07-04T08:52:46.824
└   estimated_finish_date = 2026-07-04T08:53:15.823
┌ Info: Progress
│   simulation_time = 1 day, 12 hours
│   n_steps_completed = 4385
│   wall_time_per_step = 16 milliseconds, 405 microseconds
│   wall_time_total = 1 minute, 34 seconds
│   wall_time_remaining = 22 seconds, 557 milliseconds
│   wall_time_spent = 1 minute, 11 seconds
│   percent_complete = 76.1%
│   estimated_sypd = 5.007
│   instantaneous_sypd = 10.588
│   date_now = 2026-07-04T08:52:49.066
└   estimated_finish_date = 2026-07-04T08:53:12.065
┌ Info: Progress
│   simulation_time = 1 day, 14 hours
│   n_steps_completed = 4674
│   wall_time_per_step = 15 milliseconds, 857 microseconds
│   wall_time_total = 1 minute, 31 seconds
│   wall_time_remaining = 17 seconds, 220 milliseconds
│   wall_time_spent = 1 minute, 14 seconds
│   percent_complete = 81.1%
│   estimated_sypd = 5.18
│   instantaneous_sypd = 10.895
│   date_now = 2026-07-04T08:52:51.244
└   estimated_finish_date = 2026-07-04T08:53:09.244
┌ Info: Progress
│   simulation_time = 1 day, 17 hours
│   n_steps_completed = 4963
│   wall_time_per_step = 15 milliseconds, 391 microseconds
│   wall_time_total = 1 minute, 28 seconds
│   wall_time_remaining = 12 seconds, 267 milliseconds
│   wall_time_spent = 1 minute, 16 seconds
│   percent_complete = 86.2%
│   estimated_sypd = 5.336
│   instantaneous_sypd = 10.45
│   date_now = 2026-07-04T08:52:53.516
└   estimated_finish_date = 2026-07-04T08:53:06.516
┌ Info: Progress
│   simulation_time = 1 day, 19 hours
│   n_steps_completed = 5252
│   wall_time_per_step = 14 milliseconds, 968 microseconds
│   wall_time_total = 1 minute, 26 seconds
│   wall_time_remaining = 7 seconds, 604 milliseconds
│   wall_time_spent = 1 minute, 18 seconds
│   percent_complete = 91.2%
│   estimated_sypd = 5.487
│   instantaneous_sypd = 10.655
│   date_now = 2026-07-04T08:52:55.744
└   estimated_finish_date = 2026-07-04T08:53:03.744
┌ Info: Progress
│   simulation_time = 1 day, 22 hours
│   n_steps_completed = 5541
│   wall_time_per_step = 14 milliseconds, 595 microseconds
│   wall_time_total = 1 minute, 24 seconds
│   wall_time_remaining = 3 seconds, 196 milliseconds
│   wall_time_spent = 1 minute, 20 seconds
│   percent_complete = 96.2%
│   estimated_sypd = 5.627
│   instantaneous_sypd = 10.508
│   date_now = 2026-07-04T08:52:58.003
└   estimated_finish_date = 2026-07-04T08:53:02.003
[ Info: solve! walltime = 82.542
[ Info: sypd: 5.736
[ Info: wall_time_per_timestep: 14 milliseconds, 330 microseconds
[ Info: Memory currently used (after solve!) by the process (RSS): 8.96 GiB
┌ Info: Finished variation [1/9]
│   overlay = experiments/clw sensitivity experiments/configs/v1_base.yml
│   job_id = lf1e_clw1_v1_base
│   ret_code = success
└   walltime = 10m6s
┌ Info: Starting variation [2/9]
└   overlay = experiments/clw sensitivity experiments/configs/v2_0M.yml
┌ Info: Making AtmosConfig with config files: 
│      /home/jeff/larcform1-experiments/ClimaAtmos.jl/src/config/../../config/default_configs/default_config.yml
│      /home/jeff/larcform1-experiments/experiments/clw sensitivity experiments/../../ClimaAtmos.jl/config/model_configs/larcform1_1M_prognostic_edmfx.yml
│      experiments/clw sensitivity experiments/configs/v2_0M.yml
└   
┌ Info: numerics 
│          `energy_q_tot_upwinding`::`Val{:vanleer_limiter}`
│                `tracer_upwinding`::`Val{:vanleer_limiter}`
│       `edmfx_mse_q_tot_upwinding`::`Val{:first_order}`
│         `edmfx_sgsflux_upwinding`::`Val{:none}`
│          `edmfx_tracer_upwinding`::`Val{:first_order}`
│         `test_dycore_consistency`::`Nothing`
│            `reproducible_restart`::`Nothing`
│                         `limiter`::`Nothing`
│                       `diff_mode`::`ClimaAtmos.Implicit`
│                       `hyperdiff`::`Nothing`
└   
┌ Info: AtmosModel: 
│   
│                               `water`::`ClimaAtmos.AtmosWater{ClimaAtmos.EquilibriumMicrophysics0M, ClimaAtmos.QuadratureCloud, ClimaAtmos.Implicit, Nothing, ClimaAtmos.SGSQuadrature{3, StaticArraysCore.SVector{3, Float32}, StaticArraysCore.SVector{3, Float32}, ClimaAtmos.GaussianSGS, Float32}, ClimaAtmos.FixedTerminalVelocity{Float32}}`
│                           `scm_setup`::`ClimaAtmos.SCMSetup{Nothing, Nothing, Nothing, Bool, @NamedTuple{prof_ug::AtmosphericProfilesLibrary.ZProfile{AtmosphericProfilesLibrary.var"#Larcform1_geostrophic_u##0#Larcform1_geostrophic_u##1"{Float32}}, prof_vg::AtmosphericProfilesLibrary.ZProfile{Returns{Float32}}, coriolis_param::Float32}}`
│                           `radiation`::`ClimaAtmos.AtmosRadiation{ClimaAtmos.RRTMGPInterface.AllSkyRadiationWithClearSkyDiagnostics{ClimaAtmos.InteractiveCloudInRadiation}, ClimaAtmos.Larcform1Insolation}`
│                            `turbconv`::`ClimaAtmos.AtmosTurbconv{ClimaAtmos.EDMFXModel{ClimaAtmos.InvZEntrainment, ClimaAtmos.BuoyancyVelocityDetrainment, Val{true}, Val{true}, Val{true}, Val{true}, Val{true}, ClimaAtmos.SmoothMinimumBlending}, ClimaAtmos.PrognosticEDMFX{1, true, Float32}, Nothing, Nothing, Nothing}`
│                     `prescribed_flow`::`Nothing`
│                        `gravity_wave`::`ClimaAtmos.AtmosGravityWave{Nothing, Nothing}`
│                  `vertical_diffusion`::`Nothing`
│                              `sponge`::`ClimaAtmos.AtmosSponge{Nothing, Nothing}`
│                             `surface`::`ClimaAtmos.AtmosSurface{ClimaAtmos.SurfaceConditions.MoninObukhov{Float32, Nothing, Nothing}, ClimaAtmos.SurfaceConditions.SlabOceanTemperature{Float32}, ClimaAtmos.SurfaceConditions.SurfaceBoundaryOverrides{Float32, Float32, Nothing, Nothing, Nothing, Nothing}, ClimaAtmos.ConstantAlbedo{Float32}}`
│                            `numerics`::`ClimaAtmos.AtmosNumerics{Val{:vanleer_limiter}, Val{:vanleer_limiter}, Val{:first_order}, Val{:none}, Val{:first_order}, Nothing, Nothing, Nothing, ClimaAtmos.Implicit, Nothing}`
│                           `chemistry`::`ClimaAtmos.AtmosChem{Nothing}`
└   
[ Info: Single-process ClimaAtmos run on CPUSingleThreaded
[ Info: Using ODE config: `ClimaTimeSteppers.ARS222`
[ Info: Initialized state (17.32 μs, 4.18 KiB)
[ Info: Built cache (6.373 s, 2.1 GiB)
[ Info: Assembled callbacks (31.601 ms, 879.11 KiB)
┌ Info: Jacobian algorithm: ManualSparseJacobian(
│     approximate_solve_iters = 2,
└   )
[ Info: Jacobian derivative flags: topography_flag = IgnoreDerivative, diffusion_flag = UseDerivative
[ Info: Built tendency function (735.707 ms, 36.42 MiB)
[ Info: Initialized integrator (9.862 s, 1.8 GiB)
[ Info: Added 53 user-provided YAML-style diagnostics
[ Info: Saving accumulated diagnostics to disk with frequency: 10 minutes, 1 hour
[ Info: Set up diagnostics (3.173 s, 11.52 MiB)
[ Info: Initialized 53 total diagnostics
