┌ Info: Simulation info
│   job_id = lf1e_clw_cal_member
└   output_dir = /home/jeff/larcform1-experiments/experiments/clw calibration/output/smoke6/iteration_001/member_006/output_0000
┌ Info: Running
│   job_id = lf1e_clw_cal_member
│   output_dir = /home/jeff/larcform1-experiments/experiments/clw calibration/output/smoke6/iteration_001/member_006/output_0000
└   tspan = (0.0 seconds (2010-01-01T00:00:00) [counter = 0, period = 1 second, epoch = 2010-01-01T00:00:00], 172800.0 seconds (2010-01-03T00:00:00) [counter = 172800, period = 1 second, epoch = 2010-01-01T00:00:00])
┌ Info: Progress
│   simulation_time = 30 seconds
│   n_steps_completed = 1
│   wall_time_per_step = 0 seconds
│   wall_time_total = 0 seconds
│   wall_time_remaining = 0 seconds
│   wall_time_spent = 0 seconds
│   percent_complete = 0.0%
│   estimated_sypd = Inf
│   instantaneous_sypd = 0.0 (sdpd_estimate = 0.0)
│   date_now = 2026-07-05T14:15:14.131
└   estimated_finish_date = 2026-07-05T14:15:14.131
┌ Info: Progress
│   simulation_time = 1 minute
│   n_steps_completed = 2
│   wall_time_per_step = 0 seconds
│   wall_time_total = 0 seconds
│   wall_time_remaining = 0 seconds
│   wall_time_spent = 0 seconds
│   percent_complete = 0.0%
│   estimated_sypd = Inf
│   instantaneous_sypd = 0.029
│   date_now = 2026-07-05T14:15:16.997
└   estimated_finish_date = 2026-07-05T14:15:16.997
┌ Info: Progress
│   simulation_time = 2 minutes
│   n_steps_completed = 4
│   wall_time_per_step = 4 milliseconds, 626 microseconds
│   wall_time_total = 26 seconds, 648 milliseconds
│   wall_time_remaining = 26 seconds, 630 milliseconds
│   wall_time_spent = 18 milliseconds, 506 microseconds
│   percent_complete = 0.1%
│   estimated_sypd = 17.753
│   instantaneous_sypd = 17.753
│   date_now = 2026-07-05T14:15:17.006
└   estimated_finish_date = 2026-07-05T14:15:44.006
┌ Info: Progress
│   simulation_time = 4 minutes
│   n_steps_completed = 8
│   wall_time_per_step = 4 milliseconds, 394 microseconds
│   wall_time_total = 25 seconds, 311 milliseconds
│   wall_time_remaining = 25 seconds, 276 milliseconds
│   wall_time_spent = 35 milliseconds, 155 microseconds
│   percent_complete = 0.1%
│   estimated_sypd = 18.691
│   instantaneous_sypd = 19.733
│   date_now = 2026-07-05T14:15:17.023
└   estimated_finish_date = 2026-07-05T14:15:43.023
┌ Info: Progress
│   simulation_time = 8 minutes
│   n_steps_completed = 16
│   wall_time_per_step = 4 milliseconds, 240 microseconds
│   wall_time_total = 24 seconds, 424 milliseconds
│   wall_time_remaining = 24 seconds, 356 milliseconds
│   wall_time_spent = 67 milliseconds, 846 microseconds
│   percent_complete = 0.3%
│   estimated_sypd = 19.37
│   instantaneous_sypd = 20.1
│   date_now = 2026-07-05T14:15:17.056
└   estimated_finish_date = 2026-07-05T14:15:42.056
┌ Info: Progress
│   simulation_time = 16 minutes
│   n_steps_completed = 32
│   wall_time_per_step = 4 milliseconds, 119 microseconds
│   wall_time_total = 23 seconds, 728 milliseconds
│   wall_time_remaining = 23 seconds, 596 milliseconds
│   wall_time_spent = 131 milliseconds, 825 microseconds
│   percent_complete = 0.6%
│   estimated_sypd = 19.938
│   instantaneous_sypd = 20.54
│   date_now = 2026-07-05T14:15:17.120
└   estimated_finish_date = 2026-07-05T14:15:41.119
┌ Info: Progress
│   simulation_time = 32 minutes
│   n_steps_completed = 64
│   wall_time_per_step = 4 milliseconds, 89 microseconds
│   wall_time_total = 23 seconds, 556 milliseconds
│   wall_time_remaining = 23 seconds, 294 milliseconds
│   wall_time_spent = 261 milliseconds, 739 microseconds
│   percent_complete = 1.1%
│   estimated_sypd = 20.084
│   instantaneous_sypd = 20.231
│   date_now = 2026-07-05T14:15:17.249
└   estimated_finish_date = 2026-07-05T14:15:41.249
┌ Info: Progress
│   simulation_time = 1 hour, 4 minutes
│   n_steps_completed = 128
│   wall_time_per_step = 4 milliseconds, 165 microseconds
│   wall_time_total = 23 seconds, 991 milliseconds
│   wall_time_remaining = 23 seconds, 458 milliseconds
│   wall_time_spent = 533 milliseconds, 138 microseconds
│   percent_complete = 2.2%
│   estimated_sypd = 19.72
│   instantaneous_sypd = 19.369
│   date_now = 2026-07-05T14:15:17.521
└   estimated_finish_date = 2026-07-05T14:15:41.521
┌ Info: Progress
│   simulation_time = 2 hours, 8 minutes
│   n_steps_completed = 256
│   wall_time_per_step = 4 milliseconds, 128 microseconds
│   wall_time_total = 23 seconds, 782 milliseconds
│   wall_time_remaining = 22 seconds, 725 milliseconds
│   wall_time_spent = 1 second, 56 milliseconds
│   percent_complete = 4.4%
│   estimated_sypd = 19.893
│   instantaneous_sypd = 20.07
│   date_now = 2026-07-05T14:15:18.045
└   estimated_finish_date = 2026-07-05T14:15:41.045
┌ Info: Progress
│   simulation_time = 4 hours, 16 minutes
│   n_steps_completed = 512
│   wall_time_per_step = 4 milliseconds, 186 microseconds
│   wall_time_total = 24 seconds, 116 milliseconds
│   wall_time_remaining = 21 seconds, 972 milliseconds
│   wall_time_spent = 2 seconds, 143 milliseconds
│   percent_complete = 8.9%
│   estimated_sypd = 19.617
│   instantaneous_sypd = 19.349
│   date_now = 2026-07-05T14:15:19.131
└   estimated_finish_date = 2026-07-05T14:15:41.131
┌ Info: Progress
│   simulation_time = 6 hours, 40 minutes
│   n_steps_completed = 801
│   wall_time_per_step = 4 milliseconds, 442 microseconds
│   wall_time_total = 25 seconds, 586 milliseconds
│   wall_time_remaining = 22 seconds, 28 milliseconds
│   wall_time_spent = 3 seconds, 558 milliseconds
│   percent_complete = 13.9%
│   estimated_sypd = 18.491
│   instantaneous_sypd = 16.783
│   date_now = 2026-07-05T14:15:20.546
└   estimated_finish_date = 2026-07-05T14:15:43.546
┌ Info: Progress
│   simulation_time = 8 hours, 32 minutes
│   n_steps_completed = 1024
│   wall_time_per_step = 4 milliseconds, 460 microseconds
│   wall_time_total = 25 seconds, 695 milliseconds
│   wall_time_remaining = 21 seconds, 127 milliseconds
│   wall_time_spent = 4 seconds, 568 milliseconds
│   percent_complete = 17.8%
│   estimated_sypd = 18.412
│   instantaneous_sypd = 18.135
│   date_now = 2026-07-05T14:15:21.556
└   estimated_finish_date = 2026-07-05T14:15:43.556
┌ Info: Progress
│   simulation_time = 10 hours, 56 minutes
│   n_steps_completed = 1313
│   wall_time_per_step = 4 milliseconds, 578 microseconds
│   wall_time_total = 26 seconds, 373 milliseconds
│   wall_time_remaining = 20 seconds, 361 milliseconds
│   wall_time_spent = 6 seconds, 11 milliseconds
│   percent_complete = 22.8%
│   estimated_sypd = 17.939
│   instantaneous_sypd = 16.441
│   date_now = 2026-07-05T14:15:23
└   estimated_finish_date = 2026-07-05T14:15:44
┌ Info: Progress
│   simulation_time = 13 hours, 21 minutes
│   n_steps_completed = 1602
│   wall_time_per_step = 4 milliseconds, 698 microseconds
│   wall_time_total = 27 seconds, 65 milliseconds
│   wall_time_remaining = 19 seconds, 537 milliseconds
│   wall_time_spent = 7 seconds, 527 milliseconds
│   percent_complete = 27.8%
│   estimated_sypd = 17.48
│   instantaneous_sypd = 15.66
│   date_now = 2026-07-05T14:15:24.515
└   estimated_finish_date = 2026-07-05T14:15:44.515
┌ Info: Progress
│   simulation_time = 15 hours, 45 minutes
│   n_steps_completed = 1891
│   wall_time_per_step = 4 milliseconds, 787 microseconds
│   wall_time_total = 27 seconds, 575 milliseconds
│   wall_time_remaining = 18 seconds, 522 milliseconds
│   wall_time_spent = 9 seconds, 53 milliseconds
│   percent_complete = 32.8%
│   estimated_sypd = 17.156
│   instantaneous_sypd = 15.561
│   date_now = 2026-07-05T14:15:26.041
└   estimated_finish_date = 2026-07-05T14:15:45.041
┌ Info: Progress
│   simulation_time = 17 hours, 4 minutes
│   n_steps_completed = 2048
│   wall_time_per_step = 4 milliseconds, 804 microseconds
│   wall_time_total = 27 seconds, 672 milliseconds
│   wall_time_remaining = 17 seconds, 833 milliseconds
│   wall_time_spent = 9 seconds, 839 milliseconds
│   percent_complete = 35.6%
│   estimated_sypd = 17.097
│   instantaneous_sypd = 16.406
│   date_now = 2026-07-05T14:15:26.827
└   estimated_finish_date = 2026-07-05T14:15:44.827
┌ Info: Progress
│   simulation_time = 19 hours, 28 minutes
│   n_steps_completed = 2337
│   wall_time_per_step = 4 milliseconds, 899 microseconds
│   wall_time_total = 28 seconds, 221 milliseconds
│   wall_time_remaining = 16 seconds, 771 milliseconds
│   wall_time_spent = 11 seconds, 450 milliseconds
│   percent_complete = 40.6%
│   estimated_sypd = 16.764
│   instantaneous_sypd = 14.733
│   date_now = 2026-07-05T14:15:28.438
└   estimated_finish_date = 2026-07-05T14:15:45.438
┌ Info: Progress
│   simulation_time = 21 hours, 53 minutes
│   n_steps_completed = 2626
│   wall_time_per_step = 4 milliseconds, 992 microseconds
│   wall_time_total = 28 seconds, 759 milliseconds
│   wall_time_remaining = 15 seconds, 648 milliseconds
│   wall_time_spent = 13 seconds, 111 milliseconds
│   percent_complete = 45.6%
│   estimated_sypd = 16.45
│   instantaneous_sypd = 14.287
│   date_now = 2026-07-05T14:15:30.099
└   estimated_finish_date = 2026-07-05T14:15:46.099
┌ Info: Progress
│   simulation_time = 1 day, 17 minutes
│   n_steps_completed = 2915
│   wall_time_per_step = 5 milliseconds, 228 microseconds
│   wall_time_total = 30 seconds, 118 milliseconds
│   wall_time_remaining = 14 seconds, 876 milliseconds
│   wall_time_spent = 15 seconds, 242 milliseconds
│   percent_complete = 50.6%
│   estimated_sypd = 15.708
│   instantaneous_sypd = 11.14
│   date_now = 2026-07-05T14:15:32.230
└   estimated_finish_date = 2026-07-05T14:15:47.230
┌ Info: Progress
│   simulation_time = 1 day, 2 hours
│   n_steps_completed = 3204
│   wall_time_per_step = 5 milliseconds, 320 microseconds
│   wall_time_total = 30 seconds, 646 milliseconds
│   wall_time_remaining = 13 seconds, 599 milliseconds
│   wall_time_spent = 17 seconds, 47 milliseconds
│   percent_complete = 55.6%
│   estimated_sypd = 15.437
│   instantaneous_sypd = 13.153
│   date_now = 2026-07-05T14:15:34.035
└   estimated_finish_date = 2026-07-05T14:15:48.035
┌ Info: Progress
│   simulation_time = 1 day, 5 hours
│   n_steps_completed = 3493
│   wall_time_per_step = 5 milliseconds, 402 microseconds
│   wall_time_total = 31 seconds, 120 milliseconds
│   wall_time_remaining = 12 seconds, 248 milliseconds
│   wall_time_spent = 18 seconds, 872 milliseconds
│   percent_complete = 60.6%
│   estimated_sypd = 15.202
│   instantaneous_sypd = 13.005
│   date_now = 2026-07-05T14:15:35.860
└   estimated_finish_date = 2026-07-05T14:15:48.860
┌ Info: Progress
│   simulation_time = 1 day, 7 hours
│   n_steps_completed = 3782
│   wall_time_per_step = 5 milliseconds, 451 microseconds
│   wall_time_total = 31 seconds, 399 milliseconds
│   wall_time_remaining = 10 seconds, 782 milliseconds
│   wall_time_spent = 20 seconds, 616 milliseconds
│   percent_complete = 65.7%
│   estimated_sypd = 15.067
│   instantaneous_sypd = 13.607
│   date_now = 2026-07-05T14:15:37.605
└   estimated_finish_date = 2026-07-05T14:15:48.605
┌ Info: Progress
│   simulation_time = 1 day, 9 hours
│   n_steps_completed = 4071
│   wall_time_per_step = 5 milliseconds, 502 microseconds
│   wall_time_total = 31 seconds, 694 milliseconds
│   wall_time_remaining = 9 seconds, 293 milliseconds
│   wall_time_spent = 22 seconds, 400 milliseconds
│   percent_complete = 70.7%
│   estimated_sypd = 14.927
│   instantaneous_sypd = 13.305
│   date_now = 2026-07-05T14:15:39.389
└   estimated_finish_date = 2026-07-05T14:15:49.389
┌ Info: Progress
│   simulation_time = 1 day, 10 hours
│   n_steps_completed = 4096
│   wall_time_per_step = 5 milliseconds, 526 microseconds
│   wall_time_total = 31 seconds, 829 milliseconds
│   wall_time_remaining = 9 seconds, 195 milliseconds
│   wall_time_spent = 22 seconds, 634 milliseconds
│   percent_complete = 71.1%
│   estimated_sypd = 14.863
│   instantaneous_sypd = 8.783
│   date_now = 2026-07-05T14:15:39.622
└   estimated_finish_date = 2026-07-05T14:15:49.622
┌ Info: Progress
│   simulation_time = 1 day, 12 hours
│   n_steps_completed = 4385
│   wall_time_per_step = 5 milliseconds, 594 microseconds
│   wall_time_total = 32 seconds, 224 milliseconds
│   wall_time_remaining = 7 seconds, 692 milliseconds
│   wall_time_spent = 24 seconds, 532 milliseconds
│   percent_complete = 76.1%
│   estimated_sypd = 14.681
│   instantaneous_sypd = 12.51
│   date_now = 2026-07-05T14:15:41.520
└   estimated_finish_date = 2026-07-05T14:15:49.520
┌ Info: Progress
│   simulation_time = 1 day, 14 hours
│   n_steps_completed = 4674
│   wall_time_per_step = 5 milliseconds, 652 microseconds
│   wall_time_total = 32 seconds, 559 milliseconds
│   wall_time_remaining = 6 seconds, 138 milliseconds
│   wall_time_spent = 26 seconds, 420 milliseconds
│   percent_complete = 81.1%
│   estimated_sypd = 14.53
│   instantaneous_sypd = 12.567
│   date_now = 2026-07-05T14:15:43.409
└   estimated_finish_date = 2026-07-05T14:15:50.409
┌ Info: Progress
│   simulation_time = 1 day, 17 hours
│   n_steps_completed = 4963
│   wall_time_per_step = 5 milliseconds, 720 microseconds
│   wall_time_total = 32 seconds, 952 milliseconds
│   wall_time_remaining = 4 seconds, 559 milliseconds
│   wall_time_spent = 28 seconds, 392 milliseconds
│   percent_complete = 86.2%
│   estimated_sypd = 14.357
│   instantaneous_sypd = 12.039
│   date_now = 2026-07-05T14:15:45.380
└   estimated_finish_date = 2026-07-05T14:15:50.380
┌ Info: Progress
│   simulation_time = 1 day, 19 hours
│   n_steps_completed = 5252
│   wall_time_per_step = 5 milliseconds, 795 microseconds
│   wall_time_total = 33 seconds, 379 milliseconds
│   wall_time_remaining = 2 seconds, 943 milliseconds
│   wall_time_spent = 30 seconds, 435 milliseconds
│   percent_complete = 91.2%
│   estimated_sypd = 14.173
│   instantaneous_sypd = 11.619
│   date_now = 2026-07-05T14:15:47.423
└   estimated_finish_date = 2026-07-05T14:15:50.423
┌ Info: Progress
│   simulation_time = 1 day, 22 hours
│   n_steps_completed = 5541
│   wall_time_per_step = 5 milliseconds, 863 microseconds
│   wall_time_total = 33 seconds, 772 milliseconds
│   wall_time_remaining = 1 second, 284 milliseconds
│   wall_time_spent = 32 seconds, 488 milliseconds
│   percent_complete = 96.2%
│   estimated_sypd = 14.008
│   instantaneous_sypd = 11.564
│   date_now = 2026-07-05T14:15:49.476
└   estimated_finish_date = 2026-07-05T14:15:51.476
[ Info: solve! walltime = 34.077
[ Info: sypd: 13.893
[ Info: wall_time_per_timestep: 5 milliseconds, 916 microseconds
[ Info: Memory currently used (after solve!) by the process (RSS): 8.98 GiB
[ Info: Completed member 6
┌ Info: Making AtmosConfig with config files: 
│      /home/jeff/larcform1-experiments/ClimaAtmos.jl/src/config/../../config/default_configs/default_config.yml
└   
┌ Info: numerics 
│          `energy_q_tot_upwinding`::`Val{:vanleer_limiter}`
│                `tracer_upwinding`::`Val{:vanleer_limiter}`
│       `edmfx_mse_q_tot_upwinding`::`Val{:first_order}`
│         `edmfx_sgsflux_upwinding`::`Val{:none}`
│          `edmfx_tracer_upwinding`::`Val{:first_order}`
│         `test_dycore_consistency`::`Nothing`
│            `reproducible_restart`::`Nothing`
│                         `limiter`::`Nothing`
│                       `diff_mode`::`ClimaAtmos.Implicit`
│                       `hyperdiff`::`Nothing`
└   
┌ Info: AtmosModel: 
│   
│                               `water`::`ClimaAtmos.AtmosWater{ClimaAtmos.NonEquilibriumMicrophysics1M, ClimaAtmos.QuadratureCloud, ClimaAtmos.Implicit, Nothing, ClimaAtmos.SGSQuadrature{3, StaticArraysCore.SVector{3, Float32}, StaticArraysCore.SVector{3, Float32}, ClimaAtmos.GaussianSGS, Float32}, ClimaAtmos.FixedTerminalVelocity{Float32}}`
│                           `scm_setup`::`ClimaAtmos.SCMSetup{Nothing, Nothing, Nothing, Bool, @NamedTuple{prof_ug::AtmosphericProfilesLibrary.ZProfile{AtmosphericProfilesLibrary.var"#Larcform1_geostrophic_u##0#Larcform1_geostrophic_u##1"{Float32}}, prof_vg::AtmosphericProfilesLibrary.ZProfile{Returns{Float32}}, coriolis_param::Float32}}`
│                           `radiation`::`ClimaAtmos.AtmosRadiation{ClimaAtmos.RRTMGPInterface.AllSkyRadiationWithClearSkyDiagnostics{ClimaAtmos.InteractiveCloudInRadiation}, ClimaAtmos.Larcform1Insolation}`
│                            `turbconv`::`ClimaAtmos.AtmosTurbconv{ClimaAtmos.EDMFXModel{ClimaAtmos.InvZEntrainment, ClimaAtmos.BuoyancyVelocityDetrainment, Val{true}, Val{true}, Val{true}, Val{true}, Val{true}, ClimaAtmos.SmoothMinimumBlending}, ClimaAtmos.PrognosticEDMFX{1, true, Float32}, Nothing, Nothing, Nothing}`
│                     `prescribed_flow`::`Nothing`
│                        `gravity_wave`::`ClimaAtmos.AtmosGravityWave{Nothing, Nothing}`
│                  `vertical_diffusion`::`Nothing`
│                              `sponge`::`ClimaAtmos.AtmosSponge{Nothing, Nothing}`
│                             `surface`::`ClimaAtmos.AtmosSurface{ClimaAtmos.SurfaceConditions.MoninObukhov{Float32, Nothing, Nothing}, ClimaAtmos.SurfaceConditions.SlabOceanTemperature{Float32}, ClimaAtmos.SurfaceConditions.SurfaceBoundaryOverrides{Float32, Float32, Nothing, Nothing, Nothing, Nothing}, ClimaAtmos.ConstantAlbedo{Float32}}`
│                            `numerics`::`ClimaAtmos.AtmosNumerics{Val{:vanleer_limiter}, Val{:vanleer_limiter}, Val{:first_order}, Val{:none}, Val{:first_order}, Nothing, Nothing, Nothing, ClimaAtmos.Implicit, Nothing}`
│                           `chemistry`::`ClimaAtmos.AtmosChem{Nothing}`
└   
┌ Info: Microphysics settings: 
│                          `n_substeps`::`3`
│                     `n_substeps_quad`::`2`
│              `cloud_liquid_formation`::`CloudLiquidFormation`
│                 `cloud_ice_formation`::`TemperatureDependent`
│                      `cloud_ice_melt`::`CloudIceMelt`
│                 `rain_autoconversion`::`Kessler1M`
│                 `snow_autoconversion`::`NoSupersaturation`
│       `rain_condensation_evaporation`::`RainEvaporation`
│         `snow_deposition_sublimation`::`DepositionAndSublimation`
│                           `snow_melt`::`SnowMelt`
│         `cloud_liquid_rain_accretion`::`CloudLiquidRainAccretion`
│         `cloud_liquid_snow_accretion`::`CloudLiquidSnowAccretion`
│            `cloud_ice_rain_accretion`::`CloudIceRainAccretion`
│            `cloud_ice_snow_accretion`::`CloudIceSnowAccretion`
│                 `rain_snow_accretion`::`RainSnowAccretion`
└   
[ Info: Single-process ClimaAtmos run on CPUSingleThreaded
[ Info: Using ODE config: `ClimaTimeSteppers.ARS222`
[ Info: Initialized state (16.21 μs, 7.76 KiB)
[ Info: Built cache (261.512 ms, 172.6 MiB)
[ Info: Assembled callbacks (130.654 μs, 17.42 KiB)
┌ Info: Jacobian algorithm: ManualSparseJacobian(
│     approximate_solve_iters = 2,
└   )
[ Info: Jacobian derivative flags: topography_flag = IgnoreDerivative, diffusion_flag = UseDerivative
[ Info: Built tendency function (207.036 μs, 201.06 KiB)
[ Info: Initialized integrator (8.429 ms, 169.03 KiB)
[ Info: Added 7 user-provided YAML-style diagnostics
[ Info: Saving accumulated diagnostics to disk with frequency: 1 hour
[ Info: Set up diagnostics (575.925 μs, 103.66 KiB)
[ Info: Initialized 7 total diagnostics
