┌ Info: Simulation info
│   job_id = lf1e_clw1_v8_subltime10000
└   output_dir = experiments/clw sensitivity experiments/output/lf1e-clw-1/v8_subltime10000/output_0000
┌ Info: Running
│   job_id = lf1e_clw1_v8_subltime10000
│   output_dir = experiments/clw sensitivity experiments/output/lf1e-clw-1/v8_subltime10000/output_0000
└   tspan = (0.0 seconds (2010-01-01T00:00:00) [counter = 0, period = 1 second, epoch = 2010-01-01T00:00:00], 172800.0 seconds (2010-01-03T00:00:00) [counter = 172800, period = 1 second, epoch = 2010-01-01T00:00:00])
┌ Info: Progress
│   simulation_time = 30 seconds
│   n_steps_completed = 1
│   wall_time_per_step = 0 seconds
│   wall_time_total = 0 seconds
│   wall_time_remaining = 0 seconds
│   wall_time_spent = 0 seconds
│   percent_complete = 0.0%
│   estimated_sypd = Inf
│   instantaneous_sypd = 0.0 (sdpd_estimate = 0.0)
│   date_now = 2026-07-04T09:02:36.375
└   estimated_finish_date = 2026-07-04T09:02:36.375
┌ Info: Progress
│   simulation_time = 1 minute
│   n_steps_completed = 2
│   wall_time_per_step = 0 seconds
│   wall_time_total = 0 seconds
│   wall_time_remaining = 0 seconds
│   wall_time_spent = 0 seconds
│   percent_complete = 0.0%
│   estimated_sypd = Inf
│   instantaneous_sypd = 0.031
│   date_now = 2026-07-04T09:02:39.066
└   estimated_finish_date = 2026-07-04T09:02:39.065
┌ Info: Progress
│   simulation_time = 2 minutes
│   n_steps_completed = 4
│   wall_time_per_step = 5 milliseconds, 397 microseconds
│   wall_time_total = 31 seconds, 89 milliseconds
│   wall_time_remaining = 31 seconds, 67 milliseconds
│   wall_time_spent = 21 milliseconds, 589 microseconds
│   percent_complete = 0.1%
│   estimated_sypd = 15.217
│   instantaneous_sypd = 15.217
│   date_now = 2026-07-04T09:02:39.076
└   estimated_finish_date = 2026-07-04T09:03:11.076
┌ Info: Progress
│   simulation_time = 4 minutes
│   n_steps_completed = 8
│   wall_time_per_step = 4 milliseconds, 938 microseconds
│   wall_time_total = 28 seconds, 444 milliseconds
│   wall_time_remaining = 28 seconds, 404 milliseconds
│   wall_time_spent = 39 milliseconds, 505 microseconds
│   percent_complete = 0.1%
│   estimated_sypd = 16.633
│   instantaneous_sypd = 18.338
│   date_now = 2026-07-04T09:02:39.094
└   estimated_finish_date = 2026-07-04T09:03:08.094
┌ Info: Progress
│   simulation_time = 8 minutes
│   n_steps_completed = 16
│   wall_time_per_step = 4 milliseconds, 980 microseconds
│   wall_time_total = 28 seconds, 688 milliseconds
│   wall_time_remaining = 28 seconds, 608 milliseconds
│   wall_time_spent = 79 milliseconds, 689 microseconds
│   percent_complete = 0.3%
│   estimated_sypd = 16.491
│   instantaneous_sypd = 16.352
│   date_now = 2026-07-04T09:02:39.134
└   estimated_finish_date = 2026-07-04T09:03:08.134
┌ Info: Progress
│   simulation_time = 16 minutes
│   n_steps_completed = 32
│   wall_time_per_step = 7 milliseconds, 764 microseconds
│   wall_time_total = 44 seconds, 724 milliseconds
│   wall_time_remaining = 44 seconds, 476 milliseconds
│   wall_time_spent = 248 milliseconds, 471 microseconds
│   percent_complete = 0.6%
│   estimated_sypd = 10.578
│   instantaneous_sypd = 7.786
│   date_now = 2026-07-04T09:02:39.303
└   estimated_finish_date = 2026-07-04T09:03:24.303
┌ Info: Progress
│   simulation_time = 32 minutes
│   n_steps_completed = 64
│   wall_time_per_step = 7 milliseconds, 889 microseconds
│   wall_time_total = 45 seconds, 443 milliseconds
│   wall_time_remaining = 44 seconds, 938 milliseconds
│   wall_time_spent = 504 milliseconds, 926 microseconds
│   percent_complete = 1.1%
│   estimated_sypd = 10.411
│   instantaneous_sypd = 10.249
│   date_now = 2026-07-04T09:02:39.560
└   estimated_finish_date = 2026-07-04T09:03:24.560
┌ Info: Progress
│   simulation_time = 1 hour, 4 minutes
│   n_steps_completed = 128
│   wall_time_per_step = 8 milliseconds, 63 microseconds
│   wall_time_total = 46 seconds, 446 milliseconds
│   wall_time_remaining = 45 seconds, 414 milliseconds
│   wall_time_spent = 1 second, 32 milliseconds
│   percent_complete = 2.2%
│   estimated_sypd = 10.186
│   instantaneous_sypd = 9.97
│   date_now = 2026-07-04T09:02:40.087
└   estimated_finish_date = 2026-07-04T09:03:26.087
┌ Info: Progress
│   simulation_time = 2 hours, 8 minutes
│   n_steps_completed = 256
│   wall_time_per_step = 7 milliseconds, 864 microseconds
│   wall_time_total = 45 seconds, 297 milliseconds
│   wall_time_remaining = 43 seconds, 284 milliseconds
│   wall_time_spent = 2 seconds, 13 milliseconds
│   percent_complete = 4.4%
│   estimated_sypd = 10.444
│   instantaneous_sypd = 10.716
│   date_now = 2026-07-04T09:02:41.068
└   estimated_finish_date = 2026-07-04T09:03:25.068
┌ Info: Progress
│   simulation_time = 4 hours, 16 minutes
│   n_steps_completed = 512
│   wall_time_per_step = 8 milliseconds, 95 microseconds
│   wall_time_total = 46 seconds, 627 milliseconds
│   wall_time_remaining = 42 seconds, 483 milliseconds
│   wall_time_spent = 4 seconds, 144 milliseconds
│   percent_complete = 8.9%
│   estimated_sypd = 10.146
│   instantaneous_sypd = 9.865
│   date_now = 2026-07-04T09:02:43.200
└   estimated_finish_date = 2026-07-04T09:03:26.200
┌ Info: Progress
│   simulation_time = 6 hours, 40 minutes
│   n_steps_completed = 801
│   wall_time_per_step = 8 milliseconds, 588 microseconds
│   wall_time_total = 49 seconds, 467 milliseconds
│   wall_time_remaining = 42 seconds, 588 milliseconds
│   wall_time_spent = 6 seconds, 879 milliseconds
│   percent_complete = 13.9%
│   estimated_sypd = 9.564
│   instantaneous_sypd = 8.681
│   date_now = 2026-07-04T09:02:45.934
└   estimated_finish_date = 2026-07-04T09:03:28.934
┌ Info: Progress
│   simulation_time = 8 hours, 32 minutes
│   n_steps_completed = 1024
│   wall_time_per_step = 9 milliseconds, 43 microseconds
│   wall_time_total = 52 seconds, 88 milliseconds
│   wall_time_remaining = 42 seconds, 828 milliseconds
│   wall_time_spent = 9 seconds, 260 milliseconds
│   percent_complete = 17.8%
│   estimated_sypd = 9.083
│   instantaneous_sypd = 7.693
│   date_now = 2026-07-04T09:02:48.315
└   estimated_finish_date = 2026-07-04T09:03:31.315
┌ Info: Progress
│   simulation_time = 10 hours, 56 minutes
│   n_steps_completed = 1313
│   wall_time_per_step = 9 milliseconds, 80 microseconds
│   wall_time_total = 52 seconds, 305 milliseconds
│   wall_time_remaining = 40 seconds, 382 milliseconds
│   wall_time_spent = 11 seconds, 923 milliseconds
│   percent_complete = 22.8%
│   estimated_sypd = 9.045
│   instantaneous_sypd = 8.914
│   date_now = 2026-07-04T09:02:50.978
└   estimated_finish_date = 2026-07-04T09:03:31.978
┌ Info: Progress
│   simulation_time = 13 hours, 21 minutes
│   n_steps_completed = 1602
│   wall_time_per_step = 8 milliseconds, 933 microseconds
│   wall_time_total = 51 seconds, 457 milliseconds
│   wall_time_remaining = 37 seconds, 146 milliseconds
│   wall_time_spent = 14 seconds, 311 milliseconds
│   percent_complete = 27.8%
│   estimated_sypd = 9.194
│   instantaneous_sypd = 9.938
│   date_now = 2026-07-04T09:02:53.367
└   estimated_finish_date = 2026-07-04T09:03:31.367
┌ Info: Progress
│   simulation_time = 15 hours, 45 minutes
│   n_steps_completed = 1891
│   wall_time_per_step = 8 milliseconds, 820 microseconds
│   wall_time_total = 50 seconds, 805 milliseconds
│   wall_time_remaining = 34 seconds, 126 milliseconds
│   wall_time_spent = 16 seconds, 679 milliseconds
│   percent_complete = 32.8%
│   estimated_sypd = 9.312
│   instantaneous_sypd = 10.025
│   date_now = 2026-07-04T09:02:55.734
└   estimated_finish_date = 2026-07-04T09:03:30.734
┌ Info: Progress
│   simulation_time = 17 hours, 4 minutes
│   n_steps_completed = 2048
│   wall_time_per_step = 8 milliseconds, 770 microseconds
│   wall_time_total = 50 seconds, 520 milliseconds
│   wall_time_remaining = 32 seconds, 557 milliseconds
│   wall_time_spent = 17 seconds, 962 milliseconds
│   percent_complete = 35.6%
│   estimated_sypd = 9.365
│   instantaneous_sypd = 10.048
│   date_now = 2026-07-04T09:02:57.018
└   estimated_finish_date = 2026-07-04T09:03:30.018
┌ Info: Progress
│   simulation_time = 19 hours, 28 minutes
│   n_steps_completed = 2337
│   wall_time_per_step = 8 milliseconds, 693 microseconds
│   wall_time_total = 50 seconds, 72 milliseconds
│   wall_time_remaining = 29 seconds, 756 milliseconds
│   wall_time_spent = 20 seconds, 316 milliseconds
│   percent_complete = 40.6%
│   estimated_sypd = 9.448
│   instantaneous_sypd = 10.087
│   date_now = 2026-07-04T09:02:59.371
└   estimated_finish_date = 2026-07-04T09:03:29.371
┌ Info: Progress
│   simulation_time = 21 hours, 53 minutes
│   n_steps_completed = 2626
│   wall_time_per_step = 8 milliseconds, 888 microseconds
│   wall_time_total = 51 seconds, 198 milliseconds
│   wall_time_remaining = 27 seconds, 857 milliseconds
│   wall_time_spent = 23 seconds, 341 milliseconds
│   percent_complete = 45.6%
│   estimated_sypd = 9.24
│   instantaneous_sypd = 7.845
│   date_now = 2026-07-04T09:03:02.397
└   estimated_finish_date = 2026-07-04T09:03:30.397
┌ Info: Progress
│   simulation_time = 1 day, 17 minutes
│   n_steps_completed = 2915
│   wall_time_per_step = 8 milliseconds, 822 microseconds
│   wall_time_total = 50 seconds, 816 milliseconds
│   wall_time_remaining = 25 seconds, 99 milliseconds
│   wall_time_spent = 25 seconds, 716 milliseconds
│   percent_complete = 50.6%
│   estimated_sypd = 9.31
│   instantaneous_sypd = 9.994
│   date_now = 2026-07-04T09:03:04.772
└   estimated_finish_date = 2026-07-04T09:03:30.772
┌ Info: Progress
│   simulation_time = 1 day, 2 hours
│   n_steps_completed = 3204
│   wall_time_per_step = 8 milliseconds, 773 microseconds
│   wall_time_total = 50 seconds, 537 milliseconds
│   wall_time_remaining = 22 seconds, 425 milliseconds
│   wall_time_spent = 28 seconds, 111 milliseconds
│   percent_complete = 55.6%
│   estimated_sypd = 9.361
│   instantaneous_sypd = 9.913
│   date_now = 2026-07-04T09:03:07.166
└   estimated_finish_date = 2026-07-04T09:03:30.166
┌ Info: Progress
│   simulation_time = 1 day, 5 hours
│   n_steps_completed = 3493
│   wall_time_per_step = 8 milliseconds, 718 microseconds
│   wall_time_total = 50 seconds, 219 milliseconds
│   wall_time_remaining = 19 seconds, 765 milliseconds
│   wall_time_spent = 30 seconds, 454 milliseconds
│   percent_complete = 60.6%
│   estimated_sypd = 9.421
│   instantaneous_sypd = 10.132
│   date_now = 2026-07-04T09:03:09.509
└   estimated_finish_date = 2026-07-04T09:03:29.509
┌ Info: Progress
│   simulation_time = 1 day, 7 hours
│   n_steps_completed = 3782
│   wall_time_per_step = 8 milliseconds, 681 microseconds
│   wall_time_total = 50 seconds, 3 milliseconds
│   wall_time_remaining = 17 seconds, 171 milliseconds
│   wall_time_spent = 32 seconds, 832 milliseconds
│   percent_complete = 65.7%
│   estimated_sypd = 9.461
│   instantaneous_sypd = 9.982
│   date_now = 2026-07-04T09:03:11.887
└   estimated_finish_date = 2026-07-04T09:03:29.887
┌ Info: Progress
│   simulation_time = 1 day, 9 hours
│   n_steps_completed = 4071
│   wall_time_per_step = 8 milliseconds, 645 microseconds
│   wall_time_total = 49 seconds, 795 milliseconds
│   wall_time_remaining = 14 seconds, 601 milliseconds
│   wall_time_spent = 35 seconds, 194 milliseconds
│   percent_complete = 70.7%
│   estimated_sypd = 9.501
│   instantaneous_sypd = 10.05
│   date_now = 2026-07-04T09:03:14.249
└   estimated_finish_date = 2026-07-04T09:03:29.249
┌ Info: Progress
│   simulation_time = 1 day, 10 hours
│   n_steps_completed = 4096
│   wall_time_per_step = 8 milliseconds, 640 microseconds
│   wall_time_total = 49 seconds, 769 milliseconds
│   wall_time_remaining = 14 seconds, 377 milliseconds
│   wall_time_spent = 35 seconds, 391 milliseconds
│   percent_complete = 71.1%
│   estimated_sypd = 9.506
│   instantaneous_sypd = 10.397
│   date_now = 2026-07-04T09:03:14.446
└   estimated_finish_date = 2026-07-04T09:03:29.446
┌ Info: Progress
│   simulation_time = 1 day, 12 hours
│   n_steps_completed = 4385
│   wall_time_per_step = 8 milliseconds, 618 microseconds
│   wall_time_total = 49 seconds, 643 milliseconds
│   wall_time_remaining = 11 seconds, 850 milliseconds
│   wall_time_spent = 37 seconds, 793 milliseconds
│   percent_complete = 76.1%
│   estimated_sypd = 9.53
│   instantaneous_sypd = 9.885
│   date_now = 2026-07-04T09:03:16.848
└   estimated_finish_date = 2026-07-04T09:03:28.848
┌ Info: Progress
│   simulation_time = 1 day, 14 hours
│   n_steps_completed = 4674
│   wall_time_per_step = 8 milliseconds, 590 microseconds
│   wall_time_total = 49 seconds, 478 milliseconds
│   wall_time_remaining = 9 seconds, 328 milliseconds
│   wall_time_spent = 40 seconds, 149 milliseconds
│   percent_complete = 81.1%
│   estimated_sypd = 9.562
│   instantaneous_sypd = 10.072
│   date_now = 2026-07-04T09:03:19.205
└   estimated_finish_date = 2026-07-04T09:03:29.205
┌ Info: Progress
│   simulation_time = 1 day, 17 hours
│   n_steps_completed = 4963
│   wall_time_per_step = 8 milliseconds, 584 microseconds
│   wall_time_total = 49 seconds, 445 milliseconds
│   wall_time_remaining = 6 seconds, 841 milliseconds
│   wall_time_spent = 42 seconds, 604 milliseconds
│   percent_complete = 86.2%
│   estimated_sypd = 9.568
│   instantaneous_sypd = 9.671
│   date_now = 2026-07-04T09:03:21.659
└   estimated_finish_date = 2026-07-04T09:03:28.659
┌ Info: Progress
│   simulation_time = 1 day, 19 hours
│   n_steps_completed = 5252
│   wall_time_per_step = 8 milliseconds, 575 microseconds
│   wall_time_total = 49 seconds, 396 milliseconds
│   wall_time_remaining = 4 seconds, 356 milliseconds
│   wall_time_spent = 45 seconds, 39 milliseconds
│   percent_complete = 91.2%
│   estimated_sypd = 9.578
│   instantaneous_sypd = 9.745
│   date_now = 2026-07-04T09:03:24.095
└   estimated_finish_date = 2026-07-04T09:03:29.095
┌ Info: Progress
│   simulation_time = 1 day, 22 hours
│   n_steps_completed = 5541
│   wall_time_per_step = 8 milliseconds, 574 microseconds
│   wall_time_total = 49 seconds, 391 milliseconds
│   wall_time_remaining = 1 second, 877 milliseconds
│   wall_time_spent = 47 seconds, 513 milliseconds
│   percent_complete = 96.2%
│   estimated_sypd = 9.579
│   instantaneous_sypd = 9.596
│   date_now = 2026-07-04T09:03:26.568
└   estimated_finish_date = 2026-07-04T09:03:28.568
[ Info: solve! walltime = 49.37
[ Info: sypd: 9.589
[ Info: wall_time_per_timestep: 8 milliseconds, 571 microseconds
[ Info: Memory currently used (after solve!) by the process (RSS): 8.96 GiB
┌ Info: Finished variation [8/9]
│   overlay = experiments/clw sensitivity experiments/configs/v8_subltime10000.yml
│   job_id = lf1e_clw1_v8_subltime10000
│   ret_code = success
└   walltime = 52.5s
┌ Info: Starting variation [9/9]
└   overlay = experiments/clw sensitivity experiments/configs/v9_condtime10.yml
┌ Info: Making AtmosConfig with config files: 
│      /home/jeff/larcform1-experiments/ClimaAtmos.jl/src/config/../../config/default_configs/default_config.yml
│      /home/jeff/larcform1-experiments/experiments/clw sensitivity experiments/../../ClimaAtmos.jl/config/model_configs/larcform1_1M_prognostic_edmfx.yml
│      experiments/clw sensitivity experiments/configs/v9_condtime10.yml
└   
┌ Info: numerics 
│          `energy_q_tot_upwinding`::`Val{:vanleer_limiter}`
│                `tracer_upwinding`::`Val{:vanleer_limiter}`
│       `edmfx_mse_q_tot_upwinding`::`Val{:first_order}`
│         `edmfx_sgsflux_upwinding`::`Val{:none}`
│          `edmfx_tracer_upwinding`::`Val{:first_order}`
│         `test_dycore_consistency`::`Nothing`
│            `reproducible_restart`::`Nothing`
│                         `limiter`::`Nothing`
│                       `diff_mode`::`ClimaAtmos.Implicit`
│                       `hyperdiff`::`Nothing`
└   
┌ Info: AtmosModel: 
│   
│                               `water`::`ClimaAtmos.AtmosWater{ClimaAtmos.NonEquilibriumMicrophysics1M, ClimaAtmos.QuadratureCloud, ClimaAtmos.Implicit, Nothing, ClimaAtmos.SGSQuadrature{3, StaticArraysCore.SVector{3, Float32}, StaticArraysCore.SVector{3, Float32}, ClimaAtmos.GaussianSGS, Float32}, ClimaAtmos.FixedTerminalVelocity{Float32}}`
│                           `scm_setup`::`ClimaAtmos.SCMSetup{Nothing, Nothing, Nothing, Bool, @NamedTuple{prof_ug::AtmosphericProfilesLibrary.ZProfile{AtmosphericProfilesLibrary.var"#Larcform1_geostrophic_u##0#Larcform1_geostrophic_u##1"{Float32}}, prof_vg::AtmosphericProfilesLibrary.ZProfile{Returns{Float32}}, coriolis_param::Float32}}`
│                           `radiation`::`ClimaAtmos.AtmosRadiation{ClimaAtmos.RRTMGPInterface.AllSkyRadiationWithClearSkyDiagnostics{ClimaAtmos.InteractiveCloudInRadiation}, ClimaAtmos.Larcform1Insolation}`
│                            `turbconv`::`ClimaAtmos.AtmosTurbconv{ClimaAtmos.EDMFXModel{ClimaAtmos.InvZEntrainment, ClimaAtmos.BuoyancyVelocityDetrainment, Val{true}, Val{true}, Val{true}, Val{true}, Val{true}, ClimaAtmos.SmoothMinimumBlending}, ClimaAtmos.PrognosticEDMFX{1, true, Float32}, Nothing, Nothing, Nothing}`
│                     `prescribed_flow`::`Nothing`
│                        `gravity_wave`::`ClimaAtmos.AtmosGravityWave{Nothing, Nothing}`
│                  `vertical_diffusion`::`Nothing`
│                              `sponge`::`ClimaAtmos.AtmosSponge{Nothing, Nothing}`
│                             `surface`::`ClimaAtmos.AtmosSurface{ClimaAtmos.SurfaceConditions.MoninObukhov{Float32, Nothing, Nothing}, ClimaAtmos.SurfaceConditions.SlabOceanTemperature{Float32}, ClimaAtmos.SurfaceConditions.SurfaceBoundaryOverrides{Float32, Float32, Nothing, Nothing, Nothing, Nothing}, ClimaAtmos.ConstantAlbedo{Float32}}`
│                            `numerics`::`ClimaAtmos.AtmosNumerics{Val{:vanleer_limiter}, Val{:vanleer_limiter}, Val{:first_order}, Val{:none}, Val{:first_order}, Nothing, Nothing, Nothing, ClimaAtmos.Implicit, Nothing}`
│                           `chemistry`::`ClimaAtmos.AtmosChem{Nothing}`
└   
┌ Info: Microphysics settings: 
│                          `n_substeps`::`3`
│                     `n_substeps_quad`::`2`
│              `cloud_liquid_formation`::`CloudLiquidFormation`
│                 `cloud_ice_formation`::`ConstantTimescale`
│                      `cloud_ice_melt`::`CloudIceMelt`
│                 `rain_autoconversion`::`Kessler1M`
│                 `snow_autoconversion`::`NoSupersaturation`
│       `rain_condensation_evaporation`::`RainEvaporation`
│         `snow_deposition_sublimation`::`DepositionAndSublimation`
│                           `snow_melt`::`SnowMelt`
│         `cloud_liquid_rain_accretion`::`CloudLiquidRainAccretion`
│         `cloud_liquid_snow_accretion`::`CloudLiquidSnowAccretion`
│            `cloud_ice_rain_accretion`::`CloudIceRainAccretion`
│            `cloud_ice_snow_accretion`::`CloudIceSnowAccretion`
│                 `rain_snow_accretion`::`RainSnowAccretion`
└   
[ Info: Single-process ClimaAtmos run on CPUSingleThreaded
[ Info: Using ODE config: `ClimaTimeSteppers.ARS222`
[ Info: Initialized state (17.76 μs, 6.99 KiB)
[ Info: Built cache (235.183 ms, 141.4 MiB)
[ Info: Assembled callbacks (181.073 μs, 17.42 KiB)
┌ Info: Jacobian algorithm: ManualSparseJacobian(
│     approximate_solve_iters = 2,
└   )
[ Info: Jacobian derivative flags: topography_flag = IgnoreDerivative, diffusion_flag = UseDerivative
[ Info: Built tendency function (284.944 μs, 190.22 KiB)
[ Info: Initialized integrator (7.513 ms, 159.78 KiB)
[ Info: Added 114 user-provided YAML-style diagnostics
[ Info: Saving accumulated diagnostics to disk with frequency: 10 minutes, 1 hour
[ Info: Set up diagnostics (3.181 ms, 1.04 MiB)
[ Info: Initialized 114 total diagnostics
