┌ Info: Simulation info
│   job_id = lf1e_clw_cal_member
└   output_dir = /home/jeff/larcform1-experiments/experiments/clw calibration/output/smoke6/iteration_001/member_012/output_0000
┌ Info: Running
│   job_id = lf1e_clw_cal_member
│   output_dir = /home/jeff/larcform1-experiments/experiments/clw calibration/output/smoke6/iteration_001/member_012/output_0000
└   tspan = (0.0 seconds (2010-01-01T00:00:00) [counter = 0, period = 1 second, epoch = 2010-01-01T00:00:00], 172800.0 seconds (2010-01-03T00:00:00) [counter = 172800, period = 1 second, epoch = 2010-01-01T00:00:00])
┌ Info: Progress
│   simulation_time = 30 seconds
│   n_steps_completed = 1
│   wall_time_per_step = 0 seconds
│   wall_time_total = 0 seconds
│   wall_time_remaining = 0 seconds
│   wall_time_spent = 0 seconds
│   percent_complete = 0.0%
│   estimated_sypd = Inf
│   instantaneous_sypd = 0.0 (sdpd_estimate = 0.0)
│   date_now = 2026-07-05T14:19:00.826
└   estimated_finish_date = 2026-07-05T14:19:00.826
┌ Info: Progress
│   simulation_time = 1 minute
│   n_steps_completed = 2
│   wall_time_per_step = 0 seconds
│   wall_time_total = 0 seconds
│   wall_time_remaining = 0 seconds
│   wall_time_spent = 0 seconds
│   percent_complete = 0.0%
│   estimated_sypd = Inf
│   instantaneous_sypd = 0.028
│   date_now = 2026-07-05T14:19:03.762
└   estimated_finish_date = 2026-07-05T14:19:03.762
┌ Info: Progress
│   simulation_time = 2 minutes
│   n_steps_completed = 4
│   wall_time_per_step = 4 milliseconds, 657 microseconds
│   wall_time_total = 26 seconds, 824 milliseconds
│   wall_time_remaining = 26 seconds, 805 milliseconds
│   wall_time_spent = 18 milliseconds, 628 microseconds
│   percent_complete = 0.1%
│   estimated_sypd = 17.637
│   instantaneous_sypd = 17.637
│   date_now = 2026-07-05T14:19:03.771
└   estimated_finish_date = 2026-07-05T14:19:30.771
┌ Info: Progress
│   simulation_time = 4 minutes
│   n_steps_completed = 8
│   wall_time_per_step = 4 milliseconds, 452 microseconds
│   wall_time_total = 25 seconds, 644 milliseconds
│   wall_time_remaining = 25 seconds, 608 milliseconds
│   wall_time_spent = 35 milliseconds, 617 microseconds
│   percent_complete = 0.1%
│   estimated_sypd = 18.449
│   instantaneous_sypd = 19.339
│   date_now = 2026-07-05T14:19:03.788
└   estimated_finish_date = 2026-07-05T14:19:29.788
┌ Info: Progress
│   simulation_time = 8 minutes
│   n_steps_completed = 16
│   wall_time_per_step = 4 milliseconds, 278 microseconds
│   wall_time_total = 24 seconds, 644 milliseconds
│   wall_time_remaining = 24 seconds, 575 milliseconds
│   wall_time_spent = 68 milliseconds, 456 microseconds
│   percent_complete = 0.3%
│   estimated_sypd = 19.197
│   instantaneous_sypd = 20.009
│   date_now = 2026-07-05T14:19:03.821
└   estimated_finish_date = 2026-07-05T14:19:28.821
┌ Info: Progress
│   simulation_time = 16 minutes
│   n_steps_completed = 32
│   wall_time_per_step = 4 milliseconds, 83 microseconds
│   wall_time_total = 23 seconds, 519 milliseconds
│   wall_time_remaining = 23 seconds, 388 milliseconds
│   wall_time_spent = 130 milliseconds, 661 microseconds
│   percent_complete = 0.6%
│   estimated_sypd = 20.116
│   instantaneous_sypd = 21.126
│   date_now = 2026-07-05T14:19:03.883
└   estimated_finish_date = 2026-07-05T14:19:27.883
┌ Info: Progress
│   simulation_time = 32 minutes
│   n_steps_completed = 64
│   wall_time_per_step = 4 milliseconds, 199 microseconds
│   wall_time_total = 24 seconds, 189 milliseconds
│   wall_time_remaining = 23 seconds, 920 milliseconds
│   wall_time_spent = 268 milliseconds, 767 microseconds
│   percent_complete = 1.1%
│   estimated_sypd = 19.558
│   instantaneous_sypd = 19.031
│   date_now = 2026-07-05T14:19:04.021
└   estimated_finish_date = 2026-07-05T14:19:28.021
┌ Info: Progress
│   simulation_time = 1 hour, 4 minutes
│   n_steps_completed = 128
│   wall_time_per_step = 4 milliseconds, 354 microseconds
│   wall_time_total = 25 seconds, 83 milliseconds
│   wall_time_remaining = 24 seconds, 526 milliseconds
│   wall_time_spent = 557 milliseconds, 411 microseconds
│   percent_complete = 2.2%
│   estimated_sypd = 18.861
│   instantaneous_sypd = 18.212
│   date_now = 2026-07-05T14:19:04.310
└   estimated_finish_date = 2026-07-05T14:19:29.310
┌ Info: Progress
│   simulation_time = 2 hours, 8 minutes
│   n_steps_completed = 256
│   wall_time_per_step = 4 milliseconds, 379 microseconds
│   wall_time_total = 25 seconds, 225 milliseconds
│   wall_time_remaining = 24 seconds, 104 milliseconds
│   wall_time_spent = 1 second, 121 milliseconds
│   percent_complete = 4.4%
│   estimated_sypd = 18.755
│   instantaneous_sypd = 18.65
│   date_now = 2026-07-05T14:19:04.874
└   estimated_finish_date = 2026-07-05T14:19:29.874
┌ Info: Progress
│   simulation_time = 4 hours, 16 minutes
│   n_steps_completed = 512
│   wall_time_per_step = 4 milliseconds, 330 microseconds
│   wall_time_total = 24 seconds, 943 milliseconds
│   wall_time_remaining = 22 seconds, 726 milliseconds
│   wall_time_spent = 2 seconds, 217 milliseconds
│   percent_complete = 8.9%
│   estimated_sypd = 18.967
│   instantaneous_sypd = 19.184
│   date_now = 2026-07-05T14:19:05.970
└   estimated_finish_date = 2026-07-05T14:19:28.970
┌ Info: Progress
│   simulation_time = 6 hours, 40 minutes
│   n_steps_completed = 801
│   wall_time_per_step = 4 milliseconds, 445 microseconds
│   wall_time_total = 25 seconds, 604 milliseconds
│   wall_time_remaining = 22 seconds, 44 milliseconds
│   wall_time_spent = 3 seconds, 560 milliseconds
│   percent_complete = 13.9%
│   estimated_sypd = 18.477
│   instantaneous_sypd = 17.668
│   date_now = 2026-07-05T14:19:07.313
└   estimated_finish_date = 2026-07-05T14:19:30.313
┌ Info: Progress
│   simulation_time = 8 hours, 32 minutes
│   n_steps_completed = 1024
│   wall_time_per_step = 4 milliseconds, 592 microseconds
│   wall_time_total = 26 seconds, 455 milliseconds
│   wall_time_remaining = 21 seconds, 752 milliseconds
│   wall_time_spent = 4 seconds, 703 milliseconds
│   percent_complete = 17.8%
│   estimated_sypd = 17.883
│   instantaneous_sypd = 16.032
│   date_now = 2026-07-05T14:19:08.456
└   estimated_finish_date = 2026-07-05T14:19:30.456
┌ Info: Progress
│   simulation_time = 10 hours, 56 minutes
│   n_steps_completed = 1313
│   wall_time_per_step = 4 milliseconds, 608 microseconds
│   wall_time_total = 26 seconds, 545 milliseconds
│   wall_time_remaining = 20 seconds, 494 milliseconds
│   wall_time_spent = 6 seconds, 51 milliseconds
│   percent_complete = 22.8%
│   estimated_sypd = 17.822
│   instantaneous_sypd = 17.611
│   date_now = 2026-07-05T14:19:09.804
└   estimated_finish_date = 2026-07-05T14:19:30.804
┌ Info: Progress
│   simulation_time = 13 hours, 21 minutes
│   n_steps_completed = 1602
│   wall_time_per_step = 4 milliseconds, 682 microseconds
│   wall_time_total = 26 seconds, 971 milliseconds
│   wall_time_remaining = 19 seconds, 470 milliseconds
│   wall_time_spent = 7 seconds, 501 milliseconds
│   percent_complete = 27.8%
│   estimated_sypd = 17.541
│   instantaneous_sypd = 16.365
│   date_now = 2026-07-05T14:19:11.254
└   estimated_finish_date = 2026-07-05T14:19:31.254
┌ Info: Progress
│   simulation_time = 15 hours, 45 minutes
│   n_steps_completed = 1891
│   wall_time_per_step = 4 milliseconds, 719 microseconds
│   wall_time_total = 27 seconds, 186 milliseconds
│   wall_time_remaining = 18 seconds, 261 milliseconds
│   wall_time_spent = 8 seconds, 925 milliseconds
│   percent_complete = 32.8%
│   estimated_sypd = 17.402
│   instantaneous_sypd = 16.672
│   date_now = 2026-07-05T14:19:12.678
└   estimated_finish_date = 2026-07-05T14:19:31.678
┌ Info: Progress
│   simulation_time = 17 hours, 4 minutes
│   n_steps_completed = 2048
│   wall_time_per_step = 4 milliseconds, 814 microseconds
│   wall_time_total = 27 seconds, 729 milliseconds
│   wall_time_remaining = 17 seconds, 870 milliseconds
│   wall_time_spent = 9 seconds, 859 milliseconds
│   percent_complete = 35.6%
│   estimated_sypd = 17.061
│   instantaneous_sypd = 13.804
│   date_now = 2026-07-05T14:19:13.612
└   estimated_finish_date = 2026-07-05T14:19:31.612
┌ Info: Progress
│   simulation_time = 19 hours, 28 minutes
│   n_steps_completed = 2337
│   wall_time_per_step = 4 milliseconds, 909 microseconds
│   wall_time_total = 28 seconds, 280 milliseconds
│   wall_time_remaining = 16 seconds, 806 milliseconds
│   wall_time_spent = 11 seconds, 474 milliseconds
│   percent_complete = 40.6%
│   estimated_sypd = 16.729
│   instantaneous_sypd = 14.698
│   date_now = 2026-07-05T14:19:15.227
└   estimated_finish_date = 2026-07-05T14:19:32.227
┌ Info: Progress
│   simulation_time = 21 hours, 53 minutes
│   n_steps_completed = 2626
│   wall_time_per_step = 4 milliseconds, 986 microseconds
│   wall_time_total = 28 seconds, 722 milliseconds
│   wall_time_remaining = 15 seconds, 627 milliseconds
│   wall_time_spent = 13 seconds, 94 milliseconds
│   percent_complete = 45.6%
│   estimated_sypd = 16.472
│   instantaneous_sypd = 14.652
│   date_now = 2026-07-05T14:19:16.847
└   estimated_finish_date = 2026-07-05T14:19:32.847
┌ Info: Progress
│   simulation_time = 1 day, 17 minutes
│   n_steps_completed = 2915
│   wall_time_per_step = 5 milliseconds, 146 microseconds
│   wall_time_total = 29 seconds, 641 milliseconds
│   wall_time_remaining = 14 seconds, 640 milliseconds
│   wall_time_spent = 15 seconds, 733 microseconds
│   percent_complete = 50.6%
│   estimated_sypd = 15.961
│   instantaneous_sypd = 12.452
│   date_now = 2026-07-05T14:19:18.755
└   estimated_finish_date = 2026-07-05T14:19:33.755
┌ Info: Progress
│   simulation_time = 1 day, 2 hours
│   n_steps_completed = 3204
│   wall_time_per_step = 5 milliseconds, 266 microseconds
│   wall_time_total = 30 seconds, 336 milliseconds
│   wall_time_remaining = 13 seconds, 462 milliseconds
│   wall_time_spent = 16 seconds, 874 milliseconds
│   percent_complete = 55.6%
│   estimated_sypd = 15.595
│   instantaneous_sypd = 12.665
│   date_now = 2026-07-05T14:19:20.628
└   estimated_finish_date = 2026-07-05T14:19:34.628
┌ Info: Progress
│   simulation_time = 1 day, 5 hours
│   n_steps_completed = 3493
│   wall_time_per_step = 5 milliseconds, 370 microseconds
│   wall_time_total = 30 seconds, 933 milliseconds
│   wall_time_remaining = 12 seconds, 174 milliseconds
│   wall_time_spent = 18 seconds, 759 milliseconds
│   percent_complete = 60.6%
│   estimated_sypd = 15.294
│   instantaneous_sypd = 12.599
│   date_now = 2026-07-05T14:19:22.512
└   estimated_finish_date = 2026-07-05T14:19:35.512
┌ Info: Progress
│   simulation_time = 1 day, 7 hours
│   n_steps_completed = 3782
│   wall_time_per_step = 5 milliseconds, 482 microseconds
│   wall_time_total = 31 seconds, 579 milliseconds
│   wall_time_remaining = 10 seconds, 844 milliseconds
│   wall_time_spent = 20 seconds, 735 milliseconds
│   percent_complete = 65.7%
│   estimated_sypd = 14.981
│   instantaneous_sypd = 12.013
│   date_now = 2026-07-05T14:19:24.488
└   estimated_finish_date = 2026-07-05T14:19:35.488
┌ Info: Progress
│   simulation_time = 1 day, 9 hours
│   n_steps_completed = 4071
│   wall_time_per_step = 5 milliseconds, 585 microseconds
│   wall_time_total = 32 seconds, 172 milliseconds
│   wall_time_remaining = 9 seconds, 433 milliseconds
│   wall_time_spent = 22 seconds, 738 milliseconds
│   percent_complete = 70.7%
│   estimated_sypd = 14.705
│   instantaneous_sypd = 11.849
│   date_now = 2026-07-05T14:19:26.491
└   estimated_finish_date = 2026-07-05T14:19:36.491
┌ Info: Progress
│   simulation_time = 1 day, 10 hours
│   n_steps_completed = 4096
│   wall_time_per_step = 5 milliseconds, 590 microseconds
│   wall_time_total = 32 seconds, 198 milliseconds
│   wall_time_remaining = 9 seconds, 301 milliseconds
│   wall_time_spent = 22 seconds, 896 milliseconds
│   percent_complete = 71.1%
│   estimated_sypd = 14.693
│   instantaneous_sypd = 12.938
│   date_now = 2026-07-05T14:19:26.650
└   estimated_finish_date = 2026-07-05T14:19:36.650
┌ Info: Progress
│   simulation_time = 1 day, 12 hours
│   n_steps_completed = 4385
│   wall_time_per_step = 5 milliseconds, 622 microseconds
│   wall_time_total = 32 seconds, 387 milliseconds
│   wall_time_remaining = 7 seconds, 731 milliseconds
│   wall_time_spent = 24 seconds, 656 milliseconds
│   percent_complete = 76.1%
│   estimated_sypd = 14.607
│   instantaneous_sypd = 13.493
│   date_now = 2026-07-05T14:19:28.409
└   estimated_finish_date = 2026-07-05T14:19:36.409
┌ Info: Progress
│   simulation_time = 1 day, 14 hours
│   n_steps_completed = 4674
│   wall_time_per_step = 5 milliseconds, 662 microseconds
│   wall_time_total = 32 seconds, 615 milliseconds
│   wall_time_remaining = 6 seconds, 149 milliseconds
│   wall_time_spent = 26 seconds, 466 milliseconds
│   percent_complete = 81.1%
│   estimated_sypd = 14.505
│   instantaneous_sypd = 13.113
│   date_now = 2026-07-05T14:19:30.219
└   estimated_finish_date = 2026-07-05T14:19:37.219
┌ Info: Progress
│   simulation_time = 1 day, 17 hours
│   n_steps_completed = 4963
│   wall_time_per_step = 5 milliseconds, 732 microseconds
│   wall_time_total = 33 seconds, 21 milliseconds
│   wall_time_remaining = 4 seconds, 569 milliseconds
│   wall_time_spent = 28 seconds, 452 milliseconds
│   percent_complete = 86.2%
│   estimated_sypd = 14.327
│   instantaneous_sypd = 11.953
│   date_now = 2026-07-05T14:19:32.205
└   estimated_finish_date = 2026-07-05T14:19:37.205
┌ Info: Progress
│   simulation_time = 1 day, 19 hours
│   n_steps_completed = 5252
│   wall_time_per_step = 5 milliseconds, 788 microseconds
│   wall_time_total = 33 seconds, 343 milliseconds
│   wall_time_remaining = 2 seconds, 940 milliseconds
│   wall_time_spent = 30 seconds, 403 milliseconds
│   percent_complete = 91.2%
│   estimated_sypd = 14.189
│   instantaneous_sypd = 12.168
│   date_now = 2026-07-05T14:19:34.156
└   estimated_finish_date = 2026-07-05T14:19:37.156
┌ Info: Progress
│   simulation_time = 1 day, 22 hours
│   n_steps_completed = 5541
│   wall_time_per_step = 5 milliseconds, 843 microseconds
│   wall_time_total = 33 seconds, 657 milliseconds
│   wall_time_remaining = 1 second, 279 milliseconds
│   wall_time_spent = 32 seconds, 377 milliseconds
│   percent_complete = 96.2%
│   estimated_sypd = 14.056
│   instantaneous_sypd = 12.021
│   date_now = 2026-07-05T14:19:36.130
└   estimated_finish_date = 2026-07-05T14:19:38.130
[ Info: solve! walltime = 33.911
[ Info: sypd: 13.961
[ Info: wall_time_per_timestep: 5 milliseconds, 887 microseconds
[ Info: Memory currently used (after solve!) by the process (RSS): 8.98 GiB
[ Info: Completed member 12
┌ Info: Making AtmosConfig with config files: 
│      /home/jeff/larcform1-experiments/ClimaAtmos.jl/src/config/../../config/default_configs/default_config.yml
└   
┌ Info: numerics 
│          `energy_q_tot_upwinding`::`Val{:vanleer_limiter}`
│                `tracer_upwinding`::`Val{:vanleer_limiter}`
│       `edmfx_mse_q_tot_upwinding`::`Val{:first_order}`
│         `edmfx_sgsflux_upwinding`::`Val{:none}`
│          `edmfx_tracer_upwinding`::`Val{:first_order}`
│         `test_dycore_consistency`::`Nothing`
│            `reproducible_restart`::`Nothing`
│                         `limiter`::`Nothing`
│                       `diff_mode`::`ClimaAtmos.Implicit`
│                       `hyperdiff`::`Nothing`
└   
┌ Info: AtmosModel: 
│   
│                               `water`::`ClimaAtmos.AtmosWater{ClimaAtmos.NonEquilibriumMicrophysics1M, ClimaAtmos.QuadratureCloud, ClimaAtmos.Implicit, Nothing, ClimaAtmos.SGSQuadrature{3, StaticArraysCore.SVector{3, Float32}, StaticArraysCore.SVector{3, Float32}, ClimaAtmos.GaussianSGS, Float32}, ClimaAtmos.FixedTerminalVelocity{Float32}}`
│                           `scm_setup`::`ClimaAtmos.SCMSetup{Nothing, Nothing, Nothing, Bool, @NamedTuple{prof_ug::AtmosphericProfilesLibrary.ZProfile{AtmosphericProfilesLibrary.var"#Larcform1_geostrophic_u##0#Larcform1_geostrophic_u##1"{Float32}}, prof_vg::AtmosphericProfilesLibrary.ZProfile{Returns{Float32}}, coriolis_param::Float32}}`
│                           `radiation`::`ClimaAtmos.AtmosRadiation{ClimaAtmos.RRTMGPInterface.AllSkyRadiationWithClearSkyDiagnostics{ClimaAtmos.InteractiveCloudInRadiation}, ClimaAtmos.Larcform1Insolation}`
│                            `turbconv`::`ClimaAtmos.AtmosTurbconv{ClimaAtmos.EDMFXModel{ClimaAtmos.InvZEntrainment, ClimaAtmos.BuoyancyVelocityDetrainment, Val{true}, Val{true}, Val{true}, Val{true}, Val{true}, ClimaAtmos.SmoothMinimumBlending}, ClimaAtmos.PrognosticEDMFX{1, true, Float32}, Nothing, Nothing, Nothing}`
│                     `prescribed_flow`::`Nothing`
│                        `gravity_wave`::`ClimaAtmos.AtmosGravityWave{Nothing, Nothing}`
│                  `vertical_diffusion`::`Nothing`
│                              `sponge`::`ClimaAtmos.AtmosSponge{Nothing, Nothing}`
│                             `surface`::`ClimaAtmos.AtmosSurface{ClimaAtmos.SurfaceConditions.MoninObukhov{Float32, Nothing, Nothing}, ClimaAtmos.SurfaceConditions.SlabOceanTemperature{Float32}, ClimaAtmos.SurfaceConditions.SurfaceBoundaryOverrides{Float32, Float32, Nothing, Nothing, Nothing, Nothing}, ClimaAtmos.ConstantAlbedo{Float32}}`
│                            `numerics`::`ClimaAtmos.AtmosNumerics{Val{:vanleer_limiter}, Val{:vanleer_limiter}, Val{:first_order}, Val{:none}, Val{:first_order}, Nothing, Nothing, Nothing, ClimaAtmos.Implicit, Nothing}`
│                           `chemistry`::`ClimaAtmos.AtmosChem{Nothing}`
└   
┌ Info: Microphysics settings: 
│                          `n_substeps`::`3`
│                     `n_substeps_quad`::`2`
│              `cloud_liquid_formation`::`CloudLiquidFormation`
│                 `cloud_ice_formation`::`TemperatureDependent`
│                      `cloud_ice_melt`::`CloudIceMelt`
│                 `rain_autoconversion`::`Kessler1M`
│                 `snow_autoconversion`::`NoSupersaturation`
│       `rain_condensation_evaporation`::`RainEvaporation`
│         `snow_deposition_sublimation`::`DepositionAndSublimation`
│                           `snow_melt`::`SnowMelt`
│         `cloud_liquid_rain_accretion`::`CloudLiquidRainAccretion`
│         `cloud_liquid_snow_accretion`::`CloudLiquidSnowAccretion`
│            `cloud_ice_rain_accretion`::`CloudIceRainAccretion`
│            `cloud_ice_snow_accretion`::`CloudIceSnowAccretion`
│                 `rain_snow_accretion`::`RainSnowAccretion`
└   
[ Info: Single-process ClimaAtmos run on CPUSingleThreaded
[ Info: Using ODE config: `ClimaTimeSteppers.ARS222`
[ Info: Initialized state (50.251 μs, 7.76 KiB)
[ Info: Built cache (210.698 ms, 172.6 MiB)
[ Info: Assembled callbacks (122.483 μs, 17.42 KiB)
┌ Info: Jacobian algorithm: ManualSparseJacobian(
│     approximate_solve_iters = 2,
└   )
[ Info: Jacobian derivative flags: topography_flag = IgnoreDerivative, diffusion_flag = UseDerivative
[ Info: Built tendency function (192.785 μs, 201.06 KiB)
[ Info: Initialized integrator (8.702 ms, 169.03 KiB)
[ Info: Added 7 user-provided YAML-style diagnostics
[ Info: Saving accumulated diagnostics to disk with frequency: 1 hour
[ Info: Set up diagnostics (485.612 μs, 103.66 KiB)
[ Info: Initialized 7 total diagnostics
