┌ Info: Simulation info
│   job_id = lf1e_clw_cal_member
└   output_dir = /home/jeff/larcform1-experiments/experiments/clw calibration/output/smoke/iteration_001/member_006/output_0000
┌ Info: Running
│   job_id = lf1e_clw_cal_member
│   output_dir = /home/jeff/larcform1-experiments/experiments/clw calibration/output/smoke/iteration_001/member_006/output_0000
└   tspan = (0.0 seconds (2010-01-01T00:00:00) [counter = 0, period = 1 second, epoch = 2010-01-01T00:00:00], 172800.0 seconds (2010-01-03T00:00:00) [counter = 172800, period = 1 second, epoch = 2010-01-01T00:00:00])
┌ Info: Progress
│   simulation_time = 30 seconds
│   n_steps_completed = 1
│   wall_time_per_step = 0 seconds
│   wall_time_total = 0 seconds
│   wall_time_remaining = 0 seconds
│   wall_time_spent = 0 seconds
│   percent_complete = 0.0%
│   estimated_sypd = Inf
│   instantaneous_sypd = 0.0 (sdpd_estimate = 0.0)
│   date_now = 2026-07-05T09:07:10.839
└   estimated_finish_date = 2026-07-05T09:07:10.839
┌ Info: Progress
│   simulation_time = 1 minute
│   n_steps_completed = 2
│   wall_time_per_step = 0 seconds
│   wall_time_total = 0 seconds
│   wall_time_remaining = 0 seconds
│   wall_time_spent = 0 seconds
│   percent_complete = 0.0%
│   estimated_sypd = Inf
│   instantaneous_sypd = 0.032
│   date_now = 2026-07-05T09:07:13.396
└   estimated_finish_date = 2026-07-05T09:07:13.396
┌ Info: Progress
│   simulation_time = 2 minutes
│   n_steps_completed = 4
│   wall_time_per_step = 4 milliseconds, 541 microseconds
│   wall_time_total = 26 seconds, 161 milliseconds
│   wall_time_remaining = 26 seconds, 143 milliseconds
│   wall_time_spent = 18 milliseconds, 167 microseconds
│   percent_complete = 0.1%
│   estimated_sypd = 18.084
│   instantaneous_sypd = 18.084
│   date_now = 2026-07-05T09:07:13.405
└   estimated_finish_date = 2026-07-05T09:07:40.405
┌ Info: Progress
│   simulation_time = 4 minutes
│   n_steps_completed = 8
│   wall_time_per_step = 4 milliseconds, 283 microseconds
│   wall_time_total = 24 seconds, 671 milliseconds
│   wall_time_remaining = 24 seconds, 637 milliseconds
│   wall_time_spent = 34 milliseconds, 265 microseconds
│   percent_complete = 0.1%
│   estimated_sypd = 19.176
│   instantaneous_sypd = 20.409
│   date_now = 2026-07-05T09:07:13.421
└   estimated_finish_date = 2026-07-05T09:07:38.421
┌ Info: Progress
│   simulation_time = 8 minutes
│   n_steps_completed = 16
│   wall_time_per_step = 4 milliseconds, 44 microseconds
│   wall_time_total = 23 seconds, 296 milliseconds
│   wall_time_remaining = 23 seconds, 231 milliseconds
│   wall_time_spent = 64 milliseconds, 711 microseconds
│   percent_complete = 0.3%
│   estimated_sypd = 20.308
│   instantaneous_sypd = 21.582
│   date_now = 2026-07-05T09:07:13.452
└   estimated_finish_date = 2026-07-05T09:07:37.452
┌ Info: Progress
│   simulation_time = 16 minutes
│   n_steps_completed = 32
│   wall_time_per_step = 3 milliseconds, 907 microseconds
│   wall_time_total = 22 seconds, 505 milliseconds
│   wall_time_remaining = 22 seconds, 380 milliseconds
│   wall_time_spent = 125 milliseconds, 28 microseconds
│   percent_complete = 0.6%
│   estimated_sypd = 21.022
│   instantaneous_sypd = 21.788
│   date_now = 2026-07-05T09:07:13.512
└   estimated_finish_date = 2026-07-05T09:07:36.512
┌ Info: Progress
│   simulation_time = 32 minutes
│   n_steps_completed = 64
│   wall_time_per_step = 4 milliseconds, 259 microseconds
│   wall_time_total = 24 seconds, 536 milliseconds
│   wall_time_remaining = 24 seconds, 263 milliseconds
│   wall_time_spent = 272 milliseconds, 626 microseconds
│   percent_complete = 1.1%
│   estimated_sypd = 19.282
│   instantaneous_sypd = 17.807
│   date_now = 2026-07-05T09:07:13.659
└   estimated_finish_date = 2026-07-05T09:07:38.659
┌ Info: Progress
│   simulation_time = 1 hour, 4 minutes
│   n_steps_completed = 128
│   wall_time_per_step = 4 milliseconds, 213 microseconds
│   wall_time_total = 24 seconds, 272 milliseconds
│   wall_time_remaining = 23 seconds, 732 milliseconds
│   wall_time_spent = 539 milliseconds, 381 microseconds
│   percent_complete = 2.2%
│   estimated_sypd = 19.492
│   instantaneous_sypd = 19.706
│   date_now = 2026-07-05T09:07:13.926
└   estimated_finish_date = 2026-07-05T09:07:37.926
┌ Info: Progress
│   simulation_time = 2 hours, 8 minutes
│   n_steps_completed = 256
│   wall_time_per_step = 4 milliseconds, 117 microseconds
│   wall_time_total = 23 seconds, 716 milliseconds
│   wall_time_remaining = 22 seconds, 662 milliseconds
│   wall_time_spent = 1 second, 54 milliseconds
│   percent_complete = 4.4%
│   estimated_sypd = 19.948
│   instantaneous_sypd = 20.427
│   date_now = 2026-07-05T09:07:14.441
└   estimated_finish_date = 2026-07-05T09:07:37.441
┌ Info: Progress
│   simulation_time = 4 hours, 16 minutes
│   n_steps_completed = 512
│   wall_time_per_step = 4 milliseconds, 108 microseconds
│   wall_time_total = 23 seconds, 666 milliseconds
│   wall_time_remaining = 21 seconds, 562 milliseconds
│   wall_time_spent = 2 seconds, 103 milliseconds
│   percent_complete = 8.9%
│   estimated_sypd = 19.991
│   instantaneous_sypd = 20.033
│   date_now = 2026-07-05T09:07:15.491
└   estimated_finish_date = 2026-07-05T09:07:37.491
┌ Info: Progress
│   simulation_time = 6 hours, 40 minutes
│   n_steps_completed = 801
│   wall_time_per_step = 4 milliseconds, 163 microseconds
│   wall_time_total = 23 seconds, 980 milliseconds
│   wall_time_remaining = 20 seconds, 646 milliseconds
│   wall_time_spent = 3 seconds, 334 milliseconds
│   percent_complete = 13.9%
│   estimated_sypd = 19.728
│   instantaneous_sypd = 19.28
│   date_now = 2026-07-05T09:07:16.722
└   estimated_finish_date = 2026-07-05T09:07:37.722
┌ Info: Progress
│   simulation_time = 8 hours, 32 minutes
│   n_steps_completed = 1024
│   wall_time_per_step = 4 milliseconds, 204 microseconds
│   wall_time_total = 24 seconds, 220 milliseconds
│   wall_time_remaining = 19 seconds, 914 milliseconds
│   wall_time_spent = 4 seconds, 305 milliseconds
│   percent_complete = 17.8%
│   estimated_sypd = 19.533
│   instantaneous_sypd = 18.862
│   date_now = 2026-07-05T09:07:17.693
└   estimated_finish_date = 2026-07-05T09:07:37.693
┌ Info: Progress
│   simulation_time = 10 hours, 56 minutes
│   n_steps_completed = 1313
│   wall_time_per_step = 4 milliseconds, 259 microseconds
│   wall_time_total = 24 seconds, 533 milliseconds
│   wall_time_remaining = 18 seconds, 941 milliseconds
│   wall_time_spent = 5 seconds, 592 milliseconds
│   percent_complete = 22.8%
│   estimated_sypd = 19.284
│   instantaneous_sypd = 18.451
│   date_now = 2026-07-05T09:07:18.979
└   estimated_finish_date = 2026-07-05T09:07:37.979
┌ Info: Progress
│   simulation_time = 13 hours, 21 minutes
│   n_steps_completed = 1602
│   wall_time_per_step = 4 milliseconds, 340 microseconds
│   wall_time_total = 24 seconds, 998 milliseconds
│   wall_time_remaining = 18 seconds, 45 milliseconds
│   wall_time_spent = 6 seconds, 952 milliseconds
│   percent_complete = 27.8%
│   estimated_sypd = 18.925
│   instantaneous_sypd = 17.45
│   date_now = 2026-07-05T09:07:20.340
└   estimated_finish_date = 2026-07-05T09:07:39.340
┌ Info: Progress
│   simulation_time = 15 hours, 45 minutes
│   n_steps_completed = 1891
│   wall_time_per_step = 4 milliseconds, 416 microseconds
│   wall_time_total = 25 seconds, 438 milliseconds
│   wall_time_remaining = 17 seconds, 87 milliseconds
│   wall_time_spent = 8 seconds, 351 milliseconds
│   percent_complete = 32.8%
│   estimated_sypd = 18.598
│   instantaneous_sypd = 16.97
│   date_now = 2026-07-05T09:07:21.738
└   estimated_finish_date = 2026-07-05T09:07:39.738
┌ Info: Progress
│   simulation_time = 17 hours, 4 minutes
│   n_steps_completed = 2048
│   wall_time_per_step = 4 milliseconds, 461 microseconds
│   wall_time_total = 25 seconds, 697 milliseconds
│   wall_time_remaining = 16 seconds, 560 milliseconds
│   wall_time_spent = 9 seconds, 136 milliseconds
│   percent_complete = 35.6%
│   estimated_sypd = 18.411
│   instantaneous_sypd = 16.422
│   date_now = 2026-07-05T09:07:22.524
└   estimated_finish_date = 2026-07-05T09:07:39.524
┌ Info: Progress
│   simulation_time = 19 hours, 28 minutes
│   n_steps_completed = 2337
│   wall_time_per_step = 4 milliseconds, 539 microseconds
│   wall_time_total = 26 seconds, 145 milliseconds
│   wall_time_remaining = 15 seconds, 537 milliseconds
│   wall_time_spent = 10 seconds, 607 milliseconds
│   percent_complete = 40.6%
│   estimated_sypd = 18.095
│   instantaneous_sypd = 16.136
│   date_now = 2026-07-05T09:07:23.995
└   estimated_finish_date = 2026-07-05T09:07:39.995
┌ Info: Progress
│   simulation_time = 21 hours, 53 minutes
│   n_steps_completed = 2626
│   wall_time_per_step = 4 milliseconds, 625 microseconds
│   wall_time_total = 26 seconds, 644 milliseconds
│   wall_time_remaining = 14 seconds, 497 milliseconds
│   wall_time_spent = 12 seconds, 147 milliseconds
│   percent_complete = 45.6%
│   estimated_sypd = 17.756
│   instantaneous_sypd = 15.418
│   date_now = 2026-07-05T09:07:25.534
└   estimated_finish_date = 2026-07-05T09:07:40.534
┌ Info: Progress
│   simulation_time = 1 day, 17 minutes
│   n_steps_completed = 2915
│   wall_time_per_step = 4 milliseconds, 743 microseconds
│   wall_time_total = 27 seconds, 324 milliseconds
│   wall_time_remaining = 13 seconds, 496 milliseconds
│   wall_time_spent = 13 seconds, 828 milliseconds
│   percent_complete = 50.6%
│   estimated_sypd = 17.314
│   instantaneous_sypd = 14.123
│   date_now = 2026-07-05T09:07:27.215
└   estimated_finish_date = 2026-07-05T09:07:41.215
┌ Info: Progress
│   simulation_time = 1 day, 2 hours
│   n_steps_completed = 3204
│   wall_time_per_step = 4 milliseconds, 810 microseconds
│   wall_time_total = 27 seconds, 706 milliseconds
│   wall_time_remaining = 12 seconds, 294 milliseconds
│   wall_time_spent = 15 seconds, 411 milliseconds
│   percent_complete = 55.6%
│   estimated_sypd = 17.076
│   instantaneous_sypd = 14.991
│   date_now = 2026-07-05T09:07:28.798
└   estimated_finish_date = 2026-07-05T09:07:41.798
┌ Info: Progress
│   simulation_time = 1 day, 5 hours
│   n_steps_completed = 3493
│   wall_time_per_step = 4 milliseconds, 882 microseconds
│   wall_time_total = 28 seconds, 121 milliseconds
│   wall_time_remaining = 11 seconds, 67 milliseconds
│   wall_time_spent = 17 seconds, 53 milliseconds
│   percent_complete = 60.6%
│   estimated_sypd = 16.823
│   instantaneous_sypd = 14.456
│   date_now = 2026-07-05T09:07:30.440
└   estimated_finish_date = 2026-07-05T09:07:42.440
┌ Info: Progress
│   simulation_time = 1 day, 7 hours
│   n_steps_completed = 3782
│   wall_time_per_step = 4 milliseconds, 952 microseconds
│   wall_time_total = 28 seconds, 524 milliseconds
│   wall_time_remaining = 9 seconds, 795 milliseconds
│   wall_time_spent = 18 seconds, 729 milliseconds
│   percent_complete = 65.7%
│   estimated_sypd = 16.586
│   instantaneous_sypd = 14.167
│   date_now = 2026-07-05T09:07:32.116
└   estimated_finish_date = 2026-07-05T09:07:42.116
┌ Info: Progress
│   simulation_time = 1 day, 9 hours
│   n_steps_completed = 4071
│   wall_time_per_step = 5 milliseconds, 35 microseconds
│   wall_time_total = 29 seconds, 2 milliseconds
│   wall_time_remaining = 8 seconds, 504 milliseconds
│   wall_time_spent = 20 seconds, 498 milliseconds
│   percent_complete = 70.7%
│   estimated_sypd = 16.312
│   instantaneous_sypd = 13.418
│   date_now = 2026-07-05T09:07:33.885
└   estimated_finish_date = 2026-07-05T09:07:42.885
┌ Info: Progress
│   simulation_time = 1 day, 10 hours
│   n_steps_completed = 4096
│   wall_time_per_step = 5 milliseconds, 43 microseconds
│   wall_time_total = 29 seconds, 51 milliseconds
│   wall_time_remaining = 8 seconds, 392 milliseconds
│   wall_time_spent = 20 seconds, 658 milliseconds
│   percent_complete = 71.1%
│   estimated_sypd = 16.285
│   instantaneous_sypd = 12.781
│   date_now = 2026-07-05T09:07:34.046
└   estimated_finish_date = 2026-07-05T09:07:43.046
┌ Info: Progress
│   simulation_time = 1 day, 12 hours
│   n_steps_completed = 4385
│   wall_time_per_step = 5 milliseconds, 113 microseconds
│   wall_time_total = 29 seconds, 452 milliseconds
│   wall_time_remaining = 7 seconds, 30 milliseconds
│   wall_time_spent = 22 seconds, 421 milliseconds
│   percent_complete = 76.1%
│   estimated_sypd = 16.063
│   instantaneous_sypd = 13.463
│   date_now = 2026-07-05T09:07:35.809
└   estimated_finish_date = 2026-07-05T09:07:43.809
┌ Info: Progress
│   simulation_time = 1 day, 14 hours
│   n_steps_completed = 4674
│   wall_time_per_step = 5 milliseconds, 188 microseconds
│   wall_time_total = 29 seconds, 885 milliseconds
│   wall_time_remaining = 5 seconds, 634 milliseconds
│   wall_time_spent = 24 seconds, 251 milliseconds
│   percent_complete = 81.1%
│   estimated_sypd = 15.83
│   instantaneous_sypd = 12.976
│   date_now = 2026-07-05T09:07:37.638
└   estimated_finish_date = 2026-07-05T09:07:43.638
┌ Info: Progress
│   simulation_time = 1 day, 17 hours
│   n_steps_completed = 4963
│   wall_time_per_step = 5 milliseconds, 275 microseconds
│   wall_time_total = 30 seconds, 386 milliseconds
│   wall_time_remaining = 4 seconds, 204 milliseconds
│   wall_time_spent = 26 seconds, 182 milliseconds
│   percent_complete = 86.2%
│   estimated_sypd = 15.569
│   instantaneous_sypd = 12.294
│   date_now = 2026-07-05T09:07:39.569
└   estimated_finish_date = 2026-07-05T09:07:44.569
┌ Info: Progress
│   simulation_time = 1 day, 19 hours
│   n_steps_completed = 5252
│   wall_time_per_step = 5 milliseconds, 350 microseconds
│   wall_time_total = 30 seconds, 816 milliseconds
│   wall_time_remaining = 2 seconds, 717 milliseconds
│   wall_time_spent = 28 seconds, 98 milliseconds
│   percent_complete = 91.2%
│   estimated_sypd = 15.352
│   instantaneous_sypd = 12.387
│   date_now = 2026-07-05T09:07:41.485
└   estimated_finish_date = 2026-07-05T09:07:44.485
┌ Info: Progress
│   simulation_time = 1 day, 22 hours
│   n_steps_completed = 5541
│   wall_time_per_step = 5 milliseconds, 427 microseconds
│   wall_time_total = 31 seconds, 261 milliseconds
│   wall_time_remaining = 1 second, 188 milliseconds
│   wall_time_spent = 30 seconds, 72 milliseconds
│   percent_complete = 96.2%
│   estimated_sypd = 15.134
│   instantaneous_sypd = 12.023
│   date_now = 2026-07-05T09:07:43.460
└   estimated_finish_date = 2026-07-05T09:07:45.460
[ Info: solve! walltime = 31.637
[ Info: sypd: 14.964
[ Info: wall_time_per_timestep: 5 milliseconds, 492 microseconds
[ Info: Memory currently used (after solve!) by the process (RSS): 8.8 GiB
[ Info: Completed member 6
┌ Info: Making AtmosConfig with config files: 
│      /home/jeff/larcform1-experiments/ClimaAtmos.jl/src/config/../../config/default_configs/default_config.yml
└   
┌ Info: numerics 
│          `energy_q_tot_upwinding`::`Val{:vanleer_limiter}`
│                `tracer_upwinding`::`Val{:vanleer_limiter}`
│       `edmfx_mse_q_tot_upwinding`::`Val{:first_order}`
│         `edmfx_sgsflux_upwinding`::`Val{:none}`
│          `edmfx_tracer_upwinding`::`Val{:first_order}`
│         `test_dycore_consistency`::`Nothing`
│            `reproducible_restart`::`Nothing`
│                         `limiter`::`Nothing`
│                       `diff_mode`::`ClimaAtmos.Implicit`
│                       `hyperdiff`::`Nothing`
└   
┌ Info: AtmosModel: 
│   
│                               `water`::`ClimaAtmos.AtmosWater{ClimaAtmos.NonEquilibriumMicrophysics1M, ClimaAtmos.QuadratureCloud, ClimaAtmos.Implicit, Nothing, ClimaAtmos.SGSQuadrature{3, StaticArraysCore.SVector{3, Float32}, StaticArraysCore.SVector{3, Float32}, ClimaAtmos.GaussianSGS, Float32}, ClimaAtmos.FixedTerminalVelocity{Float32}}`
│                           `scm_setup`::`ClimaAtmos.SCMSetup{Nothing, Nothing, Nothing, Bool, @NamedTuple{prof_ug::AtmosphericProfilesLibrary.ZProfile{AtmosphericProfilesLibrary.var"#Larcform1_geostrophic_u##0#Larcform1_geostrophic_u##1"{Float32}}, prof_vg::AtmosphericProfilesLibrary.ZProfile{Returns{Float32}}, coriolis_param::Float32}}`
│                           `radiation`::`ClimaAtmos.AtmosRadiation{ClimaAtmos.RRTMGPInterface.AllSkyRadiationWithClearSkyDiagnostics{ClimaAtmos.InteractiveCloudInRadiation}, ClimaAtmos.Larcform1Insolation}`
│                            `turbconv`::`ClimaAtmos.AtmosTurbconv{ClimaAtmos.EDMFXModel{ClimaAtmos.InvZEntrainment, ClimaAtmos.BuoyancyVelocityDetrainment, Val{true}, Val{true}, Val{true}, Val{true}, Val{true}, ClimaAtmos.SmoothMinimumBlending}, ClimaAtmos.PrognosticEDMFX{1, true, Float32}, Nothing, Nothing, Nothing}`
│                     `prescribed_flow`::`Nothing`
│                        `gravity_wave`::`ClimaAtmos.AtmosGravityWave{Nothing, Nothing}`
│                  `vertical_diffusion`::`Nothing`
│                              `sponge`::`ClimaAtmos.AtmosSponge{Nothing, Nothing}`
│                             `surface`::`ClimaAtmos.AtmosSurface{ClimaAtmos.SurfaceConditions.MoninObukhov{Float32, Nothing, Nothing}, ClimaAtmos.SurfaceConditions.SlabOceanTemperature{Float32}, ClimaAtmos.SurfaceConditions.SurfaceBoundaryOverrides{Float32, Float32, Nothing, Nothing, Nothing, Nothing}, ClimaAtmos.ConstantAlbedo{Float32}}`
│                            `numerics`::`ClimaAtmos.AtmosNumerics{Val{:vanleer_limiter}, Val{:vanleer_limiter}, Val{:first_order}, Val{:none}, Val{:first_order}, Nothing, Nothing, Nothing, ClimaAtmos.Implicit, Nothing}`
│                           `chemistry`::`ClimaAtmos.AtmosChem{Nothing}`
└   
┌ Info: Microphysics settings: 
│                          `n_substeps`::`3`
│                     `n_substeps_quad`::`2`
│              `cloud_liquid_formation`::`CloudLiquidFormation`
│                 `cloud_ice_formation`::`TemperatureDependent`
│                      `cloud_ice_melt`::`CloudIceMelt`
│                 `rain_autoconversion`::`Kessler1M`
│                 `snow_autoconversion`::`NoSupersaturation`
│       `rain_condensation_evaporation`::`RainEvaporation`
│         `snow_deposition_sublimation`::`DepositionAndSublimation`
│                           `snow_melt`::`SnowMelt`
│         `cloud_liquid_rain_accretion`::`CloudLiquidRainAccretion`
│         `cloud_liquid_snow_accretion`::`CloudLiquidSnowAccretion`
│            `cloud_ice_rain_accretion`::`CloudIceRainAccretion`
│            `cloud_ice_snow_accretion`::`CloudIceSnowAccretion`
│                 `rain_snow_accretion`::`RainSnowAccretion`
└   
[ Info: Single-process ClimaAtmos run on CPUSingleThreaded
[ Info: Using ODE config: `ClimaTimeSteppers.ARS222`
[ Info: Initialized state (43.72 μs, 7.76 KiB)
[ Info: Built cache (184.061 ms, 172.6 MiB)
[ Info: Assembled callbacks (126.432 μs, 17.42 KiB)
┌ Info: Jacobian algorithm: ManualSparseJacobian(
│     approximate_solve_iters = 2,
└   )
[ Info: Jacobian derivative flags: topography_flag = IgnoreDerivative, diffusion_flag = UseDerivative
[ Info: Built tendency function (246.104 μs, 203.8 KiB)
[ Info: Initialized integrator (8.377 ms, 169.03 KiB)
[ Info: Added 7 user-provided YAML-style diagnostics
[ Info: Saving accumulated diagnostics to disk with frequency: 1 hour
[ Info: Set up diagnostics (430.667 μs, 105.05 KiB)
[ Info: Initialized 7 total diagnostics
