┌ Info: Simulation info
│   job_id = lf1e_clw1_v9_condtime10
└   output_dir = experiments/clw sensitivity experiments/output/lf1e-clw-1/v9_condtime10/output_0000
┌ Info: Running
│   job_id = lf1e_clw1_v9_condtime10
│   output_dir = experiments/clw sensitivity experiments/output/lf1e-clw-1/v9_condtime10/output_0000
└   tspan = (0.0 seconds (2010-01-01T00:00:00) [counter = 0, period = 1 second, epoch = 2010-01-01T00:00:00], 172800.0 seconds (2010-01-03T00:00:00) [counter = 172800, period = 1 second, epoch = 2010-01-01T00:00:00])
┌ Info: Progress
│   simulation_time = 30 seconds
│   n_steps_completed = 1
│   wall_time_per_step = 0 seconds
│   wall_time_total = 0 seconds
│   wall_time_remaining = 0 seconds
│   wall_time_spent = 0 seconds
│   percent_complete = 0.0%
│   estimated_sypd = Inf
│   instantaneous_sypd = 0.0 (sdpd_estimate = 0.0)
│   date_now = 2026-07-02T22:20:12.320
└   estimated_finish_date = 2026-07-02T22:20:12.320
┌ Info: Progress
│   simulation_time = 1 minute
│   n_steps_completed = 2
│   wall_time_per_step = 0 seconds
│   wall_time_total = 0 seconds
│   wall_time_remaining = 0 seconds
│   wall_time_spent = 0 seconds
│   percent_complete = 0.0%
│   estimated_sypd = Inf
│   instantaneous_sypd = 0.061
│   date_now = 2026-07-02T22:20:13.671
└   estimated_finish_date = 2026-07-02T22:20:13.671
┌ Info: Progress
│   simulation_time = 2 minutes
│   n_steps_completed = 4
│   wall_time_per_step = 4 milliseconds, 835 microseconds
│   wall_time_total = 27 seconds, 852 milliseconds
│   wall_time_remaining = 27 seconds, 833 milliseconds
│   wall_time_spent = 19 milliseconds, 341 microseconds
│   percent_complete = 0.1%
│   estimated_sypd = 16.986
│   instantaneous_sypd = 16.986
│   date_now = 2026-07-02T22:20:13.680
└   estimated_finish_date = 2026-07-02T22:20:41.680
┌ Info: Progress
│   simulation_time = 4 minutes
│   n_steps_completed = 8
│   wall_time_per_step = 4 milliseconds, 708 microseconds
│   wall_time_total = 27 seconds, 122 milliseconds
│   wall_time_remaining = 27 seconds, 84 milliseconds
│   wall_time_spent = 37 milliseconds, 670 microseconds
│   percent_complete = 0.1%
│   estimated_sypd = 17.443
│   instantaneous_sypd = 17.926
│   date_now = 2026-07-02T22:20:13.699
└   estimated_finish_date = 2026-07-02T22:20:41.699
┌ Info: Progress
│   simulation_time = 8 minutes
│   n_steps_completed = 16
│   wall_time_per_step = 5 milliseconds, 137 microseconds
│   wall_time_total = 29 seconds, 590 milliseconds
│   wall_time_remaining = 29 seconds, 508 milliseconds
│   wall_time_spent = 82 milliseconds, 195 microseconds
│   percent_complete = 0.3%
│   estimated_sypd = 15.988
│   instantaneous_sypd = 14.758
│   date_now = 2026-07-02T22:20:13.743
└   estimated_finish_date = 2026-07-02T22:20:43.743
┌ Info: Progress
│   simulation_time = 16 minutes
│   n_steps_completed = 32
│   wall_time_per_step = 7 milliseconds, 488 microseconds
│   wall_time_total = 43 seconds, 135 milliseconds
│   wall_time_remaining = 42 seconds, 895 milliseconds
│   wall_time_spent = 239 milliseconds, 642 microseconds
│   percent_complete = 0.6%
│   estimated_sypd = 10.968
│   instantaneous_sypd = 8.347
│   date_now = 2026-07-02T22:20:13.901
└   estimated_finish_date = 2026-07-02T22:20:56.901
┌ Info: Progress
│   simulation_time = 32 minutes
│   n_steps_completed = 64
│   wall_time_per_step = 7 milliseconds, 778 microseconds
│   wall_time_total = 44 seconds, 806 milliseconds
│   wall_time_remaining = 44 seconds, 308 milliseconds
│   wall_time_spent = 497 milliseconds, 847 microseconds
│   percent_complete = 1.1%
│   estimated_sypd = 10.559
│   instantaneous_sypd = 10.179
│   date_now = 2026-07-02T22:20:14.159
└   estimated_finish_date = 2026-07-02T22:20:59.159
┌ Info: Progress
│   simulation_time = 1 hour, 4 minutes
│   n_steps_completed = 128
│   wall_time_per_step = 7 milliseconds, 858 microseconds
│   wall_time_total = 45 seconds, 266 milliseconds
│   wall_time_remaining = 44 seconds, 260 milliseconds
│   wall_time_spent = 1 second, 5 milliseconds
│   percent_complete = 2.2%
│   estimated_sypd = 10.451
│   instantaneous_sypd = 10.346
│   date_now = 2026-07-02T22:20:14.667
└   estimated_finish_date = 2026-07-02T22:20:59.667
┌ Info: Progress
│   simulation_time = 2 hours, 8 minutes
│   n_steps_completed = 256
│   wall_time_per_step = 7 milliseconds, 672 microseconds
│   wall_time_total = 44 seconds, 194 milliseconds
│   wall_time_remaining = 42 seconds, 230 milliseconds
│   wall_time_spent = 1 second, 964 milliseconds
│   percent_complete = 4.4%
│   estimated_sypd = 10.705
│   instantaneous_sypd = 10.971
│   date_now = 2026-07-02T22:20:15.625
└   estimated_finish_date = 2026-07-02T22:20:58.625
┌ Info: Progress
│   simulation_time = 4 hours, 16 minutes
│   n_steps_completed = 512
│   wall_time_per_step = 7 milliseconds, 712 microseconds
│   wall_time_total = 44 seconds, 422 milliseconds
│   wall_time_remaining = 40 seconds, 474 milliseconds
│   wall_time_spent = 3 seconds, 948 milliseconds
│   percent_complete = 8.9%
│   estimated_sypd = 10.65
│   instantaneous_sypd = 10.595
│   date_now = 2026-07-02T22:20:17.610
└   estimated_finish_date = 2026-07-02T22:20:58.610
┌ Info: Progress
│   simulation_time = 6 hours, 40 minutes
│   n_steps_completed = 801
│   wall_time_per_step = 7 milliseconds, 934 microseconds
│   wall_time_total = 45 seconds, 702 milliseconds
│   wall_time_remaining = 39 seconds, 346 milliseconds
│   wall_time_spent = 6 seconds, 355 milliseconds
│   percent_complete = 13.9%
│   estimated_sypd = 10.352
│   instantaneous_sypd = 9.863
│   date_now = 2026-07-02T22:20:20.017
└   estimated_finish_date = 2026-07-02T22:21:00.017
┌ Info: Progress
│   simulation_time = 8 hours, 32 minutes
│   n_steps_completed = 1024
│   wall_time_per_step = 7 milliseconds, 945 microseconds
│   wall_time_total = 45 seconds, 764 milliseconds
│   wall_time_remaining = 37 seconds, 628 milliseconds
│   wall_time_spent = 8 seconds, 135 milliseconds
│   percent_complete = 17.8%
│   estimated_sypd = 10.338
│   instantaneous_sypd = 10.287
│   date_now = 2026-07-02T22:20:21.797
└   estimated_finish_date = 2026-07-02T22:20:59.797
┌ Info: Progress
│   simulation_time = 10 hours, 56 minutes
│   n_steps_completed = 1313
│   wall_time_per_step = 7 milliseconds, 896 microseconds
│   wall_time_total = 45 seconds, 484 milliseconds
│   wall_time_remaining = 35 seconds, 116 milliseconds
│   wall_time_spent = 10 seconds, 368 milliseconds
│   percent_complete = 22.8%
│   estimated_sypd = 10.401
│   instantaneous_sypd = 10.633
│   date_now = 2026-07-02T22:20:24.029
└   estimated_finish_date = 2026-07-02T22:21:00.029
┌ Info: Progress
│   simulation_time = 13 hours, 21 minutes
│   n_steps_completed = 1602
│   wall_time_per_step = 7 milliseconds, 907 microseconds
│   wall_time_total = 45 seconds, 546 milliseconds
│   wall_time_remaining = 32 seconds, 878 milliseconds
│   wall_time_spent = 12 seconds, 667 milliseconds
│   percent_complete = 27.8%
│   estimated_sypd = 10.387
│   instantaneous_sypd = 10.324
│   date_now = 2026-07-02T22:20:26.329
└   estimated_finish_date = 2026-07-02T22:20:59.329
┌ Info: Progress
│   simulation_time = 15 hours, 45 minutes
│   n_steps_completed = 1891
│   wall_time_per_step = 7 milliseconds, 877 microseconds
│   wall_time_total = 45 seconds, 371 milliseconds
│   wall_time_remaining = 30 seconds, 476 milliseconds
│   wall_time_spent = 14 seconds, 895 milliseconds
│   percent_complete = 32.8%
│   estimated_sypd = 10.427
│   instantaneous_sypd = 10.655
│   date_now = 2026-07-02T22:20:28.556
└   estimated_finish_date = 2026-07-02T22:20:59.556
┌ Info: Progress
│   simulation_time = 17 hours, 4 minutes
│   n_steps_completed = 2048
│   wall_time_per_step = 7 milliseconds, 886 microseconds
│   wall_time_total = 45 seconds, 423 milliseconds
│   wall_time_remaining = 29 seconds, 273 milliseconds
│   wall_time_spent = 16 seconds, 150 milliseconds
│   percent_complete = 35.6%
│   estimated_sypd = 10.415
│   instantaneous_sypd = 10.273
│   date_now = 2026-07-02T22:20:29.812
└   estimated_finish_date = 2026-07-02T22:20:59.812
┌ Info: Progress
│   simulation_time = 19 hours, 28 minutes
│   n_steps_completed = 2337
│   wall_time_per_step = 7 milliseconds, 890 microseconds
│   wall_time_total = 45 seconds, 446 milliseconds
│   wall_time_remaining = 27 seconds, 7 milliseconds
│   wall_time_spent = 18 seconds, 439 milliseconds
│   percent_complete = 40.6%
│   estimated_sypd = 10.41
│   instantaneous_sypd = 10.373
│   date_now = 2026-07-02T22:20:32.100
└   estimated_finish_date = 2026-07-02T22:21:00.100
┌ Info: Progress
│   simulation_time = 21 hours, 53 minutes
│   n_steps_completed = 2626
│   wall_time_per_step = 7 milliseconds, 898 microseconds
│   wall_time_total = 45 seconds, 494 milliseconds
│   wall_time_remaining = 24 seconds, 753 milliseconds
│   wall_time_spent = 20 seconds, 741 milliseconds
│   percent_complete = 45.6%
│   estimated_sypd = 10.399
│   instantaneous_sypd = 10.311
│   date_now = 2026-07-02T22:20:34.402
└   estimated_finish_date = 2026-07-02T22:20:59.402
┌ Info: Progress
│   simulation_time = 1 day, 17 minutes
│   n_steps_completed = 2915
│   wall_time_per_step = 7 milliseconds, 903 microseconds
│   wall_time_total = 45 seconds, 523 milliseconds
│   wall_time_remaining = 22 seconds, 484 milliseconds
│   wall_time_spent = 23 seconds, 38 milliseconds
│   percent_complete = 50.6%
│   estimated_sypd = 10.393
│   instantaneous_sypd = 10.334
│   date_now = 2026-07-02T22:20:36.699
└   estimated_finish_date = 2026-07-02T22:20:59.699
┌ Info: Progress
│   simulation_time = 1 day, 2 hours
│   n_steps_completed = 3204
│   wall_time_per_step = 7 milliseconds, 921 microseconds
│   wall_time_total = 45 seconds, 625 milliseconds
│   wall_time_remaining = 20 seconds, 246 milliseconds
│   wall_time_spent = 25 seconds, 379 milliseconds
│   percent_complete = 55.6%
│   estimated_sypd = 10.369
│   instantaneous_sypd = 10.14
│   date_now = 2026-07-02T22:20:39.040
└   estimated_finish_date = 2026-07-02T22:21:00.040
┌ Info: Progress
│   simulation_time = 1 day, 5 hours
│   n_steps_completed = 3493
│   wall_time_per_step = 7 milliseconds, 923 microseconds
│   wall_time_total = 45 seconds, 641 milliseconds
│   wall_time_remaining = 17 seconds, 963 milliseconds
│   wall_time_spent = 27 seconds, 677 milliseconds
│   percent_complete = 60.6%
│   estimated_sypd = 10.366
│   instantaneous_sypd = 10.326
│   date_now = 2026-07-02T22:20:41.339
└   estimated_finish_date = 2026-07-02T22:20:59.339
┌ Info: Progress
│   simulation_time = 1 day, 7 hours
│   n_steps_completed = 3782
│   wall_time_per_step = 7 milliseconds, 942 microseconds
│   wall_time_total = 45 seconds, 750 milliseconds
│   wall_time_remaining = 15 seconds, 710 milliseconds
│   wall_time_spent = 30 seconds, 39 milliseconds
│   percent_complete = 65.7%
│   estimated_sypd = 10.341
│   instantaneous_sypd = 10.052
│   date_now = 2026-07-02T22:20:43.700
└   estimated_finish_date = 2026-07-02T22:20:59.700
┌ Info: Progress
│   simulation_time = 1 day, 9 hours
│   n_steps_completed = 4071
│   wall_time_per_step = 7 milliseconds, 949 microseconds
│   wall_time_total = 45 seconds, 788 milliseconds
│   wall_time_remaining = 13 seconds, 426 milliseconds
│   wall_time_spent = 32 seconds, 362 milliseconds
│   percent_complete = 70.7%
│   estimated_sypd = 10.332
│   instantaneous_sypd = 10.22
│   date_now = 2026-07-02T22:20:46.023
└   estimated_finish_date = 2026-07-02T22:21:00.023
┌ Info: Progress
│   simulation_time = 1 day, 10 hours
│   n_steps_completed = 4096
│   wall_time_per_step = 7 milliseconds, 949 microseconds
│   wall_time_total = 45 seconds, 788 milliseconds
│   wall_time_remaining = 13 seconds, 227 milliseconds
│   wall_time_spent = 32 seconds, 560 milliseconds
│   percent_complete = 71.1%
│   estimated_sypd = 10.332
│   instantaneous_sypd = 10.348
│   date_now = 2026-07-02T22:20:46.221
└   estimated_finish_date = 2026-07-02T22:21:00.221
┌ Info: Progress
│   simulation_time = 1 day, 12 hours
│   n_steps_completed = 4385
│   wall_time_per_step = 7 milliseconds, 964 microseconds
│   wall_time_total = 45 seconds, 874 milliseconds
│   wall_time_remaining = 10 seconds, 950 milliseconds
│   wall_time_spent = 34 seconds, 923 milliseconds
│   percent_complete = 76.1%
│   estimated_sypd = 10.313
│   instantaneous_sypd = 10.046
│   date_now = 2026-07-02T22:20:48.584
└   estimated_finish_date = 2026-07-02T22:20:59.584
┌ Info: Progress
│   simulation_time = 1 day, 14 hours
│   n_steps_completed = 4674
│   wall_time_per_step = 7 milliseconds, 974 microseconds
│   wall_time_total = 45 seconds, 935 milliseconds
│   wall_time_remaining = 8 seconds, 660 milliseconds
│   wall_time_spent = 37 seconds, 274 milliseconds
│   percent_complete = 81.1%
│   estimated_sypd = 10.299
│   instantaneous_sypd = 10.096
│   date_now = 2026-07-02T22:20:50.936
└   estimated_finish_date = 2026-07-02T22:20:59.936
┌ Info: Progress
│   simulation_time = 1 day, 17 hours
│   n_steps_completed = 4963
│   wall_time_per_step = 7 milliseconds, 997 microseconds
│   wall_time_total = 46 seconds, 66 milliseconds
│   wall_time_remaining = 6 seconds, 374 milliseconds
│   wall_time_spent = 39 seconds, 692 milliseconds
│   percent_complete = 86.2%
│   estimated_sypd = 10.27
│   instantaneous_sypd = 9.817
│   date_now = 2026-07-02T22:20:53.353
└   estimated_finish_date = 2026-07-02T22:21:00.353
┌ Info: Progress
│   simulation_time = 1 day, 19 hours
│   n_steps_completed = 5252
│   wall_time_per_step = 8 milliseconds, 4 microseconds
│   wall_time_total = 46 seconds, 105 milliseconds
│   wall_time_remaining = 4 seconds, 66 milliseconds
│   wall_time_spent = 42 seconds, 39 milliseconds
│   percent_complete = 91.2%
│   estimated_sypd = 10.261
│   instantaneous_sypd = 10.116
│   date_now = 2026-07-02T22:20:55.700
└   estimated_finish_date = 2026-07-02T22:21:00.700
┌ Info: Progress
│   simulation_time = 1 day, 22 hours
│   n_steps_completed = 5541
│   wall_time_per_step = 8 milliseconds, 32 microseconds
│   wall_time_total = 46 seconds, 267 milliseconds
│   wall_time_remaining = 1 second, 759 milliseconds
│   wall_time_spent = 44 seconds, 508 milliseconds
│   percent_complete = 96.2%
│   estimated_sypd = 10.225
│   instantaneous_sypd = 9.613
│   date_now = 2026-07-02T22:20:58.169
└   estimated_finish_date = 2026-07-02T22:21:00.169
[ Info: solve! walltime = 46.37
[ Info: sypd: 10.21
[ Info: wall_time_per_timestep: 8 milliseconds, 50 microseconds
[ Info: Memory currently used (after solve!) by the process (RSS): 6.48 GiB
┌ Info: Finished variation [3/3]
│   overlay = experiments/clw sensitivity experiments/configs/v9_condtime10.yml
│   job_id = lf1e_clw1_v9_condtime10
│   ret_code = success
└   walltime = 48.2s
