┌ Info: Simulation info
│   job_id = lf1e_clw_cal_member
└   output_dir = /home/jeff/larcform1-experiments/experiments/clw calibration/output/uki_1/iteration_006/member_005/output_0000
┌ Info: Running
│   job_id = lf1e_clw_cal_member
│   output_dir = /home/jeff/larcform1-experiments/experiments/clw calibration/output/uki_1/iteration_006/member_005/output_0000
└   tspan = (0.0 seconds (2010-01-01T00:00:00) [counter = 0, period = 1 second, epoch = 2010-01-01T00:00:00], 172800.0 seconds (2010-01-03T00:00:00) [counter = 172800, period = 1 second, epoch = 2010-01-01T00:00:00])
┌ Info: Progress
│   simulation_time = 30 seconds
│   n_steps_completed = 1
│   wall_time_per_step = 0 seconds
│   wall_time_total = 0 seconds
│   wall_time_remaining = 0 seconds
│   wall_time_spent = 0 seconds
│   percent_complete = 0.0%
│   estimated_sypd = Inf
│   instantaneous_sypd = 0.0 (sdpd_estimate = 0.0)
│   date_now = 2026-07-05T16:54:11.169
└   estimated_finish_date = 2026-07-05T16:54:11.168
┌ Info: Progress
│   simulation_time = 1 minute
│   n_steps_completed = 2
│   wall_time_per_step = 0 seconds
│   wall_time_total = 0 seconds
│   wall_time_remaining = 0 seconds
│   wall_time_spent = 0 seconds
│   percent_complete = 0.0%
│   estimated_sypd = Inf
│   instantaneous_sypd = 0.03
│   date_now = 2026-07-05T16:54:13.934
└   estimated_finish_date = 2026-07-05T16:54:13.934
┌ Info: Progress
│   simulation_time = 2 minutes
│   n_steps_completed = 4
│   wall_time_per_step = 4 milliseconds, 658 microseconds
│   wall_time_total = 26 seconds, 832 milliseconds
│   wall_time_remaining = 26 seconds, 814 milliseconds
│   wall_time_spent = 18 milliseconds, 633 microseconds
│   percent_complete = 0.1%
│   estimated_sypd = 17.631
│   instantaneous_sypd = 17.631
│   date_now = 2026-07-05T16:54:13.943
└   estimated_finish_date = 2026-07-05T16:54:40.943
┌ Info: Progress
│   simulation_time = 4 minutes
│   n_steps_completed = 8
│   wall_time_per_step = 4 milliseconds, 297 microseconds
│   wall_time_total = 24 seconds, 752 milliseconds
│   wall_time_remaining = 24 seconds, 717 milliseconds
│   wall_time_spent = 34 milliseconds, 377 microseconds
│   percent_complete = 0.1%
│   estimated_sypd = 19.114
│   instantaneous_sypd = 20.868
│   date_now = 2026-07-05T16:54:13.959
└   estimated_finish_date = 2026-07-05T16:54:38.959
┌ Info: Progress
│   simulation_time = 8 minutes
│   n_steps_completed = 16
│   wall_time_per_step = 4 milliseconds, 30 microseconds
│   wall_time_total = 23 seconds, 214 milliseconds
│   wall_time_remaining = 23 seconds, 149 milliseconds
│   wall_time_spent = 64 milliseconds, 483 microseconds
│   percent_complete = 0.3%
│   estimated_sypd = 20.38
│   instantaneous_sypd = 21.826
│   date_now = 2026-07-05T16:54:13.989
└   estimated_finish_date = 2026-07-05T16:54:37.989
┌ Info: Progress
│   simulation_time = 16 minutes
│   n_steps_completed = 32
│   wall_time_per_step = 3 milliseconds, 885 microseconds
│   wall_time_total = 22 seconds, 380 milliseconds
│   wall_time_remaining = 22 seconds, 255 milliseconds
│   wall_time_spent = 124 milliseconds, 334 microseconds
│   percent_complete = 0.6%
│   estimated_sypd = 21.139
│   instantaneous_sypd = 21.957
│   date_now = 2026-07-05T16:54:14.049
└   estimated_finish_date = 2026-07-05T16:54:37.049
┌ Info: Progress
│   simulation_time = 32 minutes
│   n_steps_completed = 64
│   wall_time_per_step = 3 milliseconds, 913 microseconds
│   wall_time_total = 22 seconds, 540 milliseconds
│   wall_time_remaining = 22 seconds, 289 milliseconds
│   wall_time_spent = 250 milliseconds, 448 microseconds
│   percent_complete = 1.1%
│   estimated_sypd = 20.989
│   instantaneous_sypd = 20.841
│   date_now = 2026-07-05T16:54:14.175
└   estimated_finish_date = 2026-07-05T16:54:37.175
┌ Info: Progress
│   simulation_time = 1 hour, 4 minutes
│   n_steps_completed = 128
│   wall_time_per_step = 4 milliseconds, 43 microseconds
│   wall_time_total = 23 seconds, 291 milliseconds
│   wall_time_remaining = 22 seconds, 774 milliseconds
│   wall_time_spent = 517 milliseconds, 597 microseconds
│   percent_complete = 2.2%
│   estimated_sypd = 20.312
│   instantaneous_sypd = 19.677
│   date_now = 2026-07-05T16:54:14.442
└   estimated_finish_date = 2026-07-05T16:54:37.442
┌ Info: Progress
│   simulation_time = 2 hours, 8 minutes
│   n_steps_completed = 256
│   wall_time_per_step = 4 milliseconds, 11 microseconds
│   wall_time_total = 23 seconds, 107 milliseconds
│   wall_time_remaining = 22 seconds, 80 milliseconds
│   wall_time_spent = 1 second, 27 milliseconds
│   percent_complete = 4.4%
│   estimated_sypd = 20.474
│   instantaneous_sypd = 20.638
│   date_now = 2026-07-05T16:54:14.951
└   estimated_finish_date = 2026-07-05T16:54:37.951
┌ Info: Progress
│   simulation_time = 4 hours, 16 minutes
│   n_steps_completed = 512
│   wall_time_per_step = 4 milliseconds, 31 microseconds
│   wall_time_total = 23 seconds, 219 milliseconds
│   wall_time_remaining = 21 seconds, 155 milliseconds
│   wall_time_spent = 2 seconds, 63 milliseconds
│   percent_complete = 8.9%
│   estimated_sypd = 20.376
│   instantaneous_sypd = 20.278
│   date_now = 2026-07-05T16:54:15.988
└   estimated_finish_date = 2026-07-05T16:54:37.988
┌ Info: Progress
│   simulation_time = 6 hours, 40 minutes
│   n_steps_completed = 801
│   wall_time_per_step = 4 milliseconds, 101 microseconds
│   wall_time_total = 23 seconds, 623 milliseconds
│   wall_time_remaining = 20 seconds, 338 milliseconds
│   wall_time_spent = 3 seconds, 285 milliseconds
│   percent_complete = 13.9%
│   estimated_sypd = 20.026
│   instantaneous_sypd = 19.436
│   date_now = 2026-07-05T16:54:17.210
└   estimated_finish_date = 2026-07-05T16:54:38.210
┌ Info: Progress
│   simulation_time = 8 hours, 32 minutes
│   n_steps_completed = 1024
│   wall_time_per_step = 4 milliseconds, 211 microseconds
│   wall_time_total = 24 seconds, 260 milliseconds
│   wall_time_remaining = 19 seconds, 947 milliseconds
│   wall_time_spent = 4 seconds, 313 milliseconds
│   percent_complete = 17.8%
│   estimated_sypd = 19.501
│   instantaneous_sypd = 17.821
│   date_now = 2026-07-05T16:54:18.237
└   estimated_finish_date = 2026-07-05T16:54:38.237
┌ Info: Progress
│   simulation_time = 10 hours, 56 minutes
│   n_steps_completed = 1313
│   wall_time_per_step = 4 milliseconds, 275 microseconds
│   wall_time_total = 24 seconds, 628 milliseconds
│   wall_time_remaining = 19 seconds, 14 milliseconds
│   wall_time_spent = 5 seconds, 614 milliseconds
│   percent_complete = 22.8%
│   estimated_sypd = 19.21
│   instantaneous_sypd = 18.245
│   date_now = 2026-07-05T16:54:19.538
└   estimated_finish_date = 2026-07-05T16:54:39.538
┌ Info: Progress
│   simulation_time = 13 hours, 21 minutes
│   n_steps_completed = 1602
│   wall_time_per_step = 4 milliseconds, 345 microseconds
│   wall_time_total = 25 seconds, 31 milliseconds
│   wall_time_remaining = 18 seconds, 69 milliseconds
│   wall_time_spent = 6 seconds, 961 milliseconds
│   percent_complete = 27.8%
│   estimated_sypd = 18.9
│   instantaneous_sypd = 17.611
│   date_now = 2026-07-05T16:54:20.886
└   estimated_finish_date = 2026-07-05T16:54:39.886
┌ Info: Progress
│   simulation_time = 15 hours, 45 minutes
│   n_steps_completed = 1891
│   wall_time_per_step = 4 milliseconds, 413 microseconds
│   wall_time_total = 25 seconds, 423 milliseconds
│   wall_time_remaining = 17 seconds, 77 milliseconds
│   wall_time_spent = 8 seconds, 346 milliseconds
│   percent_complete = 32.8%
│   estimated_sypd = 18.609
│   instantaneous_sypd = 17.143
│   date_now = 2026-07-05T16:54:22.271
└   estimated_finish_date = 2026-07-05T16:54:40.271
┌ Info: Progress
│   simulation_time = 17 hours, 4 minutes
│   n_steps_completed = 2048
│   wall_time_per_step = 4 milliseconds, 455 microseconds
│   wall_time_total = 25 seconds, 660 milliseconds
│   wall_time_remaining = 16 seconds, 537 milliseconds
│   wall_time_spent = 9 seconds, 123 milliseconds
│   percent_complete = 35.6%
│   estimated_sypd = 18.437
│   instantaneous_sypd = 16.59
│   date_now = 2026-07-05T16:54:23.048
└   estimated_finish_date = 2026-07-05T16:54:40.048
┌ Info: Progress
│   simulation_time = 19 hours, 28 minutes
│   n_steps_completed = 2337
│   wall_time_per_step = 4 milliseconds, 521 microseconds
│   wall_time_total = 26 seconds, 42 milliseconds
│   wall_time_remaining = 15 seconds, 476 milliseconds
│   wall_time_spent = 10 seconds, 566 milliseconds
│   percent_complete = 40.6%
│   estimated_sypd = 18.166
│   instantaneous_sypd = 16.456
│   date_now = 2026-07-05T16:54:24.491
└   estimated_finish_date = 2026-07-05T16:54:40.491
┌ Info: Progress
│   simulation_time = 21 hours, 53 minutes
│   n_steps_completed = 2626
│   wall_time_per_step = 4 milliseconds, 660 microseconds
│   wall_time_total = 26 seconds, 842 milliseconds
│   wall_time_remaining = 14 seconds, 604 milliseconds
│   wall_time_spent = 12 seconds, 237 milliseconds
│   percent_complete = 45.6%
│   estimated_sypd = 17.625
│   instantaneous_sypd = 14.205
│   date_now = 2026-07-05T16:54:26.162
└   estimated_finish_date = 2026-07-05T16:54:41.162
┌ Info: Progress
│   simulation_time = 1 day, 17 minutes
│   n_steps_completed = 2915
│   wall_time_per_step = 4 milliseconds, 718 microseconds
│   wall_time_total = 27 seconds, 179 milliseconds
│   wall_time_remaining = 13 seconds, 424 milliseconds
│   wall_time_spent = 13 seconds, 755 milliseconds
│   percent_complete = 50.6%
│   estimated_sypd = 17.406
│   instantaneous_sypd = 15.641
│   date_now = 2026-07-05T16:54:27.679
└   estimated_finish_date = 2026-07-05T16:54:41.679
┌ Info: Progress
│   simulation_time = 1 day, 2 hours
│   n_steps_completed = 3204
│   wall_time_per_step = 4 milliseconds, 778 microseconds
│   wall_time_total = 27 seconds, 526 milliseconds
│   wall_time_remaining = 12 seconds, 214 milliseconds
│   wall_time_spent = 15 seconds, 311 milliseconds
│   percent_complete = 55.6%
│   estimated_sypd = 17.187
│   instantaneous_sypd = 15.249
│   date_now = 2026-07-05T16:54:29.236
└   estimated_finish_date = 2026-07-05T16:54:42.236
┌ Info: Progress
│   simulation_time = 1 day, 5 hours
│   n_steps_completed = 3493
│   wall_time_per_step = 4 milliseconds, 850 microseconds
│   wall_time_total = 27 seconds, 938 milliseconds
│   wall_time_remaining = 10 seconds, 996 milliseconds
│   wall_time_spent = 16 seconds, 942 milliseconds
│   percent_complete = 60.6%
│   estimated_sypd = 16.933
│   instantaneous_sypd = 14.553
│   date_now = 2026-07-05T16:54:30.867
└   estimated_finish_date = 2026-07-05T16:54:41.867
┌ Info: Progress
│   simulation_time = 1 day, 7 hours
│   n_steps_completed = 3782
│   wall_time_per_step = 4 milliseconds, 942 microseconds
│   wall_time_total = 28 seconds, 468 milliseconds
│   wall_time_remaining = 9 seconds, 776 milliseconds
│   wall_time_spent = 18 seconds, 692 milliseconds
│   percent_complete = 65.7%
│   estimated_sypd = 16.618
│   instantaneous_sypd = 13.565
│   date_now = 2026-07-05T16:54:32.617
└   estimated_finish_date = 2026-07-05T16:54:42.617
┌ Info: Progress
│   simulation_time = 1 day, 9 hours
│   n_steps_completed = 4071
│   wall_time_per_step = 5 milliseconds, 27 microseconds
│   wall_time_total = 28 seconds, 955 milliseconds
│   wall_time_remaining = 8 seconds, 490 milliseconds
│   wall_time_spent = 20 seconds, 465 milliseconds
│   percent_complete = 70.7%
│   estimated_sypd = 16.339
│   instantaneous_sypd = 13.391
│   date_now = 2026-07-05T16:54:34.390
└   estimated_finish_date = 2026-07-05T16:54:43.390
┌ Info: Progress
│   simulation_time = 1 day, 10 hours
│   n_steps_completed = 4096
│   wall_time_per_step = 5 milliseconds, 41 microseconds
│   wall_time_total = 29 seconds, 40 milliseconds
│   wall_time_remaining = 8 seconds, 389 milliseconds
│   wall_time_spent = 20 seconds, 651 milliseconds
│   percent_complete = 71.1%
│   estimated_sypd = 16.291
│   instantaneous_sypd = 11.046
│   date_now = 2026-07-05T16:54:34.576
└   estimated_finish_date = 2026-07-05T16:54:43.576
┌ Info: Progress
│   simulation_time = 1 day, 12 hours
│   n_steps_completed = 4385
│   wall_time_per_step = 5 milliseconds, 109 microseconds
│   wall_time_total = 29 seconds, 433 milliseconds
│   wall_time_remaining = 7 seconds, 26 milliseconds
│   wall_time_spent = 22 seconds, 407 milliseconds
│   percent_complete = 76.1%
│   estimated_sypd = 16.074
│   instantaneous_sypd = 13.517
│   date_now = 2026-07-05T16:54:36.332
└   estimated_finish_date = 2026-07-05T16:54:44.332
┌ Info: Progress
│   simulation_time = 1 day, 14 hours
│   n_steps_completed = 4674
│   wall_time_per_step = 5 milliseconds, 182 microseconds
│   wall_time_total = 29 seconds, 852 milliseconds
│   wall_time_remaining = 5 seconds, 628 milliseconds
│   wall_time_spent = 24 seconds, 224 milliseconds
│   percent_complete = 81.1%
│   estimated_sypd = 15.848
│   instantaneous_sypd = 13.063
│   date_now = 2026-07-05T16:54:38.149
└   estimated_finish_date = 2026-07-05T16:54:44.149
┌ Info: Progress
│   simulation_time = 1 day, 17 hours
│   n_steps_completed = 4963
│   wall_time_per_step = 5 milliseconds, 249 microseconds
│   wall_time_total = 30 seconds, 234 milliseconds
│   wall_time_remaining = 4 seconds, 183 milliseconds
│   wall_time_spent = 26 seconds, 51 milliseconds
│   percent_complete = 86.2%
│   estimated_sypd = 15.647
│   instantaneous_sypd = 12.992
│   date_now = 2026-07-05T16:54:39.976
└   estimated_finish_date = 2026-07-05T16:54:44.976
┌ Info: Progress
│   simulation_time = 1 day, 19 hours
│   n_steps_completed = 5252
│   wall_time_per_step = 5 milliseconds, 315 microseconds
│   wall_time_total = 30 seconds, 616 milliseconds
│   wall_time_remaining = 2 seconds, 700 milliseconds
│   wall_time_spent = 27 seconds, 916 milliseconds
│   percent_complete = 91.2%
│   estimated_sypd = 15.452
│   instantaneous_sypd = 12.726
│   date_now = 2026-07-05T16:54:41.841
└   estimated_finish_date = 2026-07-05T16:54:44.841
┌ Info: Progress
│   simulation_time = 1 day, 22 hours
│   n_steps_completed = 5541
│   wall_time_per_step = 5 milliseconds, 389 microseconds
│   wall_time_total = 31 seconds, 43 milliseconds
│   wall_time_remaining = 1 second, 180 milliseconds
│   wall_time_spent = 29 seconds, 863 milliseconds
│   percent_complete = 96.2%
│   estimated_sypd = 15.24
│   instantaneous_sypd = 12.194
│   date_now = 2026-07-05T16:54:43.788
└   estimated_finish_date = 2026-07-05T16:54:45.788
[ Info: solve! walltime = 31.323
[ Info: sypd: 15.114
[ Info: wall_time_per_timestep: 5 milliseconds, 438 microseconds
[ Info: Memory currently used (after solve!) by the process (RSS): 8.68 GiB
[ Info: Completed member 5
┌ Info: Making AtmosConfig with config files: 
│      /home/jeff/larcform1-experiments/ClimaAtmos.jl/src/config/../../config/default_configs/default_config.yml
└   
┌ Info: numerics 
│          `energy_q_tot_upwinding`::`Val{:vanleer_limiter}`
│                `tracer_upwinding`::`Val{:vanleer_limiter}`
│       `edmfx_mse_q_tot_upwinding`::`Val{:first_order}`
│         `edmfx_sgsflux_upwinding`::`Val{:none}`
│          `edmfx_tracer_upwinding`::`Val{:first_order}`
│         `test_dycore_consistency`::`Nothing`
│            `reproducible_restart`::`Nothing`
│                         `limiter`::`Nothing`
│                       `diff_mode`::`ClimaAtmos.Implicit`
│                       `hyperdiff`::`Nothing`
└   
┌ Info: AtmosModel: 
│   
│                               `water`::`ClimaAtmos.AtmosWater{ClimaAtmos.NonEquilibriumMicrophysics1M, ClimaAtmos.QuadratureCloud, ClimaAtmos.Implicit, Nothing, ClimaAtmos.SGSQuadrature{3, StaticArraysCore.SVector{3, Float32}, StaticArraysCore.SVector{3, Float32}, ClimaAtmos.GaussianSGS, Float32}, ClimaAtmos.FixedTerminalVelocity{Float32}}`
│                           `scm_setup`::`ClimaAtmos.SCMSetup{Nothing, Nothing, Nothing, Bool, @NamedTuple{prof_ug::AtmosphericProfilesLibrary.ZProfile{AtmosphericProfilesLibrary.var"#Larcform1_geostrophic_u##0#Larcform1_geostrophic_u##1"{Float32}}, prof_vg::AtmosphericProfilesLibrary.ZProfile{Returns{Float32}}, coriolis_param::Float32}}`
│                           `radiation`::`ClimaAtmos.AtmosRadiation{ClimaAtmos.RRTMGPInterface.AllSkyRadiationWithClearSkyDiagnostics{ClimaAtmos.InteractiveCloudInRadiation}, ClimaAtmos.Larcform1Insolation}`
│                            `turbconv`::`ClimaAtmos.AtmosTurbconv{ClimaAtmos.EDMFXModel{ClimaAtmos.InvZEntrainment, ClimaAtmos.BuoyancyVelocityDetrainment, Val{true}, Val{true}, Val{true}, Val{true}, Val{true}, ClimaAtmos.SmoothMinimumBlending}, ClimaAtmos.PrognosticEDMFX{1, true, Float32}, Nothing, Nothing, Nothing}`
│                     `prescribed_flow`::`Nothing`
│                        `gravity_wave`::`ClimaAtmos.AtmosGravityWave{Nothing, Nothing}`
│                  `vertical_diffusion`::`Nothing`
│                              `sponge`::`ClimaAtmos.AtmosSponge{Nothing, Nothing}`
│                             `surface`::`ClimaAtmos.AtmosSurface{ClimaAtmos.SurfaceConditions.MoninObukhov{Float32, Nothing, Nothing}, ClimaAtmos.SurfaceConditions.SlabOceanTemperature{Float32}, ClimaAtmos.SurfaceConditions.SurfaceBoundaryOverrides{Float32, Float32, Nothing, Nothing, Nothing, Nothing}, ClimaAtmos.ConstantAlbedo{Float32}}`
│                            `numerics`::`ClimaAtmos.AtmosNumerics{Val{:vanleer_limiter}, Val{:vanleer_limiter}, Val{:first_order}, Val{:none}, Val{:first_order}, Nothing, Nothing, Nothing, ClimaAtmos.Implicit, Nothing}`
│                           `chemistry`::`ClimaAtmos.AtmosChem{Nothing}`
└   
┌ Info: Microphysics settings: 
│                          `n_substeps`::`3`
│                     `n_substeps_quad`::`2`
│              `cloud_liquid_formation`::`CloudLiquidFormation`
│                 `cloud_ice_formation`::`TemperatureDependent`
│                      `cloud_ice_melt`::`CloudIceMelt`
│                 `rain_autoconversion`::`Kessler1M`
│                 `snow_autoconversion`::`NoSupersaturation`
│       `rain_condensation_evaporation`::`RainEvaporation`
│         `snow_deposition_sublimation`::`DepositionAndSublimation`
│                           `snow_melt`::`SnowMelt`
│         `cloud_liquid_rain_accretion`::`CloudLiquidRainAccretion`
│         `cloud_liquid_snow_accretion`::`CloudLiquidSnowAccretion`
│            `cloud_ice_rain_accretion`::`CloudIceRainAccretion`
│            `cloud_ice_snow_accretion`::`CloudIceSnowAccretion`
│                 `rain_snow_accretion`::`RainSnowAccretion`
└   
[ Info: Single-process ClimaAtmos run on CPUSingleThreaded
[ Info: Using ODE config: `ClimaTimeSteppers.ARS222`
[ Info: Initialized state (31.321 μs, 7.76 KiB)
[ Info: Built cache (215.237 ms, 172.6 MiB)
[ Info: Assembled callbacks (125.633 μs, 17.42 KiB)
┌ Info: Jacobian algorithm: ManualSparseJacobian(
│     approximate_solve_iters = 2,
└   )
[ Info: Jacobian derivative flags: topography_flag = IgnoreDerivative, diffusion_flag = UseDerivative
[ Info: Built tendency function (207.196 μs, 201.06 KiB)
[ Info: Initialized integrator (8.274 ms, 169.03 KiB)
[ Info: Added 7 user-provided YAML-style diagnostics
[ Info: Saving accumulated diagnostics to disk with frequency: 1 hour
[ Info: Set up diagnostics (453.131 μs, 103.66 KiB)
[ Info: Initialized 7 total diagnostics
