┌ Info: Simulation info
│   job_id = lf1e_clw_cal_member
└   output_dir = /home/jeff/larcform1-experiments/experiments/clw calibration/output/uki_1/iteration_003/member_005/output_0000
┌ Info: Running
│   job_id = lf1e_clw_cal_member
│   output_dir = /home/jeff/larcform1-experiments/experiments/clw calibration/output/uki_1/iteration_003/member_005/output_0000
└   tspan = (0.0 seconds (2010-01-01T00:00:00) [counter = 0, period = 1 second, epoch = 2010-01-01T00:00:00], 172800.0 seconds (2010-01-03T00:00:00) [counter = 172800, period = 1 second, epoch = 2010-01-01T00:00:00])
┌ Info: Progress
│   simulation_time = 30 seconds
│   n_steps_completed = 1
│   wall_time_per_step = 0 seconds
│   wall_time_total = 0 seconds
│   wall_time_remaining = 0 seconds
│   wall_time_spent = 0 seconds
│   percent_complete = 0.0%
│   estimated_sypd = Inf
│   instantaneous_sypd = 0.0 (sdpd_estimate = 0.0)
│   date_now = 2026-07-05T16:31:41.133
└   estimated_finish_date = 2026-07-05T16:31:41.133
┌ Info: Progress
│   simulation_time = 1 minute
│   n_steps_completed = 2
│   wall_time_per_step = 0 seconds
│   wall_time_total = 0 seconds
│   wall_time_remaining = 0 seconds
│   wall_time_spent = 0 seconds
│   percent_complete = 0.0%
│   estimated_sypd = Inf
│   instantaneous_sypd = 0.032
│   date_now = 2026-07-05T16:31:43.711
└   estimated_finish_date = 2026-07-05T16:31:43.711
┌ Info: Progress
│   simulation_time = 2 minutes
│   n_steps_completed = 4
│   wall_time_per_step = 4 milliseconds, 510 microseconds
│   wall_time_total = 25 seconds, 980 milliseconds
│   wall_time_remaining = 25 seconds, 962 milliseconds
│   wall_time_spent = 18 milliseconds, 42 microseconds
│   percent_complete = 0.1%
│   estimated_sypd = 18.21
│   instantaneous_sypd = 18.21
│   date_now = 2026-07-05T16:31:43.720
└   estimated_finish_date = 2026-07-05T16:32:09.720
┌ Info: Progress
│   simulation_time = 4 minutes
│   n_steps_completed = 8
│   wall_time_per_step = 4 milliseconds, 411 microseconds
│   wall_time_total = 25 seconds, 408 milliseconds
│   wall_time_remaining = 25 seconds, 372 milliseconds
│   wall_time_spent = 35 milliseconds, 289 microseconds
│   percent_complete = 0.1%
│   estimated_sypd = 18.62
│   instantaneous_sypd = 19.049
│   date_now = 2026-07-05T16:31:43.737
└   estimated_finish_date = 2026-07-05T16:32:09.737
┌ Info: Progress
│   simulation_time = 8 minutes
│   n_steps_completed = 16
│   wall_time_per_step = 4 milliseconds, 196 microseconds
│   wall_time_total = 24 seconds, 170 milliseconds
│   wall_time_remaining = 24 seconds, 103 milliseconds
│   wall_time_spent = 67 milliseconds, 141 microseconds
│   percent_complete = 0.3%
│   estimated_sypd = 19.573
│   instantaneous_sypd = 20.629
│   date_now = 2026-07-05T16:31:43.769
└   estimated_finish_date = 2026-07-05T16:32:08.769
┌ Info: Progress
│   simulation_time = 16 minutes
│   n_steps_completed = 32
│   wall_time_per_step = 4 milliseconds, 17 microseconds
│   wall_time_total = 23 seconds, 142 milliseconds
│   wall_time_remaining = 23 seconds, 14 milliseconds
│   wall_time_spent = 128 milliseconds, 570 microseconds
│   percent_complete = 0.6%
│   estimated_sypd = 20.443
│   instantaneous_sypd = 21.393
│   date_now = 2026-07-05T16:31:43.830
└   estimated_finish_date = 2026-07-05T16:32:07.830
┌ Info: Progress
│   simulation_time = 32 minutes
│   n_steps_completed = 64
│   wall_time_per_step = 4 milliseconds, 33 microseconds
│   wall_time_total = 23 seconds, 230 milliseconds
│   wall_time_remaining = 22 seconds, 971 milliseconds
│   wall_time_spent = 258 milliseconds, 111 microseconds
│   percent_complete = 1.1%
│   estimated_sypd = 20.366
│   instantaneous_sypd = 20.289
│   date_now = 2026-07-05T16:31:43.960
└   estimated_finish_date = 2026-07-05T16:32:06.960
┌ Info: Progress
│   simulation_time = 1 hour, 4 minutes
│   n_steps_completed = 128
│   wall_time_per_step = 4 milliseconds, 120 microseconds
│   wall_time_total = 23 seconds, 732 milliseconds
│   wall_time_remaining = 23 seconds, 205 milliseconds
│   wall_time_spent = 527 milliseconds, 397 microseconds
│   percent_complete = 2.2%
│   estimated_sypd = 19.934
│   instantaneous_sypd = 19.521
│   date_now = 2026-07-05T16:31:44.229
└   estimated_finish_date = 2026-07-05T16:32:08.229
┌ Info: Progress
│   simulation_time = 2 hours, 8 minutes
│   n_steps_completed = 256
│   wall_time_per_step = 4 milliseconds, 100 microseconds
│   wall_time_total = 23 seconds, 621 milliseconds
│   wall_time_remaining = 22 seconds, 571 milliseconds
│   wall_time_spent = 1 second, 49 milliseconds
│   percent_complete = 4.4%
│   estimated_sypd = 20.029
│   instantaneous_sypd = 20.124
│   date_now = 2026-07-05T16:31:44.752
└   estimated_finish_date = 2026-07-05T16:32:07.751
┌ Info: Progress
│   simulation_time = 4 hours, 16 minutes
│   n_steps_completed = 512
│   wall_time_per_step = 4 milliseconds, 115 microseconds
│   wall_time_total = 23 seconds, 705 milliseconds
│   wall_time_remaining = 21 seconds, 598 milliseconds
│   wall_time_spent = 2 seconds, 107 milliseconds
│   percent_complete = 8.9%
│   estimated_sypd = 19.958
│   instantaneous_sypd = 19.887
│   date_now = 2026-07-05T16:31:45.809
└   estimated_finish_date = 2026-07-05T16:32:07.809
┌ Info: Progress
│   simulation_time = 6 hours, 40 minutes
│   n_steps_completed = 801
│   wall_time_per_step = 4 milliseconds, 168 microseconds
│   wall_time_total = 24 seconds, 13 milliseconds
│   wall_time_remaining = 20 seconds, 673 milliseconds
│   wall_time_spent = 3 seconds, 339 milliseconds
│   percent_complete = 13.9%
│   estimated_sypd = 19.702
│   instantaneous_sypd = 19.264
│   date_now = 2026-07-05T16:31:47.041
└   estimated_finish_date = 2026-07-05T16:32:08.041
┌ Info: Progress
│   simulation_time = 8 hours, 32 minutes
│   n_steps_completed = 1024
│   wall_time_per_step = 4 milliseconds, 219 microseconds
│   wall_time_total = 24 seconds, 304 milliseconds
│   wall_time_remaining = 19 seconds, 983 milliseconds
│   wall_time_spent = 4 seconds, 320 milliseconds
│   percent_complete = 17.8%
│   estimated_sypd = 19.465
│   instantaneous_sypd = 18.661
│   date_now = 2026-07-05T16:31:48.023
└   estimated_finish_date = 2026-07-05T16:32:08.023
┌ Info: Progress
│   simulation_time = 10 hours, 56 minutes
│   n_steps_completed = 1313
│   wall_time_per_step = 4 milliseconds, 285 microseconds
│   wall_time_total = 24 seconds, 683 milliseconds
│   wall_time_remaining = 19 seconds, 56 milliseconds
│   wall_time_spent = 5 seconds, 626 milliseconds
│   percent_complete = 22.8%
│   estimated_sypd = 19.167
│   instantaneous_sypd = 18.18
│   date_now = 2026-07-05T16:31:49.328
└   estimated_finish_date = 2026-07-05T16:32:09.328
┌ Info: Progress
│   simulation_time = 13 hours, 21 minutes
│   n_steps_completed = 1602
│   wall_time_per_step = 4 milliseconds, 369 microseconds
│   wall_time_total = 25 seconds, 165 milliseconds
│   wall_time_remaining = 18 seconds, 166 milliseconds
│   wall_time_spent = 6 seconds, 999 milliseconds
│   percent_complete = 27.8%
│   estimated_sypd = 18.799
│   instantaneous_sypd = 17.292
│   date_now = 2026-07-05T16:31:50.701
└   estimated_finish_date = 2026-07-05T16:32:09.701
┌ Info: Progress
│   simulation_time = 15 hours, 45 minutes
│   n_steps_completed = 1891
│   wall_time_per_step = 4 milliseconds, 444 microseconds
│   wall_time_total = 25 seconds, 603 milliseconds
│   wall_time_remaining = 17 seconds, 197 milliseconds
│   wall_time_spent = 8 seconds, 405 milliseconds
│   percent_complete = 32.8%
│   estimated_sypd = 18.478
│   instantaneous_sypd = 16.881
│   date_now = 2026-07-05T16:31:52.107
└   estimated_finish_date = 2026-07-05T16:32:10.107
┌ Info: Progress
│   simulation_time = 17 hours, 4 minutes
│   n_steps_completed = 2048
│   wall_time_per_step = 4 milliseconds, 490 microseconds
│   wall_time_total = 25 seconds, 862 milliseconds
│   wall_time_remaining = 16 seconds, 666 milliseconds
│   wall_time_spent = 9 seconds, 195 milliseconds
│   percent_complete = 35.6%
│   estimated_sypd = 18.293
│   instantaneous_sypd = 16.321
│   date_now = 2026-07-05T16:31:52.897
└   estimated_finish_date = 2026-07-05T16:32:09.897
┌ Info: Progress
│   simulation_time = 19 hours, 28 minutes
│   n_steps_completed = 2337
│   wall_time_per_step = 4 milliseconds, 578 microseconds
│   wall_time_total = 26 seconds, 372 milliseconds
│   wall_time_remaining = 15 seconds, 672 milliseconds
│   wall_time_spent = 10 seconds, 700 milliseconds
│   percent_complete = 40.6%
│   estimated_sypd = 17.939
│   instantaneous_sypd = 15.775
│   date_now = 2026-07-05T16:31:54.402
└   estimated_finish_date = 2026-07-05T16:32:10.402
┌ Info: Progress
│   simulation_time = 21 hours, 53 minutes
│   n_steps_completed = 2626
│   wall_time_per_step = 4 milliseconds, 702 microseconds
│   wall_time_total = 27 seconds, 88 milliseconds
│   wall_time_remaining = 14 seconds, 738 milliseconds
│   wall_time_spent = 12 seconds, 349 milliseconds
│   percent_complete = 45.6%
│   estimated_sypd = 17.465
│   instantaneous_sypd = 14.391
│   date_now = 2026-07-05T16:31:56.051
└   estimated_finish_date = 2026-07-05T16:32:11.051
┌ Info: Progress
│   simulation_time = 1 day, 17 minutes
│   n_steps_completed = 2915
│   wall_time_per_step = 4 milliseconds, 770 microseconds
│   wall_time_total = 27 seconds, 480 milliseconds
│   wall_time_remaining = 13 seconds, 573 milliseconds
│   wall_time_spent = 13 seconds, 907 milliseconds
│   percent_complete = 50.6%
│   estimated_sypd = 17.216
│   instantaneous_sypd = 15.24
│   date_now = 2026-07-05T16:31:57.609
└   estimated_finish_date = 2026-07-05T16:32:11.609
┌ Info: Progress
│   simulation_time = 1 day, 2 hours
│   n_steps_completed = 3204
│   wall_time_per_step = 4 milliseconds, 839 microseconds
│   wall_time_total = 27 seconds, 875 milliseconds
│   wall_time_remaining = 12 seconds, 369 milliseconds
│   wall_time_spent = 15 seconds, 505 milliseconds
│   percent_complete = 55.6%
│   estimated_sypd = 16.972
│   instantaneous_sypd = 14.85
│   date_now = 2026-07-05T16:31:59.208
└   estimated_finish_date = 2026-07-05T16:32:12.208
┌ Info: Progress
│   simulation_time = 1 day, 5 hours
│   n_steps_completed = 3493
│   wall_time_per_step = 4 milliseconds, 906 microseconds
│   wall_time_total = 28 seconds, 262 milliseconds
│   wall_time_remaining = 11 seconds, 123 milliseconds
│   wall_time_spent = 17 seconds, 139 milliseconds
│   percent_complete = 60.6%
│   estimated_sypd = 16.739
│   instantaneous_sypd = 14.534
│   date_now = 2026-07-05T16:32:00.841
└   estimated_finish_date = 2026-07-05T16:32:12.841
┌ Info: Progress
│   simulation_time = 1 day, 7 hours
│   n_steps_completed = 3782
│   wall_time_per_step = 4 milliseconds, 985 microseconds
│   wall_time_total = 28 seconds, 715 milliseconds
│   wall_time_remaining = 9 seconds, 861 milliseconds
│   wall_time_spent = 18 seconds, 854 milliseconds
│   percent_complete = 65.7%
│   estimated_sypd = 16.475
│   instantaneous_sypd = 13.837
│   date_now = 2026-07-05T16:32:02.556
└   estimated_finish_date = 2026-07-05T16:32:12.556
┌ Info: Progress
│   simulation_time = 1 day, 9 hours
│   n_steps_completed = 4071
│   wall_time_per_step = 5 milliseconds, 52 microseconds
│   wall_time_total = 29 seconds, 99 milliseconds
│   wall_time_remaining = 8 seconds, 532 milliseconds
│   wall_time_spent = 20 seconds, 566 milliseconds
│   percent_complete = 70.7%
│   estimated_sypd = 16.258
│   instantaneous_sypd = 13.863
│   date_now = 2026-07-05T16:32:04.269
└   estimated_finish_date = 2026-07-05T16:32:13.269
┌ Info: Progress
│   simulation_time = 1 day, 10 hours
│   n_steps_completed = 4096
│   wall_time_per_step = 5 milliseconds, 59 microseconds
│   wall_time_total = 29 seconds, 144 milliseconds
│   wall_time_remaining = 8 seconds, 419 milliseconds
│   wall_time_spent = 20 seconds, 724 milliseconds
│   percent_complete = 71.1%
│   estimated_sypd = 16.233
│   instantaneous_sypd = 12.984
│   date_now = 2026-07-05T16:32:04.427
└   estimated_finish_date = 2026-07-05T16:32:13.427
┌ Info: Progress
│   simulation_time = 1 day, 12 hours
│   n_steps_completed = 4385
│   wall_time_per_step = 5 milliseconds, 127 microseconds
│   wall_time_total = 29 seconds, 536 milliseconds
│   wall_time_remaining = 7 seconds, 50 milliseconds
│   wall_time_spent = 22 seconds, 486 milliseconds
│   percent_complete = 76.1%
│   estimated_sypd = 16.017
│   instantaneous_sypd = 13.479
│   date_now = 2026-07-05T16:32:06.188
└   estimated_finish_date = 2026-07-05T16:32:14.188
┌ Info: Progress
│   simulation_time = 1 day, 14 hours
│   n_steps_completed = 4674
│   wall_time_per_step = 5 milliseconds, 204 microseconds
│   wall_time_total = 29 seconds, 980 milliseconds
│   wall_time_remaining = 5 seconds, 652 milliseconds
│   wall_time_spent = 24 seconds, 327 milliseconds
│   percent_complete = 81.1%
│   estimated_sypd = 15.78
│   instantaneous_sypd = 12.889
│   date_now = 2026-07-05T16:32:08.029
└   estimated_finish_date = 2026-07-05T16:32:14.029
┌ Info: Progress
│   simulation_time = 1 day, 17 hours
│   n_steps_completed = 4963
│   wall_time_per_step = 5 milliseconds, 277 microseconds
│   wall_time_total = 30 seconds, 398 milliseconds
│   wall_time_remaining = 4 seconds, 206 milliseconds
│   wall_time_spent = 26 seconds, 192 milliseconds
│   percent_complete = 86.2%
│   estimated_sypd = 15.563
│   instantaneous_sypd = 12.729
│   date_now = 2026-07-05T16:32:09.894
└   estimated_finish_date = 2026-07-05T16:32:14.894
┌ Info: Progress
│   simulation_time = 1 day, 19 hours
│   n_steps_completed = 5252
│   wall_time_per_step = 5 milliseconds, 347 microseconds
│   wall_time_total = 30 seconds, 803 milliseconds
│   wall_time_remaining = 2 seconds, 716 milliseconds
│   wall_time_spent = 28 seconds, 87 milliseconds
│   percent_complete = 91.2%
│   estimated_sypd = 15.358
│   instantaneous_sypd = 12.529
│   date_now = 2026-07-05T16:32:11.789
└   estimated_finish_date = 2026-07-05T16:32:14.789
┌ Info: Progress
│   simulation_time = 1 day, 22 hours
│   n_steps_completed = 5541
│   wall_time_per_step = 5 milliseconds, 424 microseconds
│   wall_time_total = 31 seconds, 242 milliseconds
│   wall_time_remaining = 1 second, 187 milliseconds
│   wall_time_spent = 30 seconds, 54 milliseconds
│   percent_complete = 96.2%
│   estimated_sypd = 15.143
│   instantaneous_sypd = 12.066
│   date_now = 2026-07-05T16:32:13.756
└   estimated_finish_date = 2026-07-05T16:32:15.756
[ Info: solve! walltime = 31.527
[ Info: sypd: 15.017
[ Info: wall_time_per_timestep: 5 milliseconds, 473 microseconds
[ Info: Memory currently used (after solve!) by the process (RSS): 8.68 GiB
[ Info: Completed member 5
┌ Info: Making AtmosConfig with config files: 
│      /home/jeff/larcform1-experiments/ClimaAtmos.jl/src/config/../../config/default_configs/default_config.yml
└   
┌ Info: numerics 
│          `energy_q_tot_upwinding`::`Val{:vanleer_limiter}`
│                `tracer_upwinding`::`Val{:vanleer_limiter}`
│       `edmfx_mse_q_tot_upwinding`::`Val{:first_order}`
│         `edmfx_sgsflux_upwinding`::`Val{:none}`
│          `edmfx_tracer_upwinding`::`Val{:first_order}`
│         `test_dycore_consistency`::`Nothing`
│            `reproducible_restart`::`Nothing`
│                         `limiter`::`Nothing`
│                       `diff_mode`::`ClimaAtmos.Implicit`
│                       `hyperdiff`::`Nothing`
└   
┌ Info: AtmosModel: 
│   
│                               `water`::`ClimaAtmos.AtmosWater{ClimaAtmos.NonEquilibriumMicrophysics1M, ClimaAtmos.QuadratureCloud, ClimaAtmos.Implicit, Nothing, ClimaAtmos.SGSQuadrature{3, StaticArraysCore.SVector{3, Float32}, StaticArraysCore.SVector{3, Float32}, ClimaAtmos.GaussianSGS, Float32}, ClimaAtmos.FixedTerminalVelocity{Float32}}`
│                           `scm_setup`::`ClimaAtmos.SCMSetup{Nothing, Nothing, Nothing, Bool, @NamedTuple{prof_ug::AtmosphericProfilesLibrary.ZProfile{AtmosphericProfilesLibrary.var"#Larcform1_geostrophic_u##0#Larcform1_geostrophic_u##1"{Float32}}, prof_vg::AtmosphericProfilesLibrary.ZProfile{Returns{Float32}}, coriolis_param::Float32}}`
│                           `radiation`::`ClimaAtmos.AtmosRadiation{ClimaAtmos.RRTMGPInterface.AllSkyRadiationWithClearSkyDiagnostics{ClimaAtmos.InteractiveCloudInRadiation}, ClimaAtmos.Larcform1Insolation}`
│                            `turbconv`::`ClimaAtmos.AtmosTurbconv{ClimaAtmos.EDMFXModel{ClimaAtmos.InvZEntrainment, ClimaAtmos.BuoyancyVelocityDetrainment, Val{true}, Val{true}, Val{true}, Val{true}, Val{true}, ClimaAtmos.SmoothMinimumBlending}, ClimaAtmos.PrognosticEDMFX{1, true, Float32}, Nothing, Nothing, Nothing}`
│                     `prescribed_flow`::`Nothing`
│                        `gravity_wave`::`ClimaAtmos.AtmosGravityWave{Nothing, Nothing}`
│                  `vertical_diffusion`::`Nothing`
│                              `sponge`::`ClimaAtmos.AtmosSponge{Nothing, Nothing}`
│                             `surface`::`ClimaAtmos.AtmosSurface{ClimaAtmos.SurfaceConditions.MoninObukhov{Float32, Nothing, Nothing}, ClimaAtmos.SurfaceConditions.SlabOceanTemperature{Float32}, ClimaAtmos.SurfaceConditions.SurfaceBoundaryOverrides{Float32, Float32, Nothing, Nothing, Nothing, Nothing}, ClimaAtmos.ConstantAlbedo{Float32}}`
│                            `numerics`::`ClimaAtmos.AtmosNumerics{Val{:vanleer_limiter}, Val{:vanleer_limiter}, Val{:first_order}, Val{:none}, Val{:first_order}, Nothing, Nothing, Nothing, ClimaAtmos.Implicit, Nothing}`
│                           `chemistry`::`ClimaAtmos.AtmosChem{Nothing}`
└   
┌ Info: Microphysics settings: 
│                          `n_substeps`::`3`
│                     `n_substeps_quad`::`2`
│              `cloud_liquid_formation`::`CloudLiquidFormation`
│                 `cloud_ice_formation`::`TemperatureDependent`
│                      `cloud_ice_melt`::`CloudIceMelt`
│                 `rain_autoconversion`::`Kessler1M`
│                 `snow_autoconversion`::`NoSupersaturation`
│       `rain_condensation_evaporation`::`RainEvaporation`
│         `snow_deposition_sublimation`::`DepositionAndSublimation`
│                           `snow_melt`::`SnowMelt`
│         `cloud_liquid_rain_accretion`::`CloudLiquidRainAccretion`
│         `cloud_liquid_snow_accretion`::`CloudLiquidSnowAccretion`
│            `cloud_ice_rain_accretion`::`CloudIceRainAccretion`
│            `cloud_ice_snow_accretion`::`CloudIceSnowAccretion`
│                 `rain_snow_accretion`::`RainSnowAccretion`
└   
[ Info: Single-process ClimaAtmos run on CPUSingleThreaded
[ Info: Using ODE config: `ClimaTimeSteppers.ARS222`
[ Info: Initialized state (41.671 μs, 7.76 KiB)
[ Info: Built cache (222.107 ms, 172.6 MiB)
[ Info: Assembled callbacks (137.414 μs, 17.42 KiB)
┌ Info: Jacobian algorithm: ManualSparseJacobian(
│     approximate_solve_iters = 2,
└   )
[ Info: Jacobian derivative flags: topography_flag = IgnoreDerivative, diffusion_flag = UseDerivative
[ Info: Built tendency function (234.916 μs, 201.06 KiB)
[ Info: Initialized integrator (8.335 ms, 169.03 KiB)
[ Info: Added 7 user-provided YAML-style diagnostics
[ Info: Saving accumulated diagnostics to disk with frequency: 1 hour
[ Info: Set up diagnostics (429.251 μs, 103.66 KiB)
[ Info: Initialized 7 total diagnostics
