┌ Info: Simulation info
│   job_id = lf1e_clw_cal_member
└   output_dir = /home/jeff/larcform1-experiments/experiments/clw calibration/output/uki_1/iteration_006/member_009/output_0000
┌ Info: Running
│   job_id = lf1e_clw_cal_member
│   output_dir = /home/jeff/larcform1-experiments/experiments/clw calibration/output/uki_1/iteration_006/member_009/output_0000
└   tspan = (0.0 seconds (2010-01-01T00:00:00) [counter = 0, period = 1 second, epoch = 2010-01-01T00:00:00], 172800.0 seconds (2010-01-03T00:00:00) [counter = 172800, period = 1 second, epoch = 2010-01-01T00:00:00])
┌ Info: Progress
│   simulation_time = 30 seconds
│   n_steps_completed = 1
│   wall_time_per_step = 0 seconds
│   wall_time_total = 0 seconds
│   wall_time_remaining = 0 seconds
│   wall_time_spent = 0 seconds
│   percent_complete = 0.0%
│   estimated_sypd = Inf
│   instantaneous_sypd = 0.0 (sdpd_estimate = 0.0)
│   date_now = 2026-07-05T16:56:25.869
└   estimated_finish_date = 2026-07-05T16:56:25.869
┌ Info: Progress
│   simulation_time = 1 minute
│   n_steps_completed = 2
│   wall_time_per_step = 0 seconds
│   wall_time_total = 0 seconds
│   wall_time_remaining = 0 seconds
│   wall_time_spent = 0 seconds
│   percent_complete = 0.0%
│   estimated_sypd = Inf
│   instantaneous_sypd = 0.034
│   date_now = 2026-07-05T16:56:28.306
└   estimated_finish_date = 2026-07-05T16:56:28.306
┌ Info: Progress
│   simulation_time = 2 minutes
│   n_steps_completed = 4
│   wall_time_per_step = 4 milliseconds, 671 microseconds
│   wall_time_total = 26 seconds, 908 milliseconds
│   wall_time_remaining = 26 seconds, 889 milliseconds
│   wall_time_spent = 18 milliseconds, 686 microseconds
│   percent_complete = 0.1%
│   estimated_sypd = 17.582
│   instantaneous_sypd = 17.582
│   date_now = 2026-07-05T16:56:28.316
└   estimated_finish_date = 2026-07-05T16:56:55.316
┌ Info: Progress
│   simulation_time = 4 minutes
│   n_steps_completed = 8
│   wall_time_per_step = 4 milliseconds, 277 microseconds
│   wall_time_total = 24 seconds, 636 milliseconds
│   wall_time_remaining = 24 seconds, 602 milliseconds
│   wall_time_spent = 34 milliseconds, 217 microseconds
│   percent_complete = 0.1%
│   estimated_sypd = 19.203
│   instantaneous_sypd = 21.154
│   date_now = 2026-07-05T16:56:28.331
└   estimated_finish_date = 2026-07-05T16:56:53.331
┌ Info: Progress
│   simulation_time = 8 minutes
│   n_steps_completed = 16
│   wall_time_per_step = 4 milliseconds, 34 microseconds
│   wall_time_total = 23 seconds, 240 milliseconds
│   wall_time_remaining = 23 seconds, 175 milliseconds
│   wall_time_spent = 64 milliseconds, 556 microseconds
│   percent_complete = 0.3%
│   estimated_sypd = 20.357
│   instantaneous_sypd = 21.658
│   date_now = 2026-07-05T16:56:28.362
└   estimated_finish_date = 2026-07-05T16:56:52.362
┌ Info: Progress
│   simulation_time = 16 minutes
│   n_steps_completed = 32
│   wall_time_per_step = 3 milliseconds, 884 microseconds
│   wall_time_total = 22 seconds, 374 milliseconds
│   wall_time_remaining = 22 seconds, 250 milliseconds
│   wall_time_spent = 124 milliseconds, 303 microseconds
│   percent_complete = 0.6%
│   estimated_sypd = 21.145
│   instantaneous_sypd = 21.996
│   date_now = 2026-07-05T16:56:28.421
└   estimated_finish_date = 2026-07-05T16:56:51.421
┌ Info: Progress
│   simulation_time = 32 minutes
│   n_steps_completed = 64
│   wall_time_per_step = 3 milliseconds, 908 microseconds
│   wall_time_total = 22 seconds, 514 milliseconds
│   wall_time_remaining = 22 seconds, 264 milliseconds
│   wall_time_spent = 250 milliseconds, 158 microseconds
│   percent_complete = 1.1%
│   estimated_sypd = 21.013
│   instantaneous_sypd = 20.884
│   date_now = 2026-07-05T16:56:28.547
└   estimated_finish_date = 2026-07-05T16:56:51.547
┌ Info: Progress
│   simulation_time = 1 hour, 4 minutes
│   n_steps_completed = 128
│   wall_time_per_step = 4 milliseconds, 11 microseconds
│   wall_time_total = 23 seconds, 105 milliseconds
│   wall_time_remaining = 22 seconds, 592 milliseconds
│   wall_time_spent = 513 milliseconds, 459 microseconds
│   percent_complete = 2.2%
│   estimated_sypd = 20.476
│   instantaneous_sypd = 19.965
│   date_now = 2026-07-05T16:56:28.811
└   estimated_finish_date = 2026-07-05T16:56:51.811
┌ Info: Progress
│   simulation_time = 2 hours, 8 minutes
│   n_steps_completed = 256
│   wall_time_per_step = 4 milliseconds, 74 microseconds
│   wall_time_total = 23 seconds, 470 milliseconds
│   wall_time_remaining = 22 seconds, 427 milliseconds
│   wall_time_spent = 1 second, 43 milliseconds
│   percent_complete = 4.4%
│   estimated_sypd = 20.157
│   instantaneous_sypd = 19.848
│   date_now = 2026-07-05T16:56:29.340
└   estimated_finish_date = 2026-07-05T16:56:52.340
┌ Info: Progress
│   simulation_time = 4 hours, 16 minutes
│   n_steps_completed = 512
│   wall_time_per_step = 4 milliseconds, 61 microseconds
│   wall_time_total = 23 seconds, 392 milliseconds
│   wall_time_remaining = 21 seconds, 313 milliseconds
│   wall_time_spent = 2 seconds, 79 milliseconds
│   percent_complete = 8.9%
│   estimated_sypd = 20.224
│   instantaneous_sypd = 20.292
│   date_now = 2026-07-05T16:56:30.376
└   estimated_finish_date = 2026-07-05T16:56:52.376
┌ Info: Progress
│   simulation_time = 6 hours, 40 minutes
│   n_steps_completed = 801
│   wall_time_per_step = 4 milliseconds, 106 microseconds
│   wall_time_total = 23 seconds, 651 milliseconds
│   wall_time_remaining = 20 seconds, 362 milliseconds
│   wall_time_spent = 3 seconds, 289 milliseconds
│   percent_complete = 13.9%
│   estimated_sypd = 20.003
│   instantaneous_sypd = 19.623
│   date_now = 2026-07-05T16:56:31.586
└   estimated_finish_date = 2026-07-05T16:56:52.586
┌ Info: Progress
│   simulation_time = 8 hours, 32 minutes
│   n_steps_completed = 1024
│   wall_time_per_step = 4 milliseconds, 152 microseconds
│   wall_time_total = 23 seconds, 917 milliseconds
│   wall_time_remaining = 19 seconds, 665 milliseconds
│   wall_time_spent = 4 seconds, 252 milliseconds
│   percent_complete = 17.8%
│   estimated_sypd = 19.781
│   instantaneous_sypd = 19.02
│   date_now = 2026-07-05T16:56:32.549
└   estimated_finish_date = 2026-07-05T16:56:52.549
┌ Info: Progress
│   simulation_time = 10 hours, 56 minutes
│   n_steps_completed = 1313
│   wall_time_per_step = 4 milliseconds, 207 microseconds
│   wall_time_total = 24 seconds, 236 milliseconds
│   wall_time_remaining = 18 seconds, 711 milliseconds
│   wall_time_spent = 5 seconds, 524 milliseconds
│   percent_complete = 22.8%
│   estimated_sypd = 19.52
│   instantaneous_sypd = 18.651
│   date_now = 2026-07-05T16:56:33.822
└   estimated_finish_date = 2026-07-05T16:56:52.822
┌ Info: Progress
│   simulation_time = 13 hours, 21 minutes
│   n_steps_completed = 1602
│   wall_time_per_step = 4 milliseconds, 284 microseconds
│   wall_time_total = 24 seconds, 679 milliseconds
│   wall_time_remaining = 17 seconds, 815 milliseconds
│   wall_time_spent = 6 seconds, 863 milliseconds
│   percent_complete = 27.8%
│   estimated_sypd = 19.17
│   instantaneous_sypd = 17.725
│   date_now = 2026-07-05T16:56:35.161
└   estimated_finish_date = 2026-07-05T16:56:53.161
┌ Info: Progress
│   simulation_time = 15 hours, 45 minutes
│   n_steps_completed = 1891
│   wall_time_per_step = 4 milliseconds, 360 microseconds
│   wall_time_total = 25 seconds, 118 milliseconds
│   wall_time_remaining = 16 seconds, 871 milliseconds
│   wall_time_spent = 8 seconds, 246 milliseconds
│   percent_complete = 32.8%
│   estimated_sypd = 18.835
│   instantaneous_sypd = 17.172
│   date_now = 2026-07-05T16:56:36.543
└   estimated_finish_date = 2026-07-05T16:56:53.543
┌ Info: Progress
│   simulation_time = 17 hours, 4 minutes
│   n_steps_completed = 2048
│   wall_time_per_step = 4 milliseconds, 403 microseconds
│   wall_time_total = 25 seconds, 364 milliseconds
│   wall_time_remaining = 16 seconds, 345 milliseconds
│   wall_time_spent = 9 seconds, 18 milliseconds
│   percent_complete = 35.6%
│   estimated_sypd = 18.652
│   instantaneous_sypd = 16.702
│   date_now = 2026-07-05T16:56:37.316
└   estimated_finish_date = 2026-07-05T16:56:54.315
┌ Info: Progress
│   simulation_time = 19 hours, 28 minutes
│   n_steps_completed = 2337
│   wall_time_per_step = 4 milliseconds, 473 microseconds
│   wall_time_total = 25 seconds, 764 milliseconds
│   wall_time_remaining = 15 seconds, 311 milliseconds
│   wall_time_spent = 10 seconds, 453 milliseconds
│   percent_complete = 40.6%
│   estimated_sypd = 18.362
│   instantaneous_sypd = 16.54
│   date_now = 2026-07-05T16:56:38.751
└   estimated_finish_date = 2026-07-05T16:56:54.751
┌ Info: Progress
│   simulation_time = 21 hours, 53 minutes
│   n_steps_completed = 2626
│   wall_time_per_step = 4 milliseconds, 588 microseconds
│   wall_time_total = 26 seconds, 428 milliseconds
│   wall_time_remaining = 14 seconds, 379 milliseconds
│   wall_time_spent = 12 seconds, 49 milliseconds
│   percent_complete = 45.6%
│   estimated_sypd = 17.901
│   instantaneous_sypd = 14.877
│   date_now = 2026-07-05T16:56:40.346
└   estimated_finish_date = 2026-07-05T16:56:55.346
┌ Info: Progress
│   simulation_time = 1 day, 17 minutes
│   n_steps_completed = 2915
│   wall_time_per_step = 4 milliseconds, 654 microseconds
│   wall_time_total = 26 seconds, 811 milliseconds
│   wall_time_remaining = 13 seconds, 242 milliseconds
│   wall_time_spent = 13 seconds, 568 milliseconds
│   percent_complete = 50.6%
│   estimated_sypd = 17.646
│   instantaneous_sypd = 15.622
│   date_now = 2026-07-05T16:56:41.866
└   estimated_finish_date = 2026-07-05T16:56:55.866
┌ Info: Progress
│   simulation_time = 1 day, 2 hours
│   n_steps_completed = 3204
│   wall_time_per_step = 4 milliseconds, 719 microseconds
│   wall_time_total = 27 seconds, 183 milliseconds
│   wall_time_remaining = 12 seconds, 62 milliseconds
│   wall_time_spent = 15 seconds, 120 milliseconds
│   percent_complete = 55.6%
│   estimated_sypd = 17.404
│   instantaneous_sypd = 15.291
│   date_now = 2026-07-05T16:56:43.418
└   estimated_finish_date = 2026-07-05T16:56:56.418
┌ Info: Progress
│   simulation_time = 1 day, 5 hours
│   n_steps_completed = 3493
│   wall_time_per_step = 4 milliseconds, 786 microseconds
│   wall_time_total = 27 seconds, 569 milliseconds
│   wall_time_remaining = 10 seconds, 850 milliseconds
│   wall_time_spent = 16 seconds, 718 milliseconds
│   percent_complete = 60.6%
│   estimated_sypd = 17.16
│   instantaneous_sypd = 14.856
│   date_now = 2026-07-05T16:56:45.016
└   estimated_finish_date = 2026-07-05T16:56:56.016
┌ Info: Progress
│   simulation_time = 1 day, 7 hours
│   n_steps_completed = 3782
│   wall_time_per_step = 4 milliseconds, 867 microseconds
│   wall_time_total = 28 seconds, 34 milliseconds
│   wall_time_remaining = 9 seconds, 627 milliseconds
│   wall_time_spent = 18 seconds, 407 milliseconds
│   percent_complete = 65.7%
│   estimated_sypd = 16.875
│   instantaneous_sypd = 14.055
│   date_now = 2026-07-05T16:56:46.705
└   estimated_finish_date = 2026-07-05T16:56:56.705
┌ Info: Progress
│   simulation_time = 1 day, 9 hours
│   n_steps_completed = 4071
│   wall_time_per_step = 4 milliseconds, 931 microseconds
│   wall_time_total = 28 seconds, 403 milliseconds
│   wall_time_remaining = 8 seconds, 328 milliseconds
│   wall_time_spent = 20 seconds, 74 milliseconds
│   percent_complete = 70.7%
│   estimated_sypd = 16.656
│   instantaneous_sypd = 14.237
│   date_now = 2026-07-05T16:56:48.372
└   estimated_finish_date = 2026-07-05T16:56:57.372
┌ Info: Progress
│   simulation_time = 1 day, 10 hours
│   n_steps_completed = 4096
│   wall_time_per_step = 4 milliseconds, 939 microseconds
│   wall_time_total = 28 seconds, 449 milliseconds
│   wall_time_remaining = 8 seconds, 218 milliseconds
│   wall_time_spent = 20 seconds, 230 milliseconds
│   percent_complete = 71.1%
│   estimated_sypd = 16.63
│   instantaneous_sypd = 13.183
│   date_now = 2026-07-05T16:56:48.528
└   estimated_finish_date = 2026-07-05T16:56:57.528
┌ Info: Progress
│   simulation_time = 1 day, 12 hours
│   n_steps_completed = 4385
│   wall_time_per_step = 5 milliseconds, 6 microseconds
│   wall_time_total = 28 seconds, 836 milliseconds
│   wall_time_remaining = 6 seconds, 883 milliseconds
│   wall_time_spent = 21 seconds, 952 milliseconds
│   percent_complete = 76.1%
│   estimated_sypd = 16.406
│   instantaneous_sypd = 13.782
│   date_now = 2026-07-05T16:56:50.250
└   estimated_finish_date = 2026-07-05T16:56:57.250
┌ Info: Progress
│   simulation_time = 1 day, 14 hours
│   n_steps_completed = 4674
│   wall_time_per_step = 5 milliseconds, 89 microseconds
│   wall_time_total = 29 seconds, 316 milliseconds
│   wall_time_remaining = 5 seconds, 527 milliseconds
│   wall_time_spent = 23 seconds, 789 milliseconds
│   percent_complete = 81.1%
│   estimated_sypd = 16.138
│   instantaneous_sypd = 12.925
│   date_now = 2026-07-05T16:56:52.087
└   estimated_finish_date = 2026-07-05T16:56:58.087
┌ Info: Progress
│   simulation_time = 1 day, 17 hours
│   n_steps_completed = 4963
│   wall_time_per_step = 5 milliseconds, 157 microseconds
│   wall_time_total = 29 seconds, 708 milliseconds
│   wall_time_remaining = 4 seconds, 110 milliseconds
│   wall_time_spent = 25 seconds, 597 milliseconds
│   percent_complete = 86.2%
│   estimated_sypd = 15.925
│   instantaneous_sypd = 13.126
│   date_now = 2026-07-05T16:56:53.895
└   estimated_finish_date = 2026-07-05T16:56:58.895
┌ Info: Progress
│   simulation_time = 1 day, 19 hours
│   n_steps_completed = 5252
│   wall_time_per_step = 5 milliseconds, 221 microseconds
│   wall_time_total = 30 seconds, 78 milliseconds
│   wall_time_remaining = 2 seconds, 652 milliseconds
│   wall_time_spent = 27 seconds, 425 milliseconds
│   percent_complete = 91.2%
│   estimated_sypd = 15.729
│   instantaneous_sypd = 12.988
│   date_now = 2026-07-05T16:56:55.723
└   estimated_finish_date = 2026-07-05T16:56:58.723
┌ Info: Progress
│   simulation_time = 1 day, 22 hours
│   n_steps_completed = 5541
│   wall_time_per_step = 5 milliseconds, 294 microseconds
│   wall_time_total = 30 seconds, 496 milliseconds
│   wall_time_remaining = 1 second, 159 milliseconds
│   wall_time_spent = 29 seconds, 337 milliseconds
│   percent_complete = 96.2%
│   estimated_sypd = 15.513
│   instantaneous_sypd = 12.416
│   date_now = 2026-07-05T16:56:57.634
└   estimated_finish_date = 2026-07-05T16:56:59.634
[ Info: solve! walltime = 30.769
[ Info: sypd: 15.386
[ Info: wall_time_per_timestep: 5 milliseconds, 341 microseconds
[ Info: Memory currently used (after solve!) by the process (RSS): 8.68 GiB
[ Info: Completed member 9
┌ Info: Making AtmosConfig with config files: 
│      /home/jeff/larcform1-experiments/ClimaAtmos.jl/src/config/../../config/default_configs/default_config.yml
└   
┌ Info: numerics 
│          `energy_q_tot_upwinding`::`Val{:vanleer_limiter}`
│                `tracer_upwinding`::`Val{:vanleer_limiter}`
│       `edmfx_mse_q_tot_upwinding`::`Val{:first_order}`
│         `edmfx_sgsflux_upwinding`::`Val{:none}`
│          `edmfx_tracer_upwinding`::`Val{:first_order}`
│         `test_dycore_consistency`::`Nothing`
│            `reproducible_restart`::`Nothing`
│                         `limiter`::`Nothing`
│                       `diff_mode`::`ClimaAtmos.Implicit`
│                       `hyperdiff`::`Nothing`
└   
┌ Info: AtmosModel: 
│   
│                               `water`::`ClimaAtmos.AtmosWater{ClimaAtmos.NonEquilibriumMicrophysics1M, ClimaAtmos.QuadratureCloud, ClimaAtmos.Implicit, Nothing, ClimaAtmos.SGSQuadrature{3, StaticArraysCore.SVector{3, Float32}, StaticArraysCore.SVector{3, Float32}, ClimaAtmos.GaussianSGS, Float32}, ClimaAtmos.FixedTerminalVelocity{Float32}}`
│                           `scm_setup`::`ClimaAtmos.SCMSetup{Nothing, Nothing, Nothing, Bool, @NamedTuple{prof_ug::AtmosphericProfilesLibrary.ZProfile{AtmosphericProfilesLibrary.var"#Larcform1_geostrophic_u##0#Larcform1_geostrophic_u##1"{Float32}}, prof_vg::AtmosphericProfilesLibrary.ZProfile{Returns{Float32}}, coriolis_param::Float32}}`
│                           `radiation`::`ClimaAtmos.AtmosRadiation{ClimaAtmos.RRTMGPInterface.AllSkyRadiationWithClearSkyDiagnostics{ClimaAtmos.InteractiveCloudInRadiation}, ClimaAtmos.Larcform1Insolation}`
│                            `turbconv`::`ClimaAtmos.AtmosTurbconv{ClimaAtmos.EDMFXModel{ClimaAtmos.InvZEntrainment, ClimaAtmos.BuoyancyVelocityDetrainment, Val{true}, Val{true}, Val{true}, Val{true}, Val{true}, ClimaAtmos.SmoothMinimumBlending}, ClimaAtmos.PrognosticEDMFX{1, true, Float32}, Nothing, Nothing, Nothing}`
│                     `prescribed_flow`::`Nothing`
│                        `gravity_wave`::`ClimaAtmos.AtmosGravityWave{Nothing, Nothing}`
│                  `vertical_diffusion`::`Nothing`
│                              `sponge`::`ClimaAtmos.AtmosSponge{Nothing, Nothing}`
│                             `surface`::`ClimaAtmos.AtmosSurface{ClimaAtmos.SurfaceConditions.MoninObukhov{Float32, Nothing, Nothing}, ClimaAtmos.SurfaceConditions.SlabOceanTemperature{Float32}, ClimaAtmos.SurfaceConditions.SurfaceBoundaryOverrides{Float32, Float32, Nothing, Nothing, Nothing, Nothing}, ClimaAtmos.ConstantAlbedo{Float32}}`
│                            `numerics`::`ClimaAtmos.AtmosNumerics{Val{:vanleer_limiter}, Val{:vanleer_limiter}, Val{:first_order}, Val{:none}, Val{:first_order}, Nothing, Nothing, Nothing, ClimaAtmos.Implicit, Nothing}`
│                           `chemistry`::`ClimaAtmos.AtmosChem{Nothing}`
└   
┌ Info: Microphysics settings: 
│                          `n_substeps`::`3`
│                     `n_substeps_quad`::`2`
│              `cloud_liquid_formation`::`CloudLiquidFormation`
│                 `cloud_ice_formation`::`TemperatureDependent`
│                      `cloud_ice_melt`::`CloudIceMelt`
│                 `rain_autoconversion`::`Kessler1M`
│                 `snow_autoconversion`::`NoSupersaturation`
│       `rain_condensation_evaporation`::`RainEvaporation`
│         `snow_deposition_sublimation`::`DepositionAndSublimation`
│                           `snow_melt`::`SnowMelt`
│         `cloud_liquid_rain_accretion`::`CloudLiquidRainAccretion`
│         `cloud_liquid_snow_accretion`::`CloudLiquidSnowAccretion`
│            `cloud_ice_rain_accretion`::`CloudIceRainAccretion`
│            `cloud_ice_snow_accretion`::`CloudIceSnowAccretion`
│                 `rain_snow_accretion`::`RainSnowAccretion`
└   
[ Info: Single-process ClimaAtmos run on CPUSingleThreaded
[ Info: Using ODE config: `ClimaTimeSteppers.ARS222`
[ Info: Initialized state (14.55 μs, 7.76 KiB)
[ Info: Built cache (212.425 ms, 172.6 MiB)
[ Info: Assembled callbacks (127.673 μs, 17.42 KiB)
┌ Info: Jacobian algorithm: ManualSparseJacobian(
│     approximate_solve_iters = 2,
└   )
[ Info: Jacobian derivative flags: topography_flag = IgnoreDerivative, diffusion_flag = UseDerivative
[ Info: Built tendency function (225.426 μs, 201.06 KiB)
[ Info: Initialized integrator (9.021 ms, 169.03 KiB)
[ Info: Added 7 user-provided YAML-style diagnostics
[ Info: Saving accumulated diagnostics to disk with frequency: 1 hour
[ Info: Set up diagnostics (429.951 μs, 103.66 KiB)
[ Info: Initialized 7 total diagnostics
