┌ Info: Simulation info
│   job_id = lf1e_clw_cal_verify5d_baseline
└   output_dir = /home/jeff/larcform1-experiments/experiments/clw calibration/output/verify5d/baseline/output_0001
┌ Info: Running
│   job_id = lf1e_clw_cal_verify5d_baseline
│   output_dir = /home/jeff/larcform1-experiments/experiments/clw calibration/output/verify5d/baseline/output_0001
└   tspan = (0.0 seconds (2010-01-01T00:00:00) [counter = 0, period = 1 second, epoch = 2010-01-01T00:00:00], 432000.0 seconds (2010-01-06T00:00:00) [counter = 432000, period = 1 second, epoch = 2010-01-01T00:00:00])
┌ Info: Progress
│   simulation_time = 30 seconds
│   n_steps_completed = 1
│   wall_time_per_step = 0 seconds
│   wall_time_total = 0 seconds
│   wall_time_remaining = 0 seconds
│   wall_time_spent = 0 seconds
│   percent_complete = 0.0%
│   estimated_sypd = Inf
│   instantaneous_sypd = 0.0 (sdpd_estimate = 0.0)
│   date_now = 2026-07-05T19:30:00.686
└   estimated_finish_date = 2026-07-05T19:30:00.686
┌ Info: Progress
│   simulation_time = 1 minute
│   n_steps_completed = 2
│   wall_time_per_step = 0 seconds
│   wall_time_total = 0 seconds
│   wall_time_remaining = 0 seconds
│   wall_time_spent = 0 seconds
│   percent_complete = 0.0%
│   estimated_sypd = Inf
│   instantaneous_sypd = 0.032
│   date_now = 2026-07-05T19:30:03.273
└   estimated_finish_date = 2026-07-05T19:30:03.273
┌ Info: Progress
│   simulation_time = 2 minutes
│   n_steps_completed = 4
│   wall_time_per_step = 4 milliseconds, 415 microseconds
│   wall_time_total = 1 minute, 3 seconds
│   wall_time_remaining = 1 minute, 3 seconds
│   wall_time_spent = 17 milliseconds, 662 microseconds
│   percent_complete = 0.0%
│   estimated_sypd = 18.602
│   instantaneous_sypd = 18.602
│   date_now = 2026-07-05T19:30:03.282
└   estimated_finish_date = 2026-07-05T19:31:07.282
┌ Info: Progress
│   simulation_time = 4 minutes
│   n_steps_completed = 8
│   wall_time_per_step = 4 milliseconds, 164 microseconds
│   wall_time_total = 59 seconds, 970 milliseconds
│   wall_time_remaining = 59 seconds, 937 milliseconds
│   wall_time_spent = 33 milliseconds, 317 microseconds
│   percent_complete = 0.1%
│   estimated_sypd = 19.722
│   instantaneous_sypd = 20.986
│   date_now = 2026-07-05T19:30:03.297
└   estimated_finish_date = 2026-07-05T19:31:03.297
┌ Info: Progress
│   simulation_time = 8 minutes
│   n_steps_completed = 16
│   wall_time_per_step = 3 milliseconds, 945 microseconds
│   wall_time_total = 56 seconds, 817 milliseconds
│   wall_time_remaining = 56 seconds, 754 milliseconds
│   wall_time_spent = 63 milliseconds, 131 microseconds
│   percent_complete = 0.1%
│   estimated_sypd = 20.816
│   instantaneous_sypd = 22.039
│   date_now = 2026-07-05T19:30:03.327
└   estimated_finish_date = 2026-07-05T19:31:00.327
┌ Info: Progress
│   simulation_time = 16 minutes
│   n_steps_completed = 32
│   wall_time_per_step = 3 milliseconds, 840 microseconds
│   wall_time_total = 55 seconds, 298 milliseconds
│   wall_time_remaining = 55 seconds, 175 milliseconds
│   wall_time_spent = 122 milliseconds, 886 microseconds
│   percent_complete = 0.2%
│   estimated_sypd = 21.388
│   instantaneous_sypd = 21.993
│   date_now = 2026-07-05T19:30:03.387
└   estimated_finish_date = 2026-07-05T19:30:59.387
┌ Info: Progress
│   simulation_time = 32 minutes
│   n_steps_completed = 64
│   wall_time_per_step = 3 milliseconds, 910 microseconds
│   wall_time_total = 56 seconds, 305 milliseconds
│   wall_time_remaining = 56 seconds, 54 milliseconds
│   wall_time_spent = 250 milliseconds, 245 microseconds
│   percent_complete = 0.4%
│   estimated_sypd = 21.006
│   instantaneous_sypd = 20.637
│   date_now = 2026-07-05T19:30:03.514
└   estimated_finish_date = 2026-07-05T19:31:00.514
┌ Info: Progress
│   simulation_time = 1 hour, 4 minutes
│   n_steps_completed = 128
│   wall_time_per_step = 4 milliseconds, 16 microseconds
│   wall_time_total = 57 seconds, 837 milliseconds
│   wall_time_remaining = 57 seconds, 323 milliseconds
│   wall_time_spent = 514 milliseconds, 111 microseconds
│   percent_complete = 0.9%
│   estimated_sypd = 20.45
│   instantaneous_sypd = 19.922
│   date_now = 2026-07-05T19:30:03.778
└   estimated_finish_date = 2026-07-05T19:31:01.778
┌ Info: Progress
│   simulation_time = 2 hours, 8 minutes
│   n_steps_completed = 256
│   wall_time_per_step = 3 milliseconds, 985 microseconds
│   wall_time_total = 57 seconds, 391 milliseconds
│   wall_time_remaining = 56 seconds, 370 milliseconds
│   wall_time_spent = 1 second, 20 milliseconds
│   percent_complete = 1.8%
│   estimated_sypd = 20.609
│   instantaneous_sypd = 20.77
│   date_now = 2026-07-05T19:30:04.284
└   estimated_finish_date = 2026-07-05T19:31:01.284
┌ Info: Progress
│   simulation_time = 4 hours, 16 minutes
│   n_steps_completed = 512
│   wall_time_per_step = 3 milliseconds, 996 microseconds
│   wall_time_total = 57 seconds, 553 milliseconds
│   wall_time_remaining = 55 seconds, 507 milliseconds
│   wall_time_spent = 2 seconds, 46 milliseconds
│   percent_complete = 3.6%
│   estimated_sypd = 20.55
│   instantaneous_sypd = 20.493
│   date_now = 2026-07-05T19:30:05.310
└   estimated_finish_date = 2026-07-05T19:31:01.310
┌ Info: Progress
│   simulation_time = 8 hours, 32 minutes
│   n_steps_completed = 1024
│   wall_time_per_step = 4 milliseconds, 113 microseconds
│   wall_time_total = 59 seconds, 237 milliseconds
│   wall_time_remaining = 55 seconds, 25 milliseconds
│   wall_time_spent = 4 seconds, 212 milliseconds
│   percent_complete = 7.1%
│   estimated_sypd = 19.966
│   instantaneous_sypd = 19.414
│   date_now = 2026-07-05T19:30:07.477
└   estimated_finish_date = 2026-07-05T19:31:03.477
┌ Info: Progress
│   simulation_time = 14 hours, 32 minutes
│   n_steps_completed = 1745
│   wall_time_per_step = 4 milliseconds, 350 microseconds
│   wall_time_total = 1 minute, 2 seconds
│   wall_time_remaining = 55 seconds, 49 milliseconds
│   wall_time_spent = 7 seconds, 590 milliseconds
│   percent_complete = 12.1%
│   estimated_sypd = 18.882
│   instantaneous_sypd = 17.529
│   date_now = 2026-07-05T19:30:10.855
└   estimated_finish_date = 2026-07-05T19:31:06.855
┌ Info: Progress
│   simulation_time = 17 hours, 4 minutes
│   n_steps_completed = 2048
│   wall_time_per_step = 4 milliseconds, 461 microseconds
│   wall_time_total = 1 minute, 4 seconds
│   wall_time_remaining = 55 seconds, 105 milliseconds
│   wall_time_spent = 9 seconds, 136 milliseconds
│   percent_complete = 14.2%
│   estimated_sypd = 18.411
│   instantaneous_sypd = 16.1
│   date_now = 2026-07-05T19:30:12.401
└   estimated_finish_date = 2026-07-05T19:31:08.401
┌ Info: Progress
│   simulation_time = 23 hours, 4 minutes
│   n_steps_completed = 2769
│   wall_time_per_step = 4 milliseconds, 689 microseconds
│   wall_time_total = 1 minute, 7 seconds
│   wall_time_remaining = 54 seconds, 546 milliseconds
│   wall_time_spent = 12 seconds, 986 milliseconds
│   percent_complete = 19.2%
│   estimated_sypd = 17.514
│   instantaneous_sypd = 15.384
│   date_now = 2026-07-05T19:30:16.250
└   estimated_finish_date = 2026-07-05T19:31:11.250
┌ Info: Progress
│   simulation_time = 1 day, 5 hours
│   n_steps_completed = 3490
│   wall_time_per_step = 4 milliseconds, 916 microseconds
│   wall_time_total = 1 minute, 10 seconds
│   wall_time_remaining = 53 seconds, 644 milliseconds
│   wall_time_spent = 17 seconds, 160 milliseconds
│   percent_complete = 24.2%
│   estimated_sypd = 16.705
│   instantaneous_sypd = 14.187
│   date_now = 2026-07-05T19:30:20.424
└   estimated_finish_date = 2026-07-05T19:31:14.424
┌ Info: Progress
│   simulation_time = 1 day, 10 hours
│   n_steps_completed = 4096
│   wall_time_per_step = 5 milliseconds, 52 microseconds
│   wall_time_total = 1 minute, 12 seconds
│   wall_time_remaining = 52 seconds, 62 milliseconds
│   wall_time_spent = 20 seconds, 695 milliseconds
│   percent_complete = 28.4%
│   estimated_sypd = 16.256
│   instantaneous_sypd = 14.078
│   date_now = 2026-07-05T19:30:23.960
└   estimated_finish_date = 2026-07-05T19:31:16.960
┌ Info: Progress
│   simulation_time = 1 day, 16 hours
│   n_steps_completed = 4817
│   wall_time_per_step = 5 milliseconds, 239 microseconds
│   wall_time_total = 1 minute, 15 seconds
│   wall_time_remaining = 50 seconds, 205 milliseconds
│   wall_time_spent = 25 seconds, 236 milliseconds
│   percent_complete = 33.5%
│   estimated_sypd = 15.678
│   instantaneous_sypd = 13.042
│   date_now = 2026-07-05T19:30:28.501
└   estimated_finish_date = 2026-07-05T19:31:19.501
┌ Info: Progress
│   simulation_time = 1 day, 22 hours
│   n_steps_completed = 5538
│   wall_time_per_step = 5 milliseconds, 438 microseconds
│   wall_time_total = 1 minute, 18 seconds
│   wall_time_remaining = 48 seconds, 199 milliseconds
│   wall_time_spent = 30 seconds, 120 milliseconds
│   percent_complete = 38.5%
│   estimated_sypd = 15.101
│   instantaneous_sypd = 12.125
│   date_now = 2026-07-05T19:30:33.385
└   estimated_finish_date = 2026-07-05T19:31:22.385
┌ Info: Progress
│   simulation_time = 2 days, 4 hours
│   n_steps_completed = 6259
│   wall_time_per_step = 5 milliseconds, 637 microseconds
│   wall_time_total = 1 minute, 21 seconds
│   wall_time_remaining = 45 seconds, 891 milliseconds
│   wall_time_spent = 35 seconds, 282 milliseconds
│   percent_complete = 43.5%
│   estimated_sypd = 14.571
│   instantaneous_sypd = 11.473
│   date_now = 2026-07-05T19:30:38.546
└   estimated_finish_date = 2026-07-05T19:31:24.546
┌ Info: Progress
│   simulation_time = 2 days, 10 hours
│   n_steps_completed = 6980
│   wall_time_per_step = 5 milliseconds, 806 microseconds
│   wall_time_total = 1 minute, 23 seconds
│   wall_time_remaining = 43 seconds, 86 milliseconds
│   wall_time_spent = 40 seconds, 531 milliseconds
│   percent_complete = 48.5%
│   estimated_sypd = 14.145
│   instantaneous_sypd = 11.282
│   date_now = 2026-07-05T19:30:43.796
└   estimated_finish_date = 2026-07-05T19:31:27.796
┌ Info: Progress
│   simulation_time = 2 days, 16 hours
│   n_steps_completed = 7701
│   wall_time_per_step = 5 milliseconds, 934 microseconds
│   wall_time_total = 1 minute, 25 seconds
│   wall_time_remaining = 39 seconds, 752 milliseconds
│   wall_time_spent = 45 seconds, 698 milliseconds
│   percent_complete = 53.5%
│   estimated_sypd = 13.841
│   instantaneous_sypd = 11.461
│   date_now = 2026-07-05T19:30:48.963
└   estimated_finish_date = 2026-07-05T19:31:28.963
┌ Info: Progress
│   simulation_time = 2 days, 20 hours
│   n_steps_completed = 8192
│   wall_time_per_step = 6 milliseconds, 18 microseconds
│   wall_time_total = 1 minute, 26 seconds
│   wall_time_remaining = 37 seconds, 364 milliseconds
│   wall_time_spent = 49 seconds, 305 milliseconds
│   percent_complete = 56.9%
│   estimated_sypd = 13.647
│   instantaneous_sypd = 11.181
│   date_now = 2026-07-05T19:30:52.570
└   estimated_finish_date = 2026-07-05T19:31:30.570
┌ Info: Progress
│   simulation_time = 3 days, 2 hours
│   n_steps_completed = 8913
│   wall_time_per_step = 6 milliseconds, 124 microseconds
│   wall_time_total = 1 minute, 28 seconds
│   wall_time_remaining = 33 seconds, 607 milliseconds
│   wall_time_spent = 54 seconds, 592 milliseconds
│   percent_complete = 61.9%
│   estimated_sypd = 13.41
│   instantaneous_sypd = 11.202
│   date_now = 2026-07-05T19:30:57.856
└   estimated_finish_date = 2026-07-05T19:31:31.856
┌ Info: Progress
│   simulation_time = 3 days, 8 hours
│   n_steps_completed = 9634
│   wall_time_per_step = 6 milliseconds, 94 microseconds
│   wall_time_total = 1 minute, 27 seconds
│   wall_time_remaining = 29 seconds, 45 milliseconds
│   wall_time_spent = 58 seconds, 712 milliseconds
│   percent_complete = 66.9%
│   estimated_sypd = 13.477
│   instantaneous_sypd = 14.371
│   date_now = 2026-07-05T19:31:01.977
└   estimated_finish_date = 2026-07-05T19:31:31.977
┌ Info: Progress
│   simulation_time = 3 days, 14 hours
│   n_steps_completed = 10355
│   wall_time_per_step = 6 milliseconds, 11 microseconds
│   wall_time_total = 1 minute, 26 seconds
│   wall_time_remaining = 24 seconds, 316 milliseconds
│   wall_time_spent = 1 minute, 2 seconds
│   percent_complete = 71.9%
│   estimated_sypd = 13.663
│   instantaneous_sypd = 16.749
│   date_now = 2026-07-05T19:31:05.513
└   estimated_finish_date = 2026-07-05T19:31:30.513
┌ Info: Progress
│   simulation_time = 3 days, 20 hours
│   n_steps_completed = 11076
│   wall_time_per_step = 5 milliseconds, 940 microseconds
│   wall_time_total = 1 minute, 25 seconds
│   wall_time_remaining = 19 seconds, 747 milliseconds
│   wall_time_spent = 1 minute, 5 seconds
│   percent_complete = 76.9%
│   estimated_sypd = 13.825
│   instantaneous_sypd = 16.67
│   date_now = 2026-07-05T19:31:09.065
└   estimated_finish_date = 2026-07-05T19:31:29.065
┌ Info: Progress
│   simulation_time = 4 days, 2 hours
│   n_steps_completed = 11797
│   wall_time_per_step = 5 milliseconds, 883 microseconds
│   wall_time_total = 1 minute, 24 seconds
│   wall_time_remaining = 15 seconds, 315 milliseconds
│   wall_time_spent = 1 minute, 9 seconds
│   percent_complete = 81.9%
│   estimated_sypd = 13.96
│   instantaneous_sypd = 16.411
│   date_now = 2026-07-05T19:31:12.674
└   estimated_finish_date = 2026-07-05T19:31:28.674
┌ Info: Progress
│   simulation_time = 4 days, 8 hours
│   n_steps_completed = 12518
│   wall_time_per_step = 5 milliseconds, 845 microseconds
│   wall_time_total = 1 minute, 24 seconds
│   wall_time_remaining = 11 seconds, 2 milliseconds
│   wall_time_spent = 1 minute, 13 seconds
│   percent_complete = 86.9%
│   estimated_sypd = 14.05
│   instantaneous_sypd = 15.708
│   date_now = 2026-07-05T19:31:16.444
└   estimated_finish_date = 2026-07-05T19:31:28.444
┌ Info: Progress
│   simulation_time = 4 days, 14 hours
│   n_steps_completed = 13239
│   wall_time_per_step = 5 milliseconds, 804 microseconds
│   wall_time_total = 1 minute, 23 seconds
│   wall_time_remaining = 6 seconds, 739 milliseconds
│   wall_time_spent = 1 minute, 16 seconds
│   percent_complete = 91.9%
│   estimated_sypd = 14.149
│   instantaneous_sypd = 16.127
│   date_now = 2026-07-05T19:31:20.116
└   estimated_finish_date = 2026-07-05T19:31:27.116
┌ Info: Progress
│   simulation_time = 4 days, 20 hours
│   n_steps_completed = 13960
│   wall_time_per_step = 5 milliseconds, 773 microseconds
│   wall_time_total = 1 minute, 23 seconds
│   wall_time_remaining = 2 seconds, 540 milliseconds
│   wall_time_spent = 1 minute, 20 seconds
│   percent_complete = 96.9%
│   estimated_sypd = 14.226
│   instantaneous_sypd = 15.789
│   date_now = 2026-07-05T19:31:23.867
└   estimated_finish_date = 2026-07-05T19:31:26.867
[ Info: solve! walltime = 82.921
[ Info: sypd: 14.273
[ Info: wall_time_per_timestep: 5 milliseconds, 758 microseconds
[ Info: Memory currently used (after solve!) by the process (RSS): 9.44 GiB
┌ Info: Verification pair complete
└   output = /home/jeff/larcform1-experiments/experiments/clw calibration/output/verify5d
