┌ Info: Simulation info
│   job_id = lf1e_clw_cal_member
└   output_dir = /home/jeff/larcform1-experiments/experiments/clw calibration/output/uki_1/iteration_003/member_008/output_0000
┌ Info: Running
│   job_id = lf1e_clw_cal_member
│   output_dir = /home/jeff/larcform1-experiments/experiments/clw calibration/output/uki_1/iteration_003/member_008/output_0000
└   tspan = (0.0 seconds (2010-01-01T00:00:00) [counter = 0, period = 1 second, epoch = 2010-01-01T00:00:00], 172800.0 seconds (2010-01-03T00:00:00) [counter = 172800, period = 1 second, epoch = 2010-01-01T00:00:00])
┌ Info: Progress
│   simulation_time = 30 seconds
│   n_steps_completed = 1
│   wall_time_per_step = 0 seconds
│   wall_time_total = 0 seconds
│   wall_time_remaining = 0 seconds
│   wall_time_spent = 0 seconds
│   percent_complete = 0.0%
│   estimated_sypd = Inf
│   instantaneous_sypd = 0.0 (sdpd_estimate = 0.0)
│   date_now = 2026-07-05T16:33:24.418
└   estimated_finish_date = 2026-07-05T16:33:24.418
┌ Info: Progress
│   simulation_time = 1 minute
│   n_steps_completed = 2
│   wall_time_per_step = 0 seconds
│   wall_time_total = 0 seconds
│   wall_time_remaining = 0 seconds
│   wall_time_spent = 0 seconds
│   percent_complete = 0.0%
│   estimated_sypd = Inf
│   instantaneous_sypd = 0.031
│   date_now = 2026-07-05T16:33:27.069
└   estimated_finish_date = 2026-07-05T16:33:27.068
┌ Info: Progress
│   simulation_time = 2 minutes
│   n_steps_completed = 4
│   wall_time_per_step = 4 milliseconds, 624 microseconds
│   wall_time_total = 26 seconds, 637 milliseconds
│   wall_time_remaining = 26 seconds, 618 milliseconds
│   wall_time_spent = 18 milliseconds, 497 microseconds
│   percent_complete = 0.1%
│   estimated_sypd = 17.761
│   instantaneous_sypd = 17.761
│   date_now = 2026-07-05T16:33:27.078
└   estimated_finish_date = 2026-07-05T16:33:54.078
┌ Info: Progress
│   simulation_time = 4 minutes
│   n_steps_completed = 8
│   wall_time_per_step = 4 milliseconds, 410 microseconds
│   wall_time_total = 25 seconds, 403 milliseconds
│   wall_time_remaining = 25 seconds, 368 milliseconds
│   wall_time_spent = 35 milliseconds, 282 microseconds
│   percent_complete = 0.1%
│   estimated_sypd = 18.623
│   instantaneous_sypd = 19.574
│   date_now = 2026-07-05T16:33:27.095
└   estimated_finish_date = 2026-07-05T16:33:53.095
┌ Info: Progress
│   simulation_time = 8 minutes
│   n_steps_completed = 16
│   wall_time_per_step = 4 milliseconds, 167 microseconds
│   wall_time_total = 24 seconds, 2 milliseconds
│   wall_time_remaining = 23 seconds, 935 milliseconds
│   wall_time_spent = 66 milliseconds, 673 microseconds
│   percent_complete = 0.3%
│   estimated_sypd = 19.71
│   instantaneous_sypd = 20.932
│   date_now = 2026-07-05T16:33:27.126
└   estimated_finish_date = 2026-07-05T16:33:51.126
┌ Info: Progress
│   simulation_time = 16 minutes
│   n_steps_completed = 32
│   wall_time_per_step = 3 milliseconds, 996 microseconds
│   wall_time_total = 23 seconds, 18 milliseconds
│   wall_time_remaining = 22 seconds, 891 milliseconds
│   wall_time_spent = 127 milliseconds, 882 microseconds
│   percent_complete = 0.6%
│   estimated_sypd = 20.553
│   instantaneous_sypd = 21.47
│   date_now = 2026-07-05T16:33:27.187
└   estimated_finish_date = 2026-07-05T16:33:50.187
┌ Info: Progress
│   simulation_time = 32 minutes
│   n_steps_completed = 64
│   wall_time_per_step = 4 milliseconds, 57 microseconds
│   wall_time_total = 23 seconds, 372 milliseconds
│   wall_time_remaining = 23 seconds, 113 milliseconds
│   wall_time_spent = 259 milliseconds, 698 microseconds
│   percent_complete = 1.1%
│   estimated_sypd = 20.241
│   instantaneous_sypd = 19.939
│   date_now = 2026-07-05T16:33:27.319
└   estimated_finish_date = 2026-07-05T16:33:51.319
┌ Info: Progress
│   simulation_time = 1 hour, 4 minutes
│   n_steps_completed = 128
│   wall_time_per_step = 4 milliseconds, 163 microseconds
│   wall_time_total = 23 seconds, 979 milliseconds
│   wall_time_remaining = 23 seconds, 446 milliseconds
│   wall_time_spent = 532 milliseconds, 881 microseconds
│   percent_complete = 2.2%
│   estimated_sypd = 19.729
│   instantaneous_sypd = 19.242
│   date_now = 2026-07-05T16:33:27.592
└   estimated_finish_date = 2026-07-05T16:33:51.592
┌ Info: Progress
│   simulation_time = 2 hours, 8 minutes
│   n_steps_completed = 256
│   wall_time_per_step = 4 milliseconds, 132 microseconds
│   wall_time_total = 23 seconds, 804 milliseconds
│   wall_time_remaining = 22 seconds, 746 milliseconds
│   wall_time_spent = 1 second, 57 milliseconds
│   percent_complete = 4.4%
│   estimated_sypd = 19.875
│   instantaneous_sypd = 20.022
│   date_now = 2026-07-05T16:33:28.117
└   estimated_finish_date = 2026-07-05T16:33:51.117
┌ Info: Progress
│   simulation_time = 4 hours, 16 minutes
│   n_steps_completed = 512
│   wall_time_per_step = 4 milliseconds, 153 microseconds
│   wall_time_total = 23 seconds, 923 milliseconds
│   wall_time_remaining = 21 seconds, 796 milliseconds
│   wall_time_spent = 2 seconds, 126 milliseconds
│   percent_complete = 8.9%
│   estimated_sypd = 19.776
│   instantaneous_sypd = 19.678
│   date_now = 2026-07-05T16:33:29.186
└   estimated_finish_date = 2026-07-05T16:33:51.186
┌ Info: Progress
│   simulation_time = 6 hours, 40 minutes
│   n_steps_completed = 801
│   wall_time_per_step = 4 milliseconds, 229 microseconds
│   wall_time_total = 24 seconds, 362 milliseconds
│   wall_time_remaining = 20 seconds, 974 milliseconds
│   wall_time_spent = 3 seconds, 387 milliseconds
│   percent_complete = 13.9%
│   estimated_sypd = 19.419
│   instantaneous_sypd = 18.817
│   date_now = 2026-07-05T16:33:30.447
└   estimated_finish_date = 2026-07-05T16:33:51.447
┌ Info: Progress
│   simulation_time = 8 hours, 32 minutes
│   n_steps_completed = 1024
│   wall_time_per_step = 4 milliseconds, 285 microseconds
│   wall_time_total = 24 seconds, 684 milliseconds
│   wall_time_remaining = 20 seconds, 296 milliseconds
│   wall_time_spent = 4 seconds, 388 milliseconds
│   percent_complete = 17.8%
│   estimated_sypd = 19.166
│   instantaneous_sypd = 18.308
│   date_now = 2026-07-05T16:33:31.448
└   estimated_finish_date = 2026-07-05T16:33:52.448
┌ Info: Progress
│   simulation_time = 10 hours, 56 minutes
│   n_steps_completed = 1313
│   wall_time_per_step = 4 milliseconds, 359 microseconds
│   wall_time_total = 25 seconds, 109 milliseconds
│   wall_time_remaining = 19 seconds, 385 milliseconds
│   wall_time_spent = 5 seconds, 723 milliseconds
│   percent_complete = 22.8%
│   estimated_sypd = 18.841
│   instantaneous_sypd = 17.776
│   date_now = 2026-07-05T16:33:32.783
└   estimated_finish_date = 2026-07-05T16:33:52.783
┌ Info: Progress
│   simulation_time = 13 hours, 21 minutes
│   n_steps_completed = 1602
│   wall_time_per_step = 4 milliseconds, 429 microseconds
│   wall_time_total = 25 seconds, 515 milliseconds
│   wall_time_remaining = 18 seconds, 418 milliseconds
│   wall_time_spent = 7 seconds, 96 milliseconds
│   percent_complete = 27.8%
│   estimated_sypd = 18.542
│   instantaneous_sypd = 17.294
│   date_now = 2026-07-05T16:33:34.156
└   estimated_finish_date = 2026-07-05T16:33:53.156
┌ Info: Progress
│   simulation_time = 15 hours, 45 minutes
│   n_steps_completed = 1891
│   wall_time_per_step = 4 milliseconds, 502 microseconds
│   wall_time_total = 25 seconds, 934 milliseconds
│   wall_time_remaining = 17 seconds, 420 milliseconds
│   wall_time_spent = 8 seconds, 514 milliseconds
│   percent_complete = 32.8%
│   estimated_sypd = 18.242
│   instantaneous_sypd = 16.743
│   date_now = 2026-07-05T16:33:35.574
└   estimated_finish_date = 2026-07-05T16:33:53.574
┌ Info: Progress
│   simulation_time = 17 hours, 4 minutes
│   n_steps_completed = 2048
│   wall_time_per_step = 4 milliseconds, 546 microseconds
│   wall_time_total = 26 seconds, 188 milliseconds
│   wall_time_remaining = 16 seconds, 877 milliseconds
│   wall_time_spent = 9 seconds, 311 milliseconds
│   percent_complete = 35.6%
│   estimated_sypd = 18.065
│   instantaneous_sypd = 16.173
│   date_now = 2026-07-05T16:33:36.371
└   estimated_finish_date = 2026-07-05T16:33:53.371
┌ Info: Progress
│   simulation_time = 19 hours, 28 minutes
│   n_steps_completed = 2337
│   wall_time_per_step = 4 milliseconds, 613 microseconds
│   wall_time_total = 26 seconds, 576 milliseconds
│   wall_time_remaining = 15 seconds, 793 milliseconds
│   wall_time_spent = 10 seconds, 782 milliseconds
│   percent_complete = 40.6%
│   estimated_sypd = 17.801
│   instantaneous_sypd = 16.132
│   date_now = 2026-07-05T16:33:37.842
└   estimated_finish_date = 2026-07-05T16:33:53.842
┌ Info: Progress
│   simulation_time = 21 hours, 53 minutes
│   n_steps_completed = 2626
│   wall_time_per_step = 4 milliseconds, 685 microseconds
│   wall_time_total = 26 seconds, 987 milliseconds
│   wall_time_remaining = 14 seconds, 684 milliseconds
│   wall_time_spent = 12 seconds, 303 milliseconds
│   percent_complete = 45.6%
│   estimated_sypd = 17.53
│   instantaneous_sypd = 15.606
│   date_now = 2026-07-05T16:33:39.363
└   estimated_finish_date = 2026-07-05T16:33:54.363
┌ Info: Progress
│   simulation_time = 1 day, 17 minutes
│   n_steps_completed = 2915
│   wall_time_per_step = 4 milliseconds, 810 microseconds
│   wall_time_total = 27 seconds, 709 milliseconds
│   wall_time_remaining = 13 seconds, 686 milliseconds
│   wall_time_spent = 14 seconds, 22 milliseconds
│   percent_complete = 50.6%
│   estimated_sypd = 17.074
│   instantaneous_sypd = 13.809
│   date_now = 2026-07-05T16:33:41.082
└   estimated_finish_date = 2026-07-05T16:33:55.082
┌ Info: Progress
│   simulation_time = 1 day, 2 hours
│   n_steps_completed = 3204
│   wall_time_per_step = 4 milliseconds, 873 microseconds
│   wall_time_total = 28 seconds, 73 milliseconds
│   wall_time_remaining = 12 seconds, 457 milliseconds
│   wall_time_spent = 15 seconds, 616 milliseconds
│   percent_complete = 55.6%
│   estimated_sypd = 16.852
│   instantaneous_sypd = 14.9
│   date_now = 2026-07-05T16:33:42.675
└   estimated_finish_date = 2026-07-05T16:33:55.675
┌ Info: Progress
│   simulation_time = 1 day, 5 hours
│   n_steps_completed = 3493
│   wall_time_per_step = 4 milliseconds, 938 microseconds
│   wall_time_total = 28 seconds, 444 milliseconds
│   wall_time_remaining = 11 seconds, 195 milliseconds
│   wall_time_spent = 17 seconds, 249 milliseconds
│   percent_complete = 60.6%
│   estimated_sypd = 16.632
│   instantaneous_sypd = 14.531
│   date_now = 2026-07-05T16:33:44.309
└   estimated_finish_date = 2026-07-05T16:33:56.309
┌ Info: Progress
│   simulation_time = 1 day, 7 hours
│   n_steps_completed = 3782
│   wall_time_per_step = 4 milliseconds, 999 microseconds
│   wall_time_total = 28 seconds, 797 milliseconds
│   wall_time_remaining = 9 seconds, 889 milliseconds
│   wall_time_spent = 18 seconds, 908 milliseconds
│   percent_complete = 65.7%
│   estimated_sypd = 16.429
│   instantaneous_sypd = 14.312
│   date_now = 2026-07-05T16:33:45.968
└   estimated_finish_date = 2026-07-05T16:33:55.968
┌ Info: Progress
│   simulation_time = 1 day, 9 hours
│   n_steps_completed = 4071
│   wall_time_per_step = 5 milliseconds, 75 microseconds
│   wall_time_total = 29 seconds, 233 milliseconds
│   wall_time_remaining = 8 seconds, 572 milliseconds
│   wall_time_spent = 20 seconds, 661 milliseconds
│   percent_complete = 70.7%
│   estimated_sypd = 16.184
│   instantaneous_sypd = 13.541
│   date_now = 2026-07-05T16:33:47.721
└   estimated_finish_date = 2026-07-05T16:33:56.721
┌ Info: Progress
│   simulation_time = 1 day, 10 hours
│   n_steps_completed = 4096
│   wall_time_per_step = 5 milliseconds, 83 microseconds
│   wall_time_total = 29 seconds, 280 milliseconds
│   wall_time_remaining = 8 seconds, 458 milliseconds
│   wall_time_spent = 20 seconds, 821 milliseconds
│   percent_complete = 71.1%
│   estimated_sypd = 16.157
│   instantaneous_sypd = 12.777
│   date_now = 2026-07-05T16:33:47.881
└   estimated_finish_date = 2026-07-05T16:33:56.881
┌ Info: Progress
│   simulation_time = 1 day, 12 hours
│   n_steps_completed = 4385
│   wall_time_per_step = 5 milliseconds, 149 microseconds
│   wall_time_total = 29 seconds, 661 milliseconds
│   wall_time_remaining = 7 seconds, 80 milliseconds
│   wall_time_spent = 22 seconds, 580 milliseconds
│   percent_complete = 76.1%
│   estimated_sypd = 15.95
│   instantaneous_sypd = 13.496
│   date_now = 2026-07-05T16:33:49.640
└   estimated_finish_date = 2026-07-05T16:33:57.640
┌ Info: Progress
│   simulation_time = 1 day, 14 hours
│   n_steps_completed = 4674
│   wall_time_per_step = 5 milliseconds, 214 microseconds
│   wall_time_total = 30 seconds, 37 milliseconds
│   wall_time_remaining = 5 seconds, 663 milliseconds
│   wall_time_spent = 24 seconds, 373 milliseconds
│   percent_complete = 81.1%
│   estimated_sypd = 15.751
│   instantaneous_sypd = 13.238
│   date_now = 2026-07-05T16:33:51.433
└   estimated_finish_date = 2026-07-05T16:33:57.433
┌ Info: Progress
│   simulation_time = 1 day, 17 hours
│   n_steps_completed = 4963
│   wall_time_per_step = 5 milliseconds, 291 microseconds
│   wall_time_total = 30 seconds, 477 milliseconds
│   wall_time_remaining = 4 seconds, 217 milliseconds
│   wall_time_spent = 26 seconds, 260 milliseconds
│   percent_complete = 86.2%
│   estimated_sypd = 15.523
│   instantaneous_sypd = 12.584
│   date_now = 2026-07-05T16:33:53.320
└   estimated_finish_date = 2026-07-05T16:33:58.320
┌ Info: Progress
│   simulation_time = 1 day, 19 hours
│   n_steps_completed = 5252
│   wall_time_per_step = 5 milliseconds, 353 microseconds
│   wall_time_total = 30 seconds, 833 milliseconds
│   wall_time_remaining = 2 seconds, 719 milliseconds
│   wall_time_spent = 28 seconds, 114 milliseconds
│   percent_complete = 91.2%
│   estimated_sypd = 15.344
│   instantaneous_sypd = 12.801
│   date_now = 2026-07-05T16:33:55.174
└   estimated_finish_date = 2026-07-05T16:33:58.174
┌ Info: Progress
│   simulation_time = 1 day, 22 hours
│   n_steps_completed = 5541
│   wall_time_per_step = 5 milliseconds, 414 microseconds
│   wall_time_total = 31 seconds, 186 milliseconds
│   wall_time_remaining = 1 second, 185 milliseconds
│   wall_time_spent = 30 seconds, 990 microseconds
│   percent_complete = 96.2%
│   estimated_sypd = 15.17
│   instantaneous_sypd = 12.582
│   date_now = 2026-07-05T16:33:57.060
└   estimated_finish_date = 2026-07-05T16:33:59.060
[ Info: solve! walltime = 31.495
[ Info: sypd: 15.032
[ Info: wall_time_per_timestep: 5 milliseconds, 467 microseconds
[ Info: Memory currently used (after solve!) by the process (RSS): 8.68 GiB
[ Info: Completed member 8
┌ Info: Making AtmosConfig with config files: 
│      /home/jeff/larcform1-experiments/ClimaAtmos.jl/src/config/../../config/default_configs/default_config.yml
└   
┌ Info: numerics 
│          `energy_q_tot_upwinding`::`Val{:vanleer_limiter}`
│                `tracer_upwinding`::`Val{:vanleer_limiter}`
│       `edmfx_mse_q_tot_upwinding`::`Val{:first_order}`
│         `edmfx_sgsflux_upwinding`::`Val{:none}`
│          `edmfx_tracer_upwinding`::`Val{:first_order}`
│         `test_dycore_consistency`::`Nothing`
│            `reproducible_restart`::`Nothing`
│                         `limiter`::`Nothing`
│                       `diff_mode`::`ClimaAtmos.Implicit`
│                       `hyperdiff`::`Nothing`
└   
┌ Info: AtmosModel: 
│   
│                               `water`::`ClimaAtmos.AtmosWater{ClimaAtmos.NonEquilibriumMicrophysics1M, ClimaAtmos.QuadratureCloud, ClimaAtmos.Implicit, Nothing, ClimaAtmos.SGSQuadrature{3, StaticArraysCore.SVector{3, Float32}, StaticArraysCore.SVector{3, Float32}, ClimaAtmos.GaussianSGS, Float32}, ClimaAtmos.FixedTerminalVelocity{Float32}}`
│                           `scm_setup`::`ClimaAtmos.SCMSetup{Nothing, Nothing, Nothing, Bool, @NamedTuple{prof_ug::AtmosphericProfilesLibrary.ZProfile{AtmosphericProfilesLibrary.var"#Larcform1_geostrophic_u##0#Larcform1_geostrophic_u##1"{Float32}}, prof_vg::AtmosphericProfilesLibrary.ZProfile{Returns{Float32}}, coriolis_param::Float32}}`
│                           `radiation`::`ClimaAtmos.AtmosRadiation{ClimaAtmos.RRTMGPInterface.AllSkyRadiationWithClearSkyDiagnostics{ClimaAtmos.InteractiveCloudInRadiation}, ClimaAtmos.Larcform1Insolation}`
│                            `turbconv`::`ClimaAtmos.AtmosTurbconv{ClimaAtmos.EDMFXModel{ClimaAtmos.InvZEntrainment, ClimaAtmos.BuoyancyVelocityDetrainment, Val{true}, Val{true}, Val{true}, Val{true}, Val{true}, ClimaAtmos.SmoothMinimumBlending}, ClimaAtmos.PrognosticEDMFX{1, true, Float32}, Nothing, Nothing, Nothing}`
│                     `prescribed_flow`::`Nothing`
│                        `gravity_wave`::`ClimaAtmos.AtmosGravityWave{Nothing, Nothing}`
│                  `vertical_diffusion`::`Nothing`
│                              `sponge`::`ClimaAtmos.AtmosSponge{Nothing, Nothing}`
│                             `surface`::`ClimaAtmos.AtmosSurface{ClimaAtmos.SurfaceConditions.MoninObukhov{Float32, Nothing, Nothing}, ClimaAtmos.SurfaceConditions.SlabOceanTemperature{Float32}, ClimaAtmos.SurfaceConditions.SurfaceBoundaryOverrides{Float32, Float32, Nothing, Nothing, Nothing, Nothing}, ClimaAtmos.ConstantAlbedo{Float32}}`
│                            `numerics`::`ClimaAtmos.AtmosNumerics{Val{:vanleer_limiter}, Val{:vanleer_limiter}, Val{:first_order}, Val{:none}, Val{:first_order}, Nothing, Nothing, Nothing, ClimaAtmos.Implicit, Nothing}`
│                           `chemistry`::`ClimaAtmos.AtmosChem{Nothing}`
└   
┌ Info: Microphysics settings: 
│                          `n_substeps`::`3`
│                     `n_substeps_quad`::`2`
│              `cloud_liquid_formation`::`CloudLiquidFormation`
│                 `cloud_ice_formation`::`TemperatureDependent`
│                      `cloud_ice_melt`::`CloudIceMelt`
│                 `rain_autoconversion`::`Kessler1M`
│                 `snow_autoconversion`::`NoSupersaturation`
│       `rain_condensation_evaporation`::`RainEvaporation`
│         `snow_deposition_sublimation`::`DepositionAndSublimation`
│                           `snow_melt`::`SnowMelt`
│         `cloud_liquid_rain_accretion`::`CloudLiquidRainAccretion`
│         `cloud_liquid_snow_accretion`::`CloudLiquidSnowAccretion`
│            `cloud_ice_rain_accretion`::`CloudIceRainAccretion`
│            `cloud_ice_snow_accretion`::`CloudIceSnowAccretion`
│                 `rain_snow_accretion`::`RainSnowAccretion`
└   
[ Info: Single-process ClimaAtmos run on CPUSingleThreaded
[ Info: Using ODE config: `ClimaTimeSteppers.ARS222`
[ Info: Initialized state (55.312 μs, 7.76 KiB)
[ Info: Built cache (185.545 ms, 172.6 MiB)
[ Info: Assembled callbacks (135.393 μs, 17.42 KiB)
┌ Info: Jacobian algorithm: ManualSparseJacobian(
│     approximate_solve_iters = 2,
└   )
[ Info: Jacobian derivative flags: topography_flag = IgnoreDerivative, diffusion_flag = UseDerivative
[ Info: Built tendency function (202.065 μs, 201.06 KiB)
[ Info: Initialized integrator (8.736 ms, 169.03 KiB)
[ Info: Added 7 user-provided YAML-style diagnostics
[ Info: Saving accumulated diagnostics to disk with frequency: 1 hour
[ Info: Set up diagnostics (458.132 μs, 103.66 KiB)
[ Info: Initialized 7 total diagnostics
