┌ Info: Simulation info
│   job_id = lf1e_clw_cal_member
└   output_dir = /home/jeff/larcform1-experiments/experiments/clw calibration/output/uki_1/iteration_006/member_010/output_0000
┌ Info: Running
│   job_id = lf1e_clw_cal_member
│   output_dir = /home/jeff/larcform1-experiments/experiments/clw calibration/output/uki_1/iteration_006/member_010/output_0000
└   tspan = (0.0 seconds (2010-01-01T00:00:00) [counter = 0, period = 1 second, epoch = 2010-01-01T00:00:00], 172800.0 seconds (2010-01-03T00:00:00) [counter = 172800, period = 1 second, epoch = 2010-01-01T00:00:00])
┌ Info: Progress
│   simulation_time = 30 seconds
│   n_steps_completed = 1
│   wall_time_per_step = 0 seconds
│   wall_time_total = 0 seconds
│   wall_time_remaining = 0 seconds
│   wall_time_spent = 0 seconds
│   percent_complete = 0.0%
│   estimated_sypd = Inf
│   instantaneous_sypd = 0.0 (sdpd_estimate = 0.0)
│   date_now = 2026-07-05T16:56:59.329
└   estimated_finish_date = 2026-07-05T16:56:59.329
┌ Info: Progress
│   simulation_time = 1 minute
│   n_steps_completed = 2
│   wall_time_per_step = 0 seconds
│   wall_time_total = 0 seconds
│   wall_time_remaining = 0 seconds
│   wall_time_spent = 0 seconds
│   percent_complete = 0.0%
│   estimated_sypd = Inf
│   instantaneous_sypd = 0.034
│   date_now = 2026-07-05T16:57:01.758
└   estimated_finish_date = 2026-07-05T16:57:01.758
┌ Info: Progress
│   simulation_time = 2 minutes
│   n_steps_completed = 4
│   wall_time_per_step = 4 milliseconds, 569 microseconds
│   wall_time_total = 26 seconds, 317 milliseconds
│   wall_time_remaining = 26 seconds, 299 milliseconds
│   wall_time_spent = 18 milliseconds, 276 microseconds
│   percent_complete = 0.1%
│   estimated_sypd = 17.976
│   instantaneous_sypd = 17.976
│   date_now = 2026-07-05T16:57:01.767
└   estimated_finish_date = 2026-07-05T16:57:28.767
┌ Info: Progress
│   simulation_time = 4 minutes
│   n_steps_completed = 8
│   wall_time_per_step = 4 milliseconds, 252 microseconds
│   wall_time_total = 24 seconds, 495 milliseconds
│   wall_time_remaining = 24 seconds, 461 milliseconds
│   wall_time_spent = 34 milliseconds, 22 microseconds
│   percent_complete = 0.1%
│   estimated_sypd = 19.313
│   instantaneous_sypd = 20.865
│   date_now = 2026-07-05T16:57:01.782
└   estimated_finish_date = 2026-07-05T16:57:26.782
┌ Info: Progress
│   simulation_time = 8 minutes
│   n_steps_completed = 16
│   wall_time_per_step = 3 milliseconds, 999 microseconds
│   wall_time_total = 23 seconds, 34 milliseconds
│   wall_time_remaining = 22 seconds, 970 milliseconds
│   wall_time_spent = 63 milliseconds, 984 microseconds
│   percent_complete = 0.3%
│   estimated_sypd = 20.539
│   instantaneous_sypd = 21.931
│   date_now = 2026-07-05T16:57:01.812
└   estimated_finish_date = 2026-07-05T16:57:24.812
┌ Info: Progress
│   simulation_time = 16 minutes
│   n_steps_completed = 32
│   wall_time_per_step = 3 milliseconds, 860 microseconds
│   wall_time_total = 22 seconds, 235 milliseconds
│   wall_time_remaining = 22 seconds, 111 milliseconds
│   wall_time_spent = 123 milliseconds, 529 microseconds
│   percent_complete = 0.6%
│   estimated_sypd = 21.277
│   instantaneous_sypd = 22.07
│   date_now = 2026-07-05T16:57:01.872
└   estimated_finish_date = 2026-07-05T16:57:24.872
┌ Info: Progress
│   simulation_time = 32 minutes
│   n_steps_completed = 64
│   wall_time_per_step = 3 milliseconds, 905 microseconds
│   wall_time_total = 22 seconds, 493 milliseconds
│   wall_time_remaining = 22 seconds, 243 milliseconds
│   wall_time_spent = 249 milliseconds, 923 microseconds
│   percent_complete = 1.1%
│   estimated_sypd = 21.033
│   instantaneous_sypd = 20.795
│   date_now = 2026-07-05T16:57:01.998
└   estimated_finish_date = 2026-07-05T16:57:24.998
┌ Info: Progress
│   simulation_time = 1 hour, 4 minutes
│   n_steps_completed = 128
│   wall_time_per_step = 4 milliseconds, 9 microseconds
│   wall_time_total = 23 seconds, 93 milliseconds
│   wall_time_remaining = 22 seconds, 579 milliseconds
│   wall_time_spent = 513 milliseconds, 181 microseconds
│   percent_complete = 2.2%
│   estimated_sypd = 20.487
│   instantaneous_sypd = 19.968
│   date_now = 2026-07-05T16:57:02.262
└   estimated_finish_date = 2026-07-05T16:57:25.262
┌ Info: Progress
│   simulation_time = 2 hours, 8 minutes
│   n_steps_completed = 256
│   wall_time_per_step = 3 milliseconds, 990 microseconds
│   wall_time_total = 22 seconds, 986 milliseconds
│   wall_time_remaining = 21 seconds, 964 milliseconds
│   wall_time_spent = 1 second, 21 milliseconds
│   percent_complete = 4.4%
│   estimated_sypd = 20.582
│   instantaneous_sypd = 20.677
│   date_now = 2026-07-05T16:57:02.770
└   estimated_finish_date = 2026-07-05T16:57:24.770
┌ Info: Progress
│   simulation_time = 4 hours, 16 minutes
│   n_steps_completed = 512
│   wall_time_per_step = 4 milliseconds, 9 microseconds
│   wall_time_total = 23 seconds, 96 milliseconds
│   wall_time_remaining = 21 seconds, 43 milliseconds
│   wall_time_spent = 2 seconds, 52 milliseconds
│   percent_complete = 8.9%
│   estimated_sypd = 20.484
│   instantaneous_sypd = 20.387
│   date_now = 2026-07-05T16:57:03.802
└   estimated_finish_date = 2026-07-05T16:57:25.802
┌ Info: Progress
│   simulation_time = 6 hours, 40 minutes
│   n_steps_completed = 801
│   wall_time_per_step = 4 milliseconds, 71 microseconds
│   wall_time_total = 23 seconds, 451 milliseconds
│   wall_time_remaining = 20 seconds, 190 milliseconds
│   wall_time_spent = 3 seconds, 261 milliseconds
│   percent_complete = 13.9%
│   estimated_sypd = 20.174
│   instantaneous_sypd = 19.646
│   date_now = 2026-07-05T16:57:05.010
└   estimated_finish_date = 2026-07-05T16:57:26.010
┌ Info: Progress
│   simulation_time = 8 hours, 32 minutes
│   n_steps_completed = 1024
│   wall_time_per_step = 4 milliseconds, 127 microseconds
│   wall_time_total = 23 seconds, 773 milliseconds
│   wall_time_remaining = 19 seconds, 547 milliseconds
│   wall_time_spent = 4 seconds, 226 milliseconds
│   percent_complete = 17.8%
│   estimated_sypd = 19.9
│   instantaneous_sypd = 18.976
│   date_now = 2026-07-05T16:57:05.975
└   estimated_finish_date = 2026-07-05T16:57:25.975
┌ Info: Progress
│   simulation_time = 10 hours, 56 minutes
│   n_steps_completed = 1313
│   wall_time_per_step = 4 milliseconds, 193 microseconds
│   wall_time_total = 24 seconds, 156 milliseconds
│   wall_time_remaining = 18 seconds, 649 milliseconds
│   wall_time_spent = 5 seconds, 506 milliseconds
│   percent_complete = 22.8%
│   estimated_sypd = 19.585
│   instantaneous_sypd = 18.544
│   date_now = 2026-07-05T16:57:07.255
└   estimated_finish_date = 2026-07-05T16:57:26.255
┌ Info: Progress
│   simulation_time = 13 hours, 21 minutes
│   n_steps_completed = 1602
│   wall_time_per_step = 4 milliseconds, 279 microseconds
│   wall_time_total = 24 seconds, 648 milliseconds
│   wall_time_remaining = 17 seconds, 793 milliseconds
│   wall_time_spent = 6 seconds, 855 milliseconds
│   percent_complete = 27.8%
│   estimated_sypd = 19.194
│   instantaneous_sypd = 17.598
│   date_now = 2026-07-05T16:57:08.604
└   estimated_finish_date = 2026-07-05T16:57:26.604
┌ Info: Progress
│   simulation_time = 15 hours, 45 minutes
│   n_steps_completed = 1891
│   wall_time_per_step = 4 milliseconds, 359 microseconds
│   wall_time_total = 25 seconds, 110 milliseconds
│   wall_time_remaining = 16 seconds, 866 milliseconds
│   wall_time_spent = 8 seconds, 243 milliseconds
│   percent_complete = 32.8%
│   estimated_sypd = 18.841
│   instantaneous_sypd = 17.097
│   date_now = 2026-07-05T16:57:09.992
└   estimated_finish_date = 2026-07-05T16:57:26.992
┌ Info: Progress
│   simulation_time = 17 hours, 4 minutes
│   n_steps_completed = 2048
│   wall_time_per_step = 4 milliseconds, 407 microseconds
│   wall_time_total = 25 seconds, 388 milliseconds
│   wall_time_remaining = 16 seconds, 361 milliseconds
│   wall_time_spent = 9 seconds, 27 milliseconds
│   percent_complete = 35.6%
│   estimated_sypd = 18.634
│   instantaneous_sypd = 16.461
│   date_now = 2026-07-05T16:57:10.776
└   estimated_finish_date = 2026-07-05T16:57:27.776
┌ Info: Progress
│   simulation_time = 19 hours, 28 minutes
│   n_steps_completed = 2337
│   wall_time_per_step = 4 milliseconds, 485 microseconds
│   wall_time_total = 25 seconds, 837 milliseconds
│   wall_time_remaining = 15 seconds, 354 milliseconds
│   wall_time_spent = 10 seconds, 482 milliseconds
│   percent_complete = 40.6%
│   estimated_sypd = 18.311
│   instantaneous_sypd = 16.306
│   date_now = 2026-07-05T16:57:12.232
└   estimated_finish_date = 2026-07-05T16:57:28.231
┌ Info: Progress
│   simulation_time = 21 hours, 53 minutes
│   n_steps_completed = 2626
│   wall_time_per_step = 4 milliseconds, 557 microseconds
│   wall_time_total = 26 seconds, 250 milliseconds
│   wall_time_remaining = 14 seconds, 282 milliseconds
│   wall_time_spent = 11 seconds, 967 milliseconds
│   percent_complete = 45.6%
│   estimated_sypd = 18.022
│   instantaneous_sypd = 15.986
│   date_now = 2026-07-05T16:57:13.716
└   estimated_finish_date = 2026-07-05T16:57:28.716
┌ Info: Progress
│   simulation_time = 1 day, 17 minutes
│   n_steps_completed = 2915
│   wall_time_per_step = 4 milliseconds, 674 microseconds
│   wall_time_total = 26 seconds, 927 milliseconds
│   wall_time_remaining = 13 seconds, 300 milliseconds
│   wall_time_spent = 13 seconds, 627 milliseconds
│   percent_complete = 50.6%
│   estimated_sypd = 17.569
│   instantaneous_sypd = 14.301
│   date_now = 2026-07-05T16:57:15.376
└   estimated_finish_date = 2026-07-05T16:57:29.376
┌ Info: Progress
│   simulation_time = 1 day, 2 hours
│   n_steps_completed = 3204
│   wall_time_per_step = 4 milliseconds, 738 microseconds
│   wall_time_total = 27 seconds, 291 milliseconds
│   wall_time_remaining = 12 seconds, 110 milliseconds
│   wall_time_spent = 15 seconds, 180 milliseconds
│   percent_complete = 55.6%
│   estimated_sypd = 17.335
│   instantaneous_sypd = 15.282
│   date_now = 2026-07-05T16:57:16.929
└   estimated_finish_date = 2026-07-05T16:57:29.929
┌ Info: Progress
│   simulation_time = 1 day, 5 hours
│   n_steps_completed = 3493
│   wall_time_per_step = 4 milliseconds, 804 microseconds
│   wall_time_total = 27 seconds, 671 milliseconds
│   wall_time_remaining = 10 seconds, 890 milliseconds
│   wall_time_spent = 16 seconds, 780 milliseconds
│   percent_complete = 60.6%
│   estimated_sypd = 17.097
│   instantaneous_sypd = 14.839
│   date_now = 2026-07-05T16:57:18.529
└   estimated_finish_date = 2026-07-05T16:57:29.529
┌ Info: Progress
│   simulation_time = 1 day, 7 hours
│   n_steps_completed = 3782
│   wall_time_per_step = 4 milliseconds, 867 microseconds
│   wall_time_total = 28 seconds, 38 milliseconds
│   wall_time_remaining = 9 seconds, 628 milliseconds
│   wall_time_spent = 18 seconds, 409 milliseconds
│   percent_complete = 65.7%
│   estimated_sypd = 16.873
│   instantaneous_sypd = 14.568
│   date_now = 2026-07-05T16:57:20.159
└   estimated_finish_date = 2026-07-05T16:57:30.159
┌ Info: Progress
│   simulation_time = 1 day, 9 hours
│   n_steps_completed = 4071
│   wall_time_per_step = 4 milliseconds, 944 microseconds
│   wall_time_total = 28 seconds, 483 milliseconds
│   wall_time_remaining = 8 seconds, 352 milliseconds
│   wall_time_spent = 20 seconds, 131 milliseconds
│   percent_complete = 70.7%
│   estimated_sypd = 16.61
│   instantaneous_sypd = 13.792
│   date_now = 2026-07-05T16:57:21.880
└   estimated_finish_date = 2026-07-05T16:57:30.880
┌ Info: Progress
│   simulation_time = 1 day, 10 hours
│   n_steps_completed = 4096
│   wall_time_per_step = 4 milliseconds, 952 microseconds
│   wall_time_total = 28 seconds, 528 milliseconds
│   wall_time_remaining = 8 seconds, 241 milliseconds
│   wall_time_spent = 20 seconds, 286 milliseconds
│   percent_complete = 71.1%
│   estimated_sypd = 16.583
│   instantaneous_sypd = 13.174
│   date_now = 2026-07-05T16:57:22.036
└   estimated_finish_date = 2026-07-05T16:57:31.035
┌ Info: Progress
│   simulation_time = 1 day, 12 hours
│   n_steps_completed = 4385
│   wall_time_per_step = 5 milliseconds, 16 microseconds
│   wall_time_total = 28 seconds, 896 milliseconds
│   wall_time_remaining = 6 seconds, 898 milliseconds
│   wall_time_spent = 21 seconds, 998 milliseconds
│   percent_complete = 76.1%
│   estimated_sypd = 16.372
│   instantaneous_sypd = 13.867
│   date_now = 2026-07-05T16:57:23.747
└   estimated_finish_date = 2026-07-05T16:57:30.747
┌ Info: Progress
│   simulation_time = 1 day, 14 hours
│   n_steps_completed = 4674
│   wall_time_per_step = 5 milliseconds, 80 microseconds
│   wall_time_total = 29 seconds, 264 milliseconds
│   wall_time_remaining = 5 seconds, 517 milliseconds
│   wall_time_spent = 23 seconds, 746 milliseconds
│   percent_complete = 81.1%
│   estimated_sypd = 16.166
│   instantaneous_sypd = 13.577
│   date_now = 2026-07-05T16:57:25.496
└   estimated_finish_date = 2026-07-05T16:57:31.496
┌ Info: Progress
│   simulation_time = 1 day, 17 hours
│   n_steps_completed = 4963
│   wall_time_per_step = 5 milliseconds, 158 microseconds
│   wall_time_total = 29 seconds, 711 milliseconds
│   wall_time_remaining = 4 seconds, 111 milliseconds
│   wall_time_spent = 25 seconds, 600 milliseconds
│   percent_complete = 86.2%
│   estimated_sypd = 15.923
│   instantaneous_sypd = 12.809
│   date_now = 2026-07-05T16:57:27.349
└   estimated_finish_date = 2026-07-05T16:57:32.349
┌ Info: Progress
│   simulation_time = 1 day, 19 hours
│   n_steps_completed = 5252
│   wall_time_per_step = 5 milliseconds, 224 microseconds
│   wall_time_total = 30 seconds, 93 milliseconds
│   wall_time_remaining = 2 seconds, 654 milliseconds
│   wall_time_spent = 27 seconds, 439 milliseconds
│   percent_complete = 91.2%
│   estimated_sypd = 15.721
│   instantaneous_sypd = 12.907
│   date_now = 2026-07-05T16:57:29.188
└   estimated_finish_date = 2026-07-05T16:57:32.188
┌ Info: Progress
│   simulation_time = 1 day, 22 hours
│   n_steps_completed = 5541
│   wall_time_per_step = 5 milliseconds, 300 microseconds
│   wall_time_total = 30 seconds, 532 milliseconds
│   wall_time_remaining = 1 second, 160 milliseconds
│   wall_time_spent = 29 seconds, 371 milliseconds
│   percent_complete = 96.2%
│   estimated_sypd = 15.495
│   instantaneous_sypd = 12.284
│   date_now = 2026-07-05T16:57:31.120
└   estimated_finish_date = 2026-07-05T16:57:33.120
[ Info: solve! walltime = 30.81
[ Info: sypd: 15.366
[ Info: wall_time_per_timestep: 5 milliseconds, 348 microseconds
[ Info: Memory currently used (after solve!) by the process (RSS): 8.68 GiB
[ Info: Completed member 10
┌ Info: Making AtmosConfig with config files: 
│      /home/jeff/larcform1-experiments/ClimaAtmos.jl/src/config/../../config/default_configs/default_config.yml
└   
┌ Info: numerics 
│          `energy_q_tot_upwinding`::`Val{:vanleer_limiter}`
│                `tracer_upwinding`::`Val{:vanleer_limiter}`
│       `edmfx_mse_q_tot_upwinding`::`Val{:first_order}`
│         `edmfx_sgsflux_upwinding`::`Val{:none}`
│          `edmfx_tracer_upwinding`::`Val{:first_order}`
│         `test_dycore_consistency`::`Nothing`
│            `reproducible_restart`::`Nothing`
│                         `limiter`::`Nothing`
│                       `diff_mode`::`ClimaAtmos.Implicit`
│                       `hyperdiff`::`Nothing`
└   
┌ Info: AtmosModel: 
│   
│                               `water`::`ClimaAtmos.AtmosWater{ClimaAtmos.NonEquilibriumMicrophysics1M, ClimaAtmos.QuadratureCloud, ClimaAtmos.Implicit, Nothing, ClimaAtmos.SGSQuadrature{3, StaticArraysCore.SVector{3, Float32}, StaticArraysCore.SVector{3, Float32}, ClimaAtmos.GaussianSGS, Float32}, ClimaAtmos.FixedTerminalVelocity{Float32}}`
│                           `scm_setup`::`ClimaAtmos.SCMSetup{Nothing, Nothing, Nothing, Bool, @NamedTuple{prof_ug::AtmosphericProfilesLibrary.ZProfile{AtmosphericProfilesLibrary.var"#Larcform1_geostrophic_u##0#Larcform1_geostrophic_u##1"{Float32}}, prof_vg::AtmosphericProfilesLibrary.ZProfile{Returns{Float32}}, coriolis_param::Float32}}`
│                           `radiation`::`ClimaAtmos.AtmosRadiation{ClimaAtmos.RRTMGPInterface.AllSkyRadiationWithClearSkyDiagnostics{ClimaAtmos.InteractiveCloudInRadiation}, ClimaAtmos.Larcform1Insolation}`
│                            `turbconv`::`ClimaAtmos.AtmosTurbconv{ClimaAtmos.EDMFXModel{ClimaAtmos.InvZEntrainment, ClimaAtmos.BuoyancyVelocityDetrainment, Val{true}, Val{true}, Val{true}, Val{true}, Val{true}, ClimaAtmos.SmoothMinimumBlending}, ClimaAtmos.PrognosticEDMFX{1, true, Float32}, Nothing, Nothing, Nothing}`
│                     `prescribed_flow`::`Nothing`
│                        `gravity_wave`::`ClimaAtmos.AtmosGravityWave{Nothing, Nothing}`
│                  `vertical_diffusion`::`Nothing`
│                              `sponge`::`ClimaAtmos.AtmosSponge{Nothing, Nothing}`
│                             `surface`::`ClimaAtmos.AtmosSurface{ClimaAtmos.SurfaceConditions.MoninObukhov{Float32, Nothing, Nothing}, ClimaAtmos.SurfaceConditions.SlabOceanTemperature{Float32}, ClimaAtmos.SurfaceConditions.SurfaceBoundaryOverrides{Float32, Float32, Nothing, Nothing, Nothing, Nothing}, ClimaAtmos.ConstantAlbedo{Float32}}`
│                            `numerics`::`ClimaAtmos.AtmosNumerics{Val{:vanleer_limiter}, Val{:vanleer_limiter}, Val{:first_order}, Val{:none}, Val{:first_order}, Nothing, Nothing, Nothing, ClimaAtmos.Implicit, Nothing}`
│                           `chemistry`::`ClimaAtmos.AtmosChem{Nothing}`
└   
┌ Info: Microphysics settings: 
│                          `n_substeps`::`3`
│                     `n_substeps_quad`::`2`
│              `cloud_liquid_formation`::`CloudLiquidFormation`
│                 `cloud_ice_formation`::`TemperatureDependent`
│                      `cloud_ice_melt`::`CloudIceMelt`
│                 `rain_autoconversion`::`Kessler1M`
│                 `snow_autoconversion`::`NoSupersaturation`
│       `rain_condensation_evaporation`::`RainEvaporation`
│         `snow_deposition_sublimation`::`DepositionAndSublimation`
│                           `snow_melt`::`SnowMelt`
│         `cloud_liquid_rain_accretion`::`CloudLiquidRainAccretion`
│         `cloud_liquid_snow_accretion`::`CloudLiquidSnowAccretion`
│            `cloud_ice_rain_accretion`::`CloudIceRainAccretion`
│            `cloud_ice_snow_accretion`::`CloudIceSnowAccretion`
│                 `rain_snow_accretion`::`RainSnowAccretion`
└   
[ Info: Single-process ClimaAtmos run on CPUSingleThreaded
[ Info: Using ODE config: `ClimaTimeSteppers.ARS222`
[ Info: Initialized state (45.091 μs, 7.76 KiB)
[ Info: Built cache (223.641 ms, 172.6 MiB)
[ Info: Assembled callbacks (124.683 μs, 17.42 KiB)
┌ Info: Jacobian algorithm: ManualSparseJacobian(
│     approximate_solve_iters = 2,
└   )
[ Info: Jacobian derivative flags: topography_flag = IgnoreDerivative, diffusion_flag = UseDerivative
[ Info: Built tendency function (187.154 μs, 201.06 KiB)
[ Info: Initialized integrator (8.31 ms, 169.03 KiB)
[ Info: Added 7 user-provided YAML-style diagnostics
[ Info: Saving accumulated diagnostics to disk with frequency: 1 hour
[ Info: Set up diagnostics (427.831 μs, 103.66 KiB)
[ Info: Initialized 7 total diagnostics
