┌ Info: Starting variation [1/1]
└   overlay = "experiments/clw sensitivity experiments/configs/v12_subltime1e9.yml"
┌ Info: Making AtmosConfig with config files: 
│    /home/jeff/larcform1-experiments/ClimaAtmos.jl/src/config/../../config/default_configs/default_config.yml
│    /home/jeff/larcform1-experiments/experiments/clw sensitivity experiments/../../ClimaAtmos.jl/config/model_configs/larcform1_1M_prognostic_edmfx.yml
└    experiments/clw sensitivity experiments/configs/v12_subltime1e9.yml
┌ Info: numerics 
│        `energy_q_tot_upwinding`::`Val{:vanleer_limiter}`
│              `tracer_upwinding`::`Val{:vanleer_limiter}`
│     `edmfx_mse_q_tot_upwinding`::`Val{:first_order}`
│       `edmfx_sgsflux_upwinding`::`Val{:none}`
│        `edmfx_tracer_upwinding`::`Val{:first_order}`
│       `test_dycore_consistency`::`Nothing`
│          `reproducible_restart`::`Nothing`
│                       `limiter`::`Nothing`
│                     `diff_mode`::`ClimaAtmos.Implicit`
└                     `hyperdiff`::`Nothing`
┌ Info: AtmosModel: 
│ 
│                             `water`::`ClimaAtmos.AtmosWater{ClimaAtmos.NonEquilibriumMicrophysics1M, ClimaAtmos.QuadratureCloud, ClimaAtmos.Implicit, Nothing, ClimaAtmos.SGSQuadrature{3, StaticArraysCore.SVector{3, Float32}, StaticArraysCore.SVector{3, Float32}, ClimaAtmos.GaussianSGS, Float32}, ClimaAtmos.FixedTerminalVelocity{Float32}}`
│                         `scm_setup`::`ClimaAtmos.SCMSetup{Nothing, Nothing, Nothing, Bool, @NamedTuple{prof_ug::AtmosphericProfilesLibrary.ZProfile{AtmosphericProfilesLibrary.var"#Larcform1_geostrophic_u##0#Larcform1_geostrophic_u##1"{Float32}}, prof_vg::AtmosphericProfilesLibrary.ZProfile{Returns{Float32}}, coriolis_param::Float32}}`
│                         `radiation`::`ClimaAtmos.AtmosRadiation{ClimaAtmos.RRTMGPInterface.AllSkyRadiationWithClearSkyDiagnostics{ClimaAtmos.InteractiveCloudInRadiation}, ClimaAtmos.Larcform1Insolation}`
│                          `turbconv`::`ClimaAtmos.AtmosTurbconv{ClimaAtmos.EDMFXModel{ClimaAtmos.InvZEntrainment, ClimaAtmos.BuoyancyVelocityDetrainment, Val{true}, Val{true}, Val{true}, Val{true}, Val{true}, ClimaAtmos.SmoothMinimumBlending}, ClimaAtmos.PrognosticEDMFX{1, true, Float32}, Nothing, Nothing, Nothing}`
│                   `prescribed_flow`::`Nothing`
│                      `gravity_wave`::`ClimaAtmos.AtmosGravityWave{Nothing, Nothing}`
│                `vertical_diffusion`::`Nothing`
│                            `sponge`::`ClimaAtmos.AtmosSponge{Nothing, Nothing}`
│                           `surface`::`ClimaAtmos.AtmosSurface{ClimaAtmos.SurfaceConditions.MoninObukhov{Float32, Nothing, Nothing}, ClimaAtmos.SurfaceConditions.SlabOceanTemperature{Float32}, ClimaAtmos.SurfaceConditions.SurfaceBoundaryOverrides{Float32, Float32, Nothing, Nothing, Nothing, Nothing}, ClimaAtmos.ConstantAlbedo{Float32}}`
│                          `numerics`::`ClimaAtmos.AtmosNumerics{Val{:vanleer_limiter}, Val{:vanleer_limiter}, Val{:first_order}, Val{:none}, Val{:first_order}, Nothing, Nothing, Nothing, ClimaAtmos.Implicit, Nothing}`
└                         `chemistry`::`ClimaAtmos.AtmosChem{Nothing}`
┌ Info: Microphysics settings: 
│                        `n_substeps`::`3`
│                   `n_substeps_quad`::`2`
│            `cloud_liquid_formation`::`CloudLiquidFormation`
│               `cloud_ice_formation`::`ConstantTimescale`
│                    `cloud_ice_melt`::`CloudIceMelt`
│               `rain_autoconversion`::`Kessler1M`
│               `snow_autoconversion`::`NoSupersaturation`
│     `rain_condensation_evaporation`::`RainEvaporation`
│       `snow_deposition_sublimation`::`DepositionAndSublimation`
│                         `snow_melt`::`SnowMelt`
│       `cloud_liquid_rain_accretion`::`CloudLiquidRainAccretion`
│       `cloud_liquid_snow_accretion`::`CloudLiquidSnowAccretion`
│          `cloud_ice_rain_accretion`::`CloudIceRainAccretion`
│          `cloud_ice_snow_accretion`::`CloudIceSnowAccretion`
└               `rain_snow_accretion`::`RainSnowAccretion`
[ Info: Single-process ClimaAtmos run on CPUSingleThreaded
[ Info: Using ODE config: `ClimaTimeSteppers.ARS222`
[ Info: Initialized state (20.631 μs, 6.99 KiB)
[ Info: Built cache (29.524 s, 10.96 GiB)
[ Info: Assembled callbacks (174.865 ms, 31.85 MiB)
┌ Info: Jacobian algorithm: ManualSparseJacobian(
│   approximate_solve_iters = 2,
└ )
[ Info: Jacobian derivative flags: topography_flag = IgnoreDerivative, diffusion_flag = UseDerivative
[ Info: Built tendency function (2.117 s, 77.38 MiB)
[ Info: Initialized integrator (28.481 s, 5.17 GiB)
[ Info: Added 114 user-provided YAML-style diagnostics
[ Info: Saving accumulated diagnostics to disk with frequency: 10 minutes, 1 hour
[ Info: Set up diagnostics (10.812 s, 679.99 MiB)
[ Info: Initialized 114 total diagnostics
┌ Info: Simulation info
│   job_id = "lf1e_clw1_v12_subltime1e9"
└   output_dir = "experiments/clw sensitivity experiments/output/lf1e-clw-1/v12_subltime1e9/output_0000"
┌ Info: Running
│   job_id = "lf1e_clw1_v12_subltime1e9"
│   output_dir = "experiments/clw sensitivity experiments/output/lf1e-clw-1/v12_subltime1e9/output_0000"
└   tspan = (0.0 seconds (2010-01-01T00:00:00) [counter = 0, period = 1 second, epoch = 2010-01-01T00:00:00], 172800.0 seconds (2010-01-03T00:00:00) [counter = 172800, period = 1 second, epoch = 2010-01-01T00:00:00])
┌ Info: Progress
│   simulation_time = "30 seconds"
│   n_steps_completed = 1
│   wall_time_per_step = "0 seconds"
│   wall_time_total = "0 seconds"
│   wall_time_remaining = "0 seconds"
│   wall_time_spent = "0 seconds"
│   percent_complete = "0.0%"
│   estimated_sypd = "Inf"
│   instantaneous_sypd = "0.0 (sdpd_estimate = 0.0)"
│   date_now = 2026-07-04T19:44:03.206
└   estimated_finish_date = 2026-07-04T19:44:03.205
┌ Info: Progress
│   simulation_time = "1 minute"
│   n_steps_completed = 2
│   wall_time_per_step = "0 seconds"
│   wall_time_total = "0 seconds"
│   wall_time_remaining = "0 seconds"
│   wall_time_spent = "0 seconds"
│   percent_complete = "0.0%"
│   estimated_sypd = "Inf"
│   instantaneous_sypd = "0.004 (sdpd_estimate = 1.623)"
│   date_now = 2026-07-04T19:44:21.665
└   estimated_finish_date = 2026-07-04T19:44:21.665
┌ Info: Progress
│   simulation_time = "2 minutes"
│   n_steps_completed = 4
│   wall_time_per_step = "10 milliseconds, 43 microseconds"
│   wall_time_total = "57 seconds, 853 milliseconds"
│   wall_time_remaining = "57 seconds, 813 milliseconds"
│   wall_time_spent = "40 milliseconds, 175 microseconds"
│   percent_complete = "0.1%"
│   estimated_sypd = "8.178"
│   instantaneous_sypd = "8.178"
│   date_now = 2026-07-04T19:44:21.767
└   estimated_finish_date = 2026-07-04T19:45:19.767
┌ Info: Progress
│   simulation_time = "4 minutes"
│   n_steps_completed = 8
│   wall_time_per_step = "19 milliseconds, 45 microseconds"
│   wall_time_total = "1 minute, 49 seconds"
│   wall_time_remaining = "1 minute, 49 seconds"
│   wall_time_spent = "152 milliseconds, 360 microseconds"
│   percent_complete = "0.1%"
│   estimated_sypd = "4.313"
│   instantaneous_sypd = "2.929"
│   date_now = 2026-07-04T19:44:21.798
└   estimated_finish_date = 2026-07-04T19:46:11.797
┌ Info: Progress
│   simulation_time = "8 minutes"
│   n_steps_completed = 16
│   wall_time_per_step = "15 milliseconds, 896 microseconds"
│   wall_time_total = "1 minute, 31 seconds"
│   wall_time_remaining = "1 minute, 31 seconds"
│   wall_time_spent = "254 milliseconds, 343 microseconds"
│   percent_complete = "0.3%"
│   estimated_sypd = "5.167"
│   instantaneous_sypd = "6.443"
│   date_now = 2026-07-04T19:44:21.894
└   estimated_finish_date = 2026-07-04T19:45:53.894
┌ Info: Progress
│   simulation_time = "16 minutes"
│   n_steps_completed = 32
│   wall_time_per_step = "1 second, 72 milliseconds"
│   wall_time_total = "1 hour, 42 minutes"
│   wall_time_remaining = "1 hour, 42 minutes"
│   wall_time_spent = "34 seconds, 313 milliseconds"
│   percent_complete = "0.6%"
│   estimated_sypd = "0.077"
│   instantaneous_sypd = "0.039"
│   date_now = 2026-07-04T19:44:55.962
└   estimated_finish_date = 2026-07-04T21:27:18.962
┌ Info: Progress
│   simulation_time = "32 minutes"
│   n_steps_completed = 64
│   wall_time_per_step = "544 milliseconds, 123 microseconds"
│   wall_time_total = "52 minutes, 14 seconds"
│   wall_time_remaining = "51 minutes, 39 seconds"
│   wall_time_spent = "34 seconds, 823 milliseconds"
│   percent_complete = "1.1%"
│   estimated_sypd = "0.151"
│   instantaneous_sypd = "5.147"
│   date_now = 2026-07-04T19:44:56.463
└   estimated_finish_date = 2026-07-04T20:36:36.463
┌ Info: Progress
│   simulation_time = "1 hour, 4 minutes"
│   n_steps_completed = 128
│   wall_time_per_step = "342 milliseconds, 451 microseconds"
│   wall_time_total = "32 minutes, 52 seconds"
│   wall_time_remaining = "32 minutes, 8 seconds"
│   wall_time_spent = "43 seconds, 833 milliseconds"
│   percent_complete = "2.2%"
│   estimated_sypd = "0.24"
│   instantaneous_sypd = "0.583"
│   date_now = 2026-07-04T19:45:05.473
└   estimated_finish_date = 2026-07-04T20:17:14.473
┌ Info: Progress
│   simulation_time = "2 hours, 8 minutes"
│   n_steps_completed = 256
│   wall_time_per_step = "175 milliseconds, 480 microseconds"
│   wall_time_total = "16 minutes, 50 seconds"
│   wall_time_remaining = "16 minutes, 5 seconds"
│   wall_time_spent = "44 seconds, 923 milliseconds"
│   percent_complete = "4.4%"
│   estimated_sypd = "0.468"
│   instantaneous_sypd = "9.652"
│   date_now = 2026-07-04T19:45:06.563
└   estimated_finish_date = 2026-07-04T20:01:12.563
┌ Info: Progress
│   simulation_time = "4 hours, 16 minutes"
│   n_steps_completed = 512
│   wall_time_per_step = "92 milliseconds, 415 microseconds"
│   wall_time_total = "8 minutes, 52 seconds"
│   wall_time_remaining = "8 minutes, 4 seconds"
│   wall_time_spent = "47 seconds, 316 milliseconds"
│   percent_complete = "8.9%"
│   estimated_sypd = "0.889"
│   instantaneous_sypd = "8.785"
│   date_now = 2026-07-04T19:45:08.956
└   estimated_finish_date = 2026-07-04T19:53:13.956
┌ Info: Progress
│   simulation_time = "6 hours, 40 minutes"
│   n_steps_completed = 801
│   wall_time_per_step = "62 milliseconds, 352 microseconds"
│   wall_time_total = "5 minutes, 59 seconds"
│   wall_time_remaining = "5 minutes, 9 seconds"
│   wall_time_spent = "49 seconds, 944 milliseconds"
│   percent_complete = "13.9%"
│   estimated_sypd = "1.317"
│   instantaneous_sypd = "9.033"
│   date_now = 2026-07-04T19:45:11.584
└   estimated_finish_date = 2026-07-04T19:50:21.584
┌ Info: Progress
│   simulation_time = "8 hours, 32 minutes"
│   n_steps_completed = 1024
│   wall_time_per_step = "50 milliseconds, 778 microseconds"
│   wall_time_total = "4 minutes, 52 seconds"
│   wall_time_remaining = "4 minutes, 487 milliseconds"
│   wall_time_spent = "51 seconds, 997 milliseconds"
│   percent_complete = "17.8%"
│   estimated_sypd = "1.618"
│   instantaneous_sypd = "8.922"
│   date_now = 2026-07-04T19:45:13.637
└   estimated_finish_date = 2026-07-04T19:49:14.637
┌ Info: Progress
│   simulation_time = "10 hours, 56 minutes"
│   n_steps_completed = 1313
│   wall_time_per_step = "41 milliseconds, 574 microseconds"
│   wall_time_total = "3 minutes, 59 seconds"
│   wall_time_remaining = "3 minutes, 4 seconds"
│   wall_time_spent = "54 seconds, 587 milliseconds"
│   percent_complete = "22.8%"
│   estimated_sypd = "1.976"
│   instantaneous_sypd = "9.165"
│   date_now = 2026-07-04T19:45:16.227
└   estimated_finish_date = 2026-07-04T19:48:21.227
┌ Info: Progress
│   simulation_time = "13 hours, 21 minutes"
│   n_steps_completed = 1602
│   wall_time_per_step = "35 milliseconds, 729 microseconds"
│   wall_time_total = "3 minutes, 25 seconds"
│   wall_time_remaining = "2 minutes, 28 seconds"
│   wall_time_spent = "57 seconds, 237 milliseconds"
│   percent_complete = "27.8%"
│   estimated_sypd = "2.299"
│   instantaneous_sypd = "8.956"
│   date_now = 2026-07-04T19:45:18.878
└   estimated_finish_date = 2026-07-04T19:47:47.878
┌ Info: Progress
│   simulation_time = "15 hours, 45 minutes"
│   n_steps_completed = 1891
│   wall_time_per_step = "31 milliseconds, 646 microseconds"
│   wall_time_total = "3 minutes, 2 seconds"
│   wall_time_remaining = "2 minutes, 2 seconds"
│   wall_time_spent = "59 seconds, 844 milliseconds"
│   percent_complete = "32.8%"
│   estimated_sypd = "2.595"
│   instantaneous_sypd = "9.107"
│   date_now = 2026-07-04T19:45:21.484
└   estimated_finish_date = 2026-07-04T19:47:24.484
┌ Info: Progress
│   simulation_time = "17 hours, 4 minutes"
│   n_steps_completed = 2048
│   wall_time_per_step = "29 milliseconds, 898 microseconds"
│   wall_time_total = "2 minutes, 52 seconds"
│   wall_time_remaining = "1 minute, 50 seconds"
│   wall_time_spent = "1 minute, 1 second"
│   percent_complete = "35.6%"
│   estimated_sypd = "2.747"
│   instantaneous_sypd = "9.29"
│   date_now = 2026-07-04T19:45:22.872
└   estimated_finish_date = 2026-07-04T19:47:13.872
┌ Info: Progress
│   simulation_time = "19 hours, 28 minutes"
│   n_steps_completed = 2337
│   wall_time_per_step = "27 milliseconds, 285 microseconds"
│   wall_time_total = "2 minutes, 37 seconds"
│   wall_time_remaining = "1 minute, 33 seconds"
│   wall_time_spent = "1 minute, 3 seconds"
│   percent_complete = "40.6%"
│   estimated_sypd = "3.01"
│   instantaneous_sypd = "9.365"
│   date_now = 2026-07-04T19:45:25.407
└   estimated_finish_date = 2026-07-04T19:46:59.407
┌ Info: Progress
│   simulation_time = "21 hours, 53 minutes"
│   n_steps_completed = 2626
│   wall_time_per_step = "25 milliseconds, 282 microseconds"
│   wall_time_total = "2 minutes, 25 seconds"
│   wall_time_remaining = "1 minute, 19 seconds"
│   wall_time_spent = "1 minute, 6 seconds"
│   percent_complete = "45.6%"
│   estimated_sypd = "3.249"
│   instantaneous_sypd = "9.047"
│   date_now = 2026-07-04T19:45:28.031
└   estimated_finish_date = 2026-07-04T19:46:48.031
┌ Info: Progress
│   simulation_time = "1 day, 17 minutes"
│   n_steps_completed = 2915
│   wall_time_per_step = "23 milliseconds, 680 microseconds"
│   wall_time_total = "2 minutes, 16 seconds"
│   wall_time_remaining = "1 minute, 7 seconds"
│   wall_time_spent = "1 minute, 9 seconds"
│   percent_complete = "50.6%"
│   estimated_sypd = "3.469"
│   instantaneous_sypd = "9.0"
│   date_now = 2026-07-04T19:45:30.688
└   estimated_finish_date = 2026-07-04T19:46:38.688
┌ Info: Progress
│   simulation_time = "1 day, 2 hours"
│   n_steps_completed = 3204
│   wall_time_per_step = "22 milliseconds, 408 microseconds"
│   wall_time_total = "2 minutes, 9 seconds"
│   wall_time_remaining = "57 seconds, 277 milliseconds"
│   wall_time_spent = "1 minute, 11 seconds"
│   percent_complete = "55.6%"
│   estimated_sypd = "3.665"
│   instantaneous_sypd = "8.57"
│   date_now = 2026-07-04T19:45:33.438
└   estimated_finish_date = 2026-07-04T19:46:31.438
┌ Info: Progress
│   simulation_time = "1 day, 5 hours"
│   n_steps_completed = 3493
│   wall_time_per_step = "21 milliseconds, 363 microseconds"
│   wall_time_total = "2 minutes, 3 seconds"
│   wall_time_remaining = "48 seconds, 430 milliseconds"
│   wall_time_spent = "1 minute, 14 seconds"
│   percent_complete = "60.6%"
│   estimated_sypd = "3.845"
│   instantaneous_sypd = "8.405"
│   date_now = 2026-07-04T19:45:36.262
└   estimated_finish_date = 2026-07-04T19:46:25.262
┌ Info: Progress
│   simulation_time = "1 day, 7 hours"
│   n_steps_completed = 3782
│   wall_time_per_step = "20 milliseconds, 458 microseconds"
│   wall_time_total = "1 minute, 57 seconds"
│   wall_time_remaining = "40 seconds, 467 milliseconds"
│   wall_time_spent = "1 minute, 17 seconds"
│   percent_complete = "65.7%"
│   estimated_sypd = "4.015"
│   instantaneous_sypd = "8.625"
│   date_now = 2026-07-04T19:45:39.014
└   estimated_finish_date = 2026-07-04T19:46:20.014
┌ Info: Progress
│   simulation_time = "1 day, 9 hours"
│   n_steps_completed = 4071
│   wall_time_per_step = "19 milliseconds, 675 microseconds"
│   wall_time_total = "1 minute, 53 seconds"
│   wall_time_remaining = "33 seconds, 232 milliseconds"
│   wall_time_spent = "1 minute, 20 seconds"
│   percent_complete = "70.7%"
│   estimated_sypd = "4.174"
│   instantaneous_sypd = "8.71"
│   date_now = 2026-07-04T19:45:41.739
└   estimated_finish_date = 2026-07-04T19:46:15.739
┌ Info: Progress
│   simulation_time = "1 day, 10 hours"
│   n_steps_completed = 4096
│   wall_time_per_step = "19 milliseconds, 612 microseconds"
│   wall_time_total = "1 minute, 52 seconds"
│   wall_time_remaining = "32 seconds, 634 milliseconds"
│   wall_time_spent = "1 minute, 20 seconds"
│   percent_complete = "71.1%"
│   estimated_sypd = "4.188"
│   instantaneous_sypd = "8.845"
│   date_now = 2026-07-04T19:45:41.971
└   estimated_finish_date = 2026-07-04T19:46:14.971
┌ Info: Progress
│   simulation_time = "1 day, 12 hours"
│   n_steps_completed = 4385
│   wall_time_per_step = "18 milliseconds, 974 microseconds"
│   wall_time_total = "1 minute, 49 seconds"
│   wall_time_remaining = "26 seconds, 89 milliseconds"
│   wall_time_spent = "1 minute, 23 seconds"
│   percent_complete = "76.1%"
│   estimated_sypd = "4.329"
│   instantaneous_sypd = "8.271"
│   date_now = 2026-07-04T19:45:44.842
└   estimated_finish_date = 2026-07-04T19:46:11.842
┌ Info: Progress
│   simulation_time = "1 day, 14 hours"
│   n_steps_completed = 4674
│   wall_time_per_step = "18 milliseconds, 378 microseconds"
│   wall_time_total = "1 minute, 45 seconds"
│   wall_time_remaining = "19 seconds, 959 milliseconds"
│   wall_time_spent = "1 minute, 25 seconds"
│   percent_complete = "81.1%"
│   estimated_sypd = "4.469"
│   instantaneous_sypd = "8.789"
│   date_now = 2026-07-04T19:45:47.542
└   estimated_finish_date = 2026-07-04T19:46:07.542
┌ Info: Progress
│   simulation_time = "1 day, 17 hours"
│   n_steps_completed = 4963
│   wall_time_per_step = "17 milliseconds, 866 microseconds"
│   wall_time_total = "1 minute, 42 seconds"
│   wall_time_remaining = "14 seconds, 239 milliseconds"
│   wall_time_spent = "1 minute, 28 seconds"
│   percent_complete = "86.2%"
│   estimated_sypd = "4.597"
│   instantaneous_sypd = "8.567"
│   date_now = 2026-07-04T19:45:50.313
└   estimated_finish_date = 2026-07-04T19:46:05.313
┌ Info: Progress
│   simulation_time = "1 day, 19 hours"
│   n_steps_completed = 5252
│   wall_time_per_step = "17 milliseconds, 413 microseconds"
│   wall_time_total = "1 minute, 40 seconds"
│   wall_time_remaining = "8 seconds, 846 milliseconds"
│   wall_time_spent = "1 minute, 31 seconds"
│   percent_complete = "91.2%"
│   estimated_sypd = "4.717"
│   instantaneous_sypd = "8.526"
│   date_now = 2026-07-04T19:45:53.097
└   estimated_finish_date = 2026-07-04T19:46:02.097
┌ Info: Progress
│   simulation_time = "1 day, 22 hours"
│   n_steps_completed = 5541
│   wall_time_per_step = "17 milliseconds, 11 microseconds"
│   wall_time_total = "1 minute, 37 seconds"
│   wall_time_remaining = "3 seconds, 725 milliseconds"
│   wall_time_spent = "1 minute, 34 seconds"
│   percent_complete = "96.2%"
│   estimated_sypd = "4.828"
│   instantaneous_sypd = "8.467"
│   date_now = 2026-07-04T19:45:55.901
└   estimated_finish_date = 2026-07-04T19:45:59.900
[ Info: solve! walltime = 96.459
[ Info: sypd: 4.908
[ Info: wall_time_per_timestep: 16 milliseconds, 746 microseconds
[ Info: Memory currently used (after solve!) by the process (RSS): 9.21 GiB
┌ Info: Finished variation [1/1]
│   overlay = "experiments/clw sensitivity experiments/configs/v12_subltime1e9.yml"
│   job_id = "lf1e_clw1_v12_subltime1e9"
│   ret_code = :success
└   walltime = "11m59s"

=== Batch summary ===
lf1e_clw1_v12_subltime1e9               OK                  11m59s      experiments/clw sensitivity experiments/configs/v12_subltime1e9.yml

Total batch wall time: 12m17s for 1 variations
