┌ Info: Simulation info
│   job_id = "lf1e_clw1_v10_tdepice"
└   output_dir = "experiments/clw sensitivity experiments/output/lf1e-clw-1/v10_tdepice/output_0000"
┌ Info: Running
│   job_id = "lf1e_clw1_v10_tdepice"
│   output_dir = "experiments/clw sensitivity experiments/output/lf1e-clw-1/v10_tdepice/output_0000"
└   tspan = (0.0 seconds (2010-01-01T00:00:00) [counter = 0, period = 1 second, epoch = 2010-01-01T00:00:00], 172800.0 seconds (2010-01-03T00:00:00) [counter = 172800, period = 1 second, epoch = 2010-01-01T00:00:00])
┌ Info: Progress
│   simulation_time = "30 seconds"
│   n_steps_completed = 1
│   wall_time_per_step = "0 seconds"
│   wall_time_total = "0 seconds"
│   wall_time_remaining = "0 seconds"
│   wall_time_spent = "0 seconds"
│   percent_complete = "0.0%"
│   estimated_sypd = "Inf"
│   instantaneous_sypd = "0.0 (sdpd_estimate = 0.0)"
│   date_now = 2026-07-04T15:54:43.842
└   estimated_finish_date = 2026-07-04T15:54:43.842
┌ Info: Progress
│   simulation_time = "1 minute"
│   n_steps_completed = 2
│   wall_time_per_step = "0 seconds"
│   wall_time_total = "0 seconds"
│   wall_time_remaining = "0 seconds"
│   wall_time_spent = "0 seconds"
│   percent_complete = "0.0%"
│   estimated_sypd = "Inf"
│   instantaneous_sypd = "0.004 (sdpd_estimate = 1.61)"
│   date_now = 2026-07-04T15:55:02.449
└   estimated_finish_date = 2026-07-04T15:55:02.449
┌ Info: Progress
│   simulation_time = "2 minutes"
│   n_steps_completed = 4
│   wall_time_per_step = "9 milliseconds, 868 microseconds"
│   wall_time_total = "56 seconds, 845 milliseconds"
│   wall_time_remaining = "56 seconds, 805 milliseconds"
│   wall_time_spent = "39 milliseconds, 475 microseconds"
│   percent_complete = "0.1%"
│   estimated_sypd = "8.323"
│   instantaneous_sypd = "8.323"
│   date_now = 2026-07-04T15:55:02.540
└   estimated_finish_date = 2026-07-04T15:55:59.540
┌ Info: Progress
│   simulation_time = "4 minutes"
│   n_steps_completed = 8
│   wall_time_per_step = "17 milliseconds, 722 microseconds"
│   wall_time_total = "1 minute, 42 seconds"
│   wall_time_remaining = "1 minute, 41 seconds"
│   wall_time_spent = "141 milliseconds, 776 microseconds"
│   percent_complete = "0.1%"
│   estimated_sypd = "4.635"
│   instantaneous_sypd = "3.212"
│   date_now = 2026-07-04T15:55:02.572
└   estimated_finish_date = 2026-07-04T15:56:44.572
┌ Info: Progress
│   simulation_time = "8 minutes"
│   n_steps_completed = 16
│   wall_time_per_step = "12 milliseconds, 811 microseconds"
│   wall_time_total = "1 minute, 13 seconds"
│   wall_time_remaining = "1 minute, 13 seconds"
│   wall_time_spent = "204 milliseconds, 988 microseconds"
│   percent_complete = "0.3%"
│   estimated_sypd = "6.411"
│   instantaneous_sypd = "10.395"
│   date_now = 2026-07-04T15:55:02.628
└   estimated_finish_date = 2026-07-04T15:56:16.628
┌ Info: Progress
│   simulation_time = "16 minutes"
│   n_steps_completed = 32
│   wall_time_per_step = "1 second, 78 milliseconds"
│   wall_time_total = "1 hour, 43 minutes"
│   wall_time_remaining = "1 hour, 42 minutes"
│   wall_time_spent = "34 seconds, 502 milliseconds"
│   percent_complete = "0.6%"
│   estimated_sypd = "0.076"
│   instantaneous_sypd = "0.038"
│   date_now = 2026-07-04T15:55:36.935
└   estimated_finish_date = 2026-07-04T17:38:32.935
┌ Info: Progress
│   simulation_time = "32 minutes"
│   n_steps_completed = 64
│   wall_time_per_step = "543 milliseconds, 829 microseconds"
│   wall_time_total = "52 minutes, 12 seconds"
│   wall_time_remaining = "51 minutes, 37 seconds"
│   wall_time_spent = "34 seconds, 805 milliseconds"
│   percent_complete = "1.1%"
│   estimated_sypd = "0.151"
│   instantaneous_sypd = "8.687"
│   date_now = 2026-07-04T15:55:37.229
└   estimated_finish_date = 2026-07-04T16:47:15.229
┌ Info: Progress
│   simulation_time = "1 hour, 4 minutes"
│   n_steps_completed = 128
│   wall_time_per_step = "343 milliseconds, 261 microseconds"
│   wall_time_total = "32 minutes, 57 seconds"
│   wall_time_remaining = "32 minutes, 13 seconds"
│   wall_time_spent = "43 seconds, 937 milliseconds"
│   percent_complete = "2.2%"
│   estimated_sypd = "0.239"
│   instantaneous_sypd = "0.576"
│   date_now = 2026-07-04T15:55:46.361
└   estimated_finish_date = 2026-07-04T16:28:00.361
┌ Info: Progress
│   simulation_time = "2 hours, 8 minutes"
│   n_steps_completed = 256
│   wall_time_per_step = "175 milliseconds, 951 microseconds"
│   wall_time_total = "16 minutes, 53 seconds"
│   wall_time_remaining = "16 minutes, 8 seconds"
│   wall_time_spent = "45 seconds, 43 milliseconds"
│   percent_complete = "4.4%"
│   estimated_sypd = "0.467"
│   instantaneous_sypd = "9.506"
│   date_now = 2026-07-04T15:55:47.467
└   estimated_finish_date = 2026-07-04T16:11:56.467
┌ Info: Progress
│   simulation_time = "4 hours, 16 minutes"
│   n_steps_completed = 512
│   wall_time_per_step = "92 milliseconds, 721 microseconds"
│   wall_time_total = "8 minutes, 54 seconds"
│   wall_time_remaining = "8 minutes, 6 seconds"
│   wall_time_spent = "47 seconds, 473 milliseconds"
│   percent_complete = "8.9%"
│   estimated_sypd = "0.886"
│   instantaneous_sypd = "8.653"
│   date_now = 2026-07-04T15:55:49.897
└   estimated_finish_date = 2026-07-04T16:03:56.897
┌ Info: Progress
│   simulation_time = "6 hours, 40 minutes"
│   n_steps_completed = 801
│   wall_time_per_step = "62 milliseconds, 748 microseconds"
│   wall_time_total = "6 minutes, 1 second"
│   wall_time_remaining = "5 minutes, 11 seconds"
│   wall_time_spent = "50 seconds, 261 milliseconds"
│   percent_complete = "13.9%"
│   estimated_sypd = "1.309"
│   instantaneous_sypd = "8.515"
│   date_now = 2026-07-04T15:55:52.685
└   estimated_finish_date = 2026-07-04T16:01:04.685
┌ Info: Progress
│   simulation_time = "8 hours, 32 minutes"
│   n_steps_completed = 1024
│   wall_time_per_step = "51 milliseconds, 140 microseconds"
│   wall_time_total = "4 minutes, 54 seconds"
│   wall_time_remaining = "4 minutes, 2 seconds"
│   wall_time_spent = "52 seconds, 367 milliseconds"
│   percent_complete = "17.8%"
│   estimated_sypd = "1.606"
│   instantaneous_sypd = "8.695"
│   date_now = 2026-07-04T15:55:54.791
└   estimated_finish_date = 2026-07-04T15:59:57.791
┌ Info: Progress
│   simulation_time = "10 hours, 56 minutes"
│   n_steps_completed = 1313
│   wall_time_per_step = "41 milliseconds, 864 microseconds"
│   wall_time_total = "4 minutes, 1 second"
│   wall_time_remaining = "3 minutes, 6 seconds"
│   wall_time_spent = "54 seconds, 967 milliseconds"
│   percent_complete = "22.8%"
│   estimated_sypd = "1.962"
│   instantaneous_sypd = "9.13"
│   date_now = 2026-07-04T15:55:57.391
└   estimated_finish_date = 2026-07-04T15:59:04.391
┌ Info: Progress
│   simulation_time = "13 hours, 21 minutes"
│   n_steps_completed = 1602
│   wall_time_per_step = "35 milliseconds, 960 microseconds"
│   wall_time_total = "3 minutes, 27 seconds"
│   wall_time_remaining = "2 minutes, 29 seconds"
│   wall_time_spent = "57 seconds, 607 milliseconds"
│   percent_complete = "27.8%"
│   estimated_sypd = "2.284"
│   instantaneous_sypd = "8.99"
│   date_now = 2026-07-04T15:56:00.031
└   estimated_finish_date = 2026-07-04T15:58:30.031
┌ Info: Progress
│   simulation_time = "15 hours, 45 minutes"
│   n_steps_completed = 1891
│   wall_time_per_step = "31 milliseconds, 832 microseconds"
│   wall_time_total = "3 minutes, 3 seconds"
│   wall_time_remaining = "2 minutes, 3 seconds"
│   wall_time_spent = "1 minute, 195 milliseconds"
│   percent_complete = "32.8%"
│   estimated_sypd = "2.58"
│   instantaneous_sypd = "9.173"
│   date_now = 2026-07-04T15:56:02.619
└   estimated_finish_date = 2026-07-04T15:58:06.619
┌ Info: Progress
│   simulation_time = "17 hours, 4 minutes"
│   n_steps_completed = 2048
│   wall_time_per_step = "30 milliseconds, 98 microseconds"
│   wall_time_total = "2 minutes, 53 seconds"
│   wall_time_remaining = "1 minute, 51 seconds"
│   wall_time_spent = "1 minute, 1 second"
│   percent_complete = "35.6%"
│   estimated_sypd = "2.729"
│   instantaneous_sypd = "8.919"
│   date_now = 2026-07-04T15:56:04.065
└   estimated_finish_date = 2026-07-04T15:57:56.065
┌ Info: Progress
│   simulation_time = "19 hours, 28 minutes"
│   n_steps_completed = 2337
│   wall_time_per_step = "27 milliseconds, 499 microseconds"
│   wall_time_total = "2 minutes, 38 seconds"
│   wall_time_remaining = "1 minute, 34 seconds"
│   wall_time_spent = "1 minute, 4 seconds"
│   percent_complete = "40.6%"
│   estimated_sypd = "2.987"
│   instantaneous_sypd = "9.044"
│   date_now = 2026-07-04T15:56:06.690
└   estimated_finish_date = 2026-07-04T15:57:41.690
┌ Info: Progress
│   simulation_time = "21 hours, 53 minutes"
│   n_steps_completed = 2626
│   wall_time_per_step = "25 milliseconds, 528 microseconds"
│   wall_time_total = "2 minutes, 27 seconds"
│   wall_time_remaining = "1 minute, 20 seconds"
│   wall_time_spent = "1 minute, 7 seconds"
│   percent_complete = "45.6%"
│   estimated_sypd = "3.217"
│   instantaneous_sypd = "8.563"
│   date_now = 2026-07-04T15:56:09.462
└   estimated_finish_date = 2026-07-04T15:57:30.462
┌ Info: Progress
│   simulation_time = "1 day, 17 minutes"
│   n_steps_completed = 2915
│   wall_time_per_step = "23 milliseconds, 920 microseconds"
│   wall_time_total = "2 minutes, 17 seconds"
│   wall_time_remaining = "1 minute, 8 seconds"
│   wall_time_spent = "1 minute, 9 seconds"
│   percent_complete = "50.6%"
│   estimated_sypd = "3.434"
│   instantaneous_sypd = "8.829"
│   date_now = 2026-07-04T15:56:12.170
└   estimated_finish_date = 2026-07-04T15:57:21.170
┌ Info: Progress
│   simulation_time = "1 day, 2 hours"
│   n_steps_completed = 3204
│   wall_time_per_step = "22 milliseconds, 643 microseconds"
│   wall_time_total = "2 minutes, 10 seconds"
│   wall_time_remaining = "57 seconds, 877 milliseconds"
│   wall_time_spent = "1 minute, 12 seconds"
│   percent_complete = "55.6%"
│   estimated_sypd = "3.627"
│   instantaneous_sypd = "8.406"
│   date_now = 2026-07-04T15:56:14.974
└   estimated_finish_date = 2026-07-04T15:57:12.974
┌ Info: Progress
│   simulation_time = "1 day, 5 hours"
│   n_steps_completed = 3493
│   wall_time_per_step = "21 milliseconds, 557 microseconds"
│   wall_time_total = "2 minutes, 4 seconds"
│   wall_time_remaining = "48 seconds, 871 milliseconds"
│   wall_time_spent = "1 minute, 15 seconds"
│   percent_complete = "60.6%"
│   estimated_sypd = "3.81"
│   instantaneous_sypd = "8.629"
│   date_now = 2026-07-04T15:56:17.725
└   estimated_finish_date = 2026-07-04T15:57:06.725
┌ Info: Progress
│   simulation_time = "1 day, 7 hours"
│   n_steps_completed = 3782
│   wall_time_per_step = "20 milliseconds, 647 microseconds"
│   wall_time_total = "1 minute, 58 seconds"
│   wall_time_remaining = "40 seconds, 840 milliseconds"
│   wall_time_spent = "1 minute, 18 seconds"
│   percent_complete = "65.7%"
│   estimated_sypd = "3.978"
│   instantaneous_sypd = "8.517"
│   date_now = 2026-07-04T15:56:20.512
└   estimated_finish_date = 2026-07-04T15:57:01.512
┌ Info: Progress
│   simulation_time = "1 day, 9 hours"
│   n_steps_completed = 4071
│   wall_time_per_step = "19 milliseconds, 855 microseconds"
│   wall_time_total = "1 minute, 54 seconds"
│   wall_time_remaining = "33 seconds, 535 milliseconds"
│   wall_time_spent = "1 minute, 20 seconds"
│   percent_complete = "70.7%"
│   estimated_sypd = "4.137"
│   instantaneous_sypd = "8.655"
│   date_now = 2026-07-04T15:56:23.254
└   estimated_finish_date = 2026-07-04T15:56:57.254
┌ Info: Progress
│   simulation_time = "1 day, 10 hours"
│   n_steps_completed = 4096
│   wall_time_per_step = "19 milliseconds, 798 microseconds"
│   wall_time_total = "1 minute, 54 seconds"
│   wall_time_remaining = "32 seconds, 945 milliseconds"
│   wall_time_spent = "1 minute, 21 seconds"
│   percent_complete = "71.1%"
│   estimated_sypd = "4.149"
│   instantaneous_sypd = "7.758"
│   date_now = 2026-07-04T15:56:23.519
└   estimated_finish_date = 2026-07-04T15:56:56.519
┌ Info: Progress
│   simulation_time = "1 day, 12 hours"
│   n_steps_completed = 4385
│   wall_time_per_step = "19 milliseconds, 125 microseconds"
│   wall_time_total = "1 minute, 50 seconds"
│   wall_time_remaining = "26 seconds, 297 milliseconds"
│   wall_time_spent = "1 minute, 23 seconds"
│   percent_complete = "76.1%"
│   estimated_sypd = "4.295"
│   instantaneous_sypd = "8.575"
│   date_now = 2026-07-04T15:56:26.287
└   estimated_finish_date = 2026-07-04T15:56:53.287
┌ Info: Progress
│   simulation_time = "1 day, 14 hours"
│   n_steps_completed = 4674
│   wall_time_per_step = "18 milliseconds, 541 microseconds"
│   wall_time_total = "1 minute, 46 seconds"
│   wall_time_remaining = "20 seconds, 135 milliseconds"
│   wall_time_spent = "1 minute, 26 seconds"
│   percent_complete = "81.1%"
│   estimated_sypd = "4.43"
│   instantaneous_sypd = "8.483"
│   date_now = 2026-07-04T15:56:29.086
└   estimated_finish_date = 2026-07-04T15:56:50.086
┌ Info: Progress
│   simulation_time = "1 day, 17 hours"
│   n_steps_completed = 4963
│   wall_time_per_step = "18 milliseconds, 30 microseconds"
│   wall_time_total = "1 minute, 43 seconds"
│   wall_time_remaining = "14 seconds, 369 milliseconds"
│   wall_time_spent = "1 minute, 29 seconds"
│   percent_complete = "86.2%"
│   estimated_sypd = "4.555"
│   instantaneous_sypd = "8.415"
│   date_now = 2026-07-04T15:56:31.906
└   estimated_finish_date = 2026-07-04T15:56:46.906
┌ Info: Progress
│   simulation_time = "1 day, 19 hours"
│   n_steps_completed = 5252
│   wall_time_per_step = "17 milliseconds, 569 microseconds"
│   wall_time_total = "1 minute, 41 seconds"
│   wall_time_remaining = "8 seconds, 925 milliseconds"
│   wall_time_spent = "1 minute, 32 seconds"
│   percent_complete = "91.2%"
│   estimated_sypd = "4.675"
│   instantaneous_sypd = "8.497"
│   date_now = 2026-07-04T15:56:34.700
└   estimated_finish_date = 2026-07-04T15:56:43.700
┌ Info: Progress
│   simulation_time = "1 day, 22 hours"
│   n_steps_completed = 5541
│   wall_time_per_step = "17 milliseconds, 171 microseconds"
│   wall_time_total = "1 minute, 38 seconds"
│   wall_time_remaining = "3 seconds, 760 milliseconds"
│   wall_time_spent = "1 minute, 35 seconds"
│   percent_complete = "96.2%"
│   estimated_sypd = "4.783"
│   instantaneous_sypd = "8.272"
│   date_now = 2026-07-04T15:56:37.569
└   estimated_finish_date = 2026-07-04T15:56:41.569
[ Info: solve! walltime = 97.38
[ Info: sypd: 4.862
[ Info: wall_time_per_timestep: 16 milliseconds, 906 microseconds
[ Info: Memory currently used (after solve!) by the process (RSS): 9.68 GiB
┌ Info: Finished variation [1/2]
│   overlay = "experiments/clw sensitivity experiments/configs/v10_tdepice.yml"
│   job_id = "lf1e_clw1_v10_tdepice"
│   ret_code = :success
└   walltime = "11m22s"
┌ Info: Starting variation [2/2]
└   overlay = "experiments/clw sensitivity experiments/configs/v11_noicedep.yml"
┌ Info: Making AtmosConfig with config files: 
│    /home/jeff/larcform1-experiments/ClimaAtmos.jl/src/config/../../config/default_configs/default_config.yml
│    /home/jeff/larcform1-experiments/experiments/clw sensitivity experiments/../../ClimaAtmos.jl/config/model_configs/larcform1_1M_prognostic_edmfx.yml
└    experiments/clw sensitivity experiments/configs/v11_noicedep.yml
┌ Info: numerics 
│        `energy_q_tot_upwinding`::`Val{:vanleer_limiter}`
│              `tracer_upwinding`::`Val{:vanleer_limiter}`
│     `edmfx_mse_q_tot_upwinding`::`Val{:first_order}`
│       `edmfx_sgsflux_upwinding`::`Val{:none}`
│        `edmfx_tracer_upwinding`::`Val{:first_order}`
│       `test_dycore_consistency`::`Nothing`
│          `reproducible_restart`::`Nothing`
│                       `limiter`::`Nothing`
│                     `diff_mode`::`ClimaAtmos.Implicit`
└                     `hyperdiff`::`Nothing`
┌ Info: AtmosModel: 
│ 
│                             `water`::`ClimaAtmos.AtmosWater{ClimaAtmos.NonEquilibriumMicrophysics1M, ClimaAtmos.QuadratureCloud, ClimaAtmos.Implicit, Nothing, ClimaAtmos.SGSQuadrature{3, StaticArraysCore.SVector{3, Float32}, StaticArraysCore.SVector{3, Float32}, ClimaAtmos.GaussianSGS, Float32}, ClimaAtmos.FixedTerminalVelocity{Float32}}`
│                         `scm_setup`::`ClimaAtmos.SCMSetup{Nothing, Nothing, Nothing, Bool, @NamedTuple{prof_ug::AtmosphericProfilesLibrary.ZProfile{AtmosphericProfilesLibrary.var"#Larcform1_geostrophic_u##0#Larcform1_geostrophic_u##1"{Float32}}, prof_vg::AtmosphericProfilesLibrary.ZProfile{Returns{Float32}}, coriolis_param::Float32}}`
│                         `radiation`::`ClimaAtmos.AtmosRadiation{ClimaAtmos.RRTMGPInterface.AllSkyRadiationWithClearSkyDiagnostics{ClimaAtmos.InteractiveCloudInRadiation}, ClimaAtmos.Larcform1Insolation}`
│                          `turbconv`::`ClimaAtmos.AtmosTurbconv{ClimaAtmos.EDMFXModel{ClimaAtmos.InvZEntrainment, ClimaAtmos.BuoyancyVelocityDetrainment, Val{true}, Val{true}, Val{true}, Val{true}, Val{true}, ClimaAtmos.SmoothMinimumBlending}, ClimaAtmos.PrognosticEDMFX{1, true, Float32}, Nothing, Nothing, Nothing}`
│                   `prescribed_flow`::`Nothing`
│                      `gravity_wave`::`ClimaAtmos.AtmosGravityWave{Nothing, Nothing}`
│                `vertical_diffusion`::`Nothing`
│                            `sponge`::`ClimaAtmos.AtmosSponge{Nothing, Nothing}`
│                           `surface`::`ClimaAtmos.AtmosSurface{ClimaAtmos.SurfaceConditions.MoninObukhov{Float32, Nothing, Nothing}, ClimaAtmos.SurfaceConditions.SlabOceanTemperature{Float32}, ClimaAtmos.SurfaceConditions.SurfaceBoundaryOverrides{Float32, Float32, Nothing, Nothing, Nothing, Nothing}, ClimaAtmos.ConstantAlbedo{Float32}}`
│                          `numerics`::`ClimaAtmos.AtmosNumerics{Val{:vanleer_limiter}, Val{:vanleer_limiter}, Val{:first_order}, Val{:none}, Val{:first_order}, Nothing, Nothing, Nothing, ClimaAtmos.Implicit, Nothing}`
└                         `chemistry`::`ClimaAtmos.AtmosChem{Nothing}`
┌ Info: Microphysics settings: 
│                        `n_substeps`::`3`
│                   `n_substeps_quad`::`2`
│            `cloud_liquid_formation`::`CloudLiquidFormation`
│               `cloud_ice_formation`::`disabled`
│                    `cloud_ice_melt`::`CloudIceMelt`
│               `rain_autoconversion`::`Kessler1M`
│               `snow_autoconversion`::`NoSupersaturation`
│     `rain_condensation_evaporation`::`RainEvaporation`
│       `snow_deposition_sublimation`::`DepositionAndSublimation`
│                         `snow_melt`::`SnowMelt`
│       `cloud_liquid_rain_accretion`::`CloudLiquidRainAccretion`
│       `cloud_liquid_snow_accretion`::`CloudLiquidSnowAccretion`
│          `cloud_ice_rain_accretion`::`CloudIceRainAccretion`
│          `cloud_ice_snow_accretion`::`CloudIceSnowAccretion`
└               `rain_snow_accretion`::`RainSnowAccretion`
[ Info: Single-process ClimaAtmos run on CPUSingleThreaded
[ Info: Using ODE config: `ClimaTimeSteppers.ARS222`
[ Info: Initialized state (44.011 μs, 6.99 KiB)
[ Info: Built cache (8.467 s, 2.79 GiB)
[ Info: Assembled callbacks (161.252 μs, 17.42 KiB)
┌ Info: Jacobian algorithm: ManualSparseJacobian(
│   approximate_solve_iters = 2,
└ )
[ Info: Jacobian derivative flags: topography_flag = IgnoreDerivative, diffusion_flag = UseDerivative
[ Info: Built tendency function (5.839 ms, 193.73 KiB)
[ Info: Initialized integrator (15.474 s, 2.51 GiB)
[ Info: Added 114 user-provided YAML-style diagnostics
[ Info: Saving accumulated diagnostics to disk with frequency: 10 minutes, 1 hour
[ Info: Set up diagnostics (3.961 s, 5.32 MiB)
[ Info: Initialized 114 total diagnostics
┌ Info: Simulation info
│   job_id = "lf1e_clw1_v11_noicedep"
└   output_dir = "experiments/clw sensitivity experiments/output/lf1e-clw-1/v11_noicedep/output_0000"
┌ Info: Running
│   job_id = "lf1e_clw1_v11_noicedep"
│   output_dir = "experiments/clw sensitivity experiments/output/lf1e-clw-1/v11_noicedep/output_0000"
└   tspan = (0.0 seconds (2010-01-01T00:00:00) [counter = 0, period = 1 second, epoch = 2010-01-01T00:00:00], 172800.0 seconds (2010-01-03T00:00:00) [counter = 172800, period = 1 second, epoch = 2010-01-01T00:00:00])
┌ Info: Progress
│   simulation_time = "30 seconds"
│   n_steps_completed = 1
│   wall_time_per_step = "0 seconds"
│   wall_time_total = "0 seconds"
│   wall_time_remaining = "0 seconds"
│   wall_time_spent = "0 seconds"
│   percent_complete = "0.0%"
│   estimated_sypd = "Inf"
│   instantaneous_sypd = "0.0 (sdpd_estimate = 0.0)"
│   date_now = 2026-07-04T15:59:35.091
└   estimated_finish_date = 2026-07-04T15:59:35.091
┌ Info: Progress
│   simulation_time = "1 minute"
│   n_steps_completed = 2
│   wall_time_per_step = "0 seconds"
│   wall_time_total = "0 seconds"
│   wall_time_remaining = "0 seconds"
│   wall_time_spent = "0 seconds"
│   percent_complete = "0.0%"
│   estimated_sypd = "Inf"
│   instantaneous_sypd = "0.005 (sdpd_estimate = 1.996)"
│   date_now = 2026-07-04T15:59:50.120
└   estimated_finish_date = 2026-07-04T15:59:50.120
┌ Info: Progress
│   simulation_time = "2 minutes"
│   n_steps_completed = 4
│   wall_time_per_step = "6 milliseconds, 435 microseconds"
│   wall_time_total = "37 seconds, 65 milliseconds"
│   wall_time_remaining = "37 seconds, 40 milliseconds"
│   wall_time_spent = "25 milliseconds, 740 microseconds"
│   percent_complete = "0.1%"
│   estimated_sypd = "12.764"
│   instantaneous_sypd = "12.764"
│   date_now = 2026-07-04T15:59:50.133
└   estimated_finish_date = 2026-07-04T16:00:28.133
┌ Info: Progress
│   simulation_time = "4 minutes"
│   n_steps_completed = 8
│   wall_time_per_step = "5 milliseconds, 872 microseconds"
│   wall_time_total = "33 seconds, 827 milliseconds"
│   wall_time_remaining = "33 seconds, 780 milliseconds"
│   wall_time_spent = "46 milliseconds, 983 microseconds"
│   percent_complete = "0.1%"
│   estimated_sypd = "13.986"
│   instantaneous_sypd = "15.466"
│   date_now = 2026-07-04T15:59:50.154
└   estimated_finish_date = 2026-07-04T16:00:24.154
┌ Info: Progress
│   simulation_time = "8 minutes"
│   n_steps_completed = 16
│   wall_time_per_step = "5 milliseconds, 929 microseconds"
│   wall_time_total = "34 seconds, 156 milliseconds"
│   wall_time_remaining = "34 seconds, 61 milliseconds"
│   wall_time_spent = "94 milliseconds, 879 microseconds"
│   percent_complete = "0.3%"
│   estimated_sypd = "13.851"
│   instantaneous_sypd = "13.719"
│   date_now = 2026-07-04T15:59:50.202
└   estimated_finish_date = 2026-07-04T16:00:25.202
┌ Info: Progress
│   simulation_time = "16 minutes"
│   n_steps_completed = 32
│   wall_time_per_step = "951 milliseconds, 535 microseconds"
│   wall_time_total = "1 hour, 31 minutes"
│   wall_time_remaining = "1 hour, 30 minutes"
│   wall_time_spent = "30 seconds, 449 milliseconds"
│   percent_complete = "0.6%"
│   estimated_sypd = "0.086"
│   instantaneous_sypd = "0.043"
│   date_now = 2026-07-04T16:00:20.556
└   estimated_finish_date = 2026-07-04T17:31:11.556
┌ Info: Progress
│   simulation_time = "32 minutes"
│   n_steps_completed = 64
│   wall_time_per_step = "480 milliseconds, 164 microseconds"
│   wall_time_total = "46 minutes, 5 seconds"
│   wall_time_remaining = "45 minutes, 35 seconds"
│   wall_time_spent = "30 seconds, 730 milliseconds"
│   percent_complete = "1.1%"
│   estimated_sypd = "0.171"
│   instantaneous_sypd = "9.34"
│   date_now = 2026-07-04T16:00:20.838
└   estimated_finish_date = 2026-07-04T16:45:56.838
┌ Info: Progress
│   simulation_time = "1 hour, 4 minutes"
│   n_steps_completed = 128
│   wall_time_per_step = "270 milliseconds, 825 microseconds"
│   wall_time_total = "25 minutes, 59 seconds"
│   wall_time_remaining = "25 minutes, 25 seconds"
│   wall_time_spent = "34 seconds, 665 milliseconds"
│   percent_complete = "2.2%"
│   estimated_sypd = "0.303"
│   instantaneous_sypd = "1.336"
│   date_now = 2026-07-04T16:00:24.773
└   estimated_finish_date = 2026-07-04T16:25:50.773
┌ Info: Progress
│   simulation_time = "2 hours, 8 minutes"
│   n_steps_completed = 256
│   wall_time_per_step = "140 milliseconds, 219 microseconds"
│   wall_time_total = "13 minutes, 27 seconds"
│   wall_time_remaining = "12 minutes, 51 seconds"
│   wall_time_spent = "35 seconds, 896 milliseconds"
│   percent_complete = "4.4%"
│   estimated_sypd = "0.586"
│   instantaneous_sypd = "8.543"
│   date_now = 2026-07-04T16:00:26.004
└   estimated_finish_date = 2026-07-04T16:13:18.004
┌ Info: Progress
│   simulation_time = "4 hours, 16 minutes"
│   n_steps_completed = 512
│   wall_time_per_step = "74 milliseconds, 310 microseconds"
│   wall_time_total = "7 minutes, 8 seconds"
│   wall_time_remaining = "6 minutes, 29 seconds"
│   wall_time_spent = "38 seconds, 46 milliseconds"
│   percent_complete = "8.9%"
│   estimated_sypd = "1.105"
│   instantaneous_sypd = "9.777"
│   date_now = 2026-07-04T16:00:28.154
└   estimated_finish_date = 2026-07-04T16:06:58.154
┌ Info: Progress
│   simulation_time = "6 hours, 40 minutes"
│   n_steps_completed = 801
│   wall_time_per_step = "50 milliseconds, 746 microseconds"
│   wall_time_total = "4 minutes, 52 seconds"
│   wall_time_remaining = "4 minutes, 11 seconds"
│   wall_time_spent = "40 seconds, 647 milliseconds"
│   percent_complete = "13.9%"
│   estimated_sypd = "1.619"
│   instantaneous_sypd = "9.127"
│   date_now = 2026-07-04T16:00:30.755
└   estimated_finish_date = 2026-07-04T16:04:42.755
┌ Info: Progress
│   simulation_time = "8 hours, 32 minutes"
│   n_steps_completed = 1024
│   wall_time_per_step = "41 milliseconds, 578 microseconds"
│   wall_time_total = "3 minutes, 59 seconds"
│   wall_time_remaining = "3 minutes, 16 seconds"
│   wall_time_spent = "42 seconds, 575 milliseconds"
│   percent_complete = "17.8%"
│   estimated_sypd = "1.975"
│   instantaneous_sypd = "9.499"
│   date_now = 2026-07-04T16:00:32.683
└   estimated_finish_date = 2026-07-04T16:03:49.683
┌ Info: Progress
│   simulation_time = "10 hours, 56 minutes"
│   n_steps_completed = 1313
│   wall_time_per_step = "34 milliseconds, 261 microseconds"
│   wall_time_total = "3 minutes, 17 seconds"
│   wall_time_remaining = "2 minutes, 32 seconds"
│   wall_time_spent = "44 seconds, 984 milliseconds"
│   percent_complete = "22.8%"
│   estimated_sypd = "2.397"
│   instantaneous_sypd = "9.854"
│   date_now = 2026-07-04T16:00:35.092
└   estimated_finish_date = 2026-07-04T16:03:08.092
┌ Info: Progress
│   simulation_time = "13 hours, 21 minutes"
│   n_steps_completed = 1602
│   wall_time_per_step = "29 milliseconds, 623 microseconds"
│   wall_time_total = "2 minutes, 50 seconds"
│   wall_time_remaining = "2 minutes, 3 seconds"
│   wall_time_spent = "47 seconds, 456 milliseconds"
│   percent_complete = "27.8%"
│   estimated_sypd = "2.773"
│   instantaneous_sypd = "9.604"
│   date_now = 2026-07-04T16:00:37.564
└   estimated_finish_date = 2026-07-04T16:02:41.564
┌ Info: Progress
│   simulation_time = "15 hours, 45 minutes"
│   n_steps_completed = 1891
│   wall_time_per_step = "26 milliseconds, 376 microseconds"
│   wall_time_total = "2 minutes, 31 seconds"
│   wall_time_remaining = "1 minute, 42 seconds"
│   wall_time_spent = "49 seconds, 877 milliseconds"
│   percent_complete = "32.8%"
│   estimated_sypd = "3.114"
│   instantaneous_sypd = "9.805"
│   date_now = 2026-07-04T16:00:39.985
└   estimated_finish_date = 2026-07-04T16:02:22.985
┌ Info: Progress
│   simulation_time = "17 hours, 4 minutes"
│   n_steps_completed = 2048
│   wall_time_per_step = "25 milliseconds, 18 microseconds"
│   wall_time_total = "2 minutes, 24 seconds"
│   wall_time_remaining = "1 minute, 32 seconds"
│   wall_time_spent = "51 seconds, 238 milliseconds"
│   percent_complete = "35.6%"
│   estimated_sypd = "3.283"
│   instantaneous_sypd = "9.475"
│   date_now = 2026-07-04T16:00:41.346
└   estimated_finish_date = 2026-07-04T16:02:14.346
┌ Info: Progress
│   simulation_time = "19 hours, 28 minutes"
│   n_steps_completed = 2337
│   wall_time_per_step = "22 milliseconds, 962 microseconds"
│   wall_time_total = "2 minutes, 12 seconds"
│   wall_time_remaining = "1 minute, 18 seconds"
│   wall_time_spent = "53 seconds, 662 milliseconds"
│   percent_complete = "40.6%"
│   estimated_sypd = "3.577"
│   instantaneous_sypd = "9.792"
│   date_now = 2026-07-04T16:00:43.770
└   estimated_finish_date = 2026-07-04T16:02:02.770
┌ Info: Progress
│   simulation_time = "21 hours, 53 minutes"
│   n_steps_completed = 2626
│   wall_time_per_step = "21 milliseconds, 405 microseconds"
│   wall_time_total = "2 minutes, 3 seconds"
│   wall_time_remaining = "1 minute, 7 seconds"
│   wall_time_spent = "56 seconds, 210 milliseconds"
│   percent_complete = "45.6%"
│   estimated_sypd = "3.837"
│   instantaneous_sypd = "9.315"
│   date_now = 2026-07-04T16:00:46.318
└   estimated_finish_date = 2026-07-04T16:01:54.318
┌ Info: Progress
│   simulation_time = "1 day, 17 minutes"
│   n_steps_completed = 2915
│   wall_time_per_step = "20 milliseconds, 146 microseconds"
│   wall_time_total = "1 minute, 56 seconds"
│   wall_time_remaining = "57 seconds, 315 milliseconds"
│   wall_time_spent = "58 seconds, 725 milliseconds"
│   percent_complete = "50.6%"
│   estimated_sypd = "4.077"
│   instantaneous_sypd = "9.438"
│   date_now = 2026-07-04T16:00:48.833
└   estimated_finish_date = 2026-07-04T16:01:46.833
┌ Info: Progress
│   simulation_time = "1 day, 2 hours"
│   n_steps_completed = 3204
│   wall_time_per_step = "19 milliseconds, 134 microseconds"
│   wall_time_total = "1 minute, 50 seconds"
│   wall_time_remaining = "48 seconds, 907 milliseconds"
│   wall_time_spent = "1 minute, 1 second"
│   percent_complete = "55.6%"
│   estimated_sypd = "4.293"
│   instantaneous_sypd = "9.195"
│   date_now = 2026-07-04T16:00:51.414
└   estimated_finish_date = 2026-07-04T16:01:40.414
┌ Info: Progress
│   simulation_time = "1 day, 5 hours"
│   n_steps_completed = 3493
│   wall_time_per_step = "18 milliseconds, 333 microseconds"
│   wall_time_total = "1 minute, 45 seconds"
│   wall_time_remaining = "41 seconds, 563 milliseconds"
│   wall_time_spent = "1 minute, 4 seconds"
│   percent_complete = "60.6%"
│   estimated_sypd = "4.48"
│   instantaneous_sypd = "8.684"
│   date_now = 2026-07-04T16:00:54.148
└   estimated_finish_date = 2026-07-04T16:01:36.148
┌ Info: Progress
│   simulation_time = "1 day, 7 hours"
│   n_steps_completed = 3782
│   wall_time_per_step = "17 milliseconds, 612 microseconds"
│   wall_time_total = "1 minute, 41 seconds"
│   wall_time_remaining = "34 seconds, 837 milliseconds"
│   wall_time_spent = "1 minute, 6 seconds"
│   percent_complete = "65.7%"
│   estimated_sypd = "4.664"
│   instantaneous_sypd = "9.239"
│   date_now = 2026-07-04T16:00:56.717
└   estimated_finish_date = 2026-07-04T16:01:31.717
┌ Info: Progress
│   simulation_time = "1 day, 9 hours"
│   n_steps_completed = 4071
│   wall_time_per_step = "16 milliseconds, 990 microseconds"
│   wall_time_total = "1 minute, 37 seconds"
│   wall_time_remaining = "28 seconds, 696 milliseconds"
│   wall_time_spent = "1 minute, 9 seconds"
│   percent_complete = "70.7%"
│   estimated_sypd = "4.834"
│   instantaneous_sypd = "9.282"
│   date_now = 2026-07-04T16:00:59.274
└   estimated_finish_date = 2026-07-04T16:01:28.274
┌ Info: Starting variation [1/2]
└   overlay = "experiments/clw sensitivity experiments/configs/v10_tdepice.yml"
┌ Info: Making AtmosConfig with config files: 
│    /home/jeff/larcform1-experiments/ClimaAtmos.jl/src/config/../../config/default_configs/default_config.yml
│    /home/jeff/larcform1-experiments/experiments/clw sensitivity experiments/../../ClimaAtmos.jl/config/model_configs/larcform1_1M_prognostic_edmfx.yml
└    experiments/clw sensitivity experiments/configs/v10_tdepice.yml
┌ Info: numerics 
│        `energy_q_tot_upwinding`::`Val{:vanleer_limiter}`
│              `tracer_upwinding`::`Val{:vanleer_limiter}`
│     `edmfx_mse_q_tot_upwinding`::`Val{:first_order}`
│       `edmfx_sgsflux_upwinding`::`Val{:none}`
│        `edmfx_tracer_upwinding`::`Val{:first_order}`
│       `test_dycore_consistency`::`Nothing`
│          `reproducible_restart`::`Nothing`
│                       `limiter`::`Nothing`
│                     `diff_mode`::`ClimaAtmos.Implicit`
└                     `hyperdiff`::`Nothing`
┌ Info: AtmosModel: 
│ 
│                             `water`::`ClimaAtmos.AtmosWater{ClimaAtmos.NonEquilibriumMicrophysics1M, ClimaAtmos.QuadratureCloud, ClimaAtmos.Implicit, Nothing, ClimaAtmos.SGSQuadrature{3, StaticArraysCore.SVector{3, Float32}, StaticArraysCore.SVector{3, Float32}, ClimaAtmos.GaussianSGS, Float32}, ClimaAtmos.FixedTerminalVelocity{Float32}}`
│                         `scm_setup`::`ClimaAtmos.SCMSetup{Nothing, Nothing, Nothing, Bool, @NamedTuple{prof_ug::AtmosphericProfilesLibrary.ZProfile{AtmosphericProfilesLibrary.var"#Larcform1_geostrophic_u##0#Larcform1_geostrophic_u##1"{Float32}}, prof_vg::AtmosphericProfilesLibrary.ZProfile{Returns{Float32}}, coriolis_param::Float32}}`
│                         `radiation`::`ClimaAtmos.AtmosRadiation{ClimaAtmos.RRTMGPInterface.AllSkyRadiationWithClearSkyDiagnostics{ClimaAtmos.InteractiveCloudInRadiation}, ClimaAtmos.Larcform1Insolation}`
│                          `turbconv`::`ClimaAtmos.AtmosTurbconv{ClimaAtmos.EDMFXModel{ClimaAtmos.InvZEntrainment, ClimaAtmos.BuoyancyVelocityDetrainment, Val{true}, Val{true}, Val{true}, Val{true}, Val{true}, ClimaAtmos.SmoothMinimumBlending}, ClimaAtmos.PrognosticEDMFX{1, true, Float32}, Nothing, Nothing, Nothing}`
│                   `prescribed_flow`::`Nothing`
│                      `gravity_wave`::`ClimaAtmos.AtmosGravityWave{Nothing, Nothing}`
│                `vertical_diffusion`::`Nothing`
│                            `sponge`::`ClimaAtmos.AtmosSponge{Nothing, Nothing}`
│                           `surface`::`ClimaAtmos.AtmosSurface{ClimaAtmos.SurfaceConditions.MoninObukhov{Float32, Nothing, Nothing}, ClimaAtmos.SurfaceConditions.SlabOceanTemperature{Float32}, ClimaAtmos.SurfaceConditions.SurfaceBoundaryOverrides{Float32, Float32, Nothing, Nothing, Nothing, Nothing}, ClimaAtmos.ConstantAlbedo{Float32}}`
│                          `numerics`::`ClimaAtmos.AtmosNumerics{Val{:vanleer_limiter}, Val{:vanleer_limiter}, Val{:first_order}, Val{:none}, Val{:first_order}, Nothing, Nothing, Nothing, ClimaAtmos.Implicit, Nothing}`
└                         `chemistry`::`ClimaAtmos.AtmosChem{Nothing}`
┌ Info: Microphysics settings: 
│                        `n_substeps`::`3`
│                   `n_substeps_quad`::`2`
│            `cloud_liquid_formation`::`CloudLiquidFormation`
│               `cloud_ice_formation`::`TemperatureDependent`
│                    `cloud_ice_melt`::`CloudIceMelt`
│               `rain_autoconversion`::`Kessler1M`
│               `snow_autoconversion`::`NoSupersaturation`
│     `rain_condensation_evaporation`::`RainEvaporation`
│       `snow_deposition_sublimation`::`DepositionAndSublimation`
│                         `snow_melt`::`SnowMelt`
│       `cloud_liquid_rain_accretion`::`CloudLiquidRainAccretion`
│       `cloud_liquid_snow_accretion`::`CloudLiquidSnowAccretion`
│          `cloud_ice_rain_accretion`::`CloudIceRainAccretion`
│          `cloud_ice_snow_accretion`::`CloudIceSnowAccretion`
└               `rain_snow_accretion`::`RainSnowAccretion`
[ Info: Single-process ClimaAtmos run on CPUSingleThreaded
[ Info: Using ODE config: `ClimaTimeSteppers.ARS222`
[ Info: Initialized state (21.621 μs, 6.99 KiB)
[ Info: Built cache (31.815 s, 10.96 GiB)
[ Info: Assembled callbacks (187.344 ms, 31.85 MiB)
┌ Info: Jacobian algorithm: ManualSparseJacobian(
│   approximate_solve_iters = 2,
└ )
[ Info: Jacobian derivative flags: topography_flag = IgnoreDerivative, diffusion_flag = UseDerivative
[ Info: Built tendency function (1.699 s, 77.38 MiB)
[ Info: Initialized integrator (25.231 s, 5.17 GiB)
[ Info: Added 114 user-provided YAML-style diagnostics
[ Info: Saving accumulated diagnostics to disk with frequency: 10 minutes, 1 hour
[ Info: Set up diagnostics (9.509 s, 680.0 MiB)
[ Info: Initialized 114 total diagnostics
┌ Info: Progress
│   simulation_time = "1 day, 10 hours"
│   n_steps_completed = 4096
│   wall_time_per_step = "16 milliseconds, 940 microseconds"
│   wall_time_total = "1 minute, 37 seconds"
│   wall_time_remaining = "28 seconds, 188 milliseconds"
│   wall_time_spent = "1 minute, 9 seconds"
│   percent_complete = "71.1%"
│   estimated_sypd = "4.849"
│   instantaneous_sypd = "9.315"
│   date_now = 2026-07-04T16:00:59.495
└   estimated_finish_date = 2026-07-04T16:01:28.495
┌ Info: Progress
│   simulation_time = "1 day, 12 hours"
│   n_steps_completed = 4385
│   wall_time_per_step = "16 milliseconds, 442 microseconds"
│   wall_time_total = "1 minute, 34 seconds"
│   wall_time_remaining = "22 seconds, 608 milliseconds"
│   wall_time_spent = "1 minute, 12 seconds"
│   percent_complete = "76.1%"
│   estimated_sypd = "4.995"
│   instantaneous_sypd = "8.754"
│   date_now = 2026-07-04T16:01:02.207
└   estimated_finish_date = 2026-07-04T16:01:25.206
┌ Info: Progress
│   simulation_time = "1 day, 14 hours"
│   n_steps_completed = 4674
│   wall_time_per_step = "15 milliseconds, 997 microseconds"
│   wall_time_total = "1 minute, 32 seconds"
│   wall_time_remaining = "17 seconds, 372 milliseconds"
│   wall_time_spent = "1 minute, 14 seconds"
│   percent_complete = "81.1%"
│   estimated_sypd = "5.134"
│   instantaneous_sypd = "8.887"
│   date_now = 2026-07-04T16:01:04.877
└   estimated_finish_date = 2026-07-04T16:01:22.877
┌ Info: Progress
│   simulation_time = "1 day, 17 hours"
│   n_steps_completed = 4963
│   wall_time_per_step = "15 milliseconds, 608 microseconds"
│   wall_time_total = "1 minute, 29 seconds"
│   wall_time_remaining = "12 seconds, 439 milliseconds"
│   wall_time_spent = "1 minute, 17 seconds"
│   percent_complete = "86.2%"
│   estimated_sypd = "5.262"
│   instantaneous_sypd = "8.812"
│   date_now = 2026-07-04T16:01:07.571
└   estimated_finish_date = 2026-07-04T16:01:20.571
┌ Info: Progress
│   simulation_time = "1 day, 19 hours"
│   n_steps_completed = 5252
│   wall_time_per_step = "15 milliseconds, 234 microseconds"
│   wall_time_total = "1 minute, 27 seconds"
│   wall_time_remaining = "7 seconds, 738 milliseconds"
│   wall_time_spent = "1 minute, 20 seconds"
│   percent_complete = "91.2%"
│   estimated_sypd = "5.392"
│   instantaneous_sypd = "9.323"
│   date_now = 2026-07-04T16:01:10.117
└   estimated_finish_date = 2026-07-04T16:01:18.117
┌ Info: Progress
│   simulation_time = "1 day, 22 hours"
│   n_steps_completed = 5541
│   wall_time_per_step = "14 milliseconds, 922 microseconds"
│   wall_time_total = "1 minute, 25 seconds"
│   wall_time_remaining = "3 seconds, 268 milliseconds"
│   wall_time_spent = "1 minute, 22 seconds"
│   percent_complete = "96.2%"
│   estimated_sypd = "5.504"
│   instantaneous_sypd = "8.872"
│   date_now = 2026-07-04T16:01:12.793
└   estimated_finish_date = 2026-07-04T16:01:16.793
[ Info: solve! walltime = 84.694
[ Info: sypd: 5.59
[ Info: wall_time_per_timestep: 14 milliseconds, 703 microseconds
[ Info: Memory currently used (after solve!) by the process (RSS): 9.68 GiB
┌ Info: Finished variation [2/2]
│   overlay = "experiments/clw sensitivity experiments/configs/v11_noicedep.yml"
│   job_id = "lf1e_clw1_v11_noicedep"
│   ret_code = :success
└   walltime = "4m35s"

=== Batch summary ===
lf1e_clw1_v10_tdepice                   OK                  11m22s      experiments/clw sensitivity experiments/configs/v10_tdepice.yml
lf1e_clw1_v11_noicedep                  OK                  4m35s       experiments/clw sensitivity experiments/configs/v11_noicedep.yml

Total batch wall time: 16m20s for 2 variations
