┌ Info: Simulation info
│   job_id = lf1e_clw_cal_verify5d_iter6mean
└   output_dir = output/verify5d/iter6mean/output_0000
┌ Info: Running
│   job_id = lf1e_clw_cal_verify5d_iter6mean
│   output_dir = output/verify5d/iter6mean/output_0000
└   tspan = (0.0 seconds (2010-01-01T00:00:00) [counter = 0, period = 1 second, epoch = 2010-01-01T00:00:00], 432000.0 seconds (2010-01-06T00:00:00) [counter = 432000, period = 1 second, epoch = 2010-01-01T00:00:00])
┌ Info: Progress
│   simulation_time = 30 seconds
│   n_steps_completed = 1
│   wall_time_per_step = 0 seconds
│   wall_time_total = 0 seconds
│   wall_time_remaining = 0 seconds
│   wall_time_spent = 0 seconds
│   percent_complete = 0.0%
│   estimated_sypd = Inf
│   instantaneous_sypd = 0.0 (sdpd_estimate = 0.0)
│   date_now = 2026-07-05T18:52:52.882
└   estimated_finish_date = 2026-07-05T18:52:52.879
┌ Info: Progress
│   simulation_time = 1 minute
│   n_steps_completed = 2
│   wall_time_per_step = 0 seconds
│   wall_time_total = 0 seconds
│   wall_time_remaining = 0 seconds
│   wall_time_spent = 0 seconds
│   percent_complete = 0.0%
│   estimated_sypd = Inf
│   instantaneous_sypd = 0.021
│   date_now = 2026-07-05T18:52:56.773
└   estimated_finish_date = 2026-07-05T18:52:56.773
┌ Info: Progress
│   simulation_time = 2 minutes
│   n_steps_completed = 4
│   wall_time_per_step = 12 milliseconds, 495 microseconds
│   wall_time_total = 2 minutes, 59 seconds
│   wall_time_remaining = 2 minutes, 59 seconds
│   wall_time_spent = 49 milliseconds, 982 microseconds
│   percent_complete = 0.0%
│   estimated_sypd = 6.573
│   instantaneous_sypd = 6.573
│   date_now = 2026-07-05T18:52:56.843
└   estimated_finish_date = 2026-07-05T18:55:56.843
┌ Info: Progress
│   simulation_time = 4 minutes
│   n_steps_completed = 8
│   wall_time_per_step = 15 milliseconds, 999 microseconds
│   wall_time_total = 3 minutes, 50 seconds
│   wall_time_remaining = 3 minutes, 50 seconds
│   wall_time_spent = 127 milliseconds, 995 microseconds
│   percent_complete = 0.1%
│   estimated_sypd = 5.134
│   instantaneous_sypd = 4.211
│   date_now = 2026-07-05T18:52:56.861
└   estimated_finish_date = 2026-07-05T18:56:47.861
┌ Info: Progress
│   simulation_time = 8 minutes
│   n_steps_completed = 16
│   wall_time_per_step = 9 milliseconds, 883 microseconds
│   wall_time_total = 2 minutes, 22 seconds
│   wall_time_remaining = 2 minutes, 22 seconds
│   wall_time_spent = 158 milliseconds, 131 microseconds
│   percent_complete = 0.1%
│   estimated_sypd = 8.311
│   instantaneous_sypd = 21.805
│   date_now = 2026-07-05T18:52:56.891
└   estimated_finish_date = 2026-07-05T18:55:19.891
┌ Info: Progress
│   simulation_time = 16 minutes
│   n_steps_completed = 32
│   wall_time_per_step = 6 milliseconds, 774 microseconds
│   wall_time_total = 1 minute, 37 seconds
│   wall_time_remaining = 1 minute, 37 seconds
│   wall_time_spent = 216 milliseconds, 795 microseconds
│   percent_complete = 0.2%
│   estimated_sypd = 12.124
│   instantaneous_sypd = 22.401
│   date_now = 2026-07-05T18:52:56.950
└   estimated_finish_date = 2026-07-05T18:54:34.949
┌ Info: Progress
│   simulation_time = 32 minutes
│   n_steps_completed = 64
│   wall_time_per_step = 5 milliseconds, 369 microseconds
│   wall_time_total = 1 minute, 17 seconds
│   wall_time_remaining = 1 minute, 16 seconds
│   wall_time_spent = 343 milliseconds, 628 microseconds
│   percent_complete = 0.4%
│   estimated_sypd = 15.298
│   instantaneous_sypd = 20.723
│   date_now = 2026-07-05T18:52:57.076
└   estimated_finish_date = 2026-07-05T18:54:14.076
┌ Info: Progress
│   simulation_time = 1 hour, 4 minutes
│   n_steps_completed = 128
│   wall_time_per_step = 44 milliseconds, 20 microseconds
│   wall_time_total = 10 minutes, 33 seconds
│   wall_time_remaining = 10 minutes, 28 seconds
│   wall_time_spent = 5 seconds, 634 milliseconds
│   percent_complete = 0.9%
│   estimated_sypd = 1.866
│   instantaneous_sypd = 0.994
│   date_now = 2026-07-05T18:53:02.374
└   estimated_finish_date = 2026-07-05T19:03:31.374
┌ Info: Progress
│   simulation_time = 2 hours, 8 minutes
│   n_steps_completed = 256
│   wall_time_per_step = 24 milliseconds, 637 microseconds
│   wall_time_total = 5 minutes, 54 seconds
│   wall_time_remaining = 5 minutes, 48 seconds
│   wall_time_spent = 6 seconds, 307 milliseconds
│   percent_complete = 1.8%
│   estimated_sypd = 3.334
│   instantaneous_sypd = 15.63
│   date_now = 2026-07-05T18:53:03.040
└   estimated_finish_date = 2026-07-05T18:58:52.040
┌ Info: Progress
│   simulation_time = 4 hours, 16 minutes
│   n_steps_completed = 512
│   wall_time_per_step = 14 milliseconds, 390 microseconds
│   wall_time_total = 3 minutes, 27 seconds
│   wall_time_remaining = 3 minutes, 19 seconds
│   wall_time_spent = 7 seconds, 367 milliseconds
│   percent_complete = 3.6%
│   estimated_sypd = 5.708
│   instantaneous_sypd = 19.829
│   date_now = 2026-07-05T18:53:04.100
└   estimated_finish_date = 2026-07-05T18:56:24.100
┌ Info: Progress
│   simulation_time = 8 hours, 32 minutes
│   n_steps_completed = 1024
│   wall_time_per_step = 9 milliseconds, 525 microseconds
│   wall_time_total = 2 minutes, 17 seconds
│   wall_time_remaining = 2 minutes, 7 seconds
│   wall_time_spent = 9 seconds, 753 milliseconds
│   percent_complete = 7.1%
│   estimated_sypd = 8.623
│   instantaneous_sypd = 17.625
│   date_now = 2026-07-05T18:53:06.486
└   estimated_finish_date = 2026-07-05T18:55:14.486
┌ Info: Progress
│   simulation_time = 14 hours, 32 minutes
│   n_steps_completed = 1745
│   wall_time_per_step = 7 milliseconds, 487 microseconds
│   wall_time_total = 1 minute, 47 seconds
│   wall_time_remaining = 1 minute, 34 seconds
│   wall_time_spent = 13 seconds, 65 milliseconds
│   percent_complete = 12.1%
│   estimated_sypd = 10.97
│   instantaneous_sypd = 17.883
│   date_now = 2026-07-05T18:53:09.798
└   estimated_finish_date = 2026-07-05T18:54:44.798
┌ Info: Progress
│   simulation_time = 17 hours, 4 minutes
│   n_steps_completed = 2048
│   wall_time_per_step = 7 milliseconds, 87 microseconds
│   wall_time_total = 1 minute, 42 seconds
│   wall_time_remaining = 1 minute, 27 seconds
│   wall_time_spent = 14 seconds, 514 milliseconds
│   percent_complete = 14.2%
│   estimated_sypd = 11.59
│   instantaneous_sypd = 17.175
│   date_now = 2026-07-05T18:53:11.247
└   estimated_finish_date = 2026-07-05T18:54:39.247
┌ Info: Progress
│   simulation_time = 23 hours, 4 minutes
│   n_steps_completed = 2769
│   wall_time_per_step = 6 milliseconds, 608 microseconds
│   wall_time_total = 1 minute, 35 seconds
│   wall_time_remaining = 1 minute, 16 seconds
│   wall_time_spent = 18 seconds, 297 milliseconds
│   percent_complete = 19.2%
│   estimated_sypd = 12.43
│   instantaneous_sypd = 15.653
│   date_now = 2026-07-05T18:53:15.030
└   estimated_finish_date = 2026-07-05T18:54:32.030
┌ Info: Progress
│   simulation_time = 1 day, 5 hours
│   n_steps_completed = 3490
│   wall_time_per_step = 6 milliseconds, 397 microseconds
│   wall_time_total = 1 minute, 32 seconds
│   wall_time_remaining = 1 minute, 9 seconds
│   wall_time_spent = 22 seconds, 328 milliseconds
│   percent_complete = 24.2%
│   estimated_sypd = 12.838
│   instantaneous_sypd = 14.691
│   date_now = 2026-07-05T18:53:19.085
└   estimated_finish_date = 2026-07-05T18:54:29.085
┌ Info: Progress
│   simulation_time = 1 day, 10 hours
│   n_steps_completed = 4096
│   wall_time_per_step = 6 milliseconds, 372 microseconds
│   wall_time_total = 1 minute, 31 seconds
│   wall_time_remaining = 1 minute, 5 seconds
│   wall_time_spent = 26 seconds, 102 milliseconds
│   percent_complete = 28.4%
│   estimated_sypd = 12.889
│   instantaneous_sypd = 13.191
│   date_now = 2026-07-05T18:53:22.835
└   estimated_finish_date = 2026-07-05T18:54:28.835
┌ Info: Progress
│   simulation_time = 1 day, 16 hours
│   n_steps_completed = 4817
│   wall_time_per_step = 6 milliseconds, 347 microseconds
│   wall_time_total = 1 minute, 31 seconds
│   wall_time_remaining = 1 minute, 824 milliseconds
│   wall_time_spent = 30 seconds, 573 milliseconds
│   percent_complete = 33.5%
│   estimated_sypd = 12.941
│   instantaneous_sypd = 13.243
│   date_now = 2026-07-05T18:53:27.307
└   estimated_finish_date = 2026-07-05T18:54:28.307
┌ Info: Progress
│   simulation_time = 1 day, 22 hours
│   n_steps_completed = 5538
│   wall_time_per_step = 6 milliseconds, 383 microseconds
│   wall_time_total = 1 minute, 31 seconds
│   wall_time_remaining = 56 seconds, 573 milliseconds
│   wall_time_spent = 35 seconds, 353 milliseconds
│   percent_complete = 38.5%
│   estimated_sypd = 12.866
│   instantaneous_sypd = 12.39
│   date_now = 2026-07-05T18:53:32.087
└   estimated_finish_date = 2026-07-05T18:54:29.087
┌ Info: Progress
│   simulation_time = 2 days, 4 hours
│   n_steps_completed = 6259
│   wall_time_per_step = 6 milliseconds, 428 microseconds
│   wall_time_total = 1 minute, 32 seconds
│   wall_time_remaining = 52 seconds, 336 milliseconds
│   wall_time_spent = 40 seconds, 237 milliseconds
│   percent_complete = 43.5%
│   estimated_sypd = 12.776
│   instantaneous_sypd = 12.126
│   date_now = 2026-07-05T18:53:36.970
└   estimated_finish_date = 2026-07-05T18:54:29.970
┌ Info: Progress
│   simulation_time = 2 days, 10 hours
│   n_steps_completed = 6980
│   wall_time_per_step = 6 milliseconds, 377 microseconds
│   wall_time_total = 1 minute, 31 seconds
│   wall_time_remaining = 47 seconds, 322 milliseconds
│   wall_time_spent = 44 seconds, 516 milliseconds
│   percent_complete = 48.5%
│   estimated_sypd = 12.879
│   instantaneous_sypd = 13.841
│   date_now = 2026-07-05T18:53:41.249
└   estimated_finish_date = 2026-07-05T18:54:29.249
┌ Info: Progress
│   simulation_time = 2 days, 16 hours
│   n_steps_completed = 7701
│   wall_time_per_step = 6 milliseconds, 238 microseconds
│   wall_time_total = 1 minute, 29 seconds
│   wall_time_remaining = 41 seconds, 794 milliseconds
│   wall_time_spent = 48 seconds, 46 milliseconds
│   percent_complete = 53.5%
│   estimated_sypd = 13.165
│   instantaneous_sypd = 16.775
│   date_now = 2026-07-05T18:53:44.779
└   estimated_finish_date = 2026-07-05T18:54:26.779
┌ Info: Progress
│   simulation_time = 2 days, 20 hours
│   n_steps_completed = 8192
│   wall_time_per_step = 6 milliseconds, 160 microseconds
│   wall_time_total = 1 minute, 28 seconds
│   wall_time_remaining = 38 seconds, 242 milliseconds
│   wall_time_spent = 50 seconds, 464 milliseconds
│   percent_complete = 56.9%
│   estimated_sypd = 13.333
│   instantaneous_sypd = 16.678
│   date_now = 2026-07-05T18:53:47.197
└   estimated_finish_date = 2026-07-05T18:54:26.197
┌ Info: Progress
│   simulation_time = 3 days, 2 hours
│   n_steps_completed = 8913
│   wall_time_per_step = 6 milliseconds, 62 microseconds
│   wall_time_total = 1 minute, 27 seconds
│   wall_time_remaining = 33 seconds, 266 milliseconds
│   wall_time_spent = 54 seconds, 37 milliseconds
│   percent_complete = 61.9%
│   estimated_sypd = 13.547
│   instantaneous_sypd = 16.572
│   date_now = 2026-07-05T18:53:50.771
└   estimated_finish_date = 2026-07-05T18:54:24.771
┌ Info: Progress
│   simulation_time = 3 days, 8 hours
│   n_steps_completed = 9634
│   wall_time_per_step = 5 milliseconds, 984 microseconds
│   wall_time_total = 1 minute, 26 seconds
│   wall_time_remaining = 28 seconds, 521 milliseconds
│   wall_time_spent = 57 seconds, 653 milliseconds
│   percent_complete = 66.9%
│   estimated_sypd = 13.725
│   instantaneous_sypd = 16.378
│   date_now = 2026-07-05T18:53:54.387
└   estimated_finish_date = 2026-07-05T18:54:23.386
┌ Info: Progress
│   simulation_time = 3 days, 14 hours
│   n_steps_completed = 10355
│   wall_time_per_step = 5 milliseconds, 915 microseconds
│   wall_time_total = 1 minute, 25 seconds
│   wall_time_remaining = 23 seconds, 928 milliseconds
│   wall_time_spent = 1 minute, 1 second
│   percent_complete = 71.9%
│   estimated_sypd = 13.885
│   instantaneous_sypd = 16.441
│   date_now = 2026-07-05T18:53:57.988
└   estimated_finish_date = 2026-07-05T18:54:21.988
┌ Info: Progress
│   simulation_time = 3 days, 20 hours
│   n_steps_completed = 11076
│   wall_time_per_step = 5 milliseconds, 860 microseconds
│   wall_time_total = 1 minute, 24 seconds
│   wall_time_remaining = 19 seconds, 480 milliseconds
│   wall_time_spent = 1 minute, 4 seconds
│   percent_complete = 76.9%
│   estimated_sypd = 14.015
│   instantaneous_sypd = 16.195
│   date_now = 2026-07-05T18:54:01.645
└   estimated_finish_date = 2026-07-05T18:54:21.645
┌ Info: Progress
│   simulation_time = 4 days, 2 hours
│   n_steps_completed = 11797
│   wall_time_per_step = 5 milliseconds, 814 microseconds
│   wall_time_total = 1 minute, 23 seconds
│   wall_time_remaining = 15 seconds, 134 milliseconds
│   wall_time_spent = 1 minute, 8 seconds
│   percent_complete = 81.9%
│   estimated_sypd = 14.126
│   instantaneous_sypd = 16.093
│   date_now = 2026-07-05T18:54:05.325
└   estimated_finish_date = 2026-07-05T18:54:21.325
┌ Info: Progress
│   simulation_time = 4 days, 8 hours
│   n_steps_completed = 12518
│   wall_time_per_step = 5 milliseconds, 775 microseconds
│   wall_time_total = 1 minute, 23 seconds
│   wall_time_remaining = 10 seconds, 869 milliseconds
│   wall_time_spent = 1 minute, 12 seconds
│   percent_complete = 86.9%
│   estimated_sypd = 14.222
│   instantaneous_sypd = 15.992
│   date_now = 2026-07-05T18:54:09.028
└   estimated_finish_date = 2026-07-05T18:54:20.028
┌ Info: Progress
│   simulation_time = 4 days, 14 hours
│   n_steps_completed = 13239
│   wall_time_per_step = 5 milliseconds, 744 microseconds
│   wall_time_total = 1 minute, 22 seconds
│   wall_time_remaining = 6 seconds, 669 milliseconds
│   wall_time_spent = 1 minute, 16 seconds
│   percent_complete = 91.9%
│   estimated_sypd = 14.298
│   instantaneous_sypd = 15.769
│   date_now = 2026-07-05T18:54:12.783
└   estimated_finish_date = 2026-07-05T18:54:19.783
┌ Info: Progress
│   simulation_time = 4 days, 20 hours
│   n_steps_completed = 13960
│   wall_time_per_step = 5 milliseconds, 717 microseconds
│   wall_time_total = 1 minute, 22 seconds
│   wall_time_remaining = 2 seconds, 515 milliseconds
│   wall_time_spent = 1 minute, 19 seconds
│   percent_complete = 96.9%
│   estimated_sypd = 14.366
│   instantaneous_sypd = 15.74
│   date_now = 2026-07-05T18:54:16.546
└   estimated_finish_date = 2026-07-05T18:54:19.546
[ Info: solve! walltime = 82.132
[ Info: sypd: 14.411
[ Info: wall_time_per_timestep: 5 milliseconds, 703 microseconds
[ Info: Memory currently used (after solve!) by the process (RSS): 9.16 GiB
