┌ Info: Simulation info
│   job_id = lf1e_clw_cal_member
└   output_dir = /home/jeff/larcform1-experiments/experiments/clw calibration/output/uki_1/iteration_005/member_006/output_0000
┌ Info: Running
│   job_id = lf1e_clw_cal_member
│   output_dir = /home/jeff/larcform1-experiments/experiments/clw calibration/output/uki_1/iteration_005/member_006/output_0000
└   tspan = (0.0 seconds (2010-01-01T00:00:00) [counter = 0, period = 1 second, epoch = 2010-01-01T00:00:00], 172800.0 seconds (2010-01-03T00:00:00) [counter = 172800, period = 1 second, epoch = 2010-01-01T00:00:00])
┌ Info: Progress
│   simulation_time = 30 seconds
│   n_steps_completed = 1
│   wall_time_per_step = 0 seconds
│   wall_time_total = 0 seconds
│   wall_time_remaining = 0 seconds
│   wall_time_spent = 0 seconds
│   percent_complete = 0.0%
│   estimated_sypd = Inf
│   instantaneous_sypd = 0.0 (sdpd_estimate = 0.0)
│   date_now = 2026-07-05T16:47:13.705
└   estimated_finish_date = 2026-07-05T16:47:13.705
┌ Info: Progress
│   simulation_time = 1 minute
│   n_steps_completed = 2
│   wall_time_per_step = 0 seconds
│   wall_time_total = 0 seconds
│   wall_time_remaining = 0 seconds
│   wall_time_spent = 0 seconds
│   percent_complete = 0.0%
│   estimated_sypd = Inf
│   instantaneous_sypd = 0.032
│   date_now = 2026-07-05T16:47:16.301
└   estimated_finish_date = 2026-07-05T16:47:16.301
┌ Info: Progress
│   simulation_time = 2 minutes
│   n_steps_completed = 4
│   wall_time_per_step = 4 milliseconds, 723 microseconds
│   wall_time_total = 27 seconds, 206 milliseconds
│   wall_time_remaining = 27 seconds, 188 milliseconds
│   wall_time_spent = 18 milliseconds, 893 microseconds
│   percent_complete = 0.1%
│   estimated_sypd = 17.389
│   instantaneous_sypd = 17.389
│   date_now = 2026-07-05T16:47:16.310
└   estimated_finish_date = 2026-07-05T16:47:44.310
┌ Info: Progress
│   simulation_time = 4 minutes
│   n_steps_completed = 8
│   wall_time_per_step = 4 milliseconds, 371 microseconds
│   wall_time_total = 25 seconds, 181 milliseconds
│   wall_time_remaining = 25 seconds, 146 milliseconds
│   wall_time_spent = 34 milliseconds, 974 microseconds
│   percent_complete = 0.1%
│   estimated_sypd = 18.787
│   instantaneous_sypd = 20.43
│   date_now = 2026-07-05T16:47:16.326
└   estimated_finish_date = 2026-07-05T16:47:42.326
┌ Info: Progress
│   simulation_time = 8 minutes
│   n_steps_completed = 16
│   wall_time_per_step = 4 milliseconds, 170 microseconds
│   wall_time_total = 24 seconds, 19 milliseconds
│   wall_time_remaining = 23 seconds, 953 milliseconds
│   wall_time_spent = 66 milliseconds, 721 microseconds
│   percent_complete = 0.3%
│   estimated_sypd = 19.696
│   instantaneous_sypd = 20.697
│   date_now = 2026-07-05T16:47:16.358
└   estimated_finish_date = 2026-07-05T16:47:40.358
┌ Info: Progress
│   simulation_time = 16 minutes
│   n_steps_completed = 32
│   wall_time_per_step = 3 milliseconds, 991 microseconds
│   wall_time_total = 22 seconds, 989 milliseconds
│   wall_time_remaining = 22 seconds, 861 milliseconds
│   wall_time_spent = 127 milliseconds, 719 microseconds
│   percent_complete = 0.6%
│   estimated_sypd = 20.579
│   instantaneous_sypd = 21.544
│   date_now = 2026-07-05T16:47:16.419
└   estimated_finish_date = 2026-07-05T16:47:39.419
┌ Info: Progress
│   simulation_time = 32 minutes
│   n_steps_completed = 64
│   wall_time_per_step = 4 milliseconds, 3 microseconds
│   wall_time_total = 23 seconds, 59 milliseconds
│   wall_time_remaining = 22 seconds, 803 milliseconds
│   wall_time_spent = 256 milliseconds, 217 microseconds
│   percent_complete = 1.1%
│   estimated_sypd = 20.516
│   instantaneous_sypd = 20.454
│   date_now = 2026-07-05T16:47:16.548
└   estimated_finish_date = 2026-07-05T16:47:39.547
┌ Info: Progress
│   simulation_time = 1 hour, 4 minutes
│   n_steps_completed = 128
│   wall_time_per_step = 4 milliseconds, 176 microseconds
│   wall_time_total = 24 seconds, 54 milliseconds
│   wall_time_remaining = 23 seconds, 519 milliseconds
│   wall_time_spent = 534 milliseconds, 542 microseconds
│   percent_complete = 2.2%
│   estimated_sypd = 19.668
│   instantaneous_sypd = 18.887
│   date_now = 2026-07-05T16:47:16.826
└   estimated_finish_date = 2026-07-05T16:47:40.826
┌ Info: Progress
│   simulation_time = 2 hours, 8 minutes
│   n_steps_completed = 256
│   wall_time_per_step = 4 milliseconds, 137 microseconds
│   wall_time_total = 23 seconds, 831 milliseconds
│   wall_time_remaining = 22 seconds, 772 milliseconds
│   wall_time_spent = 1 second, 59 milliseconds
│   percent_complete = 4.4%
│   estimated_sypd = 19.852
│   instantaneous_sypd = 20.039
│   date_now = 2026-07-05T16:47:17.351
└   estimated_finish_date = 2026-07-05T16:47:40.351
┌ Info: Progress
│   simulation_time = 4 hours, 16 minutes
│   n_steps_completed = 512
│   wall_time_per_step = 4 milliseconds, 186 microseconds
│   wall_time_total = 24 seconds, 114 milliseconds
│   wall_time_remaining = 21 seconds, 970 milliseconds
│   wall_time_spent = 2 seconds, 143 milliseconds
│   percent_complete = 8.9%
│   estimated_sypd = 19.619
│   instantaneous_sypd = 19.392
│   date_now = 2026-07-05T16:47:18.435
└   estimated_finish_date = 2026-07-05T16:47:40.435
┌ Info: Progress
│   simulation_time = 6 hours, 40 minutes
│   n_steps_completed = 801
│   wall_time_per_step = 4 milliseconds, 253 microseconds
│   wall_time_total = 24 seconds, 499 milliseconds
│   wall_time_remaining = 21 seconds, 92 milliseconds
│   wall_time_spent = 3 seconds, 406 milliseconds
│   percent_complete = 13.9%
│   estimated_sypd = 19.311
│   instantaneous_sypd = 18.788
│   date_now = 2026-07-05T16:47:19.698
└   estimated_finish_date = 2026-07-05T16:47:41.698
┌ Info: Progress
│   simulation_time = 8 hours, 32 minutes
│   n_steps_completed = 1024
│   wall_time_per_step = 4 milliseconds, 327 microseconds
│   wall_time_total = 24 seconds, 924 milliseconds
│   wall_time_remaining = 20 seconds, 493 milliseconds
│   wall_time_spent = 4 seconds, 430 milliseconds
│   percent_complete = 17.8%
│   estimated_sypd = 18.982
│   instantaneous_sypd = 17.887
│   date_now = 2026-07-05T16:47:20.722
└   estimated_finish_date = 2026-07-05T16:47:41.722
┌ Info: Progress
│   simulation_time = 10 hours, 56 minutes
│   n_steps_completed = 1313
│   wall_time_per_step = 4 milliseconds, 389 microseconds
│   wall_time_total = 25 seconds, 281 milliseconds
│   wall_time_remaining = 19 seconds, 518 milliseconds
│   wall_time_spent = 5 seconds, 762 milliseconds
│   percent_complete = 22.8%
│   estimated_sypd = 18.713
│   instantaneous_sypd = 17.82
│   date_now = 2026-07-05T16:47:22.054
└   estimated_finish_date = 2026-07-05T16:47:42.054
┌ Info: Progress
│   simulation_time = 13 hours, 21 minutes
│   n_steps_completed = 1602
│   wall_time_per_step = 4 milliseconds, 464 microseconds
│   wall_time_total = 25 seconds, 715 milliseconds
│   wall_time_remaining = 18 seconds, 563 milliseconds
│   wall_time_spent = 7 seconds, 152 milliseconds
│   percent_complete = 27.8%
│   estimated_sypd = 18.397
│   instantaneous_sypd = 17.087
│   date_now = 2026-07-05T16:47:23.444
└   estimated_finish_date = 2026-07-05T16:47:42.444
┌ Info: Progress
│   simulation_time = 15 hours, 45 minutes
│   n_steps_completed = 1891
│   wall_time_per_step = 4 milliseconds, 543 microseconds
│   wall_time_total = 26 seconds, 168 milliseconds
│   wall_time_remaining = 17 seconds, 577 milliseconds
│   wall_time_spent = 8 seconds, 591 milliseconds
│   percent_complete = 32.8%
│   estimated_sypd = 18.079
│   instantaneous_sypd = 16.495
│   date_now = 2026-07-05T16:47:24.883
└   estimated_finish_date = 2026-07-05T16:47:42.883
┌ Info: Progress
│   simulation_time = 17 hours, 4 minutes
│   n_steps_completed = 2048
│   wall_time_per_step = 4 milliseconds, 582 microseconds
│   wall_time_total = 26 seconds, 393 milliseconds
│   wall_time_remaining = 17 seconds, 8 milliseconds
│   wall_time_spent = 9 seconds, 384 milliseconds
│   percent_complete = 35.6%
│   estimated_sypd = 17.925
│   instantaneous_sypd = 16.261
│   date_now = 2026-07-05T16:47:25.676
└   estimated_finish_date = 2026-07-05T16:47:43.676
┌ Info: Progress
│   simulation_time = 19 hours, 28 minutes
│   n_steps_completed = 2337
│   wall_time_per_step = 4 milliseconds, 662 microseconds
│   wall_time_total = 26 seconds, 853 milliseconds
│   wall_time_remaining = 15 seconds, 958 milliseconds
│   wall_time_spent = 10 seconds, 895 milliseconds
│   percent_complete = 40.6%
│   estimated_sypd = 17.618
│   instantaneous_sypd = 15.71
│   date_now = 2026-07-05T16:47:27.187
└   estimated_finish_date = 2026-07-05T16:47:43.187
┌ Info: Progress
│   simulation_time = 21 hours, 53 minutes
│   n_steps_completed = 2626
│   wall_time_per_step = 4 milliseconds, 779 microseconds
│   wall_time_total = 27 seconds, 528 milliseconds
│   wall_time_remaining = 14 seconds, 978 milliseconds
│   wall_time_spent = 12 seconds, 550 milliseconds
│   percent_complete = 45.6%
│   estimated_sypd = 17.186
│   instantaneous_sypd = 14.341
│   date_now = 2026-07-05T16:47:28.842
└   estimated_finish_date = 2026-07-05T16:47:43.842
┌ Info: Progress
│   simulation_time = 1 day, 17 minutes
│   n_steps_completed = 2915
│   wall_time_per_step = 4 milliseconds, 838 microseconds
│   wall_time_total = 27 seconds, 867 milliseconds
│   wall_time_remaining = 13 seconds, 764 milliseconds
│   wall_time_spent = 14 seconds, 103 milliseconds
│   percent_complete = 50.6%
│   estimated_sypd = 16.977
│   instantaneous_sypd = 15.288
│   date_now = 2026-07-05T16:47:30.394
└   estimated_finish_date = 2026-07-05T16:47:44.394
┌ Info: Progress
│   simulation_time = 1 day, 2 hours
│   n_steps_completed = 3204
│   wall_time_per_step = 4 milliseconds, 897 microseconds
│   wall_time_total = 28 seconds, 206 milliseconds
│   wall_time_remaining = 12 seconds, 516 milliseconds
│   wall_time_spent = 15 seconds, 689 milliseconds
│   percent_complete = 55.6%
│   estimated_sypd = 16.773
│   instantaneous_sypd = 14.957
│   date_now = 2026-07-05T16:47:31.981
└   estimated_finish_date = 2026-07-05T16:47:44.981
┌ Info: Progress
│   simulation_time = 1 day, 5 hours
│   n_steps_completed = 3493
│   wall_time_per_step = 4 milliseconds, 967 microseconds
│   wall_time_total = 28 seconds, 610 milliseconds
│   wall_time_remaining = 11 seconds, 260 milliseconds
│   wall_time_spent = 17 seconds, 350 milliseconds
│   percent_complete = 60.6%
│   estimated_sypd = 16.536
│   instantaneous_sypd = 14.299
│   date_now = 2026-07-05T16:47:33.641
└   estimated_finish_date = 2026-07-05T16:47:45.641
┌ Info: Progress
│   simulation_time = 1 day, 7 hours
│   n_steps_completed = 3782
│   wall_time_per_step = 5 milliseconds, 53 microseconds
│   wall_time_total = 29 seconds, 106 milliseconds
│   wall_time_remaining = 9 seconds, 995 milliseconds
│   wall_time_spent = 19 seconds, 111 milliseconds
│   percent_complete = 65.7%
│   estimated_sypd = 16.254
│   instantaneous_sypd = 13.476
│   date_now = 2026-07-05T16:47:35.403
└   estimated_finish_date = 2026-07-05T16:47:45.403
┌ Info: Progress
│   simulation_time = 1 day, 9 hours
│   n_steps_completed = 4071
│   wall_time_per_step = 5 milliseconds, 115 microseconds
│   wall_time_total = 29 seconds, 467 milliseconds
│   wall_time_remaining = 8 seconds, 640 milliseconds
│   wall_time_spent = 20 seconds, 826 milliseconds
│   percent_complete = 70.7%
│   estimated_sypd = 16.055
│   instantaneous_sypd = 13.839
│   date_now = 2026-07-05T16:47:37.118
└   estimated_finish_date = 2026-07-05T16:47:46.118
┌ Info: Progress
│   simulation_time = 1 day, 10 hours
│   n_steps_completed = 4096
│   wall_time_per_step = 5 milliseconds, 123 microseconds
│   wall_time_total = 29 seconds, 512 milliseconds
│   wall_time_remaining = 8 seconds, 525 milliseconds
│   wall_time_spent = 20 seconds, 986 milliseconds
│   percent_complete = 71.1%
│   estimated_sypd = 16.03
│   instantaneous_sypd = 12.82
│   date_now = 2026-07-05T16:47:37.278
└   estimated_finish_date = 2026-07-05T16:47:46.278
┌ Info: Progress
│   simulation_time = 1 day, 12 hours
│   n_steps_completed = 4385
│   wall_time_per_step = 5 milliseconds, 189 microseconds
│   wall_time_total = 29 seconds, 890 milliseconds
│   wall_time_remaining = 7 seconds, 135 milliseconds
│   wall_time_spent = 22 seconds, 755 milliseconds
│   percent_complete = 76.1%
│   estimated_sypd = 15.828
│   instantaneous_sypd = 13.421
│   date_now = 2026-07-05T16:47:39.047
└   estimated_finish_date = 2026-07-05T16:47:47.047
┌ Info: Progress
│   simulation_time = 1 day, 14 hours
│   n_steps_completed = 4674
│   wall_time_per_step = 5 milliseconds, 266 microseconds
│   wall_time_total = 30 seconds, 333 milliseconds
│   wall_time_remaining = 5 seconds, 719 milliseconds
│   wall_time_spent = 24 seconds, 614 milliseconds
│   percent_complete = 81.1%
│   estimated_sypd = 15.597
│   instantaneous_sypd = 12.77
│   date_now = 2026-07-05T16:47:40.906
└   estimated_finish_date = 2026-07-05T16:47:46.906
┌ Info: Progress
│   simulation_time = 1 day, 17 hours
│   n_steps_completed = 4963
│   wall_time_per_step = 5 milliseconds, 335 microseconds
│   wall_time_total = 30 seconds, 732 milliseconds
│   wall_time_remaining = 4 seconds, 252 milliseconds
│   wall_time_spent = 26 seconds, 479 milliseconds
│   percent_complete = 86.2%
│   estimated_sypd = 15.394
│   instantaneous_sypd = 12.724
│   date_now = 2026-07-05T16:47:42.771
└   estimated_finish_date = 2026-07-05T16:47:47.771
┌ Info: Progress
│   simulation_time = 1 day, 19 hours
│   n_steps_completed = 5252
│   wall_time_per_step = 5 milliseconds, 402 microseconds
│   wall_time_total = 31 seconds, 116 milliseconds
│   wall_time_remaining = 2 seconds, 744 milliseconds
│   wall_time_spent = 28 seconds, 372 milliseconds
│   percent_complete = 91.2%
│   estimated_sypd = 15.204
│   instantaneous_sypd = 12.544
│   date_now = 2026-07-05T16:47:44.664
└   estimated_finish_date = 2026-07-05T16:47:47.664
┌ Info: Progress
│   simulation_time = 1 day, 22 hours
│   n_steps_completed = 5541
│   wall_time_per_step = 5 milliseconds, 477 microseconds
│   wall_time_total = 31 seconds, 547 milliseconds
│   wall_time_remaining = 1 second, 199 milliseconds
│   wall_time_spent = 30 seconds, 348 milliseconds
│   percent_complete = 96.2%
│   estimated_sypd = 14.996
│   instantaneous_sypd = 12.012
│   date_now = 2026-07-05T16:47:46.640
└   estimated_finish_date = 2026-07-05T16:47:48.640
[ Info: solve! walltime = 31.818
[ Info: sypd: 14.879
[ Info: wall_time_per_timestep: 5 milliseconds, 524 microseconds
[ Info: Memory currently used (after solve!) by the process (RSS): 8.68 GiB
[ Info: Completed member 6
┌ Info: Making AtmosConfig with config files: 
│      /home/jeff/larcform1-experiments/ClimaAtmos.jl/src/config/../../config/default_configs/default_config.yml
└   
┌ Info: numerics 
│          `energy_q_tot_upwinding`::`Val{:vanleer_limiter}`
│                `tracer_upwinding`::`Val{:vanleer_limiter}`
│       `edmfx_mse_q_tot_upwinding`::`Val{:first_order}`
│         `edmfx_sgsflux_upwinding`::`Val{:none}`
│          `edmfx_tracer_upwinding`::`Val{:first_order}`
│         `test_dycore_consistency`::`Nothing`
│            `reproducible_restart`::`Nothing`
│                         `limiter`::`Nothing`
│                       `diff_mode`::`ClimaAtmos.Implicit`
│                       `hyperdiff`::`Nothing`
└   
┌ Info: AtmosModel: 
│   
│                               `water`::`ClimaAtmos.AtmosWater{ClimaAtmos.NonEquilibriumMicrophysics1M, ClimaAtmos.QuadratureCloud, ClimaAtmos.Implicit, Nothing, ClimaAtmos.SGSQuadrature{3, StaticArraysCore.SVector{3, Float32}, StaticArraysCore.SVector{3, Float32}, ClimaAtmos.GaussianSGS, Float32}, ClimaAtmos.FixedTerminalVelocity{Float32}}`
│                           `scm_setup`::`ClimaAtmos.SCMSetup{Nothing, Nothing, Nothing, Bool, @NamedTuple{prof_ug::AtmosphericProfilesLibrary.ZProfile{AtmosphericProfilesLibrary.var"#Larcform1_geostrophic_u##0#Larcform1_geostrophic_u##1"{Float32}}, prof_vg::AtmosphericProfilesLibrary.ZProfile{Returns{Float32}}, coriolis_param::Float32}}`
│                           `radiation`::`ClimaAtmos.AtmosRadiation{ClimaAtmos.RRTMGPInterface.AllSkyRadiationWithClearSkyDiagnostics{ClimaAtmos.InteractiveCloudInRadiation}, ClimaAtmos.Larcform1Insolation}`
│                            `turbconv`::`ClimaAtmos.AtmosTurbconv{ClimaAtmos.EDMFXModel{ClimaAtmos.InvZEntrainment, ClimaAtmos.BuoyancyVelocityDetrainment, Val{true}, Val{true}, Val{true}, Val{true}, Val{true}, ClimaAtmos.SmoothMinimumBlending}, ClimaAtmos.PrognosticEDMFX{1, true, Float32}, Nothing, Nothing, Nothing}`
│                     `prescribed_flow`::`Nothing`
│                        `gravity_wave`::`ClimaAtmos.AtmosGravityWave{Nothing, Nothing}`
│                  `vertical_diffusion`::`Nothing`
│                              `sponge`::`ClimaAtmos.AtmosSponge{Nothing, Nothing}`
│                             `surface`::`ClimaAtmos.AtmosSurface{ClimaAtmos.SurfaceConditions.MoninObukhov{Float32, Nothing, Nothing}, ClimaAtmos.SurfaceConditions.SlabOceanTemperature{Float32}, ClimaAtmos.SurfaceConditions.SurfaceBoundaryOverrides{Float32, Float32, Nothing, Nothing, Nothing, Nothing}, ClimaAtmos.ConstantAlbedo{Float32}}`
│                            `numerics`::`ClimaAtmos.AtmosNumerics{Val{:vanleer_limiter}, Val{:vanleer_limiter}, Val{:first_order}, Val{:none}, Val{:first_order}, Nothing, Nothing, Nothing, ClimaAtmos.Implicit, Nothing}`
│                           `chemistry`::`ClimaAtmos.AtmosChem{Nothing}`
└   
┌ Info: Microphysics settings: 
│                          `n_substeps`::`3`
│                     `n_substeps_quad`::`2`
│              `cloud_liquid_formation`::`CloudLiquidFormation`
│                 `cloud_ice_formation`::`TemperatureDependent`
│                      `cloud_ice_melt`::`CloudIceMelt`
│                 `rain_autoconversion`::`Kessler1M`
│                 `snow_autoconversion`::`NoSupersaturation`
│       `rain_condensation_evaporation`::`RainEvaporation`
│         `snow_deposition_sublimation`::`DepositionAndSublimation`
│                           `snow_melt`::`SnowMelt`
│         `cloud_liquid_rain_accretion`::`CloudLiquidRainAccretion`
│         `cloud_liquid_snow_accretion`::`CloudLiquidSnowAccretion`
│            `cloud_ice_rain_accretion`::`CloudIceRainAccretion`
│            `cloud_ice_snow_accretion`::`CloudIceSnowAccretion`
│                 `rain_snow_accretion`::`RainSnowAccretion`
└   
[ Info: Single-process ClimaAtmos run on CPUSingleThreaded
[ Info: Using ODE config: `ClimaTimeSteppers.ARS222`
[ Info: Initialized state (38.831 μs, 7.76 KiB)
[ Info: Built cache (215.6 ms, 172.6 MiB)
[ Info: Assembled callbacks (128.353 μs, 17.42 KiB)
┌ Info: Jacobian algorithm: ManualSparseJacobian(
│     approximate_solve_iters = 2,
└   )
[ Info: Jacobian derivative flags: topography_flag = IgnoreDerivative, diffusion_flag = UseDerivative
[ Info: Built tendency function (206.585 μs, 201.06 KiB)
[ Info: Initialized integrator (8.373 ms, 169.03 KiB)
[ Info: Added 7 user-provided YAML-style diagnostics
[ Info: Saving accumulated diagnostics to disk with frequency: 1 hour
[ Info: Set up diagnostics (476.322 μs, 103.66 KiB)
[ Info: Initialized 7 total diagnostics
