┌ Info: Simulation info
│   job_id = lf1e_clw_cal_member
└   output_dir = /home/jeff/larcform1-experiments/experiments/clw calibration/output/uki_1/iteration_002/member_010/output_0000
┌ Info: Running
│   job_id = lf1e_clw_cal_member
│   output_dir = /home/jeff/larcform1-experiments/experiments/clw calibration/output/uki_1/iteration_002/member_010/output_0000
└   tspan = (0.0 seconds (2010-01-01T00:00:00) [counter = 0, period = 1 second, epoch = 2010-01-01T00:00:00], 172800.0 seconds (2010-01-03T00:00:00) [counter = 172800, period = 1 second, epoch = 2010-01-01T00:00:00])
┌ Info: Progress
│   simulation_time = 30 seconds
│   n_steps_completed = 1
│   wall_time_per_step = 0 seconds
│   wall_time_total = 0 seconds
│   wall_time_remaining = 0 seconds
│   wall_time_spent = 0 seconds
│   percent_complete = 0.0%
│   estimated_sypd = Inf
│   instantaneous_sypd = 0.0 (sdpd_estimate = 0.0)
│   date_now = 2026-07-05T16:27:07.540
└   estimated_finish_date = 2026-07-05T16:27:07.540
┌ Info: Progress
│   simulation_time = 1 minute
│   n_steps_completed = 2
│   wall_time_per_step = 0 seconds
│   wall_time_total = 0 seconds
│   wall_time_remaining = 0 seconds
│   wall_time_spent = 0 seconds
│   percent_complete = 0.0%
│   estimated_sypd = Inf
│   instantaneous_sypd = 0.031
│   date_now = 2026-07-05T16:27:10.206
└   estimated_finish_date = 2026-07-05T16:27:10.206
┌ Info: Progress
│   simulation_time = 2 minutes
│   n_steps_completed = 4
│   wall_time_per_step = 4 milliseconds, 688 microseconds
│   wall_time_total = 27 seconds, 3 milliseconds
│   wall_time_remaining = 26 seconds, 984 milliseconds
│   wall_time_spent = 18 milliseconds, 752 microseconds
│   percent_complete = 0.1%
│   estimated_sypd = 17.52
│   instantaneous_sypd = 17.52
│   date_now = 2026-07-05T16:27:10.215
└   estimated_finish_date = 2026-07-05T16:27:37.215
┌ Info: Progress
│   simulation_time = 4 minutes
│   n_steps_completed = 8
│   wall_time_per_step = 4 milliseconds, 425 microseconds
│   wall_time_total = 25 seconds, 492 milliseconds
│   wall_time_remaining = 25 seconds, 456 milliseconds
│   wall_time_spent = 35 milliseconds, 406 microseconds
│   percent_complete = 0.1%
│   estimated_sypd = 18.558
│   instantaneous_sypd = 19.728
│   date_now = 2026-07-05T16:27:10.232
└   estimated_finish_date = 2026-07-05T16:27:36.232
┌ Info: Progress
│   simulation_time = 8 minutes
│   n_steps_completed = 16
│   wall_time_per_step = 4 milliseconds, 190 microseconds
│   wall_time_total = 24 seconds, 137 milliseconds
│   wall_time_remaining = 24 seconds, 70 milliseconds
│   wall_time_spent = 67 milliseconds, 48 microseconds
│   percent_complete = 0.3%
│   estimated_sypd = 19.6
│   instantaneous_sypd = 20.766
│   date_now = 2026-07-05T16:27:10.263
└   estimated_finish_date = 2026-07-05T16:27:35.263
┌ Info: Progress
│   simulation_time = 16 minutes
│   n_steps_completed = 32
│   wall_time_per_step = 4 milliseconds, 23 microseconds
│   wall_time_total = 23 seconds, 176 milliseconds
│   wall_time_remaining = 23 seconds, 47 milliseconds
│   wall_time_spent = 128 milliseconds, 757 microseconds
│   percent_complete = 0.6%
│   estimated_sypd = 20.413
│   instantaneous_sypd = 21.296
│   date_now = 2026-07-05T16:27:10.325
└   estimated_finish_date = 2026-07-05T16:27:34.325
┌ Info: Progress
│   simulation_time = 32 minutes
│   n_steps_completed = 64
│   wall_time_per_step = 4 milliseconds, 48 microseconds
│   wall_time_total = 23 seconds, 322 milliseconds
│   wall_time_remaining = 23 seconds, 62 milliseconds
│   wall_time_spent = 259 milliseconds, 134 microseconds
│   percent_complete = 1.1%
│   estimated_sypd = 20.286
│   instantaneous_sypd = 20.16
│   date_now = 2026-07-05T16:27:10.455
└   estimated_finish_date = 2026-07-05T16:27:34.455
┌ Info: Progress
│   simulation_time = 1 hour, 4 minutes
│   n_steps_completed = 128
│   wall_time_per_step = 4 milliseconds, 182 microseconds
│   wall_time_total = 24 seconds, 93 milliseconds
│   wall_time_remaining = 23 seconds, 558 milliseconds
│   wall_time_spent = 535 milliseconds, 422 microseconds
│   percent_complete = 2.2%
│   estimated_sypd = 19.636
│   instantaneous_sypd = 19.026
│   date_now = 2026-07-05T16:27:10.732
└   estimated_finish_date = 2026-07-05T16:27:34.732
┌ Info: Progress
│   simulation_time = 2 hours, 8 minutes
│   n_steps_completed = 256
│   wall_time_per_step = 4 milliseconds, 121 microseconds
│   wall_time_total = 23 seconds, 742 milliseconds
│   wall_time_remaining = 22 seconds, 687 milliseconds
│   wall_time_spent = 1 second, 55 milliseconds
│   percent_complete = 4.4%
│   estimated_sypd = 19.926
│   instantaneous_sypd = 20.226
│   date_now = 2026-07-05T16:27:11.252
└   estimated_finish_date = 2026-07-05T16:27:34.252
┌ Info: Progress
│   simulation_time = 4 hours, 16 minutes
│   n_steps_completed = 512
│   wall_time_per_step = 4 milliseconds, 116 microseconds
│   wall_time_total = 23 seconds, 709 milliseconds
│   wall_time_remaining = 21 seconds, 602 milliseconds
│   wall_time_spent = 2 seconds, 107 milliseconds
│   percent_complete = 8.9%
│   estimated_sypd = 19.954
│   instantaneous_sypd = 19.981
│   date_now = 2026-07-05T16:27:12.304
└   estimated_finish_date = 2026-07-05T16:27:34.304
┌ Info: Progress
│   simulation_time = 6 hours, 40 minutes
│   n_steps_completed = 801
│   wall_time_per_step = 4 milliseconds, 174 microseconds
│   wall_time_total = 24 seconds, 42 milliseconds
│   wall_time_remaining = 20 seconds, 699 milliseconds
│   wall_time_spent = 3 seconds, 343 milliseconds
│   percent_complete = 13.9%
│   estimated_sypd = 19.677
│   instantaneous_sypd = 19.206
│   date_now = 2026-07-05T16:27:13.540
└   estimated_finish_date = 2026-07-05T16:27:34.540
┌ Info: Progress
│   simulation_time = 8 hours, 32 minutes
│   n_steps_completed = 1024
│   wall_time_per_step = 4 milliseconds, 268 microseconds
│   wall_time_total = 24 seconds, 588 milliseconds
│   wall_time_remaining = 20 seconds, 217 milliseconds
│   wall_time_spent = 4 seconds, 371 milliseconds
│   percent_complete = 17.8%
│   estimated_sypd = 19.241
│   instantaneous_sypd = 17.821
│   date_now = 2026-07-05T16:27:14.568
└   estimated_finish_date = 2026-07-05T16:27:35.568
┌ Info: Progress
│   simulation_time = 10 hours, 56 minutes
│   n_steps_completed = 1313
│   wall_time_per_step = 4 milliseconds, 321 microseconds
│   wall_time_total = 24 seconds, 891 milliseconds
│   wall_time_remaining = 19 seconds, 217 milliseconds
│   wall_time_spent = 5 seconds, 674 milliseconds
│   percent_complete = 22.8%
│   estimated_sypd = 19.006
│   instantaneous_sypd = 18.219
│   date_now = 2026-07-05T16:27:15.871
└   estimated_finish_date = 2026-07-05T16:27:35.871
┌ Info: Progress
│   simulation_time = 13 hours, 21 minutes
│   n_steps_completed = 1602
│   wall_time_per_step = 4 milliseconds, 394 microseconds
│   wall_time_total = 25 seconds, 314 milliseconds
│   wall_time_remaining = 18 seconds, 273 milliseconds
│   wall_time_spent = 7 seconds, 40 milliseconds
│   percent_complete = 27.8%
│   estimated_sypd = 18.689
│   instantaneous_sypd = 17.371
│   date_now = 2026-07-05T16:27:17.237
└   estimated_finish_date = 2026-07-05T16:27:36.237
┌ Info: Progress
│   simulation_time = 15 hours, 45 minutes
│   n_steps_completed = 1891
│   wall_time_per_step = 4 milliseconds, 472 microseconds
│   wall_time_total = 25 seconds, 763 milliseconds
│   wall_time_remaining = 17 seconds, 305 milliseconds
│   wall_time_spent = 8 seconds, 458 milliseconds
│   percent_complete = 32.8%
│   estimated_sypd = 18.363
│   instantaneous_sypd = 16.747
│   date_now = 2026-07-05T16:27:18.654
└   estimated_finish_date = 2026-07-05T16:27:36.654
┌ Info: Progress
│   simulation_time = 17 hours, 4 minutes
│   n_steps_completed = 2048
│   wall_time_per_step = 4 milliseconds, 515 microseconds
│   wall_time_total = 26 seconds, 11 milliseconds
│   wall_time_remaining = 16 seconds, 763 milliseconds
│   wall_time_spent = 9 seconds, 248 milliseconds
│   percent_complete = 35.6%
│   estimated_sypd = 18.188
│   instantaneous_sypd = 16.312
│   date_now = 2026-07-05T16:27:19.445
└   estimated_finish_date = 2026-07-05T16:27:36.445
┌ Info: Progress
│   simulation_time = 19 hours, 28 minutes
│   n_steps_completed = 2337
│   wall_time_per_step = 4 milliseconds, 583 microseconds
│   wall_time_total = 26 seconds, 403 milliseconds
│   wall_time_remaining = 15 seconds, 690 milliseconds
│   wall_time_spent = 10 seconds, 712 milliseconds
│   percent_complete = 40.6%
│   estimated_sypd = 17.918
│   instantaneous_sypd = 16.212
│   date_now = 2026-07-05T16:27:20.909
└   estimated_finish_date = 2026-07-05T16:27:36.909
┌ Info: Progress
│   simulation_time = 21 hours, 53 minutes
│   n_steps_completed = 2626
│   wall_time_per_step = 4 milliseconds, 706 microseconds
│   wall_time_total = 27 seconds, 108 milliseconds
│   wall_time_remaining = 14 seconds, 749 milliseconds
│   wall_time_spent = 12 seconds, 358 milliseconds
│   percent_complete = 45.6%
│   estimated_sypd = 17.452
│   instantaneous_sypd = 14.421
│   date_now = 2026-07-05T16:27:22.555
└   estimated_finish_date = 2026-07-05T16:27:37.555
┌ Info: Progress
│   simulation_time = 1 day, 17 minutes
│   n_steps_completed = 2915
│   wall_time_per_step = 4 milliseconds, 771 microseconds
│   wall_time_total = 27 seconds, 482 milliseconds
│   wall_time_remaining = 13 seconds, 574 milliseconds
│   wall_time_spent = 13 seconds, 908 milliseconds
│   percent_complete = 50.6%
│   estimated_sypd = 17.215
│   instantaneous_sypd = 15.32
│   date_now = 2026-07-05T16:27:24.105
└   estimated_finish_date = 2026-07-05T16:27:38.105
┌ Info: Progress
│   simulation_time = 1 day, 2 hours
│   n_steps_completed = 3204
│   wall_time_per_step = 4 milliseconds, 829 microseconds
│   wall_time_total = 27 seconds, 820 milliseconds
│   wall_time_remaining = 12 seconds, 345 milliseconds
│   wall_time_spent = 15 seconds, 474 milliseconds
│   percent_complete = 55.6%
│   estimated_sypd = 17.006
│   instantaneous_sypd = 15.15
│   date_now = 2026-07-05T16:27:25.671
└   estimated_finish_date = 2026-07-05T16:27:38.671
┌ Info: Progress
│   simulation_time = 1 day, 5 hours
│   n_steps_completed = 3493
│   wall_time_per_step = 4 milliseconds, 890 microseconds
│   wall_time_total = 28 seconds, 168 milliseconds
│   wall_time_remaining = 11 seconds, 86 milliseconds
│   wall_time_spent = 17 seconds, 82 milliseconds
│   percent_complete = 60.6%
│   estimated_sypd = 16.795
│   instantaneous_sypd = 14.769
│   date_now = 2026-07-05T16:27:27.279
└   estimated_finish_date = 2026-07-05T16:27:39.279
┌ Info: Progress
│   simulation_time = 1 day, 7 hours
│   n_steps_completed = 3782
│   wall_time_per_step = 4 milliseconds, 963 microseconds
│   wall_time_total = 28 seconds, 589 milliseconds
│   wall_time_remaining = 9 seconds, 817 milliseconds
│   wall_time_spent = 18 seconds, 771 milliseconds
│   percent_complete = 65.7%
│   estimated_sypd = 16.548
│   instantaneous_sypd = 14.048
│   date_now = 2026-07-05T16:27:28.969
└   estimated_finish_date = 2026-07-05T16:27:38.968
┌ Info: Progress
│   simulation_time = 1 day, 9 hours
│   n_steps_completed = 4071
│   wall_time_per_step = 5 milliseconds, 23 microseconds
│   wall_time_total = 28 seconds, 932 milliseconds
│   wall_time_remaining = 8 seconds, 483 milliseconds
│   wall_time_spent = 20 seconds, 448 milliseconds
│   percent_complete = 70.7%
│   estimated_sypd = 16.352
│   instantaneous_sypd = 14.155
│   date_now = 2026-07-05T16:27:30.645
└   estimated_finish_date = 2026-07-05T16:27:39.645
┌ Info: Progress
│   simulation_time = 1 day, 10 hours
│   n_steps_completed = 4096
│   wall_time_per_step = 5 milliseconds, 31 microseconds
│   wall_time_total = 28 seconds, 978 milliseconds
│   wall_time_remaining = 8 seconds, 371 milliseconds
│   wall_time_spent = 20 seconds, 607 milliseconds
│   percent_complete = 71.1%
│   estimated_sypd = 16.326
│   instantaneous_sypd = 12.978
│   date_now = 2026-07-05T16:27:30.804
└   estimated_finish_date = 2026-07-05T16:27:39.804
┌ Info: Progress
│   simulation_time = 1 day, 12 hours
│   n_steps_completed = 4385
│   wall_time_per_step = 5 milliseconds, 90 microseconds
│   wall_time_total = 29 seconds, 323 milliseconds
│   wall_time_remaining = 7 seconds, 36 microseconds
│   wall_time_spent = 22 seconds, 323 milliseconds
│   percent_complete = 76.1%
│   estimated_sypd = 16.134
│   instantaneous_sypd = 13.828
│   date_now = 2026-07-05T16:27:32.520
└   estimated_finish_date = 2026-07-05T16:27:40.520
┌ Info: Progress
│   simulation_time = 1 day, 14 hours
│   n_steps_completed = 4674
│   wall_time_per_step = 5 milliseconds, 150 microseconds
│   wall_time_total = 29 seconds, 664 milliseconds
│   wall_time_remaining = 5 seconds, 593 milliseconds
│   wall_time_spent = 24 seconds, 71 milliseconds
│   percent_complete = 81.1%
│   estimated_sypd = 15.948
│   instantaneous_sypd = 13.58
│   date_now = 2026-07-05T16:27:34.268
└   estimated_finish_date = 2026-07-05T16:27:40.268
┌ Info: Progress
│   simulation_time = 1 day, 17 hours
│   n_steps_completed = 4963
│   wall_time_per_step = 5 milliseconds, 229 microseconds
│   wall_time_total = 30 seconds, 122 milliseconds
│   wall_time_remaining = 4 seconds, 167 milliseconds
│   wall_time_spent = 25 seconds, 954 milliseconds
│   percent_complete = 86.2%
│   estimated_sypd = 15.706
│   instantaneous_sypd = 12.608
│   date_now = 2026-07-05T16:27:36.151
└   estimated_finish_date = 2026-07-05T16:27:41.151
┌ Info: Progress
│   simulation_time = 1 day, 19 hours
│   n_steps_completed = 5252
│   wall_time_per_step = 5 milliseconds, 287 microseconds
│   wall_time_total = 30 seconds, 458 milliseconds
│   wall_time_remaining = 2 seconds, 686 milliseconds
│   wall_time_spent = 27 seconds, 772 milliseconds
│   percent_complete = 91.2%
│   estimated_sypd = 15.533
│   instantaneous_sypd = 13.059
│   date_now = 2026-07-05T16:27:37.969
└   estimated_finish_date = 2026-07-05T16:27:40.968
┌ Info: Progress
│   simulation_time = 1 day, 22 hours
│   n_steps_completed = 5541
│   wall_time_per_step = 5 milliseconds, 365 microseconds
│   wall_time_total = 30 seconds, 904 milliseconds
│   wall_time_remaining = 1 second, 175 milliseconds
│   wall_time_spent = 29 seconds, 729 milliseconds
│   percent_complete = 96.2%
│   estimated_sypd = 15.309
│   instantaneous_sypd = 12.127
│   date_now = 2026-07-05T16:27:39.926
└   estimated_finish_date = 2026-07-05T16:27:41.926
[ Info: solve! walltime = 31.155
[ Info: sypd: 15.196
[ Info: wall_time_per_timestep: 5 milliseconds, 408 microseconds
[ Info: Memory currently used (after solve!) by the process (RSS): 8.68 GiB
[ Info: Completed member 10
┌ Info: Making AtmosConfig with config files: 
│      /home/jeff/larcform1-experiments/ClimaAtmos.jl/src/config/../../config/default_configs/default_config.yml
└   
┌ Info: numerics 
│          `energy_q_tot_upwinding`::`Val{:vanleer_limiter}`
│                `tracer_upwinding`::`Val{:vanleer_limiter}`
│       `edmfx_mse_q_tot_upwinding`::`Val{:first_order}`
│         `edmfx_sgsflux_upwinding`::`Val{:none}`
│          `edmfx_tracer_upwinding`::`Val{:first_order}`
│         `test_dycore_consistency`::`Nothing`
│            `reproducible_restart`::`Nothing`
│                         `limiter`::`Nothing`
│                       `diff_mode`::`ClimaAtmos.Implicit`
│                       `hyperdiff`::`Nothing`
└   
┌ Info: AtmosModel: 
│   
│                               `water`::`ClimaAtmos.AtmosWater{ClimaAtmos.NonEquilibriumMicrophysics1M, ClimaAtmos.QuadratureCloud, ClimaAtmos.Implicit, Nothing, ClimaAtmos.SGSQuadrature{3, StaticArraysCore.SVector{3, Float32}, StaticArraysCore.SVector{3, Float32}, ClimaAtmos.GaussianSGS, Float32}, ClimaAtmos.FixedTerminalVelocity{Float32}}`
│                           `scm_setup`::`ClimaAtmos.SCMSetup{Nothing, Nothing, Nothing, Bool, @NamedTuple{prof_ug::AtmosphericProfilesLibrary.ZProfile{AtmosphericProfilesLibrary.var"#Larcform1_geostrophic_u##0#Larcform1_geostrophic_u##1"{Float32}}, prof_vg::AtmosphericProfilesLibrary.ZProfile{Returns{Float32}}, coriolis_param::Float32}}`
│                           `radiation`::`ClimaAtmos.AtmosRadiation{ClimaAtmos.RRTMGPInterface.AllSkyRadiationWithClearSkyDiagnostics{ClimaAtmos.InteractiveCloudInRadiation}, ClimaAtmos.Larcform1Insolation}`
│                            `turbconv`::`ClimaAtmos.AtmosTurbconv{ClimaAtmos.EDMFXModel{ClimaAtmos.InvZEntrainment, ClimaAtmos.BuoyancyVelocityDetrainment, Val{true}, Val{true}, Val{true}, Val{true}, Val{true}, ClimaAtmos.SmoothMinimumBlending}, ClimaAtmos.PrognosticEDMFX{1, true, Float32}, Nothing, Nothing, Nothing}`
│                     `prescribed_flow`::`Nothing`
│                        `gravity_wave`::`ClimaAtmos.AtmosGravityWave{Nothing, Nothing}`
│                  `vertical_diffusion`::`Nothing`
│                              `sponge`::`ClimaAtmos.AtmosSponge{Nothing, Nothing}`
│                             `surface`::`ClimaAtmos.AtmosSurface{ClimaAtmos.SurfaceConditions.MoninObukhov{Float32, Nothing, Nothing}, ClimaAtmos.SurfaceConditions.SlabOceanTemperature{Float32}, ClimaAtmos.SurfaceConditions.SurfaceBoundaryOverrides{Float32, Float32, Nothing, Nothing, Nothing, Nothing}, ClimaAtmos.ConstantAlbedo{Float32}}`
│                            `numerics`::`ClimaAtmos.AtmosNumerics{Val{:vanleer_limiter}, Val{:vanleer_limiter}, Val{:first_order}, Val{:none}, Val{:first_order}, Nothing, Nothing, Nothing, ClimaAtmos.Implicit, Nothing}`
│                           `chemistry`::`ClimaAtmos.AtmosChem{Nothing}`
└   
┌ Info: Microphysics settings: 
│                          `n_substeps`::`3`
│                     `n_substeps_quad`::`2`
│              `cloud_liquid_formation`::`CloudLiquidFormation`
│                 `cloud_ice_formation`::`TemperatureDependent`
│                      `cloud_ice_melt`::`CloudIceMelt`
│                 `rain_autoconversion`::`Kessler1M`
│                 `snow_autoconversion`::`NoSupersaturation`
│       `rain_condensation_evaporation`::`RainEvaporation`
│         `snow_deposition_sublimation`::`DepositionAndSublimation`
│                           `snow_melt`::`SnowMelt`
│         `cloud_liquid_rain_accretion`::`CloudLiquidRainAccretion`
│         `cloud_liquid_snow_accretion`::`CloudLiquidSnowAccretion`
│            `cloud_ice_rain_accretion`::`CloudIceRainAccretion`
│            `cloud_ice_snow_accretion`::`CloudIceSnowAccretion`
│                 `rain_snow_accretion`::`RainSnowAccretion`
└   
[ Info: Single-process ClimaAtmos run on CPUSingleThreaded
[ Info: Using ODE config: `ClimaTimeSteppers.ARS222`
[ Info: Initialized state (48.791 μs, 7.76 KiB)
[ Info: Built cache (215.732 ms, 172.6 MiB)
[ Info: Assembled callbacks (143.464 μs, 17.42 KiB)
┌ Info: Jacobian algorithm: ManualSparseJacobian(
│     approximate_solve_iters = 2,
└   )
[ Info: Jacobian derivative flags: topography_flag = IgnoreDerivative, diffusion_flag = UseDerivative
[ Info: Built tendency function (194.665 μs, 201.06 KiB)
[ Info: Initialized integrator (8.477 ms, 169.03 KiB)
[ Info: Added 7 user-provided YAML-style diagnostics
[ Info: Saving accumulated diagnostics to disk with frequency: 1 hour
[ Info: Set up diagnostics (419.12 μs, 103.66 KiB)
[ Info: Initialized 7 total diagnostics
