┌ Info: Simulation info
│   job_id = lf1e_clw_cal_member
└   output_dir = /home/jeff/larcform1-experiments/experiments/clw calibration/output/uki_1/iteration_004/member_007/output_0000
┌ Info: Running
│   job_id = lf1e_clw_cal_member
│   output_dir = /home/jeff/larcform1-experiments/experiments/clw calibration/output/uki_1/iteration_004/member_007/output_0000
└   tspan = (0.0 seconds (2010-01-01T00:00:00) [counter = 0, period = 1 second, epoch = 2010-01-01T00:00:00], 172800.0 seconds (2010-01-03T00:00:00) [counter = 172800, period = 1 second, epoch = 2010-01-01T00:00:00])
┌ Info: Progress
│   simulation_time = 30 seconds
│   n_steps_completed = 1
│   wall_time_per_step = 0 seconds
│   wall_time_total = 0 seconds
│   wall_time_remaining = 0 seconds
│   wall_time_spent = 0 seconds
│   percent_complete = 0.0%
│   estimated_sypd = Inf
│   instantaneous_sypd = 0.0 (sdpd_estimate = 0.0)
│   date_now = 2026-07-05T16:40:20.808
└   estimated_finish_date = 2026-07-05T16:40:20.808
┌ Info: Progress
│   simulation_time = 1 minute
│   n_steps_completed = 2
│   wall_time_per_step = 0 seconds
│   wall_time_total = 0 seconds
│   wall_time_remaining = 0 seconds
│   wall_time_spent = 0 seconds
│   percent_complete = 0.0%
│   estimated_sypd = Inf
│   instantaneous_sypd = 0.032
│   date_now = 2026-07-05T16:40:23.395
└   estimated_finish_date = 2026-07-05T16:40:23.395
┌ Info: Progress
│   simulation_time = 2 minutes
│   n_steps_completed = 4
│   wall_time_per_step = 4 milliseconds, 786 microseconds
│   wall_time_total = 27 seconds, 570 milliseconds
│   wall_time_remaining = 27 seconds, 551 milliseconds
│   wall_time_spent = 19 milliseconds, 145 microseconds
│   percent_complete = 0.1%
│   estimated_sypd = 17.16
│   instantaneous_sypd = 17.16
│   date_now = 2026-07-05T16:40:23.405
└   estimated_finish_date = 2026-07-05T16:40:51.405
┌ Info: Progress
│   simulation_time = 4 minutes
│   n_steps_completed = 8
│   wall_time_per_step = 4 milliseconds, 485 microseconds
│   wall_time_total = 25 seconds, 837 milliseconds
│   wall_time_remaining = 25 seconds, 801 milliseconds
│   wall_time_spent = 35 milliseconds, 885 microseconds
│   percent_complete = 0.1%
│   estimated_sypd = 18.31
│   instantaneous_sypd = 19.626
│   date_now = 2026-07-05T16:40:23.421
└   estimated_finish_date = 2026-07-05T16:40:49.421
┌ Info: Progress
│   simulation_time = 8 minutes
│   n_steps_completed = 16
│   wall_time_per_step = 4 milliseconds, 207 microseconds
│   wall_time_total = 24 seconds, 232 milliseconds
│   wall_time_remaining = 24 seconds, 165 milliseconds
│   wall_time_spent = 67 milliseconds, 313 microseconds
│   percent_complete = 0.3%
│   estimated_sypd = 19.523
│   instantaneous_sypd = 20.908
│   date_now = 2026-07-05T16:40:23.453
└   estimated_finish_date = 2026-07-05T16:40:48.453
┌ Info: Progress
│   simulation_time = 16 minutes
│   n_steps_completed = 32
│   wall_time_per_step = 4 milliseconds, 61 microseconds
│   wall_time_total = 23 seconds, 396 milliseconds
│   wall_time_remaining = 23 seconds, 266 milliseconds
│   wall_time_spent = 129 milliseconds, 980 microseconds
│   percent_complete = 0.6%
│   estimated_sypd = 20.221
│   instantaneous_sypd = 20.971
│   date_now = 2026-07-05T16:40:23.515
└   estimated_finish_date = 2026-07-05T16:40:47.515
┌ Info: Progress
│   simulation_time = 32 minutes
│   n_steps_completed = 64
│   wall_time_per_step = 4 milliseconds, 64 microseconds
│   wall_time_total = 23 seconds, 412 milliseconds
│   wall_time_remaining = 23 seconds, 152 milliseconds
│   wall_time_spent = 260 milliseconds, 140 microseconds
│   percent_complete = 1.1%
│   estimated_sypd = 20.207
│   instantaneous_sypd = 20.193
│   date_now = 2026-07-05T16:40:23.646
└   estimated_finish_date = 2026-07-05T16:40:47.646
┌ Info: Progress
│   simulation_time = 1 hour, 4 minutes
│   n_steps_completed = 128
│   wall_time_per_step = 4 milliseconds, 201 microseconds
│   wall_time_total = 24 seconds, 200 milliseconds
│   wall_time_remaining = 23 seconds, 662 milliseconds
│   wall_time_spent = 537 milliseconds, 793 microseconds
│   percent_complete = 2.2%
│   estimated_sypd = 19.549
│   instantaneous_sypd = 18.933
│   date_now = 2026-07-05T16:40:23.923
└   estimated_finish_date = 2026-07-05T16:40:47.923
┌ Info: Progress
│   simulation_time = 2 hours, 8 minutes
│   n_steps_completed = 256
│   wall_time_per_step = 4 milliseconds, 153 microseconds
│   wall_time_total = 23 seconds, 925 milliseconds
│   wall_time_remaining = 22 seconds, 861 milliseconds
│   wall_time_spent = 1 second, 63 milliseconds
│   percent_complete = 4.4%
│   estimated_sypd = 19.774
│   instantaneous_sypd = 20.005
│   date_now = 2026-07-05T16:40:24.449
└   estimated_finish_date = 2026-07-05T16:40:47.449
┌ Info: Progress
│   simulation_time = 4 hours, 16 minutes
│   n_steps_completed = 512
│   wall_time_per_step = 4 milliseconds, 177 microseconds
│   wall_time_total = 24 seconds, 59 milliseconds
│   wall_time_remaining = 21 seconds, 921 milliseconds
│   wall_time_spent = 2 seconds, 138 milliseconds
│   percent_complete = 8.9%
│   estimated_sypd = 19.664
│   instantaneous_sypd = 19.554
│   date_now = 2026-07-05T16:40:25.524
└   estimated_finish_date = 2026-07-05T16:40:47.524
┌ Info: Progress
│   simulation_time = 6 hours, 40 minutes
│   n_steps_completed = 801
│   wall_time_per_step = 4 milliseconds, 230 microseconds
│   wall_time_total = 24 seconds, 370 milliseconds
│   wall_time_remaining = 20 seconds, 981 milliseconds
│   wall_time_spent = 3 seconds, 389 milliseconds
│   percent_complete = 13.9%
│   estimated_sypd = 19.413
│   instantaneous_sypd = 18.984
│   date_now = 2026-07-05T16:40:26.774
└   estimated_finish_date = 2026-07-05T16:40:47.774
┌ Info: Progress
│   simulation_time = 8 hours, 32 minutes
│   n_steps_completed = 1024
│   wall_time_per_step = 4 milliseconds, 280 microseconds
│   wall_time_total = 24 seconds, 656 milliseconds
│   wall_time_remaining = 20 seconds, 272 milliseconds
│   wall_time_spent = 4 seconds, 383 milliseconds
│   percent_complete = 17.8%
│   estimated_sypd = 19.188
│   instantaneous_sypd = 18.421
│   date_now = 2026-07-05T16:40:27.769
└   estimated_finish_date = 2026-07-05T16:40:48.769
┌ Info: Progress
│   simulation_time = 10 hours, 56 minutes
│   n_steps_completed = 1313
│   wall_time_per_step = 4 milliseconds, 340 microseconds
│   wall_time_total = 25 seconds, 4 milliseconds
│   wall_time_remaining = 19 seconds, 304 milliseconds
│   wall_time_spent = 5 seconds, 699 milliseconds
│   percent_complete = 22.8%
│   estimated_sypd = 18.921
│   instantaneous_sypd = 18.032
│   date_now = 2026-07-05T16:40:29.085
└   estimated_finish_date = 2026-07-05T16:40:49.085
┌ Info: Progress
│   simulation_time = 13 hours, 21 minutes
│   n_steps_completed = 1602
│   wall_time_per_step = 4 milliseconds, 415 microseconds
│   wall_time_total = 25 seconds, 433 milliseconds
│   wall_time_remaining = 18 seconds, 360 milliseconds
│   wall_time_spent = 7 seconds, 73 milliseconds
│   percent_complete = 27.8%
│   estimated_sypd = 18.601
│   instantaneous_sypd = 17.275
│   date_now = 2026-07-05T16:40:30.459
└   estimated_finish_date = 2026-07-05T16:40:49.459
┌ Info: Progress
│   simulation_time = 15 hours, 45 minutes
│   n_steps_completed = 1891
│   wall_time_per_step = 4 milliseconds, 486 microseconds
│   wall_time_total = 25 seconds, 839 milliseconds
│   wall_time_remaining = 17 seconds, 356 milliseconds
│   wall_time_spent = 8 seconds, 483 milliseconds
│   percent_complete = 32.8%
│   estimated_sypd = 18.309
│   instantaneous_sypd = 16.843
│   date_now = 2026-07-05T16:40:31.869
└   estimated_finish_date = 2026-07-05T16:40:49.869
┌ Info: Progress
│   simulation_time = 17 hours, 4 minutes
│   n_steps_completed = 2048
│   wall_time_per_step = 4 milliseconds, 520 microseconds
│   wall_time_total = 26 seconds, 38 milliseconds
│   wall_time_remaining = 16 seconds, 780 milliseconds
│   wall_time_spent = 9 seconds, 258 milliseconds
│   percent_complete = 35.6%
│   estimated_sypd = 18.169
│   instantaneous_sypd = 16.641
│   date_now = 2026-07-05T16:40:32.644
└   estimated_finish_date = 2026-07-05T16:40:49.643
┌ Info: Progress
│   simulation_time = 19 hours, 28 minutes
│   n_steps_completed = 2337
│   wall_time_per_step = 4 milliseconds, 577 microseconds
│   wall_time_total = 26 seconds, 364 milliseconds
│   wall_time_remaining = 15 seconds, 667 milliseconds
│   wall_time_spent = 10 seconds, 696 milliseconds
│   percent_complete = 40.6%
│   estimated_sypd = 17.944
│   instantaneous_sypd = 16.497
│   date_now = 2026-07-05T16:40:34.082
└   estimated_finish_date = 2026-07-05T16:40:50.082
┌ Info: Progress
│   simulation_time = 21 hours, 53 minutes
│   n_steps_completed = 2626
│   wall_time_per_step = 4 milliseconds, 683 microseconds
│   wall_time_total = 26 seconds, 977 milliseconds
│   wall_time_remaining = 14 seconds, 678 milliseconds
│   wall_time_spent = 12 seconds, 299 milliseconds
│   percent_complete = 45.6%
│   estimated_sypd = 17.537
│   instantaneous_sypd = 14.814
│   date_now = 2026-07-05T16:40:35.685
└   estimated_finish_date = 2026-07-05T16:40:50.685
┌ Info: Progress
│   simulation_time = 1 day, 17 minutes
│   n_steps_completed = 2915
│   wall_time_per_step = 4 milliseconds, 740 microseconds
│   wall_time_total = 27 seconds, 305 milliseconds
│   wall_time_remaining = 13 seconds, 486 milliseconds
│   wall_time_spent = 13 seconds, 818 milliseconds
│   percent_complete = 50.6%
│   estimated_sypd = 17.326
│   instantaneous_sypd = 15.622
│   date_now = 2026-07-05T16:40:37.204
└   estimated_finish_date = 2026-07-05T16:40:51.204
┌ Info: Progress
│   simulation_time = 1 day, 2 hours
│   n_steps_completed = 3204
│   wall_time_per_step = 4 milliseconds, 797 microseconds
│   wall_time_total = 27 seconds, 634 milliseconds
│   wall_time_remaining = 12 seconds, 262 milliseconds
│   wall_time_spent = 15 seconds, 371 milliseconds
│   percent_complete = 55.6%
│   estimated_sypd = 17.12
│   instantaneous_sypd = 15.282
│   date_now = 2026-07-05T16:40:38.757
└   estimated_finish_date = 2026-07-05T16:40:51.757
┌ Info: Progress
│   simulation_time = 1 day, 5 hours
│   n_steps_completed = 3493
│   wall_time_per_step = 4 milliseconds, 858 microseconds
│   wall_time_total = 27 seconds, 984 milliseconds
│   wall_time_remaining = 11 seconds, 14 milliseconds
│   wall_time_spent = 16 seconds, 970 milliseconds
│   percent_complete = 60.6%
│   estimated_sypd = 16.906
│   instantaneous_sypd = 14.849
│   date_now = 2026-07-05T16:40:40.356
└   estimated_finish_date = 2026-07-05T16:40:52.356
┌ Info: Progress
│   simulation_time = 1 day, 7 hours
│   n_steps_completed = 3782
│   wall_time_per_step = 4 milliseconds, 937 microseconds
│   wall_time_total = 28 seconds, 438 milliseconds
│   wall_time_remaining = 9 seconds, 765 milliseconds
│   wall_time_spent = 18 seconds, 672 milliseconds
│   percent_complete = 65.7%
│   estimated_sypd = 16.636
│   instantaneous_sypd = 13.945
│   date_now = 2026-07-05T16:40:42.058
└   estimated_finish_date = 2026-07-05T16:40:52.058
┌ Info: Progress
│   simulation_time = 1 day, 9 hours
│   n_steps_completed = 4071
│   wall_time_per_step = 4 milliseconds, 996 microseconds
│   wall_time_total = 28 seconds, 778 milliseconds
│   wall_time_remaining = 8 seconds, 438 milliseconds
│   wall_time_spent = 20 seconds, 339 milliseconds
│   percent_complete = 70.7%
│   estimated_sypd = 16.44
│   instantaneous_sypd = 14.24
│   date_now = 2026-07-05T16:40:43.725
└   estimated_finish_date = 2026-07-05T16:40:52.725
┌ Info: Progress
│   simulation_time = 1 day, 10 hours
│   n_steps_completed = 4096
│   wall_time_per_step = 5 milliseconds, 6 microseconds
│   wall_time_total = 28 seconds, 838 milliseconds
│   wall_time_remaining = 8 seconds, 331 milliseconds
│   wall_time_spent = 20 seconds, 507 milliseconds
│   percent_complete = 71.1%
│   estimated_sypd = 16.405
│   instantaneous_sypd = 12.237
│   date_now = 2026-07-05T16:40:43.893
└   estimated_finish_date = 2026-07-05T16:40:52.893
┌ Info: Progress
│   simulation_time = 1 day, 12 hours
│   n_steps_completed = 4385
│   wall_time_per_step = 5 milliseconds, 75 microseconds
│   wall_time_total = 29 seconds, 237 milliseconds
│   wall_time_remaining = 6 seconds, 979 milliseconds
│   wall_time_spent = 22 seconds, 257 milliseconds
│   percent_complete = 76.1%
│   estimated_sypd = 16.182
│   instantaneous_sypd = 13.561
│   date_now = 2026-07-05T16:40:45.643
└   estimated_finish_date = 2026-07-05T16:40:52.643
┌ Info: Progress
│   simulation_time = 1 day, 14 hours
│   n_steps_completed = 4674
│   wall_time_per_step = 5 milliseconds, 153 microseconds
│   wall_time_total = 29 seconds, 682 milliseconds
│   wall_time_remaining = 5 seconds, 596 milliseconds
│   wall_time_spent = 24 seconds, 86 milliseconds
│   percent_complete = 81.1%
│   estimated_sypd = 15.939
│   instantaneous_sypd = 12.982
│   date_now = 2026-07-05T16:40:47.472
└   estimated_finish_date = 2026-07-05T16:40:53.472
┌ Info: Progress
│   simulation_time = 1 day, 17 hours
│   n_steps_completed = 4963
│   wall_time_per_step = 5 milliseconds, 214 microseconds
│   wall_time_total = 30 seconds, 36 milliseconds
│   wall_time_remaining = 4 seconds, 156 milliseconds
│   wall_time_spent = 25 seconds, 880 milliseconds
│   percent_complete = 86.2%
│   estimated_sypd = 15.751
│   instantaneous_sypd = 13.227
│   date_now = 2026-07-05T16:40:49.266
└   estimated_finish_date = 2026-07-05T16:40:54.266
┌ Info: Progress
│   simulation_time = 1 day, 19 hours
│   n_steps_completed = 5252
│   wall_time_per_step = 5 milliseconds, 276 microseconds
│   wall_time_total = 30 seconds, 392 milliseconds
│   wall_time_remaining = 2 seconds, 680 milliseconds
│   wall_time_spent = 27 seconds, 712 milliseconds
│   percent_complete = 91.2%
│   estimated_sypd = 15.566
│   instantaneous_sypd = 12.962
│   date_now = 2026-07-05T16:40:51.098
└   estimated_finish_date = 2026-07-05T16:40:54.098
┌ Info: Progress
│   simulation_time = 1 day, 22 hours
│   n_steps_completed = 5541
│   wall_time_per_step = 5 milliseconds, 344 microseconds
│   wall_time_total = 30 seconds, 783 milliseconds
│   wall_time_remaining = 1 second, 170 milliseconds
│   wall_time_spent = 29 seconds, 612 milliseconds
│   percent_complete = 96.2%
│   estimated_sypd = 15.369
│   instantaneous_sypd = 12.489
│   date_now = 2026-07-05T16:40:52.998
└   estimated_finish_date = 2026-07-05T16:40:54.998
[ Info: solve! walltime = 31.033
[ Info: sypd: 15.255
[ Info: wall_time_per_timestep: 5 milliseconds, 387 microseconds
[ Info: Memory currently used (after solve!) by the process (RSS): 8.68 GiB
[ Info: Completed member 7
┌ Info: Making AtmosConfig with config files: 
│      /home/jeff/larcform1-experiments/ClimaAtmos.jl/src/config/../../config/default_configs/default_config.yml
└   
┌ Info: numerics 
│          `energy_q_tot_upwinding`::`Val{:vanleer_limiter}`
│                `tracer_upwinding`::`Val{:vanleer_limiter}`
│       `edmfx_mse_q_tot_upwinding`::`Val{:first_order}`
│         `edmfx_sgsflux_upwinding`::`Val{:none}`
│          `edmfx_tracer_upwinding`::`Val{:first_order}`
│         `test_dycore_consistency`::`Nothing`
│            `reproducible_restart`::`Nothing`
│                         `limiter`::`Nothing`
│                       `diff_mode`::`ClimaAtmos.Implicit`
│                       `hyperdiff`::`Nothing`
└   
┌ Info: AtmosModel: 
│   
│                               `water`::`ClimaAtmos.AtmosWater{ClimaAtmos.NonEquilibriumMicrophysics1M, ClimaAtmos.QuadratureCloud, ClimaAtmos.Implicit, Nothing, ClimaAtmos.SGSQuadrature{3, StaticArraysCore.SVector{3, Float32}, StaticArraysCore.SVector{3, Float32}, ClimaAtmos.GaussianSGS, Float32}, ClimaAtmos.FixedTerminalVelocity{Float32}}`
│                           `scm_setup`::`ClimaAtmos.SCMSetup{Nothing, Nothing, Nothing, Bool, @NamedTuple{prof_ug::AtmosphericProfilesLibrary.ZProfile{AtmosphericProfilesLibrary.var"#Larcform1_geostrophic_u##0#Larcform1_geostrophic_u##1"{Float32}}, prof_vg::AtmosphericProfilesLibrary.ZProfile{Returns{Float32}}, coriolis_param::Float32}}`
│                           `radiation`::`ClimaAtmos.AtmosRadiation{ClimaAtmos.RRTMGPInterface.AllSkyRadiationWithClearSkyDiagnostics{ClimaAtmos.InteractiveCloudInRadiation}, ClimaAtmos.Larcform1Insolation}`
│                            `turbconv`::`ClimaAtmos.AtmosTurbconv{ClimaAtmos.EDMFXModel{ClimaAtmos.InvZEntrainment, ClimaAtmos.BuoyancyVelocityDetrainment, Val{true}, Val{true}, Val{true}, Val{true}, Val{true}, ClimaAtmos.SmoothMinimumBlending}, ClimaAtmos.PrognosticEDMFX{1, true, Float32}, Nothing, Nothing, Nothing}`
│                     `prescribed_flow`::`Nothing`
│                        `gravity_wave`::`ClimaAtmos.AtmosGravityWave{Nothing, Nothing}`
│                  `vertical_diffusion`::`Nothing`
│                              `sponge`::`ClimaAtmos.AtmosSponge{Nothing, Nothing}`
│                             `surface`::`ClimaAtmos.AtmosSurface{ClimaAtmos.SurfaceConditions.MoninObukhov{Float32, Nothing, Nothing}, ClimaAtmos.SurfaceConditions.SlabOceanTemperature{Float32}, ClimaAtmos.SurfaceConditions.SurfaceBoundaryOverrides{Float32, Float32, Nothing, Nothing, Nothing, Nothing}, ClimaAtmos.ConstantAlbedo{Float32}}`
│                            `numerics`::`ClimaAtmos.AtmosNumerics{Val{:vanleer_limiter}, Val{:vanleer_limiter}, Val{:first_order}, Val{:none}, Val{:first_order}, Nothing, Nothing, Nothing, ClimaAtmos.Implicit, Nothing}`
│                           `chemistry`::`ClimaAtmos.AtmosChem{Nothing}`
└   
┌ Info: Microphysics settings: 
│                          `n_substeps`::`3`
│                     `n_substeps_quad`::`2`
│              `cloud_liquid_formation`::`CloudLiquidFormation`
│                 `cloud_ice_formation`::`TemperatureDependent`
│                      `cloud_ice_melt`::`CloudIceMelt`
│                 `rain_autoconversion`::`Kessler1M`
│                 `snow_autoconversion`::`NoSupersaturation`
│       `rain_condensation_evaporation`::`RainEvaporation`
│         `snow_deposition_sublimation`::`DepositionAndSublimation`
│                           `snow_melt`::`SnowMelt`
│         `cloud_liquid_rain_accretion`::`CloudLiquidRainAccretion`
│         `cloud_liquid_snow_accretion`::`CloudLiquidSnowAccretion`
│            `cloud_ice_rain_accretion`::`CloudIceRainAccretion`
│            `cloud_ice_snow_accretion`::`CloudIceSnowAccretion`
│                 `rain_snow_accretion`::`RainSnowAccretion`
└   
[ Info: Single-process ClimaAtmos run on CPUSingleThreaded
[ Info: Using ODE config: `ClimaTimeSteppers.ARS222`
[ Info: Initialized state (47.601 μs, 7.76 KiB)
[ Info: Built cache (213.805 ms, 172.6 MiB)
[ Info: Assembled callbacks (139.773 μs, 17.42 KiB)
┌ Info: Jacobian algorithm: ManualSparseJacobian(
│     approximate_solve_iters = 2,
└   )
[ Info: Jacobian derivative flags: topography_flag = IgnoreDerivative, diffusion_flag = UseDerivative
[ Info: Built tendency function (204.845 μs, 201.06 KiB)
[ Info: Initialized integrator (8.582 ms, 169.03 KiB)
[ Info: Added 7 user-provided YAML-style diagnostics
[ Info: Saving accumulated diagnostics to disk with frequency: 1 hour
[ Info: Set up diagnostics (468.422 μs, 103.66 KiB)
[ Info: Initialized 7 total diagnostics
