┌ Info: Simulation info
│   job_id = lf1e_clw_cal_member
└   output_dir = /home/jeff/larcform1-experiments/experiments/clw calibration/output/uki_1/iteration_005/member_012/output_0000
┌ Info: Running
│   job_id = lf1e_clw_cal_member
│   output_dir = /home/jeff/larcform1-experiments/experiments/clw calibration/output/uki_1/iteration_005/member_012/output_0000
└   tspan = (0.0 seconds (2010-01-01T00:00:00) [counter = 0, period = 1 second, epoch = 2010-01-01T00:00:00], 172800.0 seconds (2010-01-03T00:00:00) [counter = 172800, period = 1 second, epoch = 2010-01-01T00:00:00])
┌ Info: Progress
│   simulation_time = 30 seconds
│   n_steps_completed = 1
│   wall_time_per_step = 0 seconds
│   wall_time_total = 0 seconds
│   wall_time_remaining = 0 seconds
│   wall_time_spent = 0 seconds
│   percent_complete = 0.0%
│   estimated_sypd = Inf
│   instantaneous_sypd = 0.0 (sdpd_estimate = 0.0)
│   date_now = 2026-07-05T16:50:41.068
└   estimated_finish_date = 2026-07-05T16:50:41.068
┌ Info: Progress
│   simulation_time = 1 minute
│   n_steps_completed = 2
│   wall_time_per_step = 0 seconds
│   wall_time_total = 0 seconds
│   wall_time_remaining = 0 seconds
│   wall_time_spent = 0 seconds
│   percent_complete = 0.0%
│   estimated_sypd = Inf
│   instantaneous_sypd = 0.031
│   date_now = 2026-07-05T16:50:43.701
└   estimated_finish_date = 2026-07-05T16:50:43.701
┌ Info: Progress
│   simulation_time = 2 minutes
│   n_steps_completed = 4
│   wall_time_per_step = 4 milliseconds, 730 microseconds
│   wall_time_total = 27 seconds, 250 milliseconds
│   wall_time_remaining = 27 seconds, 231 milliseconds
│   wall_time_spent = 18 milliseconds, 923 microseconds
│   percent_complete = 0.1%
│   estimated_sypd = 17.361
│   instantaneous_sypd = 17.361
│   date_now = 2026-07-05T16:50:43.710
└   estimated_finish_date = 2026-07-05T16:51:11.710
┌ Info: Progress
│   simulation_time = 4 minutes
│   n_steps_completed = 8
│   wall_time_per_step = 4 milliseconds, 537 microseconds
│   wall_time_total = 26 seconds, 137 milliseconds
│   wall_time_remaining = 26 seconds, 101 milliseconds
│   wall_time_spent = 36 milliseconds, 301 microseconds
│   percent_complete = 0.1%
│   estimated_sypd = 18.101
│   instantaneous_sypd = 18.906
│   date_now = 2026-07-05T16:50:43.728
└   estimated_finish_date = 2026-07-05T16:51:10.728
┌ Info: Progress
│   simulation_time = 8 minutes
│   n_steps_completed = 16
│   wall_time_per_step = 4 milliseconds, 252 microseconds
│   wall_time_total = 24 seconds, 494 milliseconds
│   wall_time_remaining = 24 seconds, 426 milliseconds
│   wall_time_spent = 68 milliseconds, 40 microseconds
│   percent_complete = 0.3%
│   estimated_sypd = 19.314
│   instantaneous_sypd = 20.703
│   date_now = 2026-07-05T16:50:43.759
└   estimated_finish_date = 2026-07-05T16:51:08.759
┌ Info: Progress
│   simulation_time = 16 minutes
│   n_steps_completed = 32
│   wall_time_per_step = 4 milliseconds, 15 microseconds
│   wall_time_total = 23 seconds, 131 milliseconds
│   wall_time_remaining = 23 seconds, 2 milliseconds
│   wall_time_spent = 128 milliseconds, 506 microseconds
│   percent_complete = 0.6%
│   estimated_sypd = 20.453
│   instantaneous_sypd = 21.734
│   date_now = 2026-07-05T16:50:43.820
└   estimated_finish_date = 2026-07-05T16:51:07.820
┌ Info: Progress
│   simulation_time = 32 minutes
│   n_steps_completed = 64
│   wall_time_per_step = 4 milliseconds, 43 microseconds
│   wall_time_total = 23 seconds, 291 milliseconds
│   wall_time_remaining = 23 seconds, 32 milliseconds
│   wall_time_spent = 258 milliseconds, 794 microseconds
│   percent_complete = 1.1%
│   estimated_sypd = 20.312
│   instantaneous_sypd = 20.173
│   date_now = 2026-07-05T16:50:43.950
└   estimated_finish_date = 2026-07-05T16:51:07.950
┌ Info: Progress
│   simulation_time = 1 hour, 4 minutes
│   n_steps_completed = 128
│   wall_time_per_step = 4 milliseconds, 158 microseconds
│   wall_time_total = 23 seconds, 950 milliseconds
│   wall_time_remaining = 23 seconds, 418 milliseconds
│   wall_time_spent = 532 milliseconds, 227 microseconds
│   percent_complete = 2.2%
│   estimated_sypd = 19.753
│   instantaneous_sypd = 19.225
│   date_now = 2026-07-05T16:50:44.224
└   estimated_finish_date = 2026-07-05T16:51:08.224
┌ Info: Progress
│   simulation_time = 2 hours, 8 minutes
│   n_steps_completed = 256
│   wall_time_per_step = 4 milliseconds, 135 microseconds
│   wall_time_total = 23 seconds, 818 milliseconds
│   wall_time_remaining = 22 seconds, 759 milliseconds
│   wall_time_spent = 1 second, 58 milliseconds
│   percent_complete = 4.4%
│   estimated_sypd = 19.863
│   instantaneous_sypd = 19.974
│   date_now = 2026-07-05T16:50:44.750
└   estimated_finish_date = 2026-07-05T16:51:07.750
┌ Info: Progress
│   simulation_time = 4 hours, 16 minutes
│   n_steps_completed = 512
│   wall_time_per_step = 4 milliseconds, 169 microseconds
│   wall_time_total = 24 seconds, 17 milliseconds
│   wall_time_remaining = 21 seconds, 882 milliseconds
│   wall_time_spent = 2 seconds, 134 milliseconds
│   percent_complete = 8.9%
│   estimated_sypd = 19.698
│   instantaneous_sypd = 19.536
│   date_now = 2026-07-05T16:50:45.826
└   estimated_finish_date = 2026-07-05T16:51:07.826
┌ Info: Progress
│   simulation_time = 6 hours, 40 minutes
│   n_steps_completed = 801
│   wall_time_per_step = 4 milliseconds, 228 microseconds
│   wall_time_total = 24 seconds, 358 milliseconds
│   wall_time_remaining = 20 seconds, 970 milliseconds
│   wall_time_spent = 3 seconds, 387 milliseconds
│   percent_complete = 13.9%
│   estimated_sypd = 19.423
│   instantaneous_sypd = 18.953
│   date_now = 2026-07-05T16:50:47.079
└   estimated_finish_date = 2026-07-05T16:51:08.079
┌ Info: Progress
│   simulation_time = 8 hours, 32 minutes
│   n_steps_completed = 1024
│   wall_time_per_step = 4 milliseconds, 298 microseconds
│   wall_time_total = 24 seconds, 761 milliseconds
│   wall_time_remaining = 20 seconds, 359 milliseconds
│   wall_time_spent = 4 seconds, 401 milliseconds
│   percent_complete = 17.8%
│   estimated_sypd = 19.107
│   instantaneous_sypd = 18.051
│   date_now = 2026-07-05T16:50:48.093
└   estimated_finish_date = 2026-07-05T16:51:09.093
┌ Info: Progress
│   simulation_time = 10 hours, 56 minutes
│   n_steps_completed = 1313
│   wall_time_per_step = 4 milliseconds, 347 microseconds
│   wall_time_total = 25 seconds, 42 milliseconds
│   wall_time_remaining = 19 seconds, 334 milliseconds
│   wall_time_spent = 5 seconds, 708 milliseconds
│   percent_complete = 22.8%
│   estimated_sypd = 18.892
│   instantaneous_sypd = 18.168
│   date_now = 2026-07-05T16:50:49.400
└   estimated_finish_date = 2026-07-05T16:51:09.400
┌ Info: Progress
│   simulation_time = 13 hours, 21 minutes
│   n_steps_completed = 1602
│   wall_time_per_step = 4 milliseconds, 423 microseconds
│   wall_time_total = 25 seconds, 476 milliseconds
│   wall_time_remaining = 18 seconds, 391 milliseconds
│   wall_time_spent = 7 seconds, 85 milliseconds
│   percent_complete = 27.8%
│   estimated_sypd = 18.57
│   instantaneous_sypd = 17.235
│   date_now = 2026-07-05T16:50:50.777
└   estimated_finish_date = 2026-07-05T16:51:09.777
┌ Info: Progress
│   simulation_time = 15 hours, 45 minutes
│   n_steps_completed = 1891
│   wall_time_per_step = 4 milliseconds, 497 microseconds
│   wall_time_total = 25 seconds, 903 milliseconds
│   wall_time_remaining = 17 seconds, 399 milliseconds
│   wall_time_spent = 8 seconds, 503 milliseconds
│   percent_complete = 32.8%
│   estimated_sypd = 18.264
│   instantaneous_sypd = 16.738
│   date_now = 2026-07-05T16:50:52.195
└   estimated_finish_date = 2026-07-05T16:51:10.195
┌ Info: Progress
│   simulation_time = 17 hours, 4 minutes
│   n_steps_completed = 2048
│   wall_time_per_step = 4 milliseconds, 542 microseconds
│   wall_time_total = 26 seconds, 167 milliseconds
│   wall_time_remaining = 16 seconds, 863 milliseconds
│   wall_time_spent = 9 seconds, 303 milliseconds
│   percent_complete = 35.6%
│   estimated_sypd = 18.08
│   instantaneous_sypd = 16.12
│   date_now = 2026-07-05T16:50:52.995
└   estimated_finish_date = 2026-07-05T16:51:09.995
┌ Info: Progress
│   simulation_time = 19 hours, 28 minutes
│   n_steps_completed = 2337
│   wall_time_per_step = 4 milliseconds, 613 microseconds
│   wall_time_total = 26 seconds, 573 milliseconds
│   wall_time_remaining = 15 seconds, 791 milliseconds
│   wall_time_spent = 10 seconds, 781 milliseconds
│   percent_complete = 40.6%
│   estimated_sypd = 17.804
│   instantaneous_sypd = 16.064
│   date_now = 2026-07-05T16:50:54.473
└   estimated_finish_date = 2026-07-05T16:51:10.473
┌ Info: Progress
│   simulation_time = 21 hours, 53 minutes
│   n_steps_completed = 2626
│   wall_time_per_step = 4 milliseconds, 740 microseconds
│   wall_time_total = 27 seconds, 303 milliseconds
│   wall_time_remaining = 14 seconds, 855 milliseconds
│   wall_time_spent = 12 seconds, 447 milliseconds
│   percent_complete = 45.6%
│   estimated_sypd = 17.328
│   instantaneous_sypd = 14.247
│   date_now = 2026-07-05T16:50:56.139
└   estimated_finish_date = 2026-07-05T16:51:11.139
┌ Info: Progress
│   simulation_time = 1 day, 17 minutes
│   n_steps_completed = 2915
│   wall_time_per_step = 4 milliseconds, 804 microseconds
│   wall_time_total = 27 seconds, 674 milliseconds
│   wall_time_remaining = 13 seconds, 669 milliseconds
│   wall_time_spent = 14 seconds, 5 milliseconds
│   percent_complete = 50.6%
│   estimated_sypd = 17.095
│   instantaneous_sypd = 15.237
│   date_now = 2026-07-05T16:50:57.697
└   estimated_finish_date = 2026-07-05T16:51:11.697
┌ Info: Progress
│   simulation_time = 1 day, 2 hours
│   n_steps_completed = 3204
│   wall_time_per_step = 4 milliseconds, 865 microseconds
│   wall_time_total = 28 seconds, 27 milliseconds
│   wall_time_remaining = 12 seconds, 437 milliseconds
│   wall_time_spent = 15 seconds, 590 milliseconds
│   percent_complete = 55.6%
│   estimated_sypd = 16.88
│   instantaneous_sypd = 14.976
│   date_now = 2026-07-05T16:50:59.282
└   estimated_finish_date = 2026-07-05T16:51:12.282
┌ Info: Progress
│   simulation_time = 1 day, 5 hours
│   n_steps_completed = 3493
│   wall_time_per_step = 4 milliseconds, 935 microseconds
│   wall_time_total = 28 seconds, 426 milliseconds
│   wall_time_remaining = 11 seconds, 187 milliseconds
│   wall_time_spent = 17 seconds, 238 milliseconds
│   percent_complete = 60.6%
│   estimated_sypd = 16.643
│   instantaneous_sypd = 14.406
│   date_now = 2026-07-05T16:51:00.930
└   estimated_finish_date = 2026-07-05T16:51:12.930
┌ Info: Progress
│   simulation_time = 1 day, 7 hours
│   n_steps_completed = 3782
│   wall_time_per_step = 5 milliseconds, 16 microseconds
│   wall_time_total = 28 seconds, 892 milliseconds
│   wall_time_remaining = 9 seconds, 921 milliseconds
│   wall_time_spent = 18 seconds, 970 milliseconds
│   percent_complete = 65.7%
│   estimated_sypd = 16.374
│   instantaneous_sypd = 13.699
│   date_now = 2026-07-05T16:51:02.662
└   estimated_finish_date = 2026-07-05T16:51:12.662
┌ Info: Progress
│   simulation_time = 1 day, 9 hours
│   n_steps_completed = 4071
│   wall_time_per_step = 5 milliseconds, 84 microseconds
│   wall_time_total = 29 seconds, 285 milliseconds
│   wall_time_remaining = 8 seconds, 587 milliseconds
│   wall_time_spent = 20 seconds, 698 milliseconds
│   percent_complete = 70.7%
│   estimated_sypd = 16.155
│   instantaneous_sypd = 13.742
│   date_now = 2026-07-05T16:51:04.390
└   estimated_finish_date = 2026-07-05T16:51:13.390
┌ Info: Progress
│   simulation_time = 1 day, 10 hours
│   n_steps_completed = 4096
│   wall_time_per_step = 5 milliseconds, 92 microseconds
│   wall_time_total = 29 seconds, 332 milliseconds
│   wall_time_remaining = 8 seconds, 473 milliseconds
│   wall_time_spent = 20 seconds, 858 milliseconds
│   percent_complete = 71.1%
│   estimated_sypd = 16.129
│   instantaneous_sypd = 12.804
│   date_now = 2026-07-05T16:51:04.550
└   estimated_finish_date = 2026-07-05T16:51:13.550
┌ Info: Progress
│   simulation_time = 1 day, 12 hours
│   n_steps_completed = 4385
│   wall_time_per_step = 5 milliseconds, 162 microseconds
│   wall_time_total = 29 seconds, 733 milliseconds
│   wall_time_remaining = 7 seconds, 97 milliseconds
│   wall_time_spent = 22 seconds, 635 milliseconds
│   percent_complete = 76.1%
│   estimated_sypd = 15.911
│   instantaneous_sypd = 13.359
│   date_now = 2026-07-05T16:51:06.327
└   estimated_finish_date = 2026-07-05T16:51:14.327
┌ Info: Progress
│   simulation_time = 1 day, 14 hours
│   n_steps_completed = 4674
│   wall_time_per_step = 5 milliseconds, 240 microseconds
│   wall_time_total = 30 seconds, 183 milliseconds
│   wall_time_remaining = 5 seconds, 690 milliseconds
│   wall_time_spent = 24 seconds, 492 milliseconds
│   percent_complete = 81.1%
│   estimated_sypd = 15.674
│   instantaneous_sypd = 12.781
│   date_now = 2026-07-05T16:51:08.184
└   estimated_finish_date = 2026-07-05T16:51:14.184
┌ Info: Progress
│   simulation_time = 1 day, 17 hours
│   n_steps_completed = 4963
│   wall_time_per_step = 5 milliseconds, 307 microseconds
│   wall_time_total = 30 seconds, 569 milliseconds
│   wall_time_remaining = 4 seconds, 229 milliseconds
│   wall_time_spent = 26 seconds, 339 milliseconds
│   percent_complete = 86.2%
│   estimated_sypd = 15.476
│   instantaneous_sypd = 12.854
│   date_now = 2026-07-05T16:51:10.031
└   estimated_finish_date = 2026-07-05T16:51:15.031
┌ Info: Progress
│   simulation_time = 1 day, 19 hours
│   n_steps_completed = 5252
│   wall_time_per_step = 5 milliseconds, 373 microseconds
│   wall_time_total = 30 seconds, 949 milliseconds
│   wall_time_remaining = 2 seconds, 729 milliseconds
│   wall_time_spent = 28 seconds, 219 milliseconds
│   percent_complete = 91.2%
│   estimated_sypd = 15.286
│   instantaneous_sypd = 12.624
│   date_now = 2026-07-05T16:51:11.911
└   estimated_finish_date = 2026-07-05T16:51:14.911
┌ Info: Progress
│   simulation_time = 1 day, 22 hours
│   n_steps_completed = 5541
│   wall_time_per_step = 5 milliseconds, 448 microseconds
│   wall_time_total = 31 seconds, 383 milliseconds
│   wall_time_remaining = 1 second, 193 milliseconds
│   wall_time_spent = 30 seconds, 190 milliseconds
│   percent_complete = 96.2%
│   estimated_sypd = 15.075
│   instantaneous_sypd = 12.046
│   date_now = 2026-07-05T16:51:13.882
└   estimated_finish_date = 2026-07-05T16:51:15.882
[ Info: solve! walltime = 31.666
[ Info: sypd: 14.95
[ Info: wall_time_per_timestep: 5 milliseconds, 497 microseconds
[ Info: Memory currently used (after solve!) by the process (RSS): 8.68 GiB
[ Info: Completed member 12
┌ Info: Making AtmosConfig with config files: 
│      /home/jeff/larcform1-experiments/ClimaAtmos.jl/src/config/../../config/default_configs/default_config.yml
└   
┌ Info: numerics 
│          `energy_q_tot_upwinding`::`Val{:vanleer_limiter}`
│                `tracer_upwinding`::`Val{:vanleer_limiter}`
│       `edmfx_mse_q_tot_upwinding`::`Val{:first_order}`
│         `edmfx_sgsflux_upwinding`::`Val{:none}`
│          `edmfx_tracer_upwinding`::`Val{:first_order}`
│         `test_dycore_consistency`::`Nothing`
│            `reproducible_restart`::`Nothing`
│                         `limiter`::`Nothing`
│                       `diff_mode`::`ClimaAtmos.Implicit`
│                       `hyperdiff`::`Nothing`
└   
┌ Info: AtmosModel: 
│   
│                               `water`::`ClimaAtmos.AtmosWater{ClimaAtmos.NonEquilibriumMicrophysics1M, ClimaAtmos.QuadratureCloud, ClimaAtmos.Implicit, Nothing, ClimaAtmos.SGSQuadrature{3, StaticArraysCore.SVector{3, Float32}, StaticArraysCore.SVector{3, Float32}, ClimaAtmos.GaussianSGS, Float32}, ClimaAtmos.FixedTerminalVelocity{Float32}}`
│                           `scm_setup`::`ClimaAtmos.SCMSetup{Nothing, Nothing, Nothing, Bool, @NamedTuple{prof_ug::AtmosphericProfilesLibrary.ZProfile{AtmosphericProfilesLibrary.var"#Larcform1_geostrophic_u##0#Larcform1_geostrophic_u##1"{Float32}}, prof_vg::AtmosphericProfilesLibrary.ZProfile{Returns{Float32}}, coriolis_param::Float32}}`
│                           `radiation`::`ClimaAtmos.AtmosRadiation{ClimaAtmos.RRTMGPInterface.AllSkyRadiationWithClearSkyDiagnostics{ClimaAtmos.InteractiveCloudInRadiation}, ClimaAtmos.Larcform1Insolation}`
│                            `turbconv`::`ClimaAtmos.AtmosTurbconv{ClimaAtmos.EDMFXModel{ClimaAtmos.InvZEntrainment, ClimaAtmos.BuoyancyVelocityDetrainment, Val{true}, Val{true}, Val{true}, Val{true}, Val{true}, ClimaAtmos.SmoothMinimumBlending}, ClimaAtmos.PrognosticEDMFX{1, true, Float32}, Nothing, Nothing, Nothing}`
│                     `prescribed_flow`::`Nothing`
│                        `gravity_wave`::`ClimaAtmos.AtmosGravityWave{Nothing, Nothing}`
│                  `vertical_diffusion`::`Nothing`
│                              `sponge`::`ClimaAtmos.AtmosSponge{Nothing, Nothing}`
│                             `surface`::`ClimaAtmos.AtmosSurface{ClimaAtmos.SurfaceConditions.MoninObukhov{Float32, Nothing, Nothing}, ClimaAtmos.SurfaceConditions.SlabOceanTemperature{Float32}, ClimaAtmos.SurfaceConditions.SurfaceBoundaryOverrides{Float32, Float32, Nothing, Nothing, Nothing, Nothing}, ClimaAtmos.ConstantAlbedo{Float32}}`
│                            `numerics`::`ClimaAtmos.AtmosNumerics{Val{:vanleer_limiter}, Val{:vanleer_limiter}, Val{:first_order}, Val{:none}, Val{:first_order}, Nothing, Nothing, Nothing, ClimaAtmos.Implicit, Nothing}`
│                           `chemistry`::`ClimaAtmos.AtmosChem{Nothing}`
└   
┌ Info: Microphysics settings: 
│                          `n_substeps`::`3`
│                     `n_substeps_quad`::`2`
│              `cloud_liquid_formation`::`CloudLiquidFormation`
│                 `cloud_ice_formation`::`TemperatureDependent`
│                      `cloud_ice_melt`::`CloudIceMelt`
│                 `rain_autoconversion`::`Kessler1M`
│                 `snow_autoconversion`::`NoSupersaturation`
│       `rain_condensation_evaporation`::`RainEvaporation`
│         `snow_deposition_sublimation`::`DepositionAndSublimation`
│                           `snow_melt`::`SnowMelt`
│         `cloud_liquid_rain_accretion`::`CloudLiquidRainAccretion`
│         `cloud_liquid_snow_accretion`::`CloudLiquidSnowAccretion`
│            `cloud_ice_rain_accretion`::`CloudIceRainAccretion`
│            `cloud_ice_snow_accretion`::`CloudIceSnowAccretion`
│                 `rain_snow_accretion`::`RainSnowAccretion`
└   
[ Info: Single-process ClimaAtmos run on CPUSingleThreaded
[ Info: Using ODE config: `ClimaTimeSteppers.ARS222`
[ Info: Initialized state (60.252 μs, 7.76 KiB)
[ Info: Built cache (224.908 ms, 172.6 MiB)
[ Info: Assembled callbacks (126.623 μs, 17.42 KiB)
┌ Info: Jacobian algorithm: ManualSparseJacobian(
│     approximate_solve_iters = 2,
└   )
[ Info: Jacobian derivative flags: topography_flag = IgnoreDerivative, diffusion_flag = UseDerivative
[ Info: Built tendency function (188.645 μs, 201.06 KiB)
[ Info: Initialized integrator (8.55 ms, 169.03 KiB)
[ Info: Added 7 user-provided YAML-style diagnostics
[ Info: Saving accumulated diagnostics to disk with frequency: 1 hour
[ Info: Set up diagnostics (641.207 μs, 103.66 KiB)
[ Info: Initialized 7 total diagnostics
