┌ Info: Simulation info
│   job_id = lf1e_clw1_v9_condtime10
└   output_dir = experiments/clw sensitivity experiments/output/lf1e-clw-1/v9_condtime10/output_0001
┌ Info: Running
│   job_id = lf1e_clw1_v9_condtime10
│   output_dir = experiments/clw sensitivity experiments/output/lf1e-clw-1/v9_condtime10/output_0001
└   tspan = (0.0 seconds (2010-01-01T00:00:00) [counter = 0, period = 1 second, epoch = 2010-01-01T00:00:00], 172800.0 seconds (2010-01-03T00:00:00) [counter = 172800, period = 1 second, epoch = 2010-01-01T00:00:00])
┌ Info: Progress
│   simulation_time = 30 seconds
│   n_steps_completed = 1
│   wall_time_per_step = 0 seconds
│   wall_time_total = 0 seconds
│   wall_time_remaining = 0 seconds
│   wall_time_spent = 0 seconds
│   percent_complete = 0.0%
│   estimated_sypd = Inf
│   instantaneous_sypd = 0.0 (sdpd_estimate = 0.0)
│   date_now = 2026-07-04T09:03:28.884
└   estimated_finish_date = 2026-07-04T09:03:28.884
┌ Info: Progress
│   simulation_time = 1 minute
│   n_steps_completed = 2
│   wall_time_per_step = 0 seconds
│   wall_time_total = 0 seconds
│   wall_time_remaining = 0 seconds
│   wall_time_spent = 0 seconds
│   percent_complete = 0.0%
│   estimated_sypd = Inf
│   instantaneous_sypd = 0.031
│   date_now = 2026-07-04T09:03:31.515
└   estimated_finish_date = 2026-07-04T09:03:31.515
┌ Info: Progress
│   simulation_time = 2 minutes
│   n_steps_completed = 4
│   wall_time_per_step = 5 milliseconds, 316 microseconds
│   wall_time_total = 30 seconds, 620 milliseconds
│   wall_time_remaining = 30 seconds, 599 milliseconds
│   wall_time_spent = 21 milliseconds, 264 microseconds
│   percent_complete = 0.1%
│   estimated_sypd = 15.451
│   instantaneous_sypd = 15.451
│   date_now = 2026-07-04T09:03:31.526
└   estimated_finish_date = 2026-07-04T09:04:02.526
┌ Info: Progress
│   simulation_time = 4 minutes
│   n_steps_completed = 8
│   wall_time_per_step = 4 milliseconds, 865 microseconds
│   wall_time_total = 28 seconds, 25 milliseconds
│   wall_time_remaining = 27 seconds, 987 milliseconds
│   wall_time_spent = 38 milliseconds, 924 microseconds
│   percent_complete = 0.1%
│   estimated_sypd = 16.881
│   instantaneous_sypd = 18.603
│   date_now = 2026-07-04T09:03:31.544
└   estimated_finish_date = 2026-07-04T09:03:59.544
┌ Info: Progress
│   simulation_time = 8 minutes
│   n_steps_completed = 16
│   wall_time_per_step = 4 milliseconds, 924 microseconds
│   wall_time_total = 28 seconds, 367 milliseconds
│   wall_time_remaining = 28 seconds, 288 milliseconds
│   wall_time_spent = 78 milliseconds, 798 microseconds
│   percent_complete = 0.3%
│   estimated_sypd = 16.678
│   instantaneous_sypd = 16.479
│   date_now = 2026-07-04T09:03:31.584
└   estimated_finish_date = 2026-07-04T09:04:00.584
┌ Info: Progress
│   simulation_time = 16 minutes
│   n_steps_completed = 32
│   wall_time_per_step = 7 milliseconds, 678 microseconds
│   wall_time_total = 44 seconds, 229 milliseconds
│   wall_time_remaining = 43 seconds, 983 milliseconds
│   wall_time_spent = 245 milliseconds, 719 microseconds
│   percent_complete = 0.6%
│   estimated_sypd = 10.697
│   instantaneous_sypd = 7.873
│   date_now = 2026-07-04T09:03:31.751
└   estimated_finish_date = 2026-07-04T09:04:15.751
┌ Info: Progress
│   simulation_time = 32 minutes
│   n_steps_completed = 64
│   wall_time_per_step = 7 milliseconds, 933 microseconds
│   wall_time_total = 45 seconds, 697 milliseconds
│   wall_time_remaining = 45 seconds, 190 milliseconds
│   wall_time_spent = 507 milliseconds, 754 microseconds
│   percent_complete = 1.1%
│   estimated_sypd = 10.353
│   instantaneous_sypd = 10.03
│   date_now = 2026-07-04T09:03:32.013
└   estimated_finish_date = 2026-07-04T09:04:18.013
┌ Info: Progress
│   simulation_time = 1 hour, 4 minutes
│   n_steps_completed = 128
│   wall_time_per_step = 8 milliseconds, 30 microseconds
│   wall_time_total = 46 seconds, 254 milliseconds
│   wall_time_remaining = 45 seconds, 226 milliseconds
│   wall_time_spent = 1 second, 27 milliseconds
│   percent_complete = 2.2%
│   estimated_sypd = 10.228
│   instantaneous_sypd = 10.107
│   date_now = 2026-07-04T09:03:32.533
└   estimated_finish_date = 2026-07-04T09:04:18.533
┌ Info: Progress
│   simulation_time = 2 hours, 8 minutes
│   n_steps_completed = 256
│   wall_time_per_step = 7 milliseconds, 806 microseconds
│   wall_time_total = 44 seconds, 964 milliseconds
│   wall_time_remaining = 42 seconds, 965 milliseconds
│   wall_time_spent = 1 second, 998 milliseconds
│   percent_complete = 4.4%
│   estimated_sypd = 10.522
│   instantaneous_sypd = 10.833
│   date_now = 2026-07-04T09:03:33.503
└   estimated_finish_date = 2026-07-04T09:04:16.503
┌ Info: Progress
│   simulation_time = 4 hours, 16 minutes
│   n_steps_completed = 512
│   wall_time_per_step = 7 milliseconds, 823 microseconds
│   wall_time_total = 45 seconds, 62 milliseconds
│   wall_time_remaining = 41 seconds, 57 milliseconds
│   wall_time_spent = 4 seconds, 5 milliseconds
│   percent_complete = 8.9%
│   estimated_sypd = 10.499
│   instantaneous_sypd = 10.476
│   date_now = 2026-07-04T09:03:35.510
└   estimated_finish_date = 2026-07-04T09:04:17.510
┌ Info: Progress
│   simulation_time = 6 hours, 40 minutes
│   n_steps_completed = 801
│   wall_time_per_step = 7 milliseconds, 876 microseconds
│   wall_time_total = 45 seconds, 366 milliseconds
│   wall_time_remaining = 39 seconds, 57 milliseconds
│   wall_time_spent = 6 seconds, 308 milliseconds
│   percent_complete = 13.9%
│   estimated_sypd = 10.428
│   instantaneous_sypd = 10.306
│   date_now = 2026-07-04T09:03:37.814
└   estimated_finish_date = 2026-07-04T09:04:17.814
┌ Info: Progress
│   simulation_time = 8 hours, 32 minutes
│   n_steps_completed = 1024
│   wall_time_per_step = 7 milliseconds, 907 microseconds
│   wall_time_total = 45 seconds, 545 milliseconds
│   wall_time_remaining = 37 seconds, 448 milliseconds
│   wall_time_spent = 8 seconds, 97 milliseconds
│   percent_complete = 17.8%
│   estimated_sypd = 10.387
│   instantaneous_sypd = 10.243
│   date_now = 2026-07-04T09:03:39.602
└   estimated_finish_date = 2026-07-04T09:04:17.602
┌ Info: Progress
│   simulation_time = 10 hours, 56 minutes
│   n_steps_completed = 1313
│   wall_time_per_step = 7 milliseconds, 951 microseconds
│   wall_time_total = 45 seconds, 801 milliseconds
│   wall_time_remaining = 35 seconds, 361 milliseconds
│   wall_time_spent = 10 seconds, 440 milliseconds
│   percent_complete = 22.8%
│   estimated_sypd = 10.329
│   instantaneous_sypd = 10.128
│   date_now = 2026-07-04T09:03:41.946
└   estimated_finish_date = 2026-07-04T09:04:17.946
┌ Info: Progress
│   simulation_time = 13 hours, 21 minutes
│   n_steps_completed = 1602
│   wall_time_per_step = 8 milliseconds, 128 microseconds
│   wall_time_total = 46 seconds, 820 milliseconds
│   wall_time_remaining = 33 seconds, 798 milliseconds
│   wall_time_spent = 13 seconds, 22 milliseconds
│   percent_complete = 27.8%
│   estimated_sypd = 10.104
│   instantaneous_sypd = 9.195
│   date_now = 2026-07-04T09:03:44.527
└   estimated_finish_date = 2026-07-04T09:04:18.527
┌ Info: Progress
│   simulation_time = 15 hours, 45 minutes
│   n_steps_completed = 1891
│   wall_time_per_step = 8 milliseconds, 295 microseconds
│   wall_time_total = 47 seconds, 782 milliseconds
│   wall_time_remaining = 32 seconds, 95 milliseconds
│   wall_time_spent = 15 seconds, 687 milliseconds
│   percent_complete = 32.8%
│   estimated_sypd = 9.901
│   instantaneous_sypd = 8.907
│   date_now = 2026-07-04T09:03:47.192
└   estimated_finish_date = 2026-07-04T09:04:20.192
┌ Info: Progress
│   simulation_time = 17 hours, 4 minutes
│   n_steps_completed = 2048
│   wall_time_per_step = 8 milliseconds, 289 microseconds
│   wall_time_total = 47 seconds, 746 milliseconds
│   wall_time_remaining = 30 seconds, 769 milliseconds
│   wall_time_spent = 16 seconds, 976 milliseconds
│   percent_complete = 35.6%
│   estimated_sypd = 9.909
│   instantaneous_sypd = 10.0
│   date_now = 2026-07-04T09:03:48.481
└   estimated_finish_date = 2026-07-04T09:04:19.481
┌ Info: Progress
│   simulation_time = 19 hours, 28 minutes
│   n_steps_completed = 2337
│   wall_time_per_step = 8 milliseconds, 388 microseconds
│   wall_time_total = 48 seconds, 314 milliseconds
│   wall_time_remaining = 28 seconds, 712 milliseconds
│   wall_time_spent = 19 seconds, 602 milliseconds
│   percent_complete = 40.6%
│   estimated_sypd = 9.792
│   instantaneous_sypd = 9.038
│   date_now = 2026-07-04T09:03:51.108
└   estimated_finish_date = 2026-07-04T09:04:20.108
┌ Info: Progress
│   simulation_time = 21 hours, 53 minutes
│   n_steps_completed = 2626
│   wall_time_per_step = 8 milliseconds, 851 microseconds
│   wall_time_total = 50 seconds, 982 milliseconds
│   wall_time_remaining = 27 seconds, 739 milliseconds
│   wall_time_spent = 23 seconds, 242 milliseconds
│   percent_complete = 45.6%
│   estimated_sypd = 9.28
│   instantaneous_sypd = 6.521
│   date_now = 2026-07-04T09:03:54.748
└   estimated_finish_date = 2026-07-04T09:04:22.748
┌ Info: Progress
│   simulation_time = 1 day, 17 minutes
│   n_steps_completed = 2915
│   wall_time_per_step = 8 milliseconds, 823 microseconds
│   wall_time_total = 50 seconds, 822 milliseconds
│   wall_time_remaining = 25 seconds, 102 milliseconds
│   wall_time_spent = 25 seconds, 719 milliseconds
│   percent_complete = 50.6%
│   estimated_sypd = 9.309
│   instantaneous_sypd = 9.583
│   date_now = 2026-07-04T09:03:57.225
└   estimated_finish_date = 2026-07-04T09:04:23.225
┌ Info: Progress
│   simulation_time = 1 day, 2 hours
│   n_steps_completed = 3204
│   wall_time_per_step = 8 milliseconds, 776 microseconds
│   wall_time_total = 50 seconds, 553 milliseconds
│   wall_time_remaining = 22 seconds, 432 milliseconds
│   wall_time_spent = 28 seconds, 120 milliseconds
│   percent_complete = 55.6%
│   estimated_sypd = 9.358
│   instantaneous_sypd = 9.89
│   date_now = 2026-07-04T09:03:59.625
└   estimated_finish_date = 2026-07-04T09:04:22.625
┌ Info: Progress
│   simulation_time = 1 day, 5 hours
│   n_steps_completed = 3493
│   wall_time_per_step = 8 milliseconds, 731 microseconds
│   wall_time_total = 50 seconds, 293 milliseconds
│   wall_time_remaining = 19 seconds, 794 milliseconds
│   wall_time_spent = 30 seconds, 499 milliseconds
│   percent_complete = 60.6%
│   estimated_sypd = 9.407
│   instantaneous_sypd = 9.977
│   date_now = 2026-07-04T09:04:02.004
└   estimated_finish_date = 2026-07-04T09:04:22.004
┌ Info: Progress
│   simulation_time = 1 day, 7 hours
│   n_steps_completed = 3782
│   wall_time_per_step = 8 milliseconds, 708 microseconds
│   wall_time_total = 50 seconds, 160 milliseconds
│   wall_time_remaining = 17 seconds, 225 milliseconds
│   wall_time_spent = 32 seconds, 935 milliseconds
│   percent_complete = 65.7%
│   estimated_sypd = 9.432
│   instantaneous_sypd = 9.744
│   date_now = 2026-07-04T09:04:04.440
└   estimated_finish_date = 2026-07-04T09:04:22.440
┌ Info: Progress
│   simulation_time = 1 day, 9 hours
│   n_steps_completed = 4071
│   wall_time_per_step = 8 milliseconds, 819 microseconds
│   wall_time_total = 50 seconds, 800 milliseconds
│   wall_time_remaining = 14 seconds, 896 milliseconds
│   wall_time_spent = 35 seconds, 904 milliseconds
│   percent_complete = 70.7%
│   estimated_sypd = 9.313
│   instantaneous_sypd = 7.996
│   date_now = 2026-07-04T09:04:07.410
└   estimated_finish_date = 2026-07-04T09:04:22.409
┌ Info: Progress
│   simulation_time = 1 day, 10 hours
│   n_steps_completed = 4096
│   wall_time_per_step = 8 milliseconds, 845 microseconds
│   wall_time_total = 50 seconds, 949 milliseconds
│   wall_time_remaining = 14 seconds, 718 milliseconds
│   wall_time_spent = 36 seconds, 230 milliseconds
│   percent_complete = 71.1%
│   estimated_sypd = 9.286
│   instantaneous_sypd = 6.29
│   date_now = 2026-07-04T09:04:07.736
└   estimated_finish_date = 2026-07-04T09:04:22.736
┌ Info: Progress
│   simulation_time = 1 day, 12 hours
│   n_steps_completed = 4385
│   wall_time_per_step = 8 milliseconds, 854 microseconds
│   wall_time_total = 50 seconds, 999 milliseconds
│   wall_time_remaining = 12 seconds, 174 milliseconds
│   wall_time_spent = 38 seconds, 825 milliseconds
│   percent_complete = 76.1%
│   estimated_sypd = 9.277
│   instantaneous_sypd = 9.149
│   date_now = 2026-07-04T09:04:10.330
└   estimated_finish_date = 2026-07-04T09:04:23.330
┌ Info: Progress
│   simulation_time = 1 day, 14 hours
│   n_steps_completed = 4674
│   wall_time_per_step = 8 milliseconds, 823 microseconds
│   wall_time_total = 50 seconds, 821 milliseconds
│   wall_time_remaining = 9 seconds, 581 milliseconds
│   wall_time_spent = 41 seconds, 239 milliseconds
│   percent_complete = 81.1%
│   estimated_sypd = 9.309
│   instantaneous_sypd = 9.834
│   date_now = 2026-07-04T09:04:12.744
└   estimated_finish_date = 2026-07-04T09:04:22.744
┌ Info: Progress
│   simulation_time = 1 day, 17 hours
│   n_steps_completed = 4963
│   wall_time_per_step = 8 milliseconds, 822 microseconds
│   wall_time_total = 50 seconds, 815 milliseconds
│   wall_time_remaining = 7 seconds, 31 milliseconds
│   wall_time_spent = 43 seconds, 784 milliseconds
│   percent_complete = 86.2%
│   estimated_sypd = 9.31
│   instantaneous_sypd = 9.325
│   date_now = 2026-07-04T09:04:15.290
└   estimated_finish_date = 2026-07-04T09:04:23.290
┌ Info: Progress
│   simulation_time = 1 day, 19 hours
│   n_steps_completed = 5252
│   wall_time_per_step = 8 milliseconds, 836 microseconds
│   wall_time_total = 50 seconds, 896 milliseconds
│   wall_time_remaining = 4 seconds, 488 milliseconds
│   wall_time_spent = 46 seconds, 408 milliseconds
│   percent_complete = 91.2%
│   estimated_sypd = 9.295
│   instantaneous_sypd = 9.048
│   date_now = 2026-07-04T09:04:17.913
└   estimated_finish_date = 2026-07-04T09:04:22.913
┌ Info: Progress
│   simulation_time = 1 day, 22 hours
│   n_steps_completed = 5541
│   wall_time_per_step = 8 milliseconds, 949 microseconds
│   wall_time_total = 51 seconds, 546 milliseconds
│   wall_time_remaining = 1 second, 959 milliseconds
│   wall_time_spent = 49 seconds, 586 milliseconds
│   percent_complete = 96.2%
│   estimated_sypd = 9.178
│   instantaneous_sypd = 7.468
│   date_now = 2026-07-04T09:04:21.092
└   estimated_finish_date = 2026-07-04T09:04:23.092
[ Info: solve! walltime = 51.569
[ Info: sypd: 9.18
[ Info: wall_time_per_timestep: 8 milliseconds, 953 microseconds
[ Info: Memory currently used (after solve!) by the process (RSS): 8.96 GiB
┌ Info: Finished variation [9/9]
│   overlay = experiments/clw sensitivity experiments/configs/v9_condtime10.yml
│   job_id = lf1e_clw1_v9_condtime10
│   ret_code = success
└   walltime = 54.7s
[ Warn: 1 / 9 variations failed
