┌ Info: Simulation info
│   job_id = lf1e_clw_cal_member
└   output_dir = /home/jeff/larcform1-experiments/experiments/clw calibration/output/uki_1/iteration_002/member_013/output_0000
┌ Info: Running
│   job_id = lf1e_clw_cal_member
│   output_dir = /home/jeff/larcform1-experiments/experiments/clw calibration/output/uki_1/iteration_002/member_013/output_0000
└   tspan = (0.0 seconds (2010-01-01T00:00:00) [counter = 0, period = 1 second, epoch = 2010-01-01T00:00:00], 172800.0 seconds (2010-01-03T00:00:00) [counter = 172800, period = 1 second, epoch = 2010-01-01T00:00:00])
┌ Info: Progress
│   simulation_time = 30 seconds
│   n_steps_completed = 1
│   wall_time_per_step = 0 seconds
│   wall_time_total = 0 seconds
│   wall_time_remaining = 0 seconds
│   wall_time_spent = 0 seconds
│   percent_complete = 0.0%
│   estimated_sypd = Inf
│   instantaneous_sypd = 0.0 (sdpd_estimate = 0.0)
│   date_now = 2026-07-05T16:28:49.620
└   estimated_finish_date = 2026-07-05T16:28:49.620
┌ Info: Progress
│   simulation_time = 1 minute
│   n_steps_completed = 2
│   wall_time_per_step = 0 seconds
│   wall_time_total = 0 seconds
│   wall_time_remaining = 0 seconds
│   wall_time_spent = 0 seconds
│   percent_complete = 0.0%
│   estimated_sypd = Inf
│   instantaneous_sypd = 0.031
│   date_now = 2026-07-05T16:28:52.265
└   estimated_finish_date = 2026-07-05T16:28:52.265
┌ Info: Progress
│   simulation_time = 2 minutes
│   n_steps_completed = 4
│   wall_time_per_step = 4 milliseconds, 709 microseconds
│   wall_time_total = 27 seconds, 123 milliseconds
│   wall_time_remaining = 27 seconds, 105 milliseconds
│   wall_time_spent = 18 milliseconds, 836 microseconds
│   percent_complete = 0.1%
│   estimated_sypd = 17.442
│   instantaneous_sypd = 17.442
│   date_now = 2026-07-05T16:28:52.274
└   estimated_finish_date = 2026-07-05T16:29:20.274
┌ Info: Progress
│   simulation_time = 4 minutes
│   n_steps_completed = 8
│   wall_time_per_step = 4 milliseconds, 409 microseconds
│   wall_time_total = 25 seconds, 397 milliseconds
│   wall_time_remaining = 25 seconds, 362 milliseconds
│   wall_time_spent = 35 milliseconds, 274 microseconds
│   percent_complete = 0.1%
│   estimated_sypd = 18.628
│   instantaneous_sypd = 19.987
│   date_now = 2026-07-05T16:28:52.291
└   estimated_finish_date = 2026-07-05T16:29:18.291
┌ Info: Progress
│   simulation_time = 8 minutes
│   n_steps_completed = 16
│   wall_time_per_step = 4 milliseconds, 122 microseconds
│   wall_time_total = 23 seconds, 744 milliseconds
│   wall_time_remaining = 23 seconds, 678 milliseconds
│   wall_time_spent = 65 milliseconds, 958 microseconds
│   percent_complete = 0.3%
│   estimated_sypd = 19.924
│   instantaneous_sypd = 21.415
│   date_now = 2026-07-05T16:28:52.321
└   estimated_finish_date = 2026-07-05T16:29:16.321
┌ Info: Progress
│   simulation_time = 16 minutes
│   n_steps_completed = 32
│   wall_time_per_step = 3 milliseconds, 972 microseconds
│   wall_time_total = 22 seconds, 883 milliseconds
│   wall_time_remaining = 22 seconds, 755 milliseconds
│   wall_time_spent = 127 milliseconds, 128 microseconds
│   percent_complete = 0.6%
│   estimated_sypd = 20.675
│   instantaneous_sypd = 21.484
│   date_now = 2026-07-05T16:28:52.382
└   estimated_finish_date = 2026-07-05T16:29:15.382
┌ Info: Progress
│   simulation_time = 32 minutes
│   n_steps_completed = 64
│   wall_time_per_step = 4 milliseconds, 4 microseconds
│   wall_time_total = 23 seconds, 68 milliseconds
│   wall_time_remaining = 22 seconds, 812 milliseconds
│   wall_time_spent = 256 milliseconds, 317 microseconds
│   percent_complete = 1.1%
│   estimated_sypd = 20.508
│   instantaneous_sypd = 20.345
│   date_now = 2026-07-05T16:28:52.512
└   estimated_finish_date = 2026-07-05T16:29:15.512
┌ Info: Progress
│   simulation_time = 1 hour, 4 minutes
│   n_steps_completed = 128
│   wall_time_per_step = 4 milliseconds, 125 microseconds
│   wall_time_total = 23 seconds, 760 milliseconds
│   wall_time_remaining = 23 seconds, 232 milliseconds
│   wall_time_spent = 528 milliseconds, 2 microseconds
│   percent_complete = 2.2%
│   estimated_sypd = 19.912
│   instantaneous_sypd = 19.348
│   date_now = 2026-07-05T16:28:52.783
└   estimated_finish_date = 2026-07-05T16:29:16.783
┌ Info: Progress
│   simulation_time = 2 hours, 8 minutes
│   n_steps_completed = 256
│   wall_time_per_step = 4 milliseconds, 77 microseconds
│   wall_time_total = 23 seconds, 485 milliseconds
│   wall_time_remaining = 22 seconds, 441 milliseconds
│   wall_time_spent = 1 second, 43 milliseconds
│   percent_complete = 4.4%
│   estimated_sypd = 20.145
│   instantaneous_sypd = 20.383
│   date_now = 2026-07-05T16:28:53.299
└   estimated_finish_date = 2026-07-05T16:29:16.299
┌ Info: Progress
│   simulation_time = 4 hours, 16 minutes
│   n_steps_completed = 512
│   wall_time_per_step = 4 milliseconds, 98 microseconds
│   wall_time_total = 23 seconds, 607 milliseconds
│   wall_time_remaining = 21 seconds, 509 milliseconds
│   wall_time_spent = 2 seconds, 98 milliseconds
│   percent_complete = 8.9%
│   estimated_sypd = 20.04
│   instantaneous_sypd = 19.937
│   date_now = 2026-07-05T16:28:54.354
└   estimated_finish_date = 2026-07-05T16:29:16.354
┌ Info: Progress
│   simulation_time = 6 hours, 40 minutes
│   n_steps_completed = 801
│   wall_time_per_step = 4 milliseconds, 167 microseconds
│   wall_time_total = 24 seconds, 3 milliseconds
│   wall_time_remaining = 20 seconds, 665 milliseconds
│   wall_time_spent = 3 seconds, 337 milliseconds
│   percent_complete = 13.9%
│   estimated_sypd = 19.71
│   instantaneous_sypd = 19.15
│   date_now = 2026-07-05T16:28:55.593
└   estimated_finish_date = 2026-07-05T16:29:16.593
┌ Info: Progress
│   simulation_time = 8 hours, 32 minutes
│   n_steps_completed = 1024
│   wall_time_per_step = 4 milliseconds, 225 microseconds
│   wall_time_total = 24 seconds, 340 milliseconds
│   wall_time_remaining = 20 seconds, 13 milliseconds
│   wall_time_spent = 4 seconds, 327 milliseconds
│   percent_complete = 17.8%
│   estimated_sypd = 19.437
│   instantaneous_sypd = 18.517
│   date_now = 2026-07-05T16:28:56.583
└   estimated_finish_date = 2026-07-05T16:29:17.583
┌ Info: Progress
│   simulation_time = 10 hours, 56 minutes
│   n_steps_completed = 1313
│   wall_time_per_step = 4 milliseconds, 287 microseconds
│   wall_time_total = 24 seconds, 697 milliseconds
│   wall_time_remaining = 19 seconds, 67 milliseconds
│   wall_time_spent = 5 seconds, 629 milliseconds
│   percent_complete = 22.8%
│   estimated_sypd = 19.156
│   instantaneous_sypd = 18.223
│   date_now = 2026-07-05T16:28:57.885
└   estimated_finish_date = 2026-07-05T16:29:17.885
┌ Info: Progress
│   simulation_time = 13 hours, 21 minutes
│   n_steps_completed = 1602
│   wall_time_per_step = 4 milliseconds, 366 microseconds
│   wall_time_total = 25 seconds, 149 milliseconds
│   wall_time_remaining = 18 seconds, 155 milliseconds
│   wall_time_spent = 6 seconds, 994 milliseconds
│   percent_complete = 27.8%
│   estimated_sypd = 18.811
│   instantaneous_sypd = 17.389
│   date_now = 2026-07-05T16:28:59.250
└   estimated_finish_date = 2026-07-05T16:29:18.250
┌ Info: Progress
│   simulation_time = 15 hours, 45 minutes
│   n_steps_completed = 1891
│   wall_time_per_step = 4 milliseconds, 445 microseconds
│   wall_time_total = 25 seconds, 605 milliseconds
│   wall_time_remaining = 17 seconds, 199 milliseconds
│   wall_time_spent = 8 seconds, 406 milliseconds
│   percent_complete = 32.8%
│   estimated_sypd = 18.477
│   instantaneous_sypd = 16.819
│   date_now = 2026-07-05T16:29:00.662
└   estimated_finish_date = 2026-07-05T16:29:18.662
┌ Info: Progress
│   simulation_time = 17 hours, 4 minutes
│   n_steps_completed = 2048
│   wall_time_per_step = 4 milliseconds, 493 microseconds
│   wall_time_total = 25 seconds, 881 milliseconds
│   wall_time_remaining = 16 seconds, 679 milliseconds
│   wall_time_spent = 9 seconds, 202 milliseconds
│   percent_complete = 35.6%
│   estimated_sypd = 18.28
│   instantaneous_sypd = 16.198
│   date_now = 2026-07-05T16:29:01.458
└   estimated_finish_date = 2026-07-05T16:29:18.458
┌ Info: Progress
│   simulation_time = 19 hours, 28 minutes
│   n_steps_completed = 2337
│   wall_time_per_step = 4 milliseconds, 569 microseconds
│   wall_time_total = 26 seconds, 320 milliseconds
│   wall_time_remaining = 15 seconds, 641 milliseconds
│   wall_time_spent = 10 seconds, 678 milliseconds
│   percent_complete = 40.6%
│   estimated_sypd = 17.975
│   instantaneous_sypd = 16.076
│   date_now = 2026-07-05T16:29:02.934
└   estimated_finish_date = 2026-07-05T16:29:18.934
┌ Info: Progress
│   simulation_time = 21 hours, 53 minutes
│   n_steps_completed = 2626
│   wall_time_per_step = 4 milliseconds, 653 microseconds
│   wall_time_total = 26 seconds, 802 milliseconds
│   wall_time_remaining = 14 seconds, 583 milliseconds
│   wall_time_spent = 12 seconds, 219 milliseconds
│   percent_complete = 45.6%
│   estimated_sypd = 17.651
│   instantaneous_sypd = 15.407
│   date_now = 2026-07-05T16:29:04.475
└   estimated_finish_date = 2026-07-05T16:29:19.475
┌ Info: Progress
│   simulation_time = 1 day, 17 minutes
│   n_steps_completed = 2915
│   wall_time_per_step = 4 milliseconds, 780 microseconds
│   wall_time_total = 27 seconds, 535 milliseconds
│   wall_time_remaining = 13 seconds, 600 milliseconds
│   wall_time_spent = 13 seconds, 934 milliseconds
│   percent_complete = 50.6%
│   estimated_sypd = 17.182
│   instantaneous_sypd = 13.838
│   date_now = 2026-07-05T16:29:06.190
└   estimated_finish_date = 2026-07-05T16:29:20.190
┌ Info: Progress
│   simulation_time = 1 day, 2 hours
│   n_steps_completed = 3204
│   wall_time_per_step = 4 milliseconds, 847 microseconds
│   wall_time_total = 27 seconds, 923 milliseconds
│   wall_time_remaining = 12 seconds, 391 milliseconds
│   wall_time_spent = 15 seconds, 532 milliseconds
│   percent_complete = 55.6%
│   estimated_sypd = 16.943
│   instantaneous_sypd = 14.858
│   date_now = 2026-07-05T16:29:07.788
└   estimated_finish_date = 2026-07-05T16:29:20.788
┌ Info: Progress
│   simulation_time = 1 day, 5 hours
│   n_steps_completed = 3493
│   wall_time_per_step = 4 milliseconds, 919 microseconds
│   wall_time_total = 28 seconds, 334 milliseconds
│   wall_time_remaining = 11 seconds, 151 milliseconds
│   wall_time_spent = 17 seconds, 182 milliseconds
│   percent_complete = 60.6%
│   estimated_sypd = 16.697
│   instantaneous_sypd = 14.383
│   date_now = 2026-07-05T16:29:09.438
└   estimated_finish_date = 2026-07-05T16:29:21.438
┌ Info: Progress
│   simulation_time = 1 day, 7 hours
│   n_steps_completed = 3782
│   wall_time_per_step = 4 milliseconds, 991 microseconds
│   wall_time_total = 28 seconds, 750 milliseconds
│   wall_time_remaining = 9 seconds, 873 milliseconds
│   wall_time_spent = 18 seconds, 877 milliseconds
│   percent_complete = 65.7%
│   estimated_sypd = 16.455
│   instantaneous_sypd = 14.005
│   date_now = 2026-07-05T16:29:11.133
└   estimated_finish_date = 2026-07-05T16:29:21.133
┌ Info: Progress
│   simulation_time = 1 day, 9 hours
│   n_steps_completed = 4071
│   wall_time_per_step = 5 milliseconds, 77 microseconds
│   wall_time_total = 29 seconds, 244 milliseconds
│   wall_time_remaining = 8 seconds, 575 milliseconds
│   wall_time_spent = 20 seconds, 669 milliseconds
│   percent_complete = 70.7%
│   estimated_sypd = 16.177
│   instantaneous_sypd = 13.249
│   date_now = 2026-07-05T16:29:12.925
└   estimated_finish_date = 2026-07-05T16:29:21.925
┌ Info: Progress
│   simulation_time = 1 day, 10 hours
│   n_steps_completed = 4096
│   wall_time_per_step = 5 milliseconds, 85 microseconds
│   wall_time_total = 29 seconds, 295 milliseconds
│   wall_time_remaining = 8 seconds, 463 milliseconds
│   wall_time_spent = 20 seconds, 832 milliseconds
│   percent_complete = 71.1%
│   estimated_sypd = 16.149
│   instantaneous_sypd = 12.625
│   date_now = 2026-07-05T16:29:13.088
└   estimated_finish_date = 2026-07-05T16:29:22.088
┌ Info: Progress
│   simulation_time = 1 day, 12 hours
│   n_steps_completed = 4385
│   wall_time_per_step = 5 milliseconds, 162 microseconds
│   wall_time_total = 29 seconds, 736 milliseconds
│   wall_time_remaining = 7 seconds, 98 milliseconds
│   wall_time_spent = 22 seconds, 637 milliseconds
│   percent_complete = 76.1%
│   estimated_sypd = 15.91
│   instantaneous_sypd = 13.145
│   date_now = 2026-07-05T16:29:14.893
└   estimated_finish_date = 2026-07-05T16:29:22.893
┌ Info: Progress
│   simulation_time = 1 day, 14 hours
│   n_steps_completed = 4674
│   wall_time_per_step = 5 milliseconds, 240 microseconds
│   wall_time_total = 30 seconds, 187 milliseconds
│   wall_time_remaining = 5 seconds, 691 milliseconds
│   wall_time_spent = 24 seconds, 495 milliseconds
│   percent_complete = 81.1%
│   estimated_sypd = 15.672
│   instantaneous_sypd = 12.776
│   date_now = 2026-07-05T16:29:16.751
└   estimated_finish_date = 2026-07-05T16:29:22.751
┌ Info: Progress
│   simulation_time = 1 day, 17 hours
│   n_steps_completed = 4963
│   wall_time_per_step = 5 milliseconds, 328 microseconds
│   wall_time_total = 30 seconds, 693 milliseconds
│   wall_time_remaining = 4 seconds, 247 milliseconds
│   wall_time_spent = 26 seconds, 446 milliseconds
│   percent_complete = 86.2%
│   estimated_sypd = 15.414
│   instantaneous_sypd = 12.167
│   date_now = 2026-07-05T16:29:18.702
└   estimated_finish_date = 2026-07-05T16:29:23.702
┌ Info: Progress
│   simulation_time = 1 day, 19 hours
│   n_steps_completed = 5252
│   wall_time_per_step = 5 milliseconds, 404 microseconds
│   wall_time_total = 31 seconds, 129 milliseconds
│   wall_time_remaining = 2 seconds, 745 milliseconds
│   wall_time_spent = 28 seconds, 383 milliseconds
│   percent_complete = 91.2%
│   estimated_sypd = 15.198
│   instantaneous_sypd = 12.256
│   date_now = 2026-07-05T16:29:20.639
└   estimated_finish_date = 2026-07-05T16:29:23.639
┌ Info: Progress
│   simulation_time = 1 day, 22 hours
│   n_steps_completed = 5541
│   wall_time_per_step = 5 milliseconds, 481 microseconds
│   wall_time_total = 31 seconds, 572 milliseconds
│   wall_time_remaining = 1 second, 200 milliseconds
│   wall_time_spent = 30 seconds, 372 milliseconds
│   percent_complete = 96.2%
│   estimated_sypd = 14.985
│   instantaneous_sypd = 11.938
│   date_now = 2026-07-05T16:29:22.628
└   estimated_finish_date = 2026-07-05T16:29:24.627
[ Info: solve! walltime = 31.943
[ Info: sypd: 14.821
[ Info: wall_time_per_timestep: 5 milliseconds, 545 microseconds
[ Info: Memory currently used (after solve!) by the process (RSS): 8.68 GiB
[ Info: Completed member 13
[ Info: Completed iteration 2, updating ensemble
[ Info: Iteration 2 (T=0.2162381860621289)
┌ Info: Covariance-weighted error: 1.049747000881005
│   Covariance trace: 3.206843575697096
└   Covariance trace ratio (current/previous): 0.8452788648492234
┌ Warn: Attempting to store EnsembleKalmanProcesses.var"#succ_gauss_analysis!#FailureHandler##18".
│   JLD2 only stores functions by name.
└    This may not be useful for anonymous functions.
┌ Warn: Attempting to store EnsembleKalmanProcesses.var"#failsafe_update#FailureHandler##21"{EnsembleKalmanProcesses.var"#succ_gauss_analysis!#FailureHandler##18"}.
│   JLD2 only stores functions by name.
└    This may not be useful for anonymous functions.
┌ Warn: Attempting to store EnsembleKalmanProcesses.Localizers.var"#Localizer##0#Localizer##1".
│   JLD2 only stores functions by name.
└    This may not be useful for anonymous functions.
┌ Info: Iteration 2 complete
│   misfit = 1.049747000881005
└   constrained_param_means = [71.81815679343516, 80.54537520418465, 0.0003640406375766439, 113.5053038796907, 0.23141825658573414, 1.2452567535415846]
[ Info: Iteration 3
┌ Info: Making AtmosConfig with config files: 
│      /home/jeff/larcform1-experiments/ClimaAtmos.jl/src/config/../../config/default_configs/default_config.yml
└   
┌ Info: numerics 
│          `energy_q_tot_upwinding`::`Val{:vanleer_limiter}`
│                `tracer_upwinding`::`Val{:vanleer_limiter}`
│       `edmfx_mse_q_tot_upwinding`::`Val{:first_order}`
│         `edmfx_sgsflux_upwinding`::`Val{:none}`
│          `edmfx_tracer_upwinding`::`Val{:first_order}`
│         `test_dycore_consistency`::`Nothing`
│            `reproducible_restart`::`Nothing`
│                         `limiter`::`Nothing`
│                       `diff_mode`::`ClimaAtmos.Implicit`
│                       `hyperdiff`::`Nothing`
└   
┌ Info: AtmosModel: 
│   
│                               `water`::`ClimaAtmos.AtmosWater{ClimaAtmos.NonEquilibriumMicrophysics1M, ClimaAtmos.QuadratureCloud, ClimaAtmos.Implicit, Nothing, ClimaAtmos.SGSQuadrature{3, StaticArraysCore.SVector{3, Float32}, StaticArraysCore.SVector{3, Float32}, ClimaAtmos.GaussianSGS, Float32}, ClimaAtmos.FixedTerminalVelocity{Float32}}`
│                           `scm_setup`::`ClimaAtmos.SCMSetup{Nothing, Nothing, Nothing, Bool, @NamedTuple{prof_ug::AtmosphericProfilesLibrary.ZProfile{AtmosphericProfilesLibrary.var"#Larcform1_geostrophic_u##0#Larcform1_geostrophic_u##1"{Float32}}, prof_vg::AtmosphericProfilesLibrary.ZProfile{Returns{Float32}}, coriolis_param::Float32}}`
│                           `radiation`::`ClimaAtmos.AtmosRadiation{ClimaAtmos.RRTMGPInterface.AllSkyRadiationWithClearSkyDiagnostics{ClimaAtmos.InteractiveCloudInRadiation}, ClimaAtmos.Larcform1Insolation}`
│                            `turbconv`::`ClimaAtmos.AtmosTurbconv{ClimaAtmos.EDMFXModel{ClimaAtmos.InvZEntrainment, ClimaAtmos.BuoyancyVelocityDetrainment, Val{true}, Val{true}, Val{true}, Val{true}, Val{true}, ClimaAtmos.SmoothMinimumBlending}, ClimaAtmos.PrognosticEDMFX{1, true, Float32}, Nothing, Nothing, Nothing}`
│                     `prescribed_flow`::`Nothing`
│                        `gravity_wave`::`ClimaAtmos.AtmosGravityWave{Nothing, Nothing}`
│                  `vertical_diffusion`::`Nothing`
│                              `sponge`::`ClimaAtmos.AtmosSponge{Nothing, Nothing}`
│                             `surface`::`ClimaAtmos.AtmosSurface{ClimaAtmos.SurfaceConditions.MoninObukhov{Float32, Nothing, Nothing}, ClimaAtmos.SurfaceConditions.SlabOceanTemperature{Float32}, ClimaAtmos.SurfaceConditions.SurfaceBoundaryOverrides{Float32, Float32, Nothing, Nothing, Nothing, Nothing}, ClimaAtmos.ConstantAlbedo{Float32}}`
│                            `numerics`::`ClimaAtmos.AtmosNumerics{Val{:vanleer_limiter}, Val{:vanleer_limiter}, Val{:first_order}, Val{:none}, Val{:first_order}, Nothing, Nothing, Nothing, ClimaAtmos.Implicit, Nothing}`
│                           `chemistry`::`ClimaAtmos.AtmosChem{Nothing}`
└   
┌ Info: Microphysics settings: 
│                          `n_substeps`::`3`
│                     `n_substeps_quad`::`2`
│              `cloud_liquid_formation`::`CloudLiquidFormation`
│                 `cloud_ice_formation`::`TemperatureDependent`
│                      `cloud_ice_melt`::`CloudIceMelt`
│                 `rain_autoconversion`::`Kessler1M`
│                 `snow_autoconversion`::`NoSupersaturation`
│       `rain_condensation_evaporation`::`RainEvaporation`
│         `snow_deposition_sublimation`::`DepositionAndSublimation`
│                           `snow_melt`::`SnowMelt`
│         `cloud_liquid_rain_accretion`::`CloudLiquidRainAccretion`
│         `cloud_liquid_snow_accretion`::`CloudLiquidSnowAccretion`
│            `cloud_ice_rain_accretion`::`CloudIceRainAccretion`
│            `cloud_ice_snow_accretion`::`CloudIceSnowAccretion`
│                 `rain_snow_accretion`::`RainSnowAccretion`
└   
[ Info: Single-process ClimaAtmos run on CPUSingleThreaded
[ Info: Using ODE config: `ClimaTimeSteppers.ARS222`
[ Info: Initialized state (63.612 μs, 7.76 KiB)
[ Info: Built cache (183.578 ms, 172.6 MiB)
[ Info: Assembled callbacks (135.754 μs, 17.42 KiB)
┌ Info: Jacobian algorithm: ManualSparseJacobian(
│     approximate_solve_iters = 2,
└   )
[ Info: Jacobian derivative flags: topography_flag = IgnoreDerivative, diffusion_flag = UseDerivative
[ Info: Built tendency function (203.495 μs, 201.06 KiB)
[ Info: Initialized integrator (8.57 ms, 169.03 KiB)
[ Info: Added 7 user-provided YAML-style diagnostics
[ Info: Saving accumulated diagnostics to disk with frequency: 1 hour
[ Info: Set up diagnostics (497.173 μs, 103.66 KiB)
[ Info: Initialized 7 total diagnostics
