┌ Info: Simulation info
│   job_id = lf1e_clw_cal_member
└   output_dir = /home/jeff/larcform1-experiments/experiments/clw calibration/output/uki_1/iteration_002/member_001/output_0000
┌ Info: Running
│   job_id = lf1e_clw_cal_member
│   output_dir = /home/jeff/larcform1-experiments/experiments/clw calibration/output/uki_1/iteration_002/member_001/output_0000
└   tspan = (0.0 seconds (2010-01-01T00:00:00) [counter = 0, period = 1 second, epoch = 2010-01-01T00:00:00], 172800.0 seconds (2010-01-03T00:00:00) [counter = 172800, period = 1 second, epoch = 2010-01-01T00:00:00])
┌ Info: Progress
│   simulation_time = 30 seconds
│   n_steps_completed = 1
│   wall_time_per_step = 0 seconds
│   wall_time_total = 0 seconds
│   wall_time_remaining = 0 seconds
│   wall_time_spent = 0 seconds
│   percent_complete = 0.0%
│   estimated_sypd = Inf
│   instantaneous_sypd = 0.0 (sdpd_estimate = 0.0)
│   date_now = 2026-07-05T16:22:00.420
└   estimated_finish_date = 2026-07-05T16:22:00.420
┌ Info: Progress
│   simulation_time = 1 minute
│   n_steps_completed = 2
│   wall_time_per_step = 0 seconds
│   wall_time_total = 0 seconds
│   wall_time_remaining = 0 seconds
│   wall_time_spent = 0 seconds
│   percent_complete = 0.0%
│   estimated_sypd = Inf
│   instantaneous_sypd = 0.03
│   date_now = 2026-07-05T16:22:03.130
└   estimated_finish_date = 2026-07-05T16:22:03.130
┌ Info: Progress
│   simulation_time = 2 minutes
│   n_steps_completed = 4
│   wall_time_per_step = 4 milliseconds, 655 microseconds
│   wall_time_total = 26 seconds, 815 milliseconds
│   wall_time_remaining = 26 seconds, 796 milliseconds
│   wall_time_spent = 18 milliseconds, 621 microseconds
│   percent_complete = 0.1%
│   estimated_sypd = 17.643
│   instantaneous_sypd = 17.643
│   date_now = 2026-07-05T16:22:03.139
└   estimated_finish_date = 2026-07-05T16:22:30.139
┌ Info: Progress
│   simulation_time = 4 minutes
│   n_steps_completed = 8
│   wall_time_per_step = 4 milliseconds, 373 microseconds
│   wall_time_total = 25 seconds, 190 milliseconds
│   wall_time_remaining = 25 seconds, 155 milliseconds
│   wall_time_spent = 34 milliseconds, 986 microseconds
│   percent_complete = 0.1%
│   estimated_sypd = 18.781
│   instantaneous_sypd = 20.076
│   date_now = 2026-07-05T16:22:03.156
└   estimated_finish_date = 2026-07-05T16:22:29.156
┌ Info: Progress
│   simulation_time = 8 minutes
│   n_steps_completed = 16
│   wall_time_per_step = 4 milliseconds, 118 microseconds
│   wall_time_total = 23 seconds, 721 milliseconds
│   wall_time_remaining = 23 seconds, 655 milliseconds
│   wall_time_spent = 65 milliseconds, 893 microseconds
│   percent_complete = 0.3%
│   estimated_sypd = 19.944
│   instantaneous_sypd = 21.26
│   date_now = 2026-07-05T16:22:03.187
└   estimated_finish_date = 2026-07-05T16:22:27.187
┌ Info: Progress
│   simulation_time = 16 minutes
│   n_steps_completed = 32
│   wall_time_per_step = 3 milliseconds, 971 microseconds
│   wall_time_total = 22 seconds, 877 milliseconds
│   wall_time_remaining = 22 seconds, 750 milliseconds
│   wall_time_spent = 127 milliseconds, 99 microseconds
│   percent_complete = 0.6%
│   estimated_sypd = 20.679
│   instantaneous_sypd = 21.472
│   date_now = 2026-07-05T16:22:03.248
└   estimated_finish_date = 2026-07-05T16:22:26.248
┌ Info: Progress
│   simulation_time = 32 minutes
│   n_steps_completed = 64
│   wall_time_per_step = 3 milliseconds, 990 microseconds
│   wall_time_total = 22 seconds, 986 milliseconds
│   wall_time_remaining = 22 seconds, 730 milliseconds
│   wall_time_spent = 255 milliseconds, 402 microseconds
│   percent_complete = 1.1%
│   estimated_sypd = 20.582
│   instantaneous_sypd = 20.485
│   date_now = 2026-07-05T16:22:03.376
└   estimated_finish_date = 2026-07-05T16:22:26.376
┌ Info: Progress
│   simulation_time = 1 hour, 4 minutes
│   n_steps_completed = 128
│   wall_time_per_step = 4 milliseconds, 87 microseconds
│   wall_time_total = 23 seconds, 543 milliseconds
│   wall_time_remaining = 23 seconds, 20 milliseconds
│   wall_time_spent = 523 milliseconds, 185 microseconds
│   percent_complete = 2.2%
│   estimated_sypd = 20.095
│   instantaneous_sypd = 19.63
│   date_now = 2026-07-05T16:22:03.644
└   estimated_finish_date = 2026-07-05T16:22:27.644
┌ Info: Progress
│   simulation_time = 2 hours, 8 minutes
│   n_steps_completed = 256
│   wall_time_per_step = 4 milliseconds, 77 microseconds
│   wall_time_total = 23 seconds, 487 milliseconds
│   wall_time_remaining = 22 seconds, 443 milliseconds
│   wall_time_spent = 1 second, 43 milliseconds
│   percent_complete = 4.4%
│   estimated_sypd = 20.143
│   instantaneous_sypd = 20.191
│   date_now = 2026-07-05T16:22:04.165
└   estimated_finish_date = 2026-07-05T16:22:27.165
┌ Info: Progress
│   simulation_time = 4 hours, 16 minutes
│   n_steps_completed = 512
│   wall_time_per_step = 4 milliseconds, 106 microseconds
│   wall_time_total = 23 seconds, 653 milliseconds
│   wall_time_remaining = 21 seconds, 551 milliseconds
│   wall_time_spent = 2 seconds, 102 milliseconds
│   percent_complete = 8.9%
│   estimated_sypd = 20.001
│   instantaneous_sypd = 19.861
│   date_now = 2026-07-05T16:22:05.223
└   estimated_finish_date = 2026-07-05T16:22:27.223
┌ Info: Progress
│   simulation_time = 6 hours, 40 minutes
│   n_steps_completed = 801
│   wall_time_per_step = 4 milliseconds, 167 microseconds
│   wall_time_total = 24 seconds, 1 millisecond
│   wall_time_remaining = 20 seconds, 664 milliseconds
│   wall_time_spent = 3 seconds, 337 milliseconds
│   percent_complete = 13.9%
│   estimated_sypd = 19.711
│   instantaneous_sypd = 19.217
│   date_now = 2026-07-05T16:22:06.459
└   estimated_finish_date = 2026-07-05T16:22:27.459
┌ Info: Progress
│   simulation_time = 8 hours, 32 minutes
│   n_steps_completed = 1024
│   wall_time_per_step = 4 milliseconds, 227 microseconds
│   wall_time_total = 24 seconds, 352 milliseconds
│   wall_time_remaining = 20 seconds, 23 milliseconds
│   wall_time_spent = 4 seconds, 329 milliseconds
│   percent_complete = 17.8%
│   estimated_sypd = 19.427
│   instantaneous_sypd = 18.471
│   date_now = 2026-07-05T16:22:07.450
└   estimated_finish_date = 2026-07-05T16:22:28.450
┌ Info: Progress
│   simulation_time = 10 hours, 56 minutes
│   n_steps_completed = 1313
│   wall_time_per_step = 4 milliseconds, 294 microseconds
│   wall_time_total = 24 seconds, 735 milliseconds
│   wall_time_remaining = 19 seconds, 97 milliseconds
│   wall_time_spent = 5 seconds, 638 milliseconds
│   percent_complete = 22.8%
│   estimated_sypd = 19.126
│   instantaneous_sypd = 18.132
│   date_now = 2026-07-05T16:22:08.759
└   estimated_finish_date = 2026-07-05T16:22:28.759
┌ Info: Progress
│   simulation_time = 13 hours, 21 minutes
│   n_steps_completed = 1602
│   wall_time_per_step = 4 milliseconds, 381 microseconds
│   wall_time_total = 25 seconds, 235 milliseconds
│   wall_time_remaining = 18 seconds, 217 milliseconds
│   wall_time_spent = 7 seconds, 18 milliseconds
│   percent_complete = 27.8%
│   estimated_sypd = 18.747
│   instantaneous_sypd = 17.198
│   date_now = 2026-07-05T16:22:10.140
└   estimated_finish_date = 2026-07-05T16:22:29.140
┌ Info: Progress
│   simulation_time = 15 hours, 45 minutes
│   n_steps_completed = 1891
│   wall_time_per_step = 4 milliseconds, 456 microseconds
│   wall_time_total = 25 seconds, 670 milliseconds
│   wall_time_remaining = 17 seconds, 243 milliseconds
│   wall_time_spent = 8 seconds, 427 milliseconds
│   percent_complete = 32.8%
│   estimated_sypd = 18.43
│   instantaneous_sypd = 16.848
│   date_now = 2026-07-05T16:22:11.548
└   estimated_finish_date = 2026-07-05T16:22:29.548
┌ Info: Progress
│   simulation_time = 17 hours, 4 minutes
│   n_steps_completed = 2048
│   wall_time_per_step = 4 milliseconds, 499 microseconds
│   wall_time_total = 25 seconds, 919 milliseconds
│   wall_time_remaining = 16 seconds, 703 milliseconds
│   wall_time_spent = 9 seconds, 215 milliseconds
│   percent_complete = 35.6%
│   estimated_sypd = 18.252
│   instantaneous_sypd = 16.358
│   date_now = 2026-07-05T16:22:12.337
└   estimated_finish_date = 2026-07-05T16:22:29.337
┌ Info: Progress
│   simulation_time = 19 hours, 28 minutes
│   n_steps_completed = 2337
│   wall_time_per_step = 4 milliseconds, 570 microseconds
│   wall_time_total = 26 seconds, 325 milliseconds
│   wall_time_remaining = 15 seconds, 644 milliseconds
│   wall_time_spent = 10 seconds, 680 milliseconds
│   percent_complete = 40.6%
│   estimated_sypd = 17.971
│   instantaneous_sypd = 16.203
│   date_now = 2026-07-05T16:22:13.802
└   estimated_finish_date = 2026-07-05T16:22:29.802
┌ Info: Progress
│   simulation_time = 21 hours, 53 minutes
│   n_steps_completed = 2626
│   wall_time_per_step = 4 milliseconds, 642 microseconds
│   wall_time_total = 26 seconds, 738 milliseconds
│   wall_time_remaining = 14 seconds, 548 milliseconds
│   wall_time_spent = 12 seconds, 190 milliseconds
│   percent_complete = 45.6%
│   estimated_sypd = 17.694
│   instantaneous_sypd = 15.728
│   date_now = 2026-07-05T16:22:15.311
└   estimated_finish_date = 2026-07-05T16:22:30.311
┌ Info: Progress
│   simulation_time = 1 day, 17 minutes
│   n_steps_completed = 2915
│   wall_time_per_step = 4 milliseconds, 758 microseconds
│   wall_time_total = 27 seconds, 408 milliseconds
│   wall_time_remaining = 13 seconds, 537 milliseconds
│   wall_time_spent = 13 seconds, 870 milliseconds
│   percent_complete = 50.6%
│   estimated_sypd = 17.261
│   instantaneous_sypd = 14.125
│   date_now = 2026-07-05T16:22:16.991
└   estimated_finish_date = 2026-07-05T16:22:30.991
┌ Info: Progress
│   simulation_time = 1 day, 2 hours
│   n_steps_completed = 3204
│   wall_time_per_step = 4 milliseconds, 818 microseconds
│   wall_time_total = 27 seconds, 756 milliseconds
│   wall_time_remaining = 12 seconds, 316 milliseconds
│   wall_time_spent = 15 seconds, 439 milliseconds
│   percent_complete = 55.6%
│   estimated_sypd = 17.045
│   instantaneous_sypd = 15.133
│   date_now = 2026-07-05T16:22:18.560
└   estimated_finish_date = 2026-07-05T16:22:31.560
┌ Info: Progress
│   simulation_time = 1 day, 5 hours
│   n_steps_completed = 3493
│   wall_time_per_step = 4 milliseconds, 882 microseconds
│   wall_time_total = 28 seconds, 125 milliseconds
│   wall_time_remaining = 11 seconds, 69 milliseconds
│   wall_time_spent = 17 seconds, 56 milliseconds
│   percent_complete = 60.6%
│   estimated_sypd = 16.821
│   instantaneous_sypd = 14.68
│   date_now = 2026-07-05T16:22:20.177
└   estimated_finish_date = 2026-07-05T16:22:32.177
┌ Info: Progress
│   simulation_time = 1 day, 7 hours
│   n_steps_completed = 3782
│   wall_time_per_step = 4 milliseconds, 945 microseconds
│   wall_time_total = 28 seconds, 485 milliseconds
│   wall_time_remaining = 9 seconds, 782 milliseconds
│   wall_time_spent = 18 seconds, 703 milliseconds
│   percent_complete = 65.7%
│   estimated_sypd = 16.608
│   instantaneous_sypd = 14.409
│   date_now = 2026-07-05T16:22:21.824
└   estimated_finish_date = 2026-07-05T16:22:31.824
┌ Info: Progress
│   simulation_time = 1 day, 9 hours
│   n_steps_completed = 4071
│   wall_time_per_step = 5 milliseconds, 21 microseconds
│   wall_time_total = 28 seconds, 921 milliseconds
│   wall_time_remaining = 8 seconds, 480 milliseconds
│   wall_time_spent = 20 seconds, 440 milliseconds
│   percent_complete = 70.7%
│   estimated_sypd = 16.358
│   instantaneous_sypd = 13.663
│   date_now = 2026-07-05T16:22:23.562
└   estimated_finish_date = 2026-07-05T16:22:32.562
┌ Info: Progress
│   simulation_time = 1 day, 10 hours
│   n_steps_completed = 4096
│   wall_time_per_step = 5 milliseconds, 29 microseconds
│   wall_time_total = 28 seconds, 967 milliseconds
│   wall_time_remaining = 8 seconds, 368 milliseconds
│   wall_time_spent = 20 seconds, 599 milliseconds
│   percent_complete = 71.1%
│   estimated_sypd = 16.332
│   instantaneous_sypd = 12.973
│   date_now = 2026-07-05T16:22:23.720
└   estimated_finish_date = 2026-07-05T16:22:32.720
┌ Info: Progress
│   simulation_time = 1 day, 12 hours
│   n_steps_completed = 4385
│   wall_time_per_step = 5 milliseconds, 95 microseconds
│   wall_time_total = 29 seconds, 347 milliseconds
│   wall_time_remaining = 7 seconds, 5 milliseconds
│   wall_time_spent = 22 seconds, 342 milliseconds
│   percent_complete = 76.1%
│   estimated_sypd = 16.12
│   instantaneous_sypd = 13.62
│   date_now = 2026-07-05T16:22:25.463
└   estimated_finish_date = 2026-07-05T16:22:33.463
┌ Info: Progress
│   simulation_time = 1 day, 14 hours
│   n_steps_completed = 4674
│   wall_time_per_step = 5 milliseconds, 158 microseconds
│   wall_time_total = 29 seconds, 714 milliseconds
│   wall_time_remaining = 5 seconds, 602 milliseconds
│   wall_time_spent = 24 seconds, 111 milliseconds
│   percent_complete = 81.1%
│   estimated_sypd = 15.922
│   instantaneous_sypd = 13.413
│   date_now = 2026-07-05T16:22:27.233
└   estimated_finish_date = 2026-07-05T16:22:33.233
┌ Info: Progress
│   simulation_time = 1 day, 17 hours
│   n_steps_completed = 4963
│   wall_time_per_step = 5 milliseconds, 235 microseconds
│   wall_time_total = 30 seconds, 155 milliseconds
│   wall_time_remaining = 4 seconds, 172 milliseconds
│   wall_time_spent = 25 seconds, 982 milliseconds
│   percent_complete = 86.2%
│   estimated_sypd = 15.689
│   instantaneous_sypd = 12.686
│   date_now = 2026-07-05T16:22:29.104
└   estimated_finish_date = 2026-07-05T16:22:34.104
┌ Info: Progress
│   simulation_time = 1 day, 19 hours
│   n_steps_completed = 5252
│   wall_time_per_step = 5 milliseconds, 298 microseconds
│   wall_time_total = 30 seconds, 517 milliseconds
│   wall_time_remaining = 2 seconds, 691 milliseconds
│   wall_time_spent = 27 seconds, 825 milliseconds
│   percent_complete = 91.2%
│   estimated_sypd = 15.503
│   instantaneous_sypd = 12.881
│   date_now = 2026-07-05T16:22:30.947
└   estimated_finish_date = 2026-07-05T16:22:33.947
┌ Info: Progress
│   simulation_time = 1 day, 22 hours
│   n_steps_completed = 5541
│   wall_time_per_step = 5 milliseconds, 371 microseconds
│   wall_time_total = 30 seconds, 938 milliseconds
│   wall_time_remaining = 1 second, 176 milliseconds
│   wall_time_spent = 29 seconds, 762 milliseconds
│   percent_complete = 96.2%
│   estimated_sypd = 15.292
│   instantaneous_sypd = 12.259
│   date_now = 2026-07-05T16:22:32.883
└   estimated_finish_date = 2026-07-05T16:22:34.883
[ Info: solve! walltime = 31.193
[ Info: sypd: 15.177
[ Info: wall_time_per_timestep: 5 milliseconds, 415 microseconds
[ Info: Memory currently used (after solve!) by the process (RSS): 8.68 GiB
[ Info: Completed member 1
┌ Info: Making AtmosConfig with config files: 
│      /home/jeff/larcform1-experiments/ClimaAtmos.jl/src/config/../../config/default_configs/default_config.yml
└   
┌ Info: numerics 
│          `energy_q_tot_upwinding`::`Val{:vanleer_limiter}`
│                `tracer_upwinding`::`Val{:vanleer_limiter}`
│       `edmfx_mse_q_tot_upwinding`::`Val{:first_order}`
│         `edmfx_sgsflux_upwinding`::`Val{:none}`
│          `edmfx_tracer_upwinding`::`Val{:first_order}`
│         `test_dycore_consistency`::`Nothing`
│            `reproducible_restart`::`Nothing`
│                         `limiter`::`Nothing`
│                       `diff_mode`::`ClimaAtmos.Implicit`
│                       `hyperdiff`::`Nothing`
└   
┌ Info: AtmosModel: 
│   
│                               `water`::`ClimaAtmos.AtmosWater{ClimaAtmos.NonEquilibriumMicrophysics1M, ClimaAtmos.QuadratureCloud, ClimaAtmos.Implicit, Nothing, ClimaAtmos.SGSQuadrature{3, StaticArraysCore.SVector{3, Float32}, StaticArraysCore.SVector{3, Float32}, ClimaAtmos.GaussianSGS, Float32}, ClimaAtmos.FixedTerminalVelocity{Float32}}`
│                           `scm_setup`::`ClimaAtmos.SCMSetup{Nothing, Nothing, Nothing, Bool, @NamedTuple{prof_ug::AtmosphericProfilesLibrary.ZProfile{AtmosphericProfilesLibrary.var"#Larcform1_geostrophic_u##0#Larcform1_geostrophic_u##1"{Float32}}, prof_vg::AtmosphericProfilesLibrary.ZProfile{Returns{Float32}}, coriolis_param::Float32}}`
│                           `radiation`::`ClimaAtmos.AtmosRadiation{ClimaAtmos.RRTMGPInterface.AllSkyRadiationWithClearSkyDiagnostics{ClimaAtmos.InteractiveCloudInRadiation}, ClimaAtmos.Larcform1Insolation}`
│                            `turbconv`::`ClimaAtmos.AtmosTurbconv{ClimaAtmos.EDMFXModel{ClimaAtmos.InvZEntrainment, ClimaAtmos.BuoyancyVelocityDetrainment, Val{true}, Val{true}, Val{true}, Val{true}, Val{true}, ClimaAtmos.SmoothMinimumBlending}, ClimaAtmos.PrognosticEDMFX{1, true, Float32}, Nothing, Nothing, Nothing}`
│                     `prescribed_flow`::`Nothing`
│                        `gravity_wave`::`ClimaAtmos.AtmosGravityWave{Nothing, Nothing}`
│                  `vertical_diffusion`::`Nothing`
│                              `sponge`::`ClimaAtmos.AtmosSponge{Nothing, Nothing}`
│                             `surface`::`ClimaAtmos.AtmosSurface{ClimaAtmos.SurfaceConditions.MoninObukhov{Float32, Nothing, Nothing}, ClimaAtmos.SurfaceConditions.SlabOceanTemperature{Float32}, ClimaAtmos.SurfaceConditions.SurfaceBoundaryOverrides{Float32, Float32, Nothing, Nothing, Nothing, Nothing}, ClimaAtmos.ConstantAlbedo{Float32}}`
│                            `numerics`::`ClimaAtmos.AtmosNumerics{Val{:vanleer_limiter}, Val{:vanleer_limiter}, Val{:first_order}, Val{:none}, Val{:first_order}, Nothing, Nothing, Nothing, ClimaAtmos.Implicit, Nothing}`
│                           `chemistry`::`ClimaAtmos.AtmosChem{Nothing}`
└   
┌ Info: Microphysics settings: 
│                          `n_substeps`::`3`
│                     `n_substeps_quad`::`2`
│              `cloud_liquid_formation`::`CloudLiquidFormation`
│                 `cloud_ice_formation`::`TemperatureDependent`
│                      `cloud_ice_melt`::`CloudIceMelt`
│                 `rain_autoconversion`::`Kessler1M`
│                 `snow_autoconversion`::`NoSupersaturation`
│       `rain_condensation_evaporation`::`RainEvaporation`
│         `snow_deposition_sublimation`::`DepositionAndSublimation`
│                           `snow_melt`::`SnowMelt`
│         `cloud_liquid_rain_accretion`::`CloudLiquidRainAccretion`
│         `cloud_liquid_snow_accretion`::`CloudLiquidSnowAccretion`
│            `cloud_ice_rain_accretion`::`CloudIceRainAccretion`
│            `cloud_ice_snow_accretion`::`CloudIceSnowAccretion`
│                 `rain_snow_accretion`::`RainSnowAccretion`
└   
[ Info: Single-process ClimaAtmos run on CPUSingleThreaded
[ Info: Using ODE config: `ClimaTimeSteppers.ARS222`
[ Info: Initialized state (57.491 μs, 7.76 KiB)
[ Info: Built cache (182.109 ms, 172.6 MiB)
[ Info: Assembled callbacks (134.343 μs, 17.42 KiB)
┌ Info: Jacobian algorithm: ManualSparseJacobian(
│     approximate_solve_iters = 2,
└   )
[ Info: Jacobian derivative flags: topography_flag = IgnoreDerivative, diffusion_flag = UseDerivative
[ Info: Built tendency function (266.707 μs, 201.06 KiB)
[ Info: Initialized integrator (8.504 ms, 169.03 KiB)
[ Info: Added 7 user-provided YAML-style diagnostics
[ Info: Saving accumulated diagnostics to disk with frequency: 1 hour
[ Info: Set up diagnostics (506.203 μs, 103.66 KiB)
[ Info: Initialized 7 total diagnostics
