┌ Info: Simulation info
│   job_id = lf1e_clw_cal_member
└   output_dir = /home/jeff/larcform1-experiments/experiments/clw calibration/output/uki_1/iteration_003/member_007/output_0000
┌ Info: Running
│   job_id = lf1e_clw_cal_member
│   output_dir = /home/jeff/larcform1-experiments/experiments/clw calibration/output/uki_1/iteration_003/member_007/output_0000
└   tspan = (0.0 seconds (2010-01-01T00:00:00) [counter = 0, period = 1 second, epoch = 2010-01-01T00:00:00], 172800.0 seconds (2010-01-03T00:00:00) [counter = 172800, period = 1 second, epoch = 2010-01-01T00:00:00])
┌ Info: Progress
│   simulation_time = 30 seconds
│   n_steps_completed = 1
│   wall_time_per_step = 0 seconds
│   wall_time_total = 0 seconds
│   wall_time_remaining = 0 seconds
│   wall_time_spent = 0 seconds
│   percent_complete = 0.0%
│   estimated_sypd = Inf
│   instantaneous_sypd = 0.0 (sdpd_estimate = 0.0)
│   date_now = 2026-07-05T16:32:50.422
└   estimated_finish_date = 2026-07-05T16:32:50.422
┌ Info: Progress
│   simulation_time = 1 minute
│   n_steps_completed = 2
│   wall_time_per_step = 0 seconds
│   wall_time_total = 0 seconds
│   wall_time_remaining = 0 seconds
│   wall_time_spent = 0 seconds
│   percent_complete = 0.0%
│   estimated_sypd = Inf
│   instantaneous_sypd = 0.031
│   date_now = 2026-07-05T16:32:53.057
└   estimated_finish_date = 2026-07-05T16:32:53.057
┌ Info: Progress
│   simulation_time = 2 minutes
│   n_steps_completed = 4
│   wall_time_per_step = 4 milliseconds, 621 microseconds
│   wall_time_total = 26 seconds, 622 milliseconds
│   wall_time_remaining = 26 seconds, 604 milliseconds
│   wall_time_spent = 18 milliseconds, 487 microseconds
│   percent_complete = 0.1%
│   estimated_sypd = 17.771
│   instantaneous_sypd = 17.771
│   date_now = 2026-07-05T16:32:53.067
└   estimated_finish_date = 2026-07-05T16:33:20.067
┌ Info: Progress
│   simulation_time = 4 minutes
│   n_steps_completed = 8
│   wall_time_per_step = 4 milliseconds, 423 microseconds
│   wall_time_total = 25 seconds, 478 milliseconds
│   wall_time_remaining = 25 seconds, 443 milliseconds
│   wall_time_spent = 35 milliseconds, 386 microseconds
│   percent_complete = 0.1%
│   estimated_sypd = 18.569
│   instantaneous_sypd = 19.442
│   date_now = 2026-07-05T16:32:53.083
└   estimated_finish_date = 2026-07-05T16:33:19.083
┌ Info: Progress
│   simulation_time = 8 minutes
│   n_steps_completed = 16
│   wall_time_per_step = 4 milliseconds, 171 microseconds
│   wall_time_total = 24 seconds, 29 milliseconds
│   wall_time_remaining = 23 seconds, 963 milliseconds
│   wall_time_spent = 66 milliseconds, 749 microseconds
│   percent_complete = 0.3%
│   estimated_sypd = 19.688
│   instantaneous_sypd = 20.951
│   date_now = 2026-07-05T16:32:53.115
└   estimated_finish_date = 2026-07-05T16:33:17.115
┌ Info: Progress
│   simulation_time = 16 minutes
│   n_steps_completed = 32
│   wall_time_per_step = 4 milliseconds, 9 microseconds
│   wall_time_total = 23 seconds, 97 milliseconds
│   wall_time_remaining = 22 seconds, 969 milliseconds
│   wall_time_spent = 128 milliseconds, 318 microseconds
│   percent_complete = 0.6%
│   estimated_sypd = 20.483
│   instantaneous_sypd = 21.345
│   date_now = 2026-07-05T16:32:53.176
└   estimated_finish_date = 2026-07-05T16:33:16.176
┌ Info: Progress
│   simulation_time = 32 minutes
│   n_steps_completed = 64
│   wall_time_per_step = 4 milliseconds, 48 microseconds
│   wall_time_total = 23 seconds, 320 milliseconds
│   wall_time_remaining = 23 seconds, 61 milliseconds
│   wall_time_spent = 259 milliseconds, 114 microseconds
│   percent_complete = 1.1%
│   estimated_sypd = 20.287
│   instantaneous_sypd = 20.095
│   date_now = 2026-07-05T16:32:53.307
└   estimated_finish_date = 2026-07-05T16:33:17.307
┌ Info: Progress
│   simulation_time = 1 hour, 4 minutes
│   n_steps_completed = 128
│   wall_time_per_step = 4 milliseconds, 142 microseconds
│   wall_time_total = 23 seconds, 863 milliseconds
│   wall_time_remaining = 23 seconds, 333 milliseconds
│   wall_time_spent = 530 milliseconds, 298 microseconds
│   percent_complete = 2.2%
│   estimated_sypd = 19.825
│   instantaneous_sypd = 19.384
│   date_now = 2026-07-05T16:32:53.578
└   estimated_finish_date = 2026-07-05T16:33:17.578
┌ Info: Progress
│   simulation_time = 2 hours, 8 minutes
│   n_steps_completed = 256
│   wall_time_per_step = 4 milliseconds, 123 microseconds
│   wall_time_total = 23 seconds, 753 milliseconds
│   wall_time_remaining = 22 seconds, 698 milliseconds
│   wall_time_spent = 1 second, 55 milliseconds
│   percent_complete = 4.4%
│   estimated_sypd = 19.917
│   instantaneous_sypd = 20.009
│   date_now = 2026-07-05T16:32:54.104
└   estimated_finish_date = 2026-07-05T16:33:17.104
┌ Info: Progress
│   simulation_time = 4 hours, 16 minutes
│   n_steps_completed = 512
│   wall_time_per_step = 4 milliseconds, 149 microseconds
│   wall_time_total = 23 seconds, 898 milliseconds
│   wall_time_remaining = 21 seconds, 774 milliseconds
│   wall_time_spent = 2 seconds, 124 milliseconds
│   percent_complete = 8.9%
│   estimated_sypd = 19.796
│   instantaneous_sypd = 19.677
│   date_now = 2026-07-05T16:32:55.172
└   estimated_finish_date = 2026-07-05T16:33:17.172
┌ Info: Progress
│   simulation_time = 6 hours, 40 minutes
│   n_steps_completed = 801
│   wall_time_per_step = 4 milliseconds, 213 microseconds
│   wall_time_total = 24 seconds, 272 milliseconds
│   wall_time_remaining = 20 seconds, 897 milliseconds
│   wall_time_spent = 3 seconds, 375 milliseconds
│   percent_complete = 13.9%
│   estimated_sypd = 19.491
│   instantaneous_sypd = 18.973
│   date_now = 2026-07-05T16:32:56.424
└   estimated_finish_date = 2026-07-05T16:33:17.423
┌ Info: Progress
│   simulation_time = 8 hours, 32 minutes
│   n_steps_completed = 1024
│   wall_time_per_step = 4 milliseconds, 268 microseconds
│   wall_time_total = 24 seconds, 588 milliseconds
│   wall_time_remaining = 20 seconds, 217 milliseconds
│   wall_time_spent = 4 seconds, 371 milliseconds
│   percent_complete = 17.8%
│   estimated_sypd = 19.241
│   instantaneous_sypd = 18.391
│   date_now = 2026-07-05T16:32:57.419
└   estimated_finish_date = 2026-07-05T16:33:18.419
┌ Info: Progress
│   simulation_time = 10 hours, 56 minutes
│   n_steps_completed = 1313
│   wall_time_per_step = 4 milliseconds, 321 microseconds
│   wall_time_total = 24 seconds, 889 milliseconds
│   wall_time_remaining = 19 seconds, 215 milliseconds
│   wall_time_spent = 5 seconds, 673 milliseconds
│   percent_complete = 22.8%
│   estimated_sypd = 19.008
│   instantaneous_sypd = 18.228
│   date_now = 2026-07-05T16:32:58.722
└   estimated_finish_date = 2026-07-05T16:33:18.722
┌ Info: Progress
│   simulation_time = 13 hours, 21 minutes
│   n_steps_completed = 1602
│   wall_time_per_step = 4 milliseconds, 408 microseconds
│   wall_time_total = 25 seconds, 394 milliseconds
│   wall_time_remaining = 18 seconds, 331 milliseconds
│   wall_time_spent = 7 seconds, 62 milliseconds
│   percent_complete = 27.8%
│   estimated_sypd = 18.63
│   instantaneous_sypd = 17.086
│   date_now = 2026-07-05T16:33:00.111
└   estimated_finish_date = 2026-07-05T16:33:19.111
┌ Info: Progress
│   simulation_time = 15 hours, 45 minutes
│   n_steps_completed = 1891
│   wall_time_per_step = 4 milliseconds, 474 microseconds
│   wall_time_total = 25 seconds, 771 milliseconds
│   wall_time_remaining = 17 seconds, 310 milliseconds
│   wall_time_spent = 8 seconds, 460 milliseconds
│   percent_complete = 32.8%
│   estimated_sypd = 18.358
│   instantaneous_sypd = 16.981
│   date_now = 2026-07-05T16:33:01.509
└   estimated_finish_date = 2026-07-05T16:33:19.509
┌ Info: Progress
│   simulation_time = 17 hours, 4 minutes
│   n_steps_completed = 2048
│   wall_time_per_step = 4 milliseconds, 512 microseconds
│   wall_time_total = 25 seconds, 989 milliseconds
│   wall_time_remaining = 16 seconds, 748 milliseconds
│   wall_time_spent = 9 seconds, 240 milliseconds
│   percent_complete = 35.6%
│   estimated_sypd = 18.204
│   instantaneous_sypd = 16.535
│   date_now = 2026-07-05T16:33:02.289
└   estimated_finish_date = 2026-07-05T16:33:19.289
┌ Info: Progress
│   simulation_time = 19 hours, 28 minutes
│   n_steps_completed = 2337
│   wall_time_per_step = 4 milliseconds, 573 microseconds
│   wall_time_total = 26 seconds, 340 milliseconds
│   wall_time_remaining = 15 seconds, 653 milliseconds
│   wall_time_spent = 10 seconds, 687 milliseconds
│   percent_complete = 40.6%
│   estimated_sypd = 17.961
│   instantaneous_sypd = 16.409
│   date_now = 2026-07-05T16:33:03.735
└   estimated_finish_date = 2026-07-05T16:33:19.735
┌ Info: Progress
│   simulation_time = 21 hours, 53 minutes
│   n_steps_completed = 2626
│   wall_time_per_step = 4 milliseconds, 683 microseconds
│   wall_time_total = 26 seconds, 974 milliseconds
│   wall_time_remaining = 14 seconds, 676 milliseconds
│   wall_time_spent = 12 seconds, 297 milliseconds
│   percent_complete = 45.6%
│   estimated_sypd = 17.539
│   instantaneous_sypd = 14.739
│   date_now = 2026-07-05T16:33:05.346
└   estimated_finish_date = 2026-07-05T16:33:20.346
┌ Info: Progress
│   simulation_time = 1 day, 17 minutes
│   n_steps_completed = 2915
│   wall_time_per_step = 4 milliseconds, 739 microseconds
│   wall_time_total = 27 seconds, 297 milliseconds
│   wall_time_remaining = 13 seconds, 482 milliseconds
│   wall_time_spent = 13 seconds, 814 milliseconds
│   percent_complete = 50.6%
│   estimated_sypd = 17.331
│   instantaneous_sypd = 15.648
│   date_now = 2026-07-05T16:33:06.863
└   estimated_finish_date = 2026-07-05T16:33:20.863
┌ Info: Progress
│   simulation_time = 1 day, 2 hours
│   n_steps_completed = 3204
│   wall_time_per_step = 4 milliseconds, 793 microseconds
│   wall_time_total = 27 seconds, 612 milliseconds
│   wall_time_remaining = 12 seconds, 253 milliseconds
│   wall_time_spent = 15 seconds, 359 milliseconds
│   percent_complete = 55.6%
│   estimated_sypd = 17.133
│   instantaneous_sypd = 15.364
│   date_now = 2026-07-05T16:33:08.408
└   estimated_finish_date = 2026-07-05T16:33:21.408
┌ Info: Progress
│   simulation_time = 1 day, 5 hours
│   n_steps_completed = 3493
│   wall_time_per_step = 4 milliseconds, 859 microseconds
│   wall_time_total = 27 seconds, 991 milliseconds
│   wall_time_remaining = 11 seconds, 16 milliseconds
│   wall_time_spent = 16 seconds, 974 milliseconds
│   percent_complete = 60.6%
│   estimated_sypd = 16.901
│   instantaneous_sypd = 14.695
│   date_now = 2026-07-05T16:33:10.023
└   estimated_finish_date = 2026-07-05T16:33:22.023
┌ Info: Progress
│   simulation_time = 1 day, 7 hours
│   n_steps_completed = 3782
│   wall_time_per_step = 4 milliseconds, 940 microseconds
│   wall_time_total = 28 seconds, 458 milliseconds
│   wall_time_remaining = 9 seconds, 772 milliseconds
│   wall_time_spent = 18 seconds, 686 milliseconds
│   percent_complete = 65.7%
│   estimated_sypd = 16.624
│   instantaneous_sypd = 13.872
│   date_now = 2026-07-05T16:33:11.734
└   estimated_finish_date = 2026-07-05T16:33:21.734
┌ Info: Progress
│   simulation_time = 1 day, 9 hours
│   n_steps_completed = 4071
│   wall_time_per_step = 4 milliseconds, 999 microseconds
│   wall_time_total = 28 seconds, 795 milliseconds
│   wall_time_remaining = 8 seconds, 443 milliseconds
│   wall_time_spent = 20 seconds, 351 milliseconds
│   percent_complete = 70.7%
│   estimated_sypd = 16.43
│   instantaneous_sypd = 14.252
│   date_now = 2026-07-05T16:33:13.400
└   estimated_finish_date = 2026-07-05T16:33:22.400
┌ Info: Progress
│   simulation_time = 1 day, 10 hours
│   n_steps_completed = 4096
│   wall_time_per_step = 5 milliseconds, 9 microseconds
│   wall_time_total = 28 seconds, 852 milliseconds
│   wall_time_remaining = 8 seconds, 335 milliseconds
│   wall_time_spent = 20 seconds, 517 milliseconds
│   percent_complete = 71.1%
│   estimated_sypd = 16.397
│   instantaneous_sypd = 12.407
│   date_now = 2026-07-05T16:33:13.565
└   estimated_finish_date = 2026-07-05T16:33:22.565
┌ Info: Progress
│   simulation_time = 1 day, 12 hours
│   n_steps_completed = 4385
│   wall_time_per_step = 5 milliseconds, 90 microseconds
│   wall_time_total = 29 seconds, 323 milliseconds
│   wall_time_remaining = 7 seconds, 84 microseconds
│   wall_time_spent = 22 seconds, 323 milliseconds
│   percent_complete = 76.1%
│   estimated_sypd = 16.134
│   instantaneous_sypd = 13.138
│   date_now = 2026-07-05T16:33:15.372
└   estimated_finish_date = 2026-07-05T16:33:23.372
┌ Info: Progress
│   simulation_time = 1 day, 14 hours
│   n_steps_completed = 4674
│   wall_time_per_step = 5 milliseconds, 157 microseconds
│   wall_time_total = 29 seconds, 706 milliseconds
│   wall_time_remaining = 5 seconds, 600 milliseconds
│   wall_time_spent = 24 seconds, 105 milliseconds
│   percent_complete = 81.1%
│   estimated_sypd = 15.926
│   instantaneous_sypd = 13.324
│   date_now = 2026-07-05T16:33:17.154
└   estimated_finish_date = 2026-07-05T16:33:23.154
┌ Info: Progress
│   simulation_time = 1 day, 17 hours
│   n_steps_completed = 4963
│   wall_time_per_step = 5 milliseconds, 217 microseconds
│   wall_time_total = 30 seconds, 54 milliseconds
│   wall_time_remaining = 4 seconds, 158 milliseconds
│   wall_time_spent = 25 seconds, 895 milliseconds
│   percent_complete = 86.2%
│   estimated_sypd = 15.741
│   instantaneous_sypd = 13.257
│   date_now = 2026-07-05T16:33:18.944
└   estimated_finish_date = 2026-07-05T16:33:23.944
┌ Info: Progress
│   simulation_time = 1 day, 19 hours
│   n_steps_completed = 5252
│   wall_time_per_step = 5 milliseconds, 280 microseconds
│   wall_time_total = 30 seconds, 417 milliseconds
│   wall_time_remaining = 2 seconds, 682 milliseconds
│   wall_time_spent = 27 seconds, 734 milliseconds
│   percent_complete = 91.2%
│   estimated_sypd = 15.554
│   instantaneous_sypd = 12.91
│   date_now = 2026-07-05T16:33:20.783
└   estimated_finish_date = 2026-07-05T16:33:23.783
┌ Info: Progress
│   simulation_time = 1 day, 22 hours
│   n_steps_completed = 5541
│   wall_time_per_step = 5 milliseconds, 350 microseconds
│   wall_time_total = 30 seconds, 817 milliseconds
│   wall_time_remaining = 1 second, 171 milliseconds
│   wall_time_spent = 29 seconds, 645 milliseconds
│   percent_complete = 96.2%
│   estimated_sypd = 15.352
│   instantaneous_sypd = 12.421
│   date_now = 2026-07-05T16:33:22.694
└   estimated_finish_date = 2026-07-05T16:33:24.694
[ Info: solve! walltime = 31.09
[ Info: sypd: 15.228
[ Info: wall_time_per_timestep: 5 milliseconds, 397 microseconds
[ Info: Memory currently used (after solve!) by the process (RSS): 8.68 GiB
[ Info: Completed member 7
┌ Info: Making AtmosConfig with config files: 
│      /home/jeff/larcform1-experiments/ClimaAtmos.jl/src/config/../../config/default_configs/default_config.yml
└   
┌ Info: numerics 
│          `energy_q_tot_upwinding`::`Val{:vanleer_limiter}`
│                `tracer_upwinding`::`Val{:vanleer_limiter}`
│       `edmfx_mse_q_tot_upwinding`::`Val{:first_order}`
│         `edmfx_sgsflux_upwinding`::`Val{:none}`
│          `edmfx_tracer_upwinding`::`Val{:first_order}`
│         `test_dycore_consistency`::`Nothing`
│            `reproducible_restart`::`Nothing`
│                         `limiter`::`Nothing`
│                       `diff_mode`::`ClimaAtmos.Implicit`
│                       `hyperdiff`::`Nothing`
└   
┌ Info: AtmosModel: 
│   
│                               `water`::`ClimaAtmos.AtmosWater{ClimaAtmos.NonEquilibriumMicrophysics1M, ClimaAtmos.QuadratureCloud, ClimaAtmos.Implicit, Nothing, ClimaAtmos.SGSQuadrature{3, StaticArraysCore.SVector{3, Float32}, StaticArraysCore.SVector{3, Float32}, ClimaAtmos.GaussianSGS, Float32}, ClimaAtmos.FixedTerminalVelocity{Float32}}`
│                           `scm_setup`::`ClimaAtmos.SCMSetup{Nothing, Nothing, Nothing, Bool, @NamedTuple{prof_ug::AtmosphericProfilesLibrary.ZProfile{AtmosphericProfilesLibrary.var"#Larcform1_geostrophic_u##0#Larcform1_geostrophic_u##1"{Float32}}, prof_vg::AtmosphericProfilesLibrary.ZProfile{Returns{Float32}}, coriolis_param::Float32}}`
│                           `radiation`::`ClimaAtmos.AtmosRadiation{ClimaAtmos.RRTMGPInterface.AllSkyRadiationWithClearSkyDiagnostics{ClimaAtmos.InteractiveCloudInRadiation}, ClimaAtmos.Larcform1Insolation}`
│                            `turbconv`::`ClimaAtmos.AtmosTurbconv{ClimaAtmos.EDMFXModel{ClimaAtmos.InvZEntrainment, ClimaAtmos.BuoyancyVelocityDetrainment, Val{true}, Val{true}, Val{true}, Val{true}, Val{true}, ClimaAtmos.SmoothMinimumBlending}, ClimaAtmos.PrognosticEDMFX{1, true, Float32}, Nothing, Nothing, Nothing}`
│                     `prescribed_flow`::`Nothing`
│                        `gravity_wave`::`ClimaAtmos.AtmosGravityWave{Nothing, Nothing}`
│                  `vertical_diffusion`::`Nothing`
│                              `sponge`::`ClimaAtmos.AtmosSponge{Nothing, Nothing}`
│                             `surface`::`ClimaAtmos.AtmosSurface{ClimaAtmos.SurfaceConditions.MoninObukhov{Float32, Nothing, Nothing}, ClimaAtmos.SurfaceConditions.SlabOceanTemperature{Float32}, ClimaAtmos.SurfaceConditions.SurfaceBoundaryOverrides{Float32, Float32, Nothing, Nothing, Nothing, Nothing}, ClimaAtmos.ConstantAlbedo{Float32}}`
│                            `numerics`::`ClimaAtmos.AtmosNumerics{Val{:vanleer_limiter}, Val{:vanleer_limiter}, Val{:first_order}, Val{:none}, Val{:first_order}, Nothing, Nothing, Nothing, ClimaAtmos.Implicit, Nothing}`
│                           `chemistry`::`ClimaAtmos.AtmosChem{Nothing}`
└   
┌ Info: Microphysics settings: 
│                          `n_substeps`::`3`
│                     `n_substeps_quad`::`2`
│              `cloud_liquid_formation`::`CloudLiquidFormation`
│                 `cloud_ice_formation`::`TemperatureDependent`
│                      `cloud_ice_melt`::`CloudIceMelt`
│                 `rain_autoconversion`::`Kessler1M`
│                 `snow_autoconversion`::`NoSupersaturation`
│       `rain_condensation_evaporation`::`RainEvaporation`
│         `snow_deposition_sublimation`::`DepositionAndSublimation`
│                           `snow_melt`::`SnowMelt`
│         `cloud_liquid_rain_accretion`::`CloudLiquidRainAccretion`
│         `cloud_liquid_snow_accretion`::`CloudLiquidSnowAccretion`
│            `cloud_ice_rain_accretion`::`CloudIceRainAccretion`
│            `cloud_ice_snow_accretion`::`CloudIceSnowAccretion`
│                 `rain_snow_accretion`::`RainSnowAccretion`
└   
[ Info: Single-process ClimaAtmos run on CPUSingleThreaded
[ Info: Using ODE config: `ClimaTimeSteppers.ARS222`
[ Info: Initialized state (44.771 μs, 7.76 KiB)
[ Info: Built cache (224.531 ms, 172.6 MiB)
[ Info: Assembled callbacks (149.364 μs, 17.42 KiB)
┌ Info: Jacobian algorithm: ManualSparseJacobian(
│     approximate_solve_iters = 2,
└   )
[ Info: Jacobian derivative flags: topography_flag = IgnoreDerivative, diffusion_flag = UseDerivative
[ Info: Built tendency function (276.767 μs, 201.06 KiB)
[ Info: Initialized integrator (8.777 ms, 169.03 KiB)
[ Info: Added 7 user-provided YAML-style diagnostics
[ Info: Saving accumulated diagnostics to disk with frequency: 1 hour
[ Info: Set up diagnostics (576.195 μs, 103.66 KiB)
[ Info: Initialized 7 total diagnostics
