┌ Info: Simulation info
│   job_id = lf1e_clw_cal_member
└   output_dir = /home/jeff/larcform1-experiments/experiments/clw calibration/output/uki_1/iteration_006/member_002/output_0000
┌ Info: Running
│   job_id = lf1e_clw_cal_member
│   output_dir = /home/jeff/larcform1-experiments/experiments/clw calibration/output/uki_1/iteration_006/member_002/output_0000
└   tspan = (0.0 seconds (2010-01-01T00:00:00) [counter = 0, period = 1 second, epoch = 2010-01-01T00:00:00], 172800.0 seconds (2010-01-03T00:00:00) [counter = 172800, period = 1 second, epoch = 2010-01-01T00:00:00])
┌ Info: Progress
│   simulation_time = 30 seconds
│   n_steps_completed = 1
│   wall_time_per_step = 0 seconds
│   wall_time_total = 0 seconds
│   wall_time_remaining = 0 seconds
│   wall_time_spent = 0 seconds
│   percent_complete = 0.0%
│   estimated_sypd = Inf
│   instantaneous_sypd = 0.0 (sdpd_estimate = 0.0)
│   date_now = 2026-07-05T16:52:25.168
└   estimated_finish_date = 2026-07-05T16:52:25.168
┌ Info: Progress
│   simulation_time = 1 minute
│   n_steps_completed = 2
│   wall_time_per_step = 0 seconds
│   wall_time_total = 0 seconds
│   wall_time_remaining = 0 seconds
│   wall_time_spent = 0 seconds
│   percent_complete = 0.0%
│   estimated_sypd = Inf
│   instantaneous_sypd = 0.031
│   date_now = 2026-07-05T16:52:27.784
└   estimated_finish_date = 2026-07-05T16:52:27.784
┌ Info: Progress
│   simulation_time = 2 minutes
│   n_steps_completed = 4
│   wall_time_per_step = 4 milliseconds, 608 microseconds
│   wall_time_total = 26 seconds, 545 milliseconds
│   wall_time_remaining = 26 seconds, 526 milliseconds
│   wall_time_spent = 18 milliseconds, 434 microseconds
│   percent_complete = 0.1%
│   estimated_sypd = 17.823
│   instantaneous_sypd = 17.823
│   date_now = 2026-07-05T16:52:27.793
└   estimated_finish_date = 2026-07-05T16:52:54.793
┌ Info: Progress
│   simulation_time = 4 minutes
│   n_steps_completed = 8
│   wall_time_per_step = 4 milliseconds, 312 microseconds
│   wall_time_total = 24 seconds, 840 milliseconds
│   wall_time_remaining = 24 seconds, 806 milliseconds
│   wall_time_spent = 34 milliseconds, 500 microseconds
│   percent_complete = 0.1%
│   estimated_sypd = 19.045
│   instantaneous_sypd = 20.449
│   date_now = 2026-07-05T16:52:27.809
└   estimated_finish_date = 2026-07-05T16:52:52.809
┌ Info: Progress
│   simulation_time = 8 minutes
│   n_steps_completed = 16
│   wall_time_per_step = 4 milliseconds, 111 microseconds
│   wall_time_total = 23 seconds, 681 milliseconds
│   wall_time_remaining = 23 seconds, 616 milliseconds
│   wall_time_spent = 65 milliseconds, 783 microseconds
│   percent_complete = 0.3%
│   estimated_sypd = 19.977
│   instantaneous_sypd = 21.005
│   date_now = 2026-07-05T16:52:27.841
└   estimated_finish_date = 2026-07-05T16:52:51.841
┌ Info: Progress
│   simulation_time = 16 minutes
│   n_steps_completed = 32
│   wall_time_per_step = 3 milliseconds, 955 microseconds
│   wall_time_total = 22 seconds, 780 milliseconds
│   wall_time_remaining = 22 seconds, 654 milliseconds
│   wall_time_spent = 126 milliseconds, 560 microseconds
│   percent_complete = 0.6%
│   estimated_sypd = 20.767
│   instantaneous_sypd = 21.622
│   date_now = 2026-07-05T16:52:27.902
└   estimated_finish_date = 2026-07-05T16:52:50.902
┌ Info: Progress
│   simulation_time = 32 minutes
│   n_steps_completed = 64
│   wall_time_per_step = 4 milliseconds, 1 microsecond
│   wall_time_total = 23 seconds, 47 milliseconds
│   wall_time_remaining = 22 seconds, 791 milliseconds
│   wall_time_spent = 256 milliseconds, 88 microseconds
│   percent_complete = 1.1%
│   estimated_sypd = 20.527
│   instantaneous_sypd = 20.292
│   date_now = 2026-07-05T16:52:28.031
└   estimated_finish_date = 2026-07-05T16:52:51.031
┌ Info: Progress
│   simulation_time = 1 hour, 4 minutes
│   n_steps_completed = 128
│   wall_time_per_step = 4 milliseconds, 158 microseconds
│   wall_time_total = 23 seconds, 951 milliseconds
│   wall_time_remaining = 23 seconds, 419 milliseconds
│   wall_time_spent = 532 milliseconds, 264 microseconds
│   percent_complete = 2.2%
│   estimated_sypd = 19.752
│   instantaneous_sypd = 19.034
│   date_now = 2026-07-05T16:52:28.307
└   estimated_finish_date = 2026-07-05T16:52:52.307
┌ Info: Progress
│   simulation_time = 2 hours, 8 minutes
│   n_steps_completed = 256
│   wall_time_per_step = 4 milliseconds, 124 microseconds
│   wall_time_total = 23 seconds, 758 milliseconds
│   wall_time_remaining = 22 seconds, 703 milliseconds
│   wall_time_spent = 1 second, 55 milliseconds
│   percent_complete = 4.4%
│   estimated_sypd = 19.913
│   instantaneous_sypd = 20.076
│   date_now = 2026-07-05T16:52:28.831
└   estimated_finish_date = 2026-07-05T16:52:51.831
┌ Info: Progress
│   simulation_time = 4 hours, 16 minutes
│   n_steps_completed = 512
│   wall_time_per_step = 4 milliseconds, 149 microseconds
│   wall_time_total = 23 seconds, 903 milliseconds
│   wall_time_remaining = 21 seconds, 778 milliseconds
│   wall_time_spent = 2 seconds, 124 milliseconds
│   percent_complete = 8.9%
│   estimated_sypd = 19.792
│   instantaneous_sypd = 19.673
│   date_now = 2026-07-05T16:52:29.900
└   estimated_finish_date = 2026-07-05T16:52:51.900
┌ Info: Progress
│   simulation_time = 6 hours, 40 minutes
│   n_steps_completed = 801
│   wall_time_per_step = 4 milliseconds, 223 microseconds
│   wall_time_total = 24 seconds, 326 milliseconds
│   wall_time_remaining = 20 seconds, 943 milliseconds
│   wall_time_spent = 3 seconds, 382 milliseconds
│   percent_complete = 13.9%
│   estimated_sypd = 19.448
│   instantaneous_sypd = 18.867
│   date_now = 2026-07-05T16:52:31.158
└   estimated_finish_date = 2026-07-05T16:52:52.158
┌ Info: Progress
│   simulation_time = 8 hours, 32 minutes
│   n_steps_completed = 1024
│   wall_time_per_step = 4 milliseconds, 270 microseconds
│   wall_time_total = 24 seconds, 596 milliseconds
│   wall_time_remaining = 20 seconds, 223 milliseconds
│   wall_time_spent = 4 seconds, 372 milliseconds
│   percent_complete = 17.8%
│   estimated_sypd = 19.235
│   instantaneous_sypd = 18.505
│   date_now = 2026-07-05T16:52:32.148
└   estimated_finish_date = 2026-07-05T16:52:53.148
┌ Info: Progress
│   simulation_time = 10 hours, 56 minutes
│   n_steps_completed = 1313
│   wall_time_per_step = 4 milliseconds, 345 microseconds
│   wall_time_total = 25 seconds, 28 milliseconds
│   wall_time_remaining = 19 seconds, 323 milliseconds
│   wall_time_spent = 5 seconds, 705 milliseconds
│   percent_complete = 22.8%
│   estimated_sypd = 18.903
│   instantaneous_sypd = 17.814
│   date_now = 2026-07-05T16:52:33.480
└   estimated_finish_date = 2026-07-05T16:52:53.480
┌ Info: Progress
│   simulation_time = 13 hours, 21 minutes
│   n_steps_completed = 1602
│   wall_time_per_step = 4 milliseconds, 425 microseconds
│   wall_time_total = 25 seconds, 492 milliseconds
│   wall_time_remaining = 18 seconds, 402 milliseconds
│   wall_time_spent = 7 seconds, 90 milliseconds
│   percent_complete = 27.8%
│   estimated_sypd = 18.558
│   instantaneous_sypd = 17.141
│   date_now = 2026-07-05T16:52:34.865
└   estimated_finish_date = 2026-07-05T16:52:53.865
┌ Info: Progress
│   simulation_time = 15 hours, 45 minutes
│   n_steps_completed = 1891
│   wall_time_per_step = 4 milliseconds, 509 microseconds
│   wall_time_total = 25 seconds, 977 milliseconds
│   wall_time_remaining = 17 seconds, 449 milliseconds
│   wall_time_spent = 8 seconds, 528 milliseconds
│   percent_complete = 32.8%
│   estimated_sypd = 18.212
│   instantaneous_sypd = 16.504
│   date_now = 2026-07-05T16:52:36.303
└   estimated_finish_date = 2026-07-05T16:52:54.303
┌ Info: Progress
│   simulation_time = 17 hours, 4 minutes
│   n_steps_completed = 2048
│   wall_time_per_step = 4 milliseconds, 557 microseconds
│   wall_time_total = 26 seconds, 252 milliseconds
│   wall_time_remaining = 16 seconds, 918 milliseconds
│   wall_time_spent = 9 seconds, 334 milliseconds
│   percent_complete = 35.6%
│   estimated_sypd = 18.021
│   instantaneous_sypd = 15.998
│   date_now = 2026-07-05T16:52:37.109
└   estimated_finish_date = 2026-07-05T16:52:54.109
┌ Info: Progress
│   simulation_time = 19 hours, 28 minutes
│   n_steps_completed = 2337
│   wall_time_per_step = 4 milliseconds, 636 microseconds
│   wall_time_total = 26 seconds, 708 milliseconds
│   wall_time_remaining = 15 seconds, 872 milliseconds
│   wall_time_spent = 10 seconds, 836 milliseconds
│   percent_complete = 40.6%
│   estimated_sypd = 17.713
│   instantaneous_sypd = 15.803
│   date_now = 2026-07-05T16:52:38.612
└   estimated_finish_date = 2026-07-05T16:52:54.611
┌ Info: Progress
│   simulation_time = 21 hours, 53 minutes
│   n_steps_completed = 2626
│   wall_time_per_step = 4 milliseconds, 708 microseconds
│   wall_time_total = 27 seconds, 123 milliseconds
│   wall_time_remaining = 14 seconds, 757 milliseconds
│   wall_time_spent = 12 seconds, 365 milliseconds
│   percent_complete = 45.6%
│   estimated_sypd = 17.442
│   instantaneous_sypd = 15.521
│   date_now = 2026-07-05T16:52:40.141
└   estimated_finish_date = 2026-07-05T16:52:55.141
┌ Info: Progress
│   simulation_time = 1 day, 17 minutes
│   n_steps_completed = 2915
│   wall_time_per_step = 4 milliseconds, 824 microseconds
│   wall_time_total = 27 seconds, 791 milliseconds
│   wall_time_remaining = 13 seconds, 726 milliseconds
│   wall_time_spent = 14 seconds, 64 milliseconds
│   percent_complete = 50.6%
│   estimated_sypd = 17.023
│   instantaneous_sypd = 13.973
│   date_now = 2026-07-05T16:52:41.840
└   estimated_finish_date = 2026-07-05T16:52:55.840
┌ Info: Progress
│   simulation_time = 1 day, 2 hours
│   n_steps_completed = 3204
│   wall_time_per_step = 4 milliseconds, 889 microseconds
│   wall_time_total = 28 seconds, 163 milliseconds
│   wall_time_remaining = 12 seconds, 497 milliseconds
│   wall_time_spent = 15 seconds, 665 milliseconds
│   percent_complete = 55.6%
│   estimated_sypd = 16.798
│   instantaneous_sypd = 14.823
│   date_now = 2026-07-05T16:52:43.441
└   estimated_finish_date = 2026-07-05T16:52:56.441
┌ Info: Progress
│   simulation_time = 1 day, 5 hours
│   n_steps_completed = 3493
│   wall_time_per_step = 4 milliseconds, 956 microseconds
│   wall_time_total = 28 seconds, 546 milliseconds
│   wall_time_remaining = 11 seconds, 235 milliseconds
│   wall_time_spent = 17 seconds, 311 milliseconds
│   percent_complete = 60.6%
│   estimated_sypd = 16.573
│   instantaneous_sypd = 14.426
│   date_now = 2026-07-05T16:52:45.086
└   estimated_finish_date = 2026-07-05T16:52:57.086
┌ Info: Progress
│   simulation_time = 1 day, 7 hours
│   n_steps_completed = 3782
│   wall_time_per_step = 5 milliseconds, 21 microseconds
│   wall_time_total = 28 seconds, 922 milliseconds
│   wall_time_remaining = 9 seconds, 932 milliseconds
│   wall_time_spent = 18 seconds, 990 milliseconds
│   percent_complete = 65.7%
│   estimated_sypd = 16.357
│   instantaneous_sypd = 14.135
│   date_now = 2026-07-05T16:52:46.766
└   estimated_finish_date = 2026-07-05T16:52:56.766
┌ Info: Progress
│   simulation_time = 1 day, 9 hours
│   n_steps_completed = 4071
│   wall_time_per_step = 5 milliseconds, 106 microseconds
│   wall_time_total = 29 seconds, 411 milliseconds
│   wall_time_remaining = 8 seconds, 624 milliseconds
│   wall_time_spent = 20 seconds, 787 milliseconds
│   percent_complete = 70.7%
│   estimated_sypd = 16.085
│   instantaneous_sypd = 13.212
│   date_now = 2026-07-05T16:52:48.562
└   estimated_finish_date = 2026-07-05T16:52:57.562
┌ Info: Progress
│   simulation_time = 1 day, 10 hours
│   n_steps_completed = 4096
│   wall_time_per_step = 5 milliseconds, 113 microseconds
│   wall_time_total = 29 seconds, 455 milliseconds
│   wall_time_remaining = 8 seconds, 509 milliseconds
│   wall_time_spent = 20 seconds, 946 milliseconds
│   percent_complete = 71.1%
│   estimated_sypd = 16.062
│   instantaneous_sypd = 12.936
│   date_now = 2026-07-05T16:52:48.721
└   estimated_finish_date = 2026-07-05T16:52:57.721
┌ Info: Progress
│   simulation_time = 1 day, 12 hours
│   n_steps_completed = 4385
│   wall_time_per_step = 5 milliseconds, 180 microseconds
│   wall_time_total = 29 seconds, 837 milliseconds
│   wall_time_remaining = 7 seconds, 122 milliseconds
│   wall_time_spent = 22 seconds, 715 milliseconds
│   percent_complete = 76.1%
│   estimated_sypd = 15.856
│   instantaneous_sypd = 13.418
│   date_now = 2026-07-05T16:52:50.490
└   estimated_finish_date = 2026-07-05T16:52:58.490
┌ Info: Progress
│   simulation_time = 1 day, 14 hours
│   n_steps_completed = 4674
│   wall_time_per_step = 5 milliseconds, 244 microseconds
│   wall_time_total = 30 seconds, 210 milliseconds
│   wall_time_remaining = 5 seconds, 695 milliseconds
│   wall_time_spent = 24 seconds, 514 milliseconds
│   percent_complete = 81.1%
│   estimated_sypd = 15.66
│   instantaneous_sypd = 13.192
│   date_now = 2026-07-05T16:52:52.290
└   estimated_finish_date = 2026-07-05T16:52:58.290
┌ Info: Progress
│   simulation_time = 1 day, 17 hours
│   n_steps_completed = 4963
│   wall_time_per_step = 5 milliseconds, 323 microseconds
│   wall_time_total = 30 seconds, 660 milliseconds
│   wall_time_remaining = 4 seconds, 242 milliseconds
│   wall_time_spent = 26 seconds, 418 milliseconds
│   percent_complete = 86.2%
│   estimated_sypd = 15.43
│   instantaneous_sypd = 12.467
│   date_now = 2026-07-05T16:52:54.194
└   estimated_finish_date = 2026-07-05T16:52:59.193
┌ Info: Progress
│   simulation_time = 1 day, 19 hours
│   n_steps_completed = 5252
│   wall_time_per_step = 5 milliseconds, 387 microseconds
│   wall_time_total = 31 seconds, 30 milliseconds
│   wall_time_remaining = 2 seconds, 736 milliseconds
│   wall_time_spent = 28 seconds, 293 milliseconds
│   percent_complete = 91.2%
│   estimated_sypd = 15.246
│   instantaneous_sypd = 12.658
│   date_now = 2026-07-05T16:52:56.069
└   estimated_finish_date = 2026-07-05T16:52:59.069
┌ Info: Progress
│   simulation_time = 1 day, 22 hours
│   n_steps_completed = 5541
│   wall_time_per_step = 5 milliseconds, 452 microseconds
│   wall_time_total = 31 seconds, 407 milliseconds
│   wall_time_remaining = 1 second, 194 milliseconds
│   wall_time_spent = 30 seconds, 213 milliseconds
│   percent_complete = 96.2%
│   estimated_sypd = 15.063
│   instantaneous_sypd = 12.366
│   date_now = 2026-07-05T16:52:57.988
└   estimated_finish_date = 2026-07-05T16:52:59.988
[ Info: solve! walltime = 31.728
[ Info: sypd: 14.921
[ Info: wall_time_per_timestep: 5 milliseconds, 508 microseconds
[ Info: Memory currently used (after solve!) by the process (RSS): 8.68 GiB
[ Info: Completed member 2
┌ Info: Making AtmosConfig with config files: 
│      /home/jeff/larcform1-experiments/ClimaAtmos.jl/src/config/../../config/default_configs/default_config.yml
└   
┌ Info: numerics 
│          `energy_q_tot_upwinding`::`Val{:vanleer_limiter}`
│                `tracer_upwinding`::`Val{:vanleer_limiter}`
│       `edmfx_mse_q_tot_upwinding`::`Val{:first_order}`
│         `edmfx_sgsflux_upwinding`::`Val{:none}`
│          `edmfx_tracer_upwinding`::`Val{:first_order}`
│         `test_dycore_consistency`::`Nothing`
│            `reproducible_restart`::`Nothing`
│                         `limiter`::`Nothing`
│                       `diff_mode`::`ClimaAtmos.Implicit`
│                       `hyperdiff`::`Nothing`
└   
┌ Info: AtmosModel: 
│   
│                               `water`::`ClimaAtmos.AtmosWater{ClimaAtmos.NonEquilibriumMicrophysics1M, ClimaAtmos.QuadratureCloud, ClimaAtmos.Implicit, Nothing, ClimaAtmos.SGSQuadrature{3, StaticArraysCore.SVector{3, Float32}, StaticArraysCore.SVector{3, Float32}, ClimaAtmos.GaussianSGS, Float32}, ClimaAtmos.FixedTerminalVelocity{Float32}}`
│                           `scm_setup`::`ClimaAtmos.SCMSetup{Nothing, Nothing, Nothing, Bool, @NamedTuple{prof_ug::AtmosphericProfilesLibrary.ZProfile{AtmosphericProfilesLibrary.var"#Larcform1_geostrophic_u##0#Larcform1_geostrophic_u##1"{Float32}}, prof_vg::AtmosphericProfilesLibrary.ZProfile{Returns{Float32}}, coriolis_param::Float32}}`
│                           `radiation`::`ClimaAtmos.AtmosRadiation{ClimaAtmos.RRTMGPInterface.AllSkyRadiationWithClearSkyDiagnostics{ClimaAtmos.InteractiveCloudInRadiation}, ClimaAtmos.Larcform1Insolation}`
│                            `turbconv`::`ClimaAtmos.AtmosTurbconv{ClimaAtmos.EDMFXModel{ClimaAtmos.InvZEntrainment, ClimaAtmos.BuoyancyVelocityDetrainment, Val{true}, Val{true}, Val{true}, Val{true}, Val{true}, ClimaAtmos.SmoothMinimumBlending}, ClimaAtmos.PrognosticEDMFX{1, true, Float32}, Nothing, Nothing, Nothing}`
│                     `prescribed_flow`::`Nothing`
│                        `gravity_wave`::`ClimaAtmos.AtmosGravityWave{Nothing, Nothing}`
│                  `vertical_diffusion`::`Nothing`
│                              `sponge`::`ClimaAtmos.AtmosSponge{Nothing, Nothing}`
│                             `surface`::`ClimaAtmos.AtmosSurface{ClimaAtmos.SurfaceConditions.MoninObukhov{Float32, Nothing, Nothing}, ClimaAtmos.SurfaceConditions.SlabOceanTemperature{Float32}, ClimaAtmos.SurfaceConditions.SurfaceBoundaryOverrides{Float32, Float32, Nothing, Nothing, Nothing, Nothing}, ClimaAtmos.ConstantAlbedo{Float32}}`
│                            `numerics`::`ClimaAtmos.AtmosNumerics{Val{:vanleer_limiter}, Val{:vanleer_limiter}, Val{:first_order}, Val{:none}, Val{:first_order}, Nothing, Nothing, Nothing, ClimaAtmos.Implicit, Nothing}`
│                           `chemistry`::`ClimaAtmos.AtmosChem{Nothing}`
└   
┌ Info: Microphysics settings: 
│                          `n_substeps`::`3`
│                     `n_substeps_quad`::`2`
│              `cloud_liquid_formation`::`CloudLiquidFormation`
│                 `cloud_ice_formation`::`TemperatureDependent`
│                      `cloud_ice_melt`::`CloudIceMelt`
│                 `rain_autoconversion`::`Kessler1M`
│                 `snow_autoconversion`::`NoSupersaturation`
│       `rain_condensation_evaporation`::`RainEvaporation`
│         `snow_deposition_sublimation`::`DepositionAndSublimation`
│                           `snow_melt`::`SnowMelt`
│         `cloud_liquid_rain_accretion`::`CloudLiquidRainAccretion`
│         `cloud_liquid_snow_accretion`::`CloudLiquidSnowAccretion`
│            `cloud_ice_rain_accretion`::`CloudIceRainAccretion`
│            `cloud_ice_snow_accretion`::`CloudIceSnowAccretion`
│                 `rain_snow_accretion`::`RainSnowAccretion`
└   
[ Info: Single-process ClimaAtmos run on CPUSingleThreaded
[ Info: Using ODE config: `ClimaTimeSteppers.ARS222`
[ Info: Initialized state (49.141 μs, 7.76 KiB)
[ Info: Built cache (216.824 ms, 172.6 MiB)
[ Info: Assembled callbacks (140.764 μs, 17.42 KiB)
┌ Info: Jacobian algorithm: ManualSparseJacobian(
│     approximate_solve_iters = 2,
└   )
[ Info: Jacobian derivative flags: topography_flag = IgnoreDerivative, diffusion_flag = UseDerivative
[ Info: Built tendency function (213.486 μs, 201.06 KiB)
[ Info: Initialized integrator (8.855 ms, 169.03 KiB)
[ Info: Added 7 user-provided YAML-style diagnostics
[ Info: Saving accumulated diagnostics to disk with frequency: 1 hour
[ Info: Set up diagnostics (430.821 μs, 103.66 KiB)
[ Info: Initialized 7 total diagnostics
