┌ Info: Simulation info
│   job_id = lf1e_clw_cal_member
└   output_dir = /home/jeff/larcform1-experiments/experiments/clw calibration/output/uki_1/iteration_002/member_012/output_0000
┌ Info: Running
│   job_id = lf1e_clw_cal_member
│   output_dir = /home/jeff/larcform1-experiments/experiments/clw calibration/output/uki_1/iteration_002/member_012/output_0000
└   tspan = (0.0 seconds (2010-01-01T00:00:00) [counter = 0, period = 1 second, epoch = 2010-01-01T00:00:00], 172800.0 seconds (2010-01-03T00:00:00) [counter = 172800, period = 1 second, epoch = 2010-01-01T00:00:00])
┌ Info: Progress
│   simulation_time = 30 seconds
│   n_steps_completed = 1
│   wall_time_per_step = 0 seconds
│   wall_time_total = 0 seconds
│   wall_time_remaining = 0 seconds
│   wall_time_spent = 0 seconds
│   percent_complete = 0.0%
│   estimated_sypd = Inf
│   instantaneous_sypd = 0.0 (sdpd_estimate = 0.0)
│   date_now = 2026-07-05T16:28:16.019
└   estimated_finish_date = 2026-07-05T16:28:16.019
┌ Info: Progress
│   simulation_time = 1 minute
│   n_steps_completed = 2
│   wall_time_per_step = 0 seconds
│   wall_time_total = 0 seconds
│   wall_time_remaining = 0 seconds
│   wall_time_spent = 0 seconds
│   percent_complete = 0.0%
│   estimated_sypd = Inf
│   instantaneous_sypd = 0.031
│   date_now = 2026-07-05T16:28:18.654
└   estimated_finish_date = 2026-07-05T16:28:18.654
┌ Info: Progress
│   simulation_time = 2 minutes
│   n_steps_completed = 4
│   wall_time_per_step = 4 milliseconds, 687 microseconds
│   wall_time_total = 27 seconds, 274 microseconds
│   wall_time_remaining = 26 seconds, 981 milliseconds
│   wall_time_spent = 18 milliseconds, 750 microseconds
│   percent_complete = 0.1%
│   estimated_sypd = 17.522
│   instantaneous_sypd = 17.522
│   date_now = 2026-07-05T16:28:18.664
└   estimated_finish_date = 2026-07-05T16:28:45.664
┌ Info: Progress
│   simulation_time = 4 minutes
│   n_steps_completed = 8
│   wall_time_per_step = 4 milliseconds, 394 microseconds
│   wall_time_total = 25 seconds, 310 milliseconds
│   wall_time_remaining = 25 seconds, 275 milliseconds
│   wall_time_spent = 35 milliseconds, 154 microseconds
│   percent_complete = 0.1%
│   estimated_sypd = 18.692
│   instantaneous_sypd = 20.028
│   date_now = 2026-07-05T16:28:18.680
└   estimated_finish_date = 2026-07-05T16:28:44.680
┌ Info: Progress
│   simulation_time = 8 minutes
│   n_steps_completed = 16
│   wall_time_per_step = 4 milliseconds, 112 microseconds
│   wall_time_total = 23 seconds, 685 milliseconds
│   wall_time_remaining = 23 seconds, 620 milliseconds
│   wall_time_spent = 65 milliseconds, 794 microseconds
│   percent_complete = 0.3%
│   estimated_sypd = 19.974
│   instantaneous_sypd = 21.445
│   date_now = 2026-07-05T16:28:18.711
└   estimated_finish_date = 2026-07-05T16:28:42.711
┌ Info: Progress
│   simulation_time = 16 minutes
│   n_steps_completed = 32
│   wall_time_per_step = 4 milliseconds, 3 microseconds
│   wall_time_total = 23 seconds, 59 milliseconds
│   wall_time_remaining = 22 seconds, 931 milliseconds
│   wall_time_spent = 128 milliseconds, 109 microseconds
│   percent_complete = 0.6%
│   estimated_sypd = 20.516
│   instantaneous_sypd = 21.089
│   date_now = 2026-07-05T16:28:18.773
└   estimated_finish_date = 2026-07-05T16:28:41.773
┌ Info: Progress
│   simulation_time = 32 minutes
│   n_steps_completed = 64
│   wall_time_per_step = 4 milliseconds, 13 microseconds
│   wall_time_total = 23 seconds, 118 milliseconds
│   wall_time_remaining = 22 seconds, 861 milliseconds
│   wall_time_spent = 256 milliseconds, 876 microseconds
│   percent_complete = 1.1%
│   estimated_sypd = 20.464
│   instantaneous_sypd = 20.412
│   date_now = 2026-07-05T16:28:18.902
└   estimated_finish_date = 2026-07-05T16:28:41.902
┌ Info: Progress
│   simulation_time = 1 hour, 4 minutes
│   n_steps_completed = 128
│   wall_time_per_step = 4 milliseconds, 117 microseconds
│   wall_time_total = 23 seconds, 718 milliseconds
│   wall_time_remaining = 23 seconds, 191 milliseconds
│   wall_time_spent = 527 milliseconds, 76 microseconds
│   percent_complete = 2.2%
│   estimated_sypd = 19.947
│   instantaneous_sypd = 19.455
│   date_now = 2026-07-05T16:28:19.172
└   estimated_finish_date = 2026-07-05T16:28:43.172
┌ Info: Progress
│   simulation_time = 2 hours, 8 minutes
│   n_steps_completed = 256
│   wall_time_per_step = 4 milliseconds, 98 microseconds
│   wall_time_total = 23 seconds, 609 milliseconds
│   wall_time_remaining = 22 seconds, 560 milliseconds
│   wall_time_spent = 1 second, 49 milliseconds
│   percent_complete = 4.4%
│   estimated_sypd = 20.038
│   instantaneous_sypd = 20.131
│   date_now = 2026-07-05T16:28:19.694
└   estimated_finish_date = 2026-07-05T16:28:42.694
┌ Info: Progress
│   simulation_time = 4 hours, 16 minutes
│   n_steps_completed = 512
│   wall_time_per_step = 4 milliseconds, 120 microseconds
│   wall_time_total = 23 seconds, 736 milliseconds
│   wall_time_remaining = 21 seconds, 626 milliseconds
│   wall_time_spent = 2 seconds, 109 milliseconds
│   percent_complete = 8.9%
│   estimated_sypd = 19.931
│   instantaneous_sypd = 19.825
│   date_now = 2026-07-05T16:28:20.755
└   estimated_finish_date = 2026-07-05T16:28:42.755
┌ Info: Progress
│   simulation_time = 6 hours, 40 minutes
│   n_steps_completed = 801
│   wall_time_per_step = 4 milliseconds, 174 microseconds
│   wall_time_total = 24 seconds, 43 milliseconds
│   wall_time_remaining = 20 seconds, 699 milliseconds
│   wall_time_spent = 3 seconds, 343 milliseconds
│   percent_complete = 13.9%
│   estimated_sypd = 19.677
│   instantaneous_sypd = 19.242
│   date_now = 2026-07-05T16:28:21.989
└   estimated_finish_date = 2026-07-05T16:28:42.989
┌ Info: Progress
│   simulation_time = 8 hours, 32 minutes
│   n_steps_completed = 1024
│   wall_time_per_step = 4 milliseconds, 224 microseconds
│   wall_time_total = 24 seconds, 330 milliseconds
│   wall_time_remaining = 20 seconds, 5 milliseconds
│   wall_time_spent = 4 seconds, 325 milliseconds
│   percent_complete = 17.8%
│   estimated_sypd = 19.445
│   instantaneous_sypd = 18.654
│   date_now = 2026-07-05T16:28:22.970
└   estimated_finish_date = 2026-07-05T16:28:43.970
┌ Info: Progress
│   simulation_time = 10 hours, 56 minutes
│   n_steps_completed = 1313
│   wall_time_per_step = 4 milliseconds, 287 microseconds
│   wall_time_total = 24 seconds, 694 milliseconds
│   wall_time_remaining = 19 seconds, 65 milliseconds
│   wall_time_spent = 5 seconds, 629 milliseconds
│   percent_complete = 22.8%
│   estimated_sypd = 19.158
│   instantaneous_sypd = 18.208
│   date_now = 2026-07-05T16:28:24.274
└   estimated_finish_date = 2026-07-05T16:28:44.274
┌ Info: Progress
│   simulation_time = 13 hours, 21 minutes
│   n_steps_completed = 1602
│   wall_time_per_step = 4 milliseconds, 369 microseconds
│   wall_time_total = 25 seconds, 165 milliseconds
│   wall_time_remaining = 18 seconds, 166 milliseconds
│   wall_time_spent = 6 seconds, 999 milliseconds
│   percent_complete = 27.8%
│   estimated_sypd = 18.8
│   instantaneous_sypd = 17.325
│   date_now = 2026-07-05T16:28:25.644
└   estimated_finish_date = 2026-07-05T16:28:44.644
┌ Info: Progress
│   simulation_time = 15 hours, 45 minutes
│   n_steps_completed = 1891
│   wall_time_per_step = 4 milliseconds, 437 microseconds
│   wall_time_total = 25 seconds, 562 milliseconds
│   wall_time_remaining = 17 seconds, 170 milliseconds
│   wall_time_spent = 8 seconds, 392 milliseconds
│   percent_complete = 32.8%
│   estimated_sypd = 18.508
│   instantaneous_sypd = 17.041
│   date_now = 2026-07-05T16:28:27.037
└   estimated_finish_date = 2026-07-05T16:28:45.037
┌ Info: Progress
│   simulation_time = 17 hours, 4 minutes
│   n_steps_completed = 2048
│   wall_time_per_step = 4 milliseconds, 476 microseconds
│   wall_time_total = 25 seconds, 782 milliseconds
│   wall_time_remaining = 16 seconds, 615 milliseconds
│   wall_time_spent = 9 seconds, 167 milliseconds
│   percent_complete = 35.6%
│   estimated_sypd = 18.35
│   instantaneous_sypd = 16.638
│   date_now = 2026-07-05T16:28:27.812
└   estimated_finish_date = 2026-07-05T16:28:44.812
┌ Info: Progress
│   simulation_time = 19 hours, 28 minutes
│   n_steps_completed = 2337
│   wall_time_per_step = 4 milliseconds, 541 microseconds
│   wall_time_total = 26 seconds, 159 milliseconds
│   wall_time_remaining = 15 seconds, 545 milliseconds
│   wall_time_spent = 10 seconds, 613 milliseconds
│   percent_complete = 40.6%
│   estimated_sypd = 18.085
│   instantaneous_sypd = 16.411
│   date_now = 2026-07-05T16:28:29.259
└   estimated_finish_date = 2026-07-05T16:28:45.259
┌ Info: Progress
│   simulation_time = 21 hours, 53 minutes
│   n_steps_completed = 2626
│   wall_time_per_step = 4 milliseconds, 649 microseconds
│   wall_time_total = 26 seconds, 782 milliseconds
│   wall_time_remaining = 14 seconds, 572 milliseconds
│   wall_time_spent = 12 seconds, 210 milliseconds
│   percent_complete = 45.6%
│   estimated_sypd = 17.665
│   instantaneous_sypd = 14.868
│   date_now = 2026-07-05T16:28:30.855
└   estimated_finish_date = 2026-07-05T16:28:45.855
┌ Info: Progress
│   simulation_time = 1 day, 17 minutes
│   n_steps_completed = 2915
│   wall_time_per_step = 4 milliseconds, 702 microseconds
│   wall_time_total = 27 seconds, 85 milliseconds
│   wall_time_remaining = 13 seconds, 378 milliseconds
│   wall_time_spent = 13 seconds, 707 milliseconds
│   percent_complete = 50.6%
│   estimated_sypd = 17.467
│   instantaneous_sypd = 15.855
│   date_now = 2026-07-05T16:28:32.352
└   estimated_finish_date = 2026-07-05T16:28:46.352
┌ Info: Progress
│   simulation_time = 1 day, 2 hours
│   n_steps_completed = 3204
│   wall_time_per_step = 4 milliseconds, 763 microseconds
│   wall_time_total = 27 seconds, 437 milliseconds
│   wall_time_remaining = 12 seconds, 175 milliseconds
│   wall_time_spent = 15 seconds, 262 milliseconds
│   percent_complete = 55.6%
│   estimated_sypd = 17.243
│   instantaneous_sypd = 15.265
│   date_now = 2026-07-05T16:28:33.907
└   estimated_finish_date = 2026-07-05T16:28:46.907
┌ Info: Progress
│   simulation_time = 1 day, 5 hours
│   n_steps_completed = 3493
│   wall_time_per_step = 4 milliseconds, 820 microseconds
│   wall_time_total = 27 seconds, 767 milliseconds
│   wall_time_remaining = 10 seconds, 928 milliseconds
│   wall_time_spent = 16 seconds, 838 milliseconds
│   percent_complete = 60.6%
│   estimated_sypd = 17.038
│   instantaneous_sypd = 15.058
│   date_now = 2026-07-05T16:28:35.484
└   estimated_finish_date = 2026-07-05T16:28:46.484
┌ Info: Progress
│   simulation_time = 1 day, 7 hours
│   n_steps_completed = 3782
│   wall_time_per_step = 4 milliseconds, 896 microseconds
│   wall_time_total = 28 seconds, 204 milliseconds
│   wall_time_remaining = 9 seconds, 685 milliseconds
│   wall_time_spent = 18 seconds, 518 milliseconds
│   percent_complete = 65.7%
│   estimated_sypd = 16.774
│   instantaneous_sypd = 14.128
│   date_now = 2026-07-05T16:28:37.164
└   estimated_finish_date = 2026-07-05T16:28:47.164
┌ Info: Progress
│   simulation_time = 1 day, 9 hours
│   n_steps_completed = 4071
│   wall_time_per_step = 4 milliseconds, 959 microseconds
│   wall_time_total = 28 seconds, 569 milliseconds
│   wall_time_remaining = 8 seconds, 377 milliseconds
│   wall_time_spent = 20 seconds, 191 milliseconds
│   percent_complete = 70.7%
│   estimated_sypd = 16.56
│   instantaneous_sypd = 14.189
│   date_now = 2026-07-05T16:28:38.837
└   estimated_finish_date = 2026-07-05T16:28:47.837
┌ Info: Progress
│   simulation_time = 1 day, 10 hours
│   n_steps_completed = 4096
│   wall_time_per_step = 4 milliseconds, 967 microseconds
│   wall_time_total = 28 seconds, 613 milliseconds
│   wall_time_remaining = 8 seconds, 266 milliseconds
│   wall_time_spent = 20 seconds, 347 milliseconds
│   percent_complete = 71.1%
│   estimated_sypd = 16.534
│   instantaneous_sypd = 13.189
│   date_now = 2026-07-05T16:28:38.993
└   estimated_finish_date = 2026-07-05T16:28:47.993
┌ Info: Progress
│   simulation_time = 1 day, 12 hours
│   n_steps_completed = 4385
│   wall_time_per_step = 5 milliseconds, 27 microseconds
│   wall_time_total = 28 seconds, 960 milliseconds
│   wall_time_remaining = 6 seconds, 913 milliseconds
│   wall_time_spent = 22 seconds, 47 milliseconds
│   percent_complete = 76.1%
│   estimated_sypd = 16.336
│   instantaneous_sypd = 13.966
│   date_now = 2026-07-05T16:28:40.692
└   estimated_finish_date = 2026-07-05T16:28:47.692
┌ Info: Progress
│   simulation_time = 1 day, 14 hours
│   n_steps_completed = 4674
│   wall_time_per_step = 5 milliseconds, 95 microseconds
│   wall_time_total = 29 seconds, 351 milliseconds
│   wall_time_remaining = 5 seconds, 534 milliseconds
│   wall_time_spent = 23 seconds, 817 milliseconds
│   percent_complete = 81.1%
│   estimated_sypd = 16.118
│   instantaneous_sypd = 13.407
│   date_now = 2026-07-05T16:28:42.463
└   estimated_finish_date = 2026-07-05T16:28:48.463
┌ Info: Progress
│   simulation_time = 1 day, 17 hours
│   n_steps_completed = 4963
│   wall_time_per_step = 5 milliseconds, 157 microseconds
│   wall_time_total = 29 seconds, 704 milliseconds
│   wall_time_remaining = 4 seconds, 110 milliseconds
│   wall_time_spent = 25 seconds, 594 milliseconds
│   percent_complete = 86.2%
│   estimated_sypd = 15.927
│   instantaneous_sypd = 13.358
│   date_now = 2026-07-05T16:28:44.240
└   estimated_finish_date = 2026-07-05T16:28:49.240
┌ Info: Progress
│   simulation_time = 1 day, 19 hours
│   n_steps_completed = 5252
│   wall_time_per_step = 5 milliseconds, 218 microseconds
│   wall_time_total = 30 seconds, 59 milliseconds
│   wall_time_remaining = 2 seconds, 651 milliseconds
│   wall_time_spent = 27 seconds, 408 milliseconds
│   percent_complete = 91.2%
│   estimated_sypd = 15.739
│   instantaneous_sypd = 13.085
│   date_now = 2026-07-05T16:28:46.054
└   estimated_finish_date = 2026-07-05T16:28:49.054
┌ Info: Progress
│   simulation_time = 1 day, 22 hours
│   n_steps_completed = 5541
│   wall_time_per_step = 5 milliseconds, 286 microseconds
│   wall_time_total = 30 seconds, 447 milliseconds
│   wall_time_remaining = 1 second, 157 milliseconds
│   wall_time_spent = 29 seconds, 289 milliseconds
│   percent_complete = 96.2%
│   estimated_sypd = 15.538
│   instantaneous_sypd = 12.619
│   date_now = 2026-07-05T16:28:47.935
└   estimated_finish_date = 2026-07-05T16:28:49.935
[ Info: solve! walltime = 30.709
[ Info: sypd: 15.416
[ Info: wall_time_per_timestep: 5 milliseconds, 331 microseconds
[ Info: Memory currently used (after solve!) by the process (RSS): 8.68 GiB
[ Info: Completed member 12
┌ Info: Making AtmosConfig with config files: 
│      /home/jeff/larcform1-experiments/ClimaAtmos.jl/src/config/../../config/default_configs/default_config.yml
└   
┌ Info: numerics 
│          `energy_q_tot_upwinding`::`Val{:vanleer_limiter}`
│                `tracer_upwinding`::`Val{:vanleer_limiter}`
│       `edmfx_mse_q_tot_upwinding`::`Val{:first_order}`
│         `edmfx_sgsflux_upwinding`::`Val{:none}`
│          `edmfx_tracer_upwinding`::`Val{:first_order}`
│         `test_dycore_consistency`::`Nothing`
│            `reproducible_restart`::`Nothing`
│                         `limiter`::`Nothing`
│                       `diff_mode`::`ClimaAtmos.Implicit`
│                       `hyperdiff`::`Nothing`
└   
┌ Info: AtmosModel: 
│   
│                               `water`::`ClimaAtmos.AtmosWater{ClimaAtmos.NonEquilibriumMicrophysics1M, ClimaAtmos.QuadratureCloud, ClimaAtmos.Implicit, Nothing, ClimaAtmos.SGSQuadrature{3, StaticArraysCore.SVector{3, Float32}, StaticArraysCore.SVector{3, Float32}, ClimaAtmos.GaussianSGS, Float32}, ClimaAtmos.FixedTerminalVelocity{Float32}}`
│                           `scm_setup`::`ClimaAtmos.SCMSetup{Nothing, Nothing, Nothing, Bool, @NamedTuple{prof_ug::AtmosphericProfilesLibrary.ZProfile{AtmosphericProfilesLibrary.var"#Larcform1_geostrophic_u##0#Larcform1_geostrophic_u##1"{Float32}}, prof_vg::AtmosphericProfilesLibrary.ZProfile{Returns{Float32}}, coriolis_param::Float32}}`
│                           `radiation`::`ClimaAtmos.AtmosRadiation{ClimaAtmos.RRTMGPInterface.AllSkyRadiationWithClearSkyDiagnostics{ClimaAtmos.InteractiveCloudInRadiation}, ClimaAtmos.Larcform1Insolation}`
│                            `turbconv`::`ClimaAtmos.AtmosTurbconv{ClimaAtmos.EDMFXModel{ClimaAtmos.InvZEntrainment, ClimaAtmos.BuoyancyVelocityDetrainment, Val{true}, Val{true}, Val{true}, Val{true}, Val{true}, ClimaAtmos.SmoothMinimumBlending}, ClimaAtmos.PrognosticEDMFX{1, true, Float32}, Nothing, Nothing, Nothing}`
│                     `prescribed_flow`::`Nothing`
│                        `gravity_wave`::`ClimaAtmos.AtmosGravityWave{Nothing, Nothing}`
│                  `vertical_diffusion`::`Nothing`
│                              `sponge`::`ClimaAtmos.AtmosSponge{Nothing, Nothing}`
│                             `surface`::`ClimaAtmos.AtmosSurface{ClimaAtmos.SurfaceConditions.MoninObukhov{Float32, Nothing, Nothing}, ClimaAtmos.SurfaceConditions.SlabOceanTemperature{Float32}, ClimaAtmos.SurfaceConditions.SurfaceBoundaryOverrides{Float32, Float32, Nothing, Nothing, Nothing, Nothing}, ClimaAtmos.ConstantAlbedo{Float32}}`
│                            `numerics`::`ClimaAtmos.AtmosNumerics{Val{:vanleer_limiter}, Val{:vanleer_limiter}, Val{:first_order}, Val{:none}, Val{:first_order}, Nothing, Nothing, Nothing, ClimaAtmos.Implicit, Nothing}`
│                           `chemistry`::`ClimaAtmos.AtmosChem{Nothing}`
└   
┌ Info: Microphysics settings: 
│                          `n_substeps`::`3`
│                     `n_substeps_quad`::`2`
│              `cloud_liquid_formation`::`CloudLiquidFormation`
│                 `cloud_ice_formation`::`TemperatureDependent`
│                      `cloud_ice_melt`::`CloudIceMelt`
│                 `rain_autoconversion`::`Kessler1M`
│                 `snow_autoconversion`::`NoSupersaturation`
│       `rain_condensation_evaporation`::`RainEvaporation`
│         `snow_deposition_sublimation`::`DepositionAndSublimation`
│                           `snow_melt`::`SnowMelt`
│         `cloud_liquid_rain_accretion`::`CloudLiquidRainAccretion`
│         `cloud_liquid_snow_accretion`::`CloudLiquidSnowAccretion`
│            `cloud_ice_rain_accretion`::`CloudIceRainAccretion`
│            `cloud_ice_snow_accretion`::`CloudIceSnowAccretion`
│                 `rain_snow_accretion`::`RainSnowAccretion`
└   
[ Info: Single-process ClimaAtmos run on CPUSingleThreaded
[ Info: Using ODE config: `ClimaTimeSteppers.ARS222`
[ Info: Initialized state (54.372 μs, 7.76 KiB)
[ Info: Built cache (214.494 ms, 172.6 MiB)
[ Info: Assembled callbacks (139.934 μs, 17.42 KiB)
┌ Info: Jacobian algorithm: ManualSparseJacobian(
│     approximate_solve_iters = 2,
└   )
[ Info: Jacobian derivative flags: topography_flag = IgnoreDerivative, diffusion_flag = UseDerivative
[ Info: Built tendency function (195.635 μs, 201.06 KiB)
[ Info: Initialized integrator (8.789 ms, 169.03 KiB)
[ Info: Added 7 user-provided YAML-style diagnostics
[ Info: Saving accumulated diagnostics to disk with frequency: 1 hour
[ Info: Set up diagnostics (418.85 μs, 103.66 KiB)
[ Info: Initialized 7 total diagnostics
