┌ Info: Simulation info
│   job_id = lf1e_clw_cal_member
└   output_dir = /home/jeff/larcform1-experiments/experiments/clw calibration/output/smoke/iteration_001/member_002/output_0000
┌ Info: Running
│   job_id = lf1e_clw_cal_member
│   output_dir = /home/jeff/larcform1-experiments/experiments/clw calibration/output/smoke/iteration_001/member_002/output_0000
└   tspan = (0.0 seconds (2010-01-01T00:00:00) [counter = 0, period = 1 second, epoch = 2010-01-01T00:00:00], 172800.0 seconds (2010-01-03T00:00:00) [counter = 172800, period = 1 second, epoch = 2010-01-01T00:00:00])
┌ Info: Progress
│   simulation_time = 30 seconds
│   n_steps_completed = 1
│   wall_time_per_step = 0 seconds
│   wall_time_total = 0 seconds
│   wall_time_remaining = 0 seconds
│   wall_time_spent = 0 seconds
│   percent_complete = 0.0%
│   estimated_sypd = Inf
│   instantaneous_sypd = 0.0 (sdpd_estimate = 0.0)
│   date_now = 2026-07-05T09:04:52.113
└   estimated_finish_date = 2026-07-05T09:04:52.113
┌ Info: Progress
│   simulation_time = 1 minute
│   n_steps_completed = 2
│   wall_time_per_step = 0 seconds
│   wall_time_total = 0 seconds
│   wall_time_remaining = 0 seconds
│   wall_time_spent = 0 seconds
│   percent_complete = 0.0%
│   estimated_sypd = Inf
│   instantaneous_sypd = 0.026
│   date_now = 2026-07-05T09:04:55.291
└   estimated_finish_date = 2026-07-05T09:04:55.291
┌ Info: Progress
│   simulation_time = 2 minutes
│   n_steps_completed = 4
│   wall_time_per_step = 4 milliseconds, 846 microseconds
│   wall_time_total = 27 seconds, 913 milliseconds
│   wall_time_remaining = 27 seconds, 894 milliseconds
│   wall_time_spent = 19 milliseconds, 384 microseconds
│   percent_complete = 0.1%
│   estimated_sypd = 16.949
│   instantaneous_sypd = 16.949
│   date_now = 2026-07-05T09:04:55.301
└   estimated_finish_date = 2026-07-05T09:05:23.301
┌ Info: Progress
│   simulation_time = 4 minutes
│   n_steps_completed = 8
│   wall_time_per_step = 4 milliseconds, 487 microseconds
│   wall_time_total = 25 seconds, 848 milliseconds
│   wall_time_remaining = 25 seconds, 812 milliseconds
│   wall_time_spent = 35 milliseconds, 900 microseconds
│   percent_complete = 0.1%
│   estimated_sypd = 18.303
│   instantaneous_sypd = 19.892
│   date_now = 2026-07-05T09:04:55.317
└   estimated_finish_date = 2026-07-05T09:05:21.317
┌ Info: Progress
│   simulation_time = 8 minutes
│   n_steps_completed = 16
│   wall_time_per_step = 4 milliseconds, 168 microseconds
│   wall_time_total = 24 seconds, 12 milliseconds
│   wall_time_remaining = 23 seconds, 945 milliseconds
│   wall_time_spent = 66 milliseconds, 701 microseconds
│   percent_complete = 0.3%
│   estimated_sypd = 19.702
│   instantaneous_sypd = 21.333
│   date_now = 2026-07-05T09:04:55.348
└   estimated_finish_date = 2026-07-05T09:05:19.348
┌ Info: Progress
│   simulation_time = 16 minutes
│   n_steps_completed = 32
│   wall_time_per_step = 3 milliseconds, 974 microseconds
│   wall_time_total = 22 seconds, 893 milliseconds
│   wall_time_remaining = 22 seconds, 766 milliseconds
│   wall_time_spent = 127 milliseconds, 187 microseconds
│   percent_complete = 0.6%
│   estimated_sypd = 20.665
│   instantaneous_sypd = 21.727
│   date_now = 2026-07-05T09:04:55.408
└   estimated_finish_date = 2026-07-05T09:05:18.408
┌ Info: Progress
│   simulation_time = 32 minutes
│   n_steps_completed = 64
│   wall_time_per_step = 3 milliseconds, 999 microseconds
│   wall_time_total = 23 seconds, 39 milliseconds
│   wall_time_remaining = 22 seconds, 783 milliseconds
│   wall_time_spent = 255 milliseconds, 997 microseconds
│   percent_complete = 1.1%
│   estimated_sypd = 20.534
│   instantaneous_sypd = 20.405
│   date_now = 2026-07-05T09:04:55.537
└   estimated_finish_date = 2026-07-05T09:05:18.537
┌ Info: Progress
│   simulation_time = 1 hour, 4 minutes
│   n_steps_completed = 128
│   wall_time_per_step = 4 milliseconds, 148 microseconds
│   wall_time_total = 23 seconds, 895 milliseconds
│   wall_time_remaining = 23 seconds, 364 milliseconds
│   wall_time_spent = 531 milliseconds, 15 microseconds
│   percent_complete = 2.2%
│   estimated_sypd = 19.799
│   instantaneous_sypd = 19.114
│   date_now = 2026-07-05T09:04:55.812
└   estimated_finish_date = 2026-07-05T09:05:19.812
┌ Info: Progress
│   simulation_time = 2 hours, 8 minutes
│   n_steps_completed = 256
│   wall_time_per_step = 4 milliseconds, 224 microseconds
│   wall_time_total = 24 seconds, 330 milliseconds
│   wall_time_remaining = 23 seconds, 249 milliseconds
│   wall_time_spent = 1 second, 81 milliseconds
│   percent_complete = 4.4%
│   estimated_sypd = 19.444
│   instantaneous_sypd = 19.103
│   date_now = 2026-07-05T09:04:56.363
└   estimated_finish_date = 2026-07-05T09:05:20.363
┌ Info: Progress
│   simulation_time = 4 hours, 16 minutes
│   n_steps_completed = 512
│   wall_time_per_step = 4 milliseconds, 175 microseconds
│   wall_time_total = 24 seconds, 52 milliseconds
│   wall_time_remaining = 21 seconds, 914 milliseconds
│   wall_time_spent = 2 seconds, 138 milliseconds
│   percent_complete = 8.9%
│   estimated_sypd = 19.669
│   instantaneous_sypd = 19.9
│   date_now = 2026-07-05T09:04:57.419
└   estimated_finish_date = 2026-07-05T09:05:19.419
┌ Info: Progress
│   simulation_time = 6 hours, 40 minutes
│   n_steps_completed = 801
│   wall_time_per_step = 4 milliseconds, 226 microseconds
│   wall_time_total = 24 seconds, 342 milliseconds
│   wall_time_remaining = 20 seconds, 957 milliseconds
│   wall_time_spent = 3 seconds, 385 milliseconds
│   percent_complete = 13.9%
│   estimated_sypd = 19.435
│   instantaneous_sypd = 19.033
│   date_now = 2026-07-05T09:04:58.666
└   estimated_finish_date = 2026-07-05T09:05:19.666
┌ Info: Progress
│   simulation_time = 8 hours, 32 minutes
│   n_steps_completed = 1024
│   wall_time_per_step = 4 milliseconds, 275 microseconds
│   wall_time_total = 24 seconds, 625 milliseconds
│   wall_time_remaining = 20 seconds, 247 milliseconds
│   wall_time_spent = 4 seconds, 377 milliseconds
│   percent_complete = 17.8%
│   estimated_sypd = 19.212
│   instantaneous_sypd = 18.45
│   date_now = 2026-07-05T09:04:59.659
└   estimated_finish_date = 2026-07-05T09:05:20.659
┌ Info: Progress
│   simulation_time = 10 hours, 56 minutes
│   n_steps_completed = 1313
│   wall_time_per_step = 4 milliseconds, 350 microseconds
│   wall_time_total = 25 seconds, 59 milliseconds
│   wall_time_remaining = 19 seconds, 347 milliseconds
│   wall_time_spent = 5 seconds, 712 milliseconds
│   percent_complete = 22.8%
│   estimated_sypd = 18.879
│   instantaneous_sypd = 17.787
│   date_now = 2026-07-05T09:05:00.994
└   estimated_finish_date = 2026-07-05T09:05:20.994
┌ Info: Progress
│   simulation_time = 13 hours, 21 minutes
│   n_steps_completed = 1602
│   wall_time_per_step = 4 milliseconds, 426 microseconds
│   wall_time_total = 25 seconds, 495 milliseconds
│   wall_time_remaining = 18 seconds, 404 milliseconds
│   wall_time_spent = 7 seconds, 90 milliseconds
│   percent_complete = 27.8%
│   estimated_sypd = 18.557
│   instantaneous_sypd = 17.221
│   date_now = 2026-07-05T09:05:02.372
└   estimated_finish_date = 2026-07-05T09:05:21.372
┌ Info: Progress
│   simulation_time = 15 hours, 45 minutes
│   n_steps_completed = 1891
│   wall_time_per_step = 4 milliseconds, 507 microseconds
│   wall_time_total = 25 seconds, 965 milliseconds
│   wall_time_remaining = 17 seconds, 440 milliseconds
│   wall_time_spent = 8 seconds, 524 milliseconds
│   percent_complete = 32.8%
│   estimated_sypd = 18.221
│   instantaneous_sypd = 16.559
│   date_now = 2026-07-05T09:05:03.806
└   estimated_finish_date = 2026-07-05T09:05:21.806
┌ Info: Progress
│   simulation_time = 17 hours, 4 minutes
│   n_steps_completed = 2048
│   wall_time_per_step = 4 milliseconds, 550 microseconds
│   wall_time_total = 26 seconds, 209 milliseconds
│   wall_time_remaining = 16 seconds, 890 milliseconds
│   wall_time_spent = 9 seconds, 318 milliseconds
│   percent_complete = 35.6%
│   estimated_sypd = 18.051
│   instantaneous_sypd = 16.228
│   date_now = 2026-07-05T09:05:04.600
└   estimated_finish_date = 2026-07-05T09:05:21.600
┌ Info: Progress
│   simulation_time = 19 hours, 28 minutes
│   n_steps_completed = 2337
│   wall_time_per_step = 4 milliseconds, 623 microseconds
│   wall_time_total = 26 seconds, 629 milliseconds
│   wall_time_remaining = 15 seconds, 825 milliseconds
│   wall_time_spent = 10 seconds, 804 milliseconds
│   percent_complete = 40.6%
│   estimated_sypd = 17.766
│   instantaneous_sypd = 15.981
│   date_now = 2026-07-05T09:05:06.086
└   estimated_finish_date = 2026-07-05T09:05:22.086
┌ Info: Progress
│   simulation_time = 21 hours, 53 minutes
│   n_steps_completed = 2626
│   wall_time_per_step = 4 milliseconds, 698 microseconds
│   wall_time_total = 27 seconds, 65 milliseconds
│   wall_time_remaining = 14 seconds, 726 milliseconds
│   wall_time_spent = 12 seconds, 339 milliseconds
│   percent_complete = 45.6%
│   estimated_sypd = 17.48
│   instantaneous_sypd = 15.466
│   date_now = 2026-07-05T09:05:07.620
└   estimated_finish_date = 2026-07-05T09:05:22.620
┌ Info: Progress
│   simulation_time = 1 day, 17 minutes
│   n_steps_completed = 2915
│   wall_time_per_step = 4 milliseconds, 831 microseconds
│   wall_time_total = 27 seconds, 827 milliseconds
│   wall_time_remaining = 13 seconds, 744 milliseconds
│   wall_time_spent = 14 seconds, 82 milliseconds
│   percent_complete = 50.6%
│   estimated_sypd = 17.001
│   instantaneous_sypd = 13.614
│   date_now = 2026-07-05T09:05:09.364
└   estimated_finish_date = 2026-07-05T09:05:23.364
┌ Info: Progress
│   simulation_time = 1 day, 2 hours
│   n_steps_completed = 3204
│   wall_time_per_step = 4 milliseconds, 891 microseconds
│   wall_time_total = 28 seconds, 176 milliseconds
│   wall_time_remaining = 12 seconds, 503 milliseconds
│   wall_time_spent = 15 seconds, 673 milliseconds
│   percent_complete = 55.6%
│   estimated_sypd = 16.79
│   instantaneous_sypd = 14.923
│   date_now = 2026-07-05T09:05:10.955
└   estimated_finish_date = 2026-07-05T09:05:23.955
┌ Info: Progress
│   simulation_time = 1 day, 5 hours
│   n_steps_completed = 3493
│   wall_time_per_step = 4 milliseconds, 954 microseconds
│   wall_time_total = 28 seconds, 540 milliseconds
│   wall_time_remaining = 11 seconds, 232 milliseconds
│   wall_time_spent = 17 seconds, 307 milliseconds
│   percent_complete = 60.6%
│   estimated_sypd = 16.576
│   instantaneous_sypd = 14.524
│   date_now = 2026-07-05T09:05:12.589
└   estimated_finish_date = 2026-07-05T09:05:24.589
┌ Info: Progress
│   simulation_time = 1 day, 7 hours
│   n_steps_completed = 3782
│   wall_time_per_step = 5 milliseconds, 23 microseconds
│   wall_time_total = 28 seconds, 934 milliseconds
│   wall_time_remaining = 9 seconds, 936 milliseconds
│   wall_time_spent = 18 seconds, 998 milliseconds
│   percent_complete = 65.7%
│   estimated_sypd = 16.351
│   instantaneous_sypd = 14.04
│   date_now = 2026-07-05T09:05:14.280
└   estimated_finish_date = 2026-07-05T09:05:24.280
┌ Info: Progress
│   simulation_time = 1 day, 9 hours
│   n_steps_completed = 4071
│   wall_time_per_step = 5 milliseconds, 115 microseconds
│   wall_time_total = 29 seconds, 463 milliseconds
│   wall_time_remaining = 8 seconds, 639 milliseconds
│   wall_time_spent = 20 seconds, 823 milliseconds
│   percent_complete = 70.7%
│   estimated_sypd = 16.057
│   instantaneous_sypd = 13.004
│   date_now = 2026-07-05T09:05:16.105
└   estimated_finish_date = 2026-07-05T09:05:25.105
┌ Info: Progress
│   simulation_time = 1 day, 10 hours
│   n_steps_completed = 4096
│   wall_time_per_step = 5 milliseconds, 124 microseconds
│   wall_time_total = 29 seconds, 519 milliseconds
│   wall_time_remaining = 8 seconds, 527 milliseconds
│   wall_time_spent = 20 seconds, 991 milliseconds
│   percent_complete = 71.1%
│   estimated_sypd = 16.027
│   instantaneous_sypd = 12.218
│   date_now = 2026-07-05T09:05:16.273
└   estimated_finish_date = 2026-07-05T09:05:25.273
┌ Info: Progress
│   simulation_time = 1 day, 12 hours
│   n_steps_completed = 4385
│   wall_time_per_step = 5 milliseconds, 191 microseconds
│   wall_time_total = 29 seconds, 903 milliseconds
│   wall_time_remaining = 7 seconds, 138 milliseconds
│   wall_time_spent = 22 seconds, 765 milliseconds
│   percent_complete = 76.1%
│   estimated_sypd = 15.821
│   instantaneous_sypd = 13.386
│   date_now = 2026-07-05T09:05:18.047
└   estimated_finish_date = 2026-07-05T09:05:26.046
┌ Info: Progress
│   simulation_time = 1 day, 14 hours
│   n_steps_completed = 4674
│   wall_time_per_step = 5 milliseconds, 263 microseconds
│   wall_time_total = 30 seconds, 319 milliseconds
│   wall_time_remaining = 5 seconds, 716 milliseconds
│   wall_time_spent = 24 seconds, 602 milliseconds
│   percent_complete = 81.1%
│   estimated_sypd = 15.604
│   instantaneous_sypd = 12.917
│   date_now = 2026-07-05T09:05:19.884
└   estimated_finish_date = 2026-07-05T09:05:25.884
┌ Info: Progress
│   simulation_time = 1 day, 17 hours
│   n_steps_completed = 4963
│   wall_time_per_step = 5 milliseconds, 335 microseconds
│   wall_time_total = 30 seconds, 731 milliseconds
│   wall_time_remaining = 4 seconds, 252 milliseconds
│   wall_time_spent = 26 seconds, 479 milliseconds
│   percent_complete = 86.2%
│   estimated_sypd = 15.395
│   instantaneous_sypd = 12.648
│   date_now = 2026-07-05T09:05:21.761
└   estimated_finish_date = 2026-07-05T09:05:26.761
┌ Info: Progress
│   simulation_time = 1 day, 19 hours
│   n_steps_completed = 5252
│   wall_time_per_step = 5 milliseconds, 416 microseconds
│   wall_time_total = 31 seconds, 201 milliseconds
│   wall_time_remaining = 2 seconds, 751 milliseconds
│   wall_time_spent = 28 seconds, 449 milliseconds
│   percent_complete = 91.2%
│   estimated_sypd = 15.163
│   instantaneous_sypd = 12.047
│   date_now = 2026-07-05T09:05:23.731
└   estimated_finish_date = 2026-07-05T09:05:26.731
┌ Info: Progress
│   simulation_time = 1 day, 22 hours
│   n_steps_completed = 5541
│   wall_time_per_step = 5 milliseconds, 489 microseconds
│   wall_time_total = 31 seconds, 621 milliseconds
│   wall_time_remaining = 1 second, 202 milliseconds
│   wall_time_spent = 30 seconds, 419 milliseconds
│   percent_complete = 96.2%
│   estimated_sypd = 14.961
│   instantaneous_sypd = 12.054
│   date_now = 2026-07-05T09:05:25.700
└   estimated_finish_date = 2026-07-05T09:05:27.700
[ Info: solve! walltime = 31.947
[ Info: sypd: 14.819
[ Info: wall_time_per_timestep: 5 milliseconds, 546 microseconds
[ Info: Memory currently used (after solve!) by the process (RSS): 8.8 GiB
[ Info: Completed member 2
┌ Info: Making AtmosConfig with config files: 
│      /home/jeff/larcform1-experiments/ClimaAtmos.jl/src/config/../../config/default_configs/default_config.yml
└   
┌ Info: numerics 
│          `energy_q_tot_upwinding`::`Val{:vanleer_limiter}`
│                `tracer_upwinding`::`Val{:vanleer_limiter}`
│       `edmfx_mse_q_tot_upwinding`::`Val{:first_order}`
│         `edmfx_sgsflux_upwinding`::`Val{:none}`
│          `edmfx_tracer_upwinding`::`Val{:first_order}`
│         `test_dycore_consistency`::`Nothing`
│            `reproducible_restart`::`Nothing`
│                         `limiter`::`Nothing`
│                       `diff_mode`::`ClimaAtmos.Implicit`
│                       `hyperdiff`::`Nothing`
└   
┌ Info: AtmosModel: 
│   
│                               `water`::`ClimaAtmos.AtmosWater{ClimaAtmos.NonEquilibriumMicrophysics1M, ClimaAtmos.QuadratureCloud, ClimaAtmos.Implicit, Nothing, ClimaAtmos.SGSQuadrature{3, StaticArraysCore.SVector{3, Float32}, StaticArraysCore.SVector{3, Float32}, ClimaAtmos.GaussianSGS, Float32}, ClimaAtmos.FixedTerminalVelocity{Float32}}`
│                           `scm_setup`::`ClimaAtmos.SCMSetup{Nothing, Nothing, Nothing, Bool, @NamedTuple{prof_ug::AtmosphericProfilesLibrary.ZProfile{AtmosphericProfilesLibrary.var"#Larcform1_geostrophic_u##0#Larcform1_geostrophic_u##1"{Float32}}, prof_vg::AtmosphericProfilesLibrary.ZProfile{Returns{Float32}}, coriolis_param::Float32}}`
│                           `radiation`::`ClimaAtmos.AtmosRadiation{ClimaAtmos.RRTMGPInterface.AllSkyRadiationWithClearSkyDiagnostics{ClimaAtmos.InteractiveCloudInRadiation}, ClimaAtmos.Larcform1Insolation}`
│                            `turbconv`::`ClimaAtmos.AtmosTurbconv{ClimaAtmos.EDMFXModel{ClimaAtmos.InvZEntrainment, ClimaAtmos.BuoyancyVelocityDetrainment, Val{true}, Val{true}, Val{true}, Val{true}, Val{true}, ClimaAtmos.SmoothMinimumBlending}, ClimaAtmos.PrognosticEDMFX{1, true, Float32}, Nothing, Nothing, Nothing}`
│                     `prescribed_flow`::`Nothing`
│                        `gravity_wave`::`ClimaAtmos.AtmosGravityWave{Nothing, Nothing}`
│                  `vertical_diffusion`::`Nothing`
│                              `sponge`::`ClimaAtmos.AtmosSponge{Nothing, Nothing}`
│                             `surface`::`ClimaAtmos.AtmosSurface{ClimaAtmos.SurfaceConditions.MoninObukhov{Float32, Nothing, Nothing}, ClimaAtmos.SurfaceConditions.SlabOceanTemperature{Float32}, ClimaAtmos.SurfaceConditions.SurfaceBoundaryOverrides{Float32, Float32, Nothing, Nothing, Nothing, Nothing}, ClimaAtmos.ConstantAlbedo{Float32}}`
│                            `numerics`::`ClimaAtmos.AtmosNumerics{Val{:vanleer_limiter}, Val{:vanleer_limiter}, Val{:first_order}, Val{:none}, Val{:first_order}, Nothing, Nothing, Nothing, ClimaAtmos.Implicit, Nothing}`
│                           `chemistry`::`ClimaAtmos.AtmosChem{Nothing}`
└   
┌ Info: Microphysics settings: 
│                          `n_substeps`::`3`
│                     `n_substeps_quad`::`2`
│              `cloud_liquid_formation`::`CloudLiquidFormation`
│                 `cloud_ice_formation`::`TemperatureDependent`
│                      `cloud_ice_melt`::`CloudIceMelt`
│                 `rain_autoconversion`::`Kessler1M`
│                 `snow_autoconversion`::`NoSupersaturation`
│       `rain_condensation_evaporation`::`RainEvaporation`
│         `snow_deposition_sublimation`::`DepositionAndSublimation`
│                           `snow_melt`::`SnowMelt`
│         `cloud_liquid_rain_accretion`::`CloudLiquidRainAccretion`
│         `cloud_liquid_snow_accretion`::`CloudLiquidSnowAccretion`
│            `cloud_ice_rain_accretion`::`CloudIceRainAccretion`
│            `cloud_ice_snow_accretion`::`CloudIceSnowAccretion`
│                 `rain_snow_accretion`::`RainSnowAccretion`
└   
[ Info: Single-process ClimaAtmos run on CPUSingleThreaded
[ Info: Using ODE config: `ClimaTimeSteppers.ARS222`
[ Info: Initialized state (74.391 μs, 7.76 KiB)
[ Info: Built cache (240.652 ms, 172.6 MiB)
[ Info: Assembled callbacks (137.472 μs, 17.42 KiB)
┌ Info: Jacobian algorithm: ManualSparseJacobian(
│     approximate_solve_iters = 2,
└   )
[ Info: Jacobian derivative flags: topography_flag = IgnoreDerivative, diffusion_flag = UseDerivative
[ Info: Built tendency function (204.914 μs, 203.8 KiB)
[ Info: Initialized integrator (8.299 ms, 169.03 KiB)
[ Info: Added 7 user-provided YAML-style diagnostics
[ Info: Saving accumulated diagnostics to disk with frequency: 1 hour
[ Info: Set up diagnostics (452.298 μs, 105.05 KiB)
[ Info: Initialized 7 total diagnostics
