┌ Info: Simulation info
│   job_id = lf1e_clw1_v2_0M
└   output_dir = experiments/clw sensitivity experiments/output/lf1e-clw-1/v2_0M/output_0002
┌ Info: Running
│   job_id = lf1e_clw1_v2_0M
│   output_dir = experiments/clw sensitivity experiments/output/lf1e-clw-1/v2_0M/output_0002
└   tspan = (0.0 seconds (2010-01-01T00:00:00) [counter = 0, period = 1 second, epoch = 2010-01-01T00:00:00], 172800.0 seconds (2010-01-03T00:00:00) [counter = 172800, period = 1 second, epoch = 2010-01-01T00:00:00])
┌ Info: Progress
│   simulation_time = 30 seconds
│   n_steps_completed = 1
│   wall_time_per_step = 0 seconds
│   wall_time_total = 0 seconds
│   wall_time_remaining = 0 seconds
│   wall_time_spent = 0 seconds
│   percent_complete = 0.0%
│   estimated_sypd = Inf
│   instantaneous_sypd = 0.0 (sdpd_estimate = 0.0)
│   date_now = 2026-07-04T08:54:44.416
└   estimated_finish_date = 2026-07-04T08:54:44.416
┌ Info: Progress
│   simulation_time = 1 minute
│   n_steps_completed = 2
│   wall_time_per_step = 0 seconds
│   wall_time_total = 0 seconds
│   wall_time_remaining = 0 seconds
│   wall_time_spent = 0 seconds
│   percent_complete = 0.0%
│   estimated_sypd = Inf
│   instantaneous_sypd = 0.008 (sdpd_estimate = 3.041)
│   date_now = 2026-07-04T08:54:54.282
└   estimated_finish_date = 2026-07-04T08:54:54.281
┌ Info: Progress
│   simulation_time = 2 minutes
│   n_steps_completed = 4
│   wall_time_per_step = 9 milliseconds, 178 microseconds
│   wall_time_total = 52 seconds, 867 milliseconds
│   wall_time_remaining = 52 seconds, 830 milliseconds
│   wall_time_spent = 36 milliseconds, 713 microseconds
│   percent_complete = 0.1%
│   estimated_sypd = 8.949
│   instantaneous_sypd = 8.949
│   date_now = 2026-07-04T08:54:54.300
└   estimated_finish_date = 2026-07-04T08:55:47.300
┌ Info: Progress
│   simulation_time = 4 minutes
│   n_steps_completed = 8
│   wall_time_per_step = 5 milliseconds, 882 microseconds
│   wall_time_total = 33 seconds, 882 milliseconds
│   wall_time_remaining = 33 seconds, 835 milliseconds
│   wall_time_spent = 47 milliseconds, 58 microseconds
│   percent_complete = 0.1%
│   estimated_sypd = 13.963
│   instantaneous_sypd = 31.759
│   date_now = 2026-07-04T08:54:54.310
└   estimated_finish_date = 2026-07-04T08:55:28.310
┌ Info: Progress
│   simulation_time = 8 minutes
│   n_steps_completed = 16
│   wall_time_per_step = 4 milliseconds, 541 microseconds
│   wall_time_total = 26 seconds, 159 milliseconds
│   wall_time_remaining = 26 seconds, 86 milliseconds
│   wall_time_spent = 72 milliseconds, 665 microseconds
│   percent_complete = 0.3%
│   estimated_sypd = 18.085
│   instantaneous_sypd = 25.66
│   date_now = 2026-07-04T08:54:54.336
└   estimated_finish_date = 2026-07-04T08:55:21.336
┌ Info: Progress
│   simulation_time = 16 minutes
│   n_steps_completed = 32
│   wall_time_per_step = 112 milliseconds, 561 microseconds
│   wall_time_total = 10 minutes, 48 seconds
│   wall_time_remaining = 10 minutes, 44 seconds
│   wall_time_spent = 3 seconds, 601 milliseconds
│   percent_complete = 0.6%
│   estimated_sypd = 0.73
│   instantaneous_sypd = 0.372
│   date_now = 2026-07-04T08:54:57.865
└   estimated_finish_date = 2026-07-04T09:05:42.865
┌ Info: Progress
│   simulation_time = 32 minutes
│   n_steps_completed = 64
│   wall_time_per_step = 58 milliseconds, 317 microseconds
│   wall_time_total = 5 minutes, 35 seconds
│   wall_time_remaining = 5 minutes, 32 seconds
│   wall_time_spent = 3 seconds, 732 milliseconds
│   percent_complete = 1.1%
│   estimated_sypd = 1.408
│   instantaneous_sypd = 20.165
│   date_now = 2026-07-04T08:54:57.996
└   estimated_finish_date = 2026-07-04T09:00:30.996
┌ Info: Progress
│   simulation_time = 1 hour, 4 minutes
│   n_steps_completed = 128
│   wall_time_per_step = 53 milliseconds, 596 microseconds
│   wall_time_total = 5 minutes, 8 seconds
│   wall_time_remaining = 5 minutes, 1 second
│   wall_time_spent = 6 seconds, 860 milliseconds
│   percent_complete = 2.2%
│   estimated_sypd = 1.532
│   instantaneous_sypd = 1.681
│   date_now = 2026-07-04T08:55:01.124
└   estimated_finish_date = 2026-07-04T09:00:03.124
┌ Info: Progress
│   simulation_time = 2 hours, 8 minutes
│   n_steps_completed = 256
│   wall_time_per_step = 28 milliseconds, 747 microseconds
│   wall_time_total = 2 minutes, 45 seconds
│   wall_time_remaining = 2 minutes, 38 seconds
│   wall_time_spent = 7 seconds, 359 milliseconds
│   percent_complete = 4.4%
│   estimated_sypd = 2.857
│   instantaneous_sypd = 21.07
│   date_now = 2026-07-04T08:55:01.623
└   estimated_finish_date = 2026-07-04T08:57:40.623
┌ Info: Progress
│   simulation_time = 4 hours, 16 minutes
│   n_steps_completed = 512
│   wall_time_per_step = 16 milliseconds, 391 microseconds
│   wall_time_total = 1 minute, 34 seconds
│   wall_time_remaining = 1 minute, 26 seconds
│   wall_time_spent = 8 seconds, 392 milliseconds
│   percent_complete = 8.9%
│   estimated_sypd = 5.011
│   instantaneous_sypd = 20.355
│   date_now = 2026-07-04T08:55:02.656
└   estimated_finish_date = 2026-07-04T08:56:29.656
┌ Info: Progress
│   simulation_time = 6 hours, 40 minutes
│   n_steps_completed = 801
│   wall_time_per_step = 11 milliseconds, 898 microseconds
│   wall_time_total = 1 minute, 8 seconds
│   wall_time_remaining = 59 seconds, 4 milliseconds
│   wall_time_spent = 9 seconds, 530 milliseconds
│   percent_complete = 13.9%
│   estimated_sypd = 6.903
│   instantaneous_sypd = 20.852
│   date_now = 2026-07-04T08:55:03.794
└   estimated_finish_date = 2026-07-04T08:56:03.794
┌ Info: Progress
│   simulation_time = 8 hours, 32 minutes
│   n_steps_completed = 1024
│   wall_time_per_step = 10 milliseconds, 160 microseconds
│   wall_time_total = 58 seconds, 525 milliseconds
│   wall_time_remaining = 48 seconds, 121 milliseconds
│   wall_time_spent = 10 seconds, 404 milliseconds
│   percent_complete = 17.8%
│   estimated_sypd = 8.084
│   instantaneous_sypd = 20.958
│   date_now = 2026-07-04T08:55:04.668
└   estimated_finish_date = 2026-07-04T08:55:53.668
┌ Info: Progress
│   simulation_time = 10 hours, 56 minutes
│   n_steps_completed = 1313
│   wall_time_per_step = 8 milliseconds, 905 microseconds
│   wall_time_total = 51 seconds, 298 milliseconds
│   wall_time_remaining = 39 seconds, 604 milliseconds
│   wall_time_spent = 11 seconds, 693 milliseconds
│   percent_complete = 22.8%
│   estimated_sypd = 9.223
│   instantaneous_sypd = 18.416
│   date_now = 2026-07-04T08:55:05.957
└   estimated_finish_date = 2026-07-04T08:55:45.957
┌ Info: Progress
│   simulation_time = 13 hours, 21 minutes
│   n_steps_completed = 1602
│   wall_time_per_step = 8 milliseconds, 20 microseconds
│   wall_time_total = 46 seconds, 198 milliseconds
│   wall_time_remaining = 33 seconds, 349 milliseconds
│   wall_time_spent = 12 seconds, 848 milliseconds
│   percent_complete = 27.8%
│   estimated_sypd = 10.241
│   instantaneous_sypd = 20.546
│   date_now = 2026-07-04T08:55:07.112
└   estimated_finish_date = 2026-07-04T08:55:41.112
┌ Info: Progress
│   simulation_time = 15 hours, 45 minutes
│   n_steps_completed = 1891
│   wall_time_per_step = 7 milliseconds, 442 microseconds
│   wall_time_total = 42 seconds, 870 milliseconds
│   wall_time_remaining = 28 seconds, 796 milliseconds
│   wall_time_spent = 14 seconds, 74 milliseconds
│   percent_complete = 32.8%
│   estimated_sypd = 11.035
│   instantaneous_sypd = 19.368
│   date_now = 2026-07-04T08:55:08.338
└   estimated_finish_date = 2026-07-04T08:55:37.338
┌ Info: Progress
│   simulation_time = 17 hours, 4 minutes
│   n_steps_completed = 2048
│   wall_time_per_step = 7 milliseconds, 182 microseconds
│   wall_time_total = 41 seconds, 370 milliseconds
│   wall_time_remaining = 26 seconds, 661 milliseconds
│   wall_time_spent = 14 seconds, 709 milliseconds
│   percent_complete = 35.6%
│   estimated_sypd = 11.436
│   instantaneous_sypd = 20.304
│   date_now = 2026-07-04T08:55:08.973
└   estimated_finish_date = 2026-07-04T08:55:35.973
┌ Info: Progress
│   simulation_time = 19 hours, 28 minutes
│   n_steps_completed = 2337
│   wall_time_per_step = 6 milliseconds, 779 microseconds
│   wall_time_total = 39 seconds, 50 milliseconds
│   wall_time_remaining = 23 seconds, 206 milliseconds
│   wall_time_spent = 15 seconds, 843 milliseconds
│   percent_complete = 40.6%
│   estimated_sypd = 12.115
│   instantaneous_sypd = 20.928
│   date_now = 2026-07-04T08:55:10.107
└   estimated_finish_date = 2026-07-04T08:55:34.107
┌ Info: Progress
│   simulation_time = 21 hours, 53 minutes
│   n_steps_completed = 2626
│   wall_time_per_step = 6 milliseconds, 491 microseconds
│   wall_time_total = 37 seconds, 391 milliseconds
│   wall_time_remaining = 20 seconds, 344 milliseconds
│   wall_time_spent = 17 seconds, 46 milliseconds
│   percent_complete = 45.6%
│   estimated_sypd = 12.653
│   instantaneous_sypd = 19.729
│   date_now = 2026-07-04T08:55:11.310
└   estimated_finish_date = 2026-07-04T08:55:32.310
┌ Info: Progress
│   simulation_time = 1 day, 17 minutes
│   n_steps_completed = 2915
│   wall_time_per_step = 6 milliseconds, 248 microseconds
│   wall_time_total = 35 seconds, 988 milliseconds
│   wall_time_remaining = 17 seconds, 775 milliseconds
│   wall_time_spent = 18 seconds, 213 milliseconds
│   percent_complete = 50.6%
│   estimated_sypd = 13.146
│   instantaneous_sypd = 20.356
│   date_now = 2026-07-04T08:55:12.476
└   estimated_finish_date = 2026-07-04T08:55:30.476
┌ Info: Progress
│   simulation_time = 1 day, 2 hours
│   n_steps_completed = 3204
│   wall_time_per_step = 6 milliseconds, 59 microseconds
│   wall_time_total = 34 seconds, 900 milliseconds
│   wall_time_remaining = 15 seconds, 487 milliseconds
│   wall_time_spent = 19 seconds, 413 milliseconds
│   percent_complete = 55.6%
│   estimated_sypd = 13.556
│   instantaneous_sypd = 19.775
│   date_now = 2026-07-04T08:55:13.677
└   estimated_finish_date = 2026-07-04T08:55:29.677
┌ Info: Progress
│   simulation_time = 1 day, 5 hours
│   n_steps_completed = 3493
│   wall_time_per_step = 5 milliseconds, 891 microseconds
│   wall_time_total = 33 seconds, 937 milliseconds
│   wall_time_remaining = 13 seconds, 357 milliseconds
│   wall_time_spent = 20 seconds, 580 milliseconds
│   percent_complete = 60.6%
│   estimated_sypd = 13.94
│   instantaneous_sypd = 20.336
│   date_now = 2026-07-04T08:55:14.844
└   estimated_finish_date = 2026-07-04T08:55:28.844
┌ Info: Progress
│   simulation_time = 1 day, 7 hours
│   n_steps_completed = 3782
│   wall_time_per_step = 5 milliseconds, 761 microseconds
│   wall_time_total = 33 seconds, 187 milliseconds
│   wall_time_remaining = 11 seconds, 396 milliseconds
│   wall_time_spent = 21 seconds, 790 milliseconds
│   percent_complete = 65.7%
│   estimated_sypd = 14.255
│   instantaneous_sypd = 19.617
│   date_now = 2026-07-04T08:55:16.054
└   estimated_finish_date = 2026-07-04T08:55:28.054
┌ Info: Progress
│   simulation_time = 1 day, 9 hours
│   n_steps_completed = 4071
│   wall_time_per_step = 5 milliseconds, 642 microseconds
│   wall_time_total = 32 seconds, 499 milliseconds
│   wall_time_remaining = 9 seconds, 529 milliseconds
│   wall_time_spent = 22 seconds, 969 milliseconds
│   percent_complete = 70.7%
│   estimated_sypd = 14.557
│   instantaneous_sypd = 20.134
│   date_now = 2026-07-04T08:55:17.233
└   estimated_finish_date = 2026-07-04T08:55:27.233
┌ Info: Progress
│   simulation_time = 1 day, 10 hours
│   n_steps_completed = 4096
│   wall_time_per_step = 5 milliseconds, 633 microseconds
│   wall_time_total = 32 seconds, 449 milliseconds
│   wall_time_remaining = 9 seconds, 374 milliseconds
│   wall_time_spent = 23 seconds, 75 milliseconds
│   percent_complete = 71.1%
│   estimated_sypd = 14.579
│   instantaneous_sypd = 19.401
│   date_now = 2026-07-04T08:55:17.339
└   estimated_finish_date = 2026-07-04T08:55:27.339
┌ Info: Progress
│   simulation_time = 1 day, 12 hours
│   n_steps_completed = 4385
│   wall_time_per_step = 5 milliseconds, 530 microseconds
│   wall_time_total = 31 seconds, 853 milliseconds
│   wall_time_remaining = 7 seconds, 604 milliseconds
│   wall_time_spent = 24 seconds, 249 milliseconds
│   percent_complete = 76.1%
│   estimated_sypd = 14.852
│   instantaneous_sypd = 20.212
│   date_now = 2026-07-04T08:55:18.513
└   estimated_finish_date = 2026-07-04T08:55:26.513
┌ Info: Progress
│   simulation_time = 1 day, 14 hours
│   n_steps_completed = 4674
│   wall_time_per_step = 5 milliseconds, 439 microseconds
│   wall_time_total = 31 seconds, 333 milliseconds
│   wall_time_remaining = 5 seconds, 907 milliseconds
│   wall_time_spent = 25 seconds, 425 milliseconds
│   percent_complete = 81.1%
│   estimated_sypd = 15.099
│   instantaneous_sypd = 20.193
│   date_now = 2026-07-04T08:55:19.689
└   estimated_finish_date = 2026-07-04T08:55:25.689
┌ Info: Progress
│   simulation_time = 1 day, 17 hours
│   n_steps_completed = 4963
│   wall_time_per_step = 5 milliseconds, 364 microseconds
│   wall_time_total = 30 seconds, 899 milliseconds
│   wall_time_remaining = 4 seconds, 275 milliseconds
│   wall_time_spent = 26 seconds, 623 milliseconds
│   percent_complete = 86.2%
│   estimated_sypd = 15.311
│   instantaneous_sypd = 19.805
│   date_now = 2026-07-04T08:55:20.887
└   estimated_finish_date = 2026-07-04T08:55:25.887
┌ Info: Progress
│   simulation_time = 1 day, 19 hours
│   n_steps_completed = 5252
│   wall_time_per_step = 5 milliseconds, 297 microseconds
│   wall_time_total = 30 seconds, 514 milliseconds
│   wall_time_remaining = 2 seconds, 691 milliseconds
│   wall_time_spent = 27 seconds, 822 milliseconds
│   percent_complete = 91.2%
│   estimated_sypd = 15.504
│   instantaneous_sypd = 19.8
│   date_now = 2026-07-04T08:55:22.086
└   estimated_finish_date = 2026-07-04T08:55:25.086
┌ Info: Progress
│   simulation_time = 1 day, 22 hours
│   n_steps_completed = 5541
│   wall_time_per_step = 5 milliseconds, 237 microseconds
│   wall_time_total = 30 seconds, 167 milliseconds
│   wall_time_remaining = 1 second, 146 milliseconds
│   wall_time_spent = 29 seconds, 20 milliseconds
│   percent_complete = 96.2%
│   estimated_sypd = 15.683
│   instantaneous_sypd = 19.826
│   date_now = 2026-07-04T08:55:23.283
└   estimated_finish_date = 2026-07-04T08:55:25.283
[ Info: solve! walltime = 29.926
[ Info: sypd: 15.82
[ Info: wall_time_per_timestep: 5 milliseconds, 195 microseconds
[ Info: Memory currently used (after solve!) by the process (RSS): 8.96 GiB
┌ Info: Finished variation [2/9]
│   overlay = experiments/clw sensitivity experiments/configs/v2_0M.yml
│   job_id = lf1e_clw1_v2_0M
│   ret_code = success
└   walltime = 2m24s
┌ Info: Starting variation [3/9]
└   overlay = experiments/clw sensitivity experiments/configs/v3_2M.yml
┌ Info: Making AtmosConfig with config files: 
│      /home/jeff/larcform1-experiments/ClimaAtmos.jl/src/config/../../config/default_configs/default_config.yml
│      /home/jeff/larcform1-experiments/experiments/clw sensitivity experiments/../../ClimaAtmos.jl/config/model_configs/larcform1_1M_prognostic_edmfx.yml
│      experiments/clw sensitivity experiments/configs/v3_2M.yml
└   
┌ Info: numerics 
│          `energy_q_tot_upwinding`::`Val{:vanleer_limiter}`
│                `tracer_upwinding`::`Val{:vanleer_limiter}`
│       `edmfx_mse_q_tot_upwinding`::`Val{:first_order}`
│         `edmfx_sgsflux_upwinding`::`Val{:none}`
│          `edmfx_tracer_upwinding`::`Val{:first_order}`
│         `test_dycore_consistency`::`Nothing`
│            `reproducible_restart`::`Nothing`
│                         `limiter`::`Nothing`
│                       `diff_mode`::`ClimaAtmos.Implicit`
│                       `hyperdiff`::`Nothing`
└   
┌ Info: AtmosModel: 
│   
│                               `water`::`ClimaAtmos.AtmosWater{ClimaAtmos.NonEquilibriumMicrophysics2M, ClimaAtmos.QuadratureCloud, ClimaAtmos.Implicit, Nothing, ClimaAtmos.SGSQuadrature{3, StaticArraysCore.SVector{3, Float32}, StaticArraysCore.SVector{3, Float32}, ClimaAtmos.GaussianSGS, Float32}, ClimaAtmos.FixedTerminalVelocity{Float32}}`
│                           `scm_setup`::`ClimaAtmos.SCMSetup{Nothing, Nothing, Nothing, Bool, @NamedTuple{prof_ug::AtmosphericProfilesLibrary.ZProfile{AtmosphericProfilesLibrary.var"#Larcform1_geostrophic_u##0#Larcform1_geostrophic_u##1"{Float32}}, prof_vg::AtmosphericProfilesLibrary.ZProfile{Returns{Float32}}, coriolis_param::Float32}}`
│                           `radiation`::`ClimaAtmos.AtmosRadiation{ClimaAtmos.RRTMGPInterface.AllSkyRadiationWithClearSkyDiagnostics{ClimaAtmos.InteractiveCloudInRadiation}, ClimaAtmos.Larcform1Insolation}`
│                            `turbconv`::`ClimaAtmos.AtmosTurbconv{ClimaAtmos.EDMFXModel{ClimaAtmos.InvZEntrainment, ClimaAtmos.BuoyancyVelocityDetrainment, Val{true}, Val{true}, Val{true}, Val{true}, Val{true}, ClimaAtmos.SmoothMinimumBlending}, ClimaAtmos.PrognosticEDMFX{1, true, Float32}, Nothing, Nothing, Nothing}`
│                     `prescribed_flow`::`Nothing`
│                        `gravity_wave`::`ClimaAtmos.AtmosGravityWave{Nothing, Nothing}`
│                  `vertical_diffusion`::`Nothing`
│                              `sponge`::`ClimaAtmos.AtmosSponge{Nothing, Nothing}`
│                             `surface`::`ClimaAtmos.AtmosSurface{ClimaAtmos.SurfaceConditions.MoninObukhov{Float32, Nothing, Nothing}, ClimaAtmos.SurfaceConditions.SlabOceanTemperature{Float32}, ClimaAtmos.SurfaceConditions.SurfaceBoundaryOverrides{Float32, Float32, Nothing, Nothing, Nothing, Nothing}, ClimaAtmos.ConstantAlbedo{Float32}}`
│                            `numerics`::`ClimaAtmos.AtmosNumerics{Val{:vanleer_limiter}, Val{:vanleer_limiter}, Val{:first_order}, Val{:none}, Val{:first_order}, Nothing, Nothing, Nothing, ClimaAtmos.Implicit, Nothing}`
│                           `chemistry`::`ClimaAtmos.AtmosChem{Nothing}`
└   
┌ Info: Microphysics settings: 
│              `cloud_liquid_formation`::`CloudLiquidFormation`
│                 `cloud_ice_formation`::`ConstantTimescale`
│                      `cloud_ice_melt`::`CloudIceMelt`
│                 `rain_autoconversion`::`Kessler1M`
│                 `snow_autoconversion`::`NoSupersaturation`
│       `rain_condensation_evaporation`::`RainEvaporation`
│         `snow_deposition_sublimation`::`DepositionAndSublimation`
│                           `snow_melt`::`SnowMelt`
│         `cloud_liquid_rain_accretion`::`CloudLiquidRainAccretion`
│         `cloud_liquid_snow_accretion`::`CloudLiquidSnowAccretion`
│            `cloud_ice_rain_accretion`::`CloudIceRainAccretion`
│            `cloud_ice_snow_accretion`::`CloudIceSnowAccretion`
│                 `rain_snow_accretion`::`RainSnowAccretion`
└   
[ Info: Single-process ClimaAtmos run on CPUSingleThreaded
[ Info: Using ODE config: `ClimaTimeSteppers.ARS222`
[ Info: Initialized state (17.02 μs, 8.43 KiB)
┌ Error: Variation failed before/during setup
│   overlay = experiments/clw sensitivity experiments/configs/v3_2M.yml
└   exception = (ErrorException("Not implemented yet"), Union{Ptr{Nothing}, Base.InterpreterIP}[Ptr{Nothing}(0x00007850fac4d6fe), Ptr{Nothing}(0x0000784f33fa0581), Ptr{Nothing}(0x0000784f33f7e63f), Ptr{Nothing}(0x0000784f33f2b445), Ptr{Nothing}(0x0000784f33f76a9d), Ptr{Nothing}(0x0000784f33f5539d), Ptr{Nothing}(0x0000784f33f9c390), Ptr{Nothing}(0x0000784f33f9c87d), Ptr{Nothing}(0x0000784f340b67d2), Ptr{Nothing}(0x0000784f340afdd0), Ptr{Nothing}(0x0000784f340b01ca), Ptr{Nothing}(0x00007850d0e7d9f0), Ptr{Nothing}(0x00007850d0e7deb2), Ptr{Nothing}(0x00007850f3bb51fe), Ptr{Nothing}(0x00007850f3bb34e9), Ptr{Nothing}(0x00007850f3bb3652), Ptr{Nothing}(0x00007850f3b229f0), Ptr{Nothing}(0x00007850f3b22a36), Ptr{Nothing}(0x000078510ca764d4), Ptr{Nothing}(0x000078510ca75dc4), Ptr{Nothing}(0x000078510ca76ab3), Ptr{Nothing}(0x000078510ca77d02), Base.InterpreterIP in top-level CodeInfo for Main at statement 19, Ptr{Nothing}(0x000078510ca958e2), Ptr{Nothing}(0x000078510ca95d91), Ptr{Nothing}(0x000078510ca96695), Ptr{Nothing}(0x000078510ca96cd1), Ptr{Nothing}(0x00007850fb5a5f62), Ptr{Nothing}(0x00007850fc076dff), Ptr{Nothing}(0x00007850faea227a), Ptr{Nothing}(0x00007850faad676b), Ptr{Nothing}(0x00007850fabecd83), Ptr{Nothing}(0x00007850fb77bd05), Ptr{Nothing}(0x00007850fac488e3), Ptr{Nothing}(0x000078510cabc75e), Ptr{Nothing}(0x000078510cabd439), Ptr{Nothing}(0x0000000000401088), Ptr{Nothing}(0x000078510d62a600), Ptr{Nothing}(0x000078510d62a717), Ptr{Nothing}(0x00000000004010b8)])
┌ Info: Finished variation [3/9]
│   overlay = experiments/clw sensitivity experiments/configs/v3_2M.yml
│   job_id = experiments/clw sensitivity experiments/configs/v3_2M.yml
│   ret_code = setup_error
└   walltime = 17.7s
┌ Info: Starting variation [4/9]
└   overlay = experiments/clw sensitivity experiments/configs/v4_cloudonly.yml
┌ Info: Making AtmosConfig with config files: 
│      /home/jeff/larcform1-experiments/ClimaAtmos.jl/src/config/../../config/default_configs/default_config.yml
│      /home/jeff/larcform1-experiments/experiments/clw sensitivity experiments/../../ClimaAtmos.jl/config/model_configs/larcform1_1M_prognostic_edmfx.yml
│      experiments/clw sensitivity experiments/configs/v4_cloudonly.yml
└   
┌ Info: numerics 
│          `energy_q_tot_upwinding`::`Val{:vanleer_limiter}`
│                `tracer_upwinding`::`Val{:vanleer_limiter}`
│       `edmfx_mse_q_tot_upwinding`::`Val{:first_order}`
│         `edmfx_sgsflux_upwinding`::`Val{:none}`
│          `edmfx_tracer_upwinding`::`Val{:first_order}`
│         `test_dycore_consistency`::`Nothing`
│            `reproducible_restart`::`Nothing`
│                         `limiter`::`Nothing`
│                       `diff_mode`::`ClimaAtmos.Implicit`
│                       `hyperdiff`::`Nothing`
└   
┌ Info: AtmosModel: 
│   
│                               `water`::`ClimaAtmos.AtmosWater{ClimaAtmos.NonEquilibriumMicrophysics1M, ClimaAtmos.QuadratureCloud, ClimaAtmos.Implicit, Nothing, ClimaAtmos.SGSQuadrature{3, StaticArraysCore.SVector{3, Float32}, StaticArraysCore.SVector{3, Float32}, ClimaAtmos.GaussianSGS, Float32}, ClimaAtmos.FixedTerminalVelocity{Float32}}`
│                           `scm_setup`::`ClimaAtmos.SCMSetup{Nothing, Nothing, Nothing, Bool, @NamedTuple{prof_ug::AtmosphericProfilesLibrary.ZProfile{AtmosphericProfilesLibrary.var"#Larcform1_geostrophic_u##0#Larcform1_geostrophic_u##1"{Float32}}, prof_vg::AtmosphericProfilesLibrary.ZProfile{Returns{Float32}}, coriolis_param::Float32}}`
│                           `radiation`::`ClimaAtmos.AtmosRadiation{ClimaAtmos.RRTMGPInterface.AllSkyRadiationWithClearSkyDiagnostics{ClimaAtmos.InteractiveCloudInRadiation}, ClimaAtmos.Larcform1Insolation}`
│                            `turbconv`::`ClimaAtmos.AtmosTurbconv{ClimaAtmos.EDMFXModel{ClimaAtmos.InvZEntrainment, ClimaAtmos.BuoyancyVelocityDetrainment, Val{true}, Val{true}, Val{true}, Val{true}, Val{true}, ClimaAtmos.SmoothMinimumBlending}, ClimaAtmos.PrognosticEDMFX{1, true, Float32}, Nothing, Nothing, Nothing}`
│                     `prescribed_flow`::`Nothing`
│                        `gravity_wave`::`ClimaAtmos.AtmosGravityWave{Nothing, Nothing}`
│                  `vertical_diffusion`::`Nothing`
│                              `sponge`::`ClimaAtmos.AtmosSponge{Nothing, Nothing}`
│                             `surface`::`ClimaAtmos.AtmosSurface{ClimaAtmos.SurfaceConditions.MoninObukhov{Float32, Nothing, Nothing}, ClimaAtmos.SurfaceConditions.SlabOceanTemperature{Float32}, ClimaAtmos.SurfaceConditions.SurfaceBoundaryOverrides{Float32, Float32, Nothing, Nothing, Nothing, Nothing}, ClimaAtmos.ConstantAlbedo{Float32}}`
│                            `numerics`::`ClimaAtmos.AtmosNumerics{Val{:vanleer_limiter}, Val{:vanleer_limiter}, Val{:first_order}, Val{:none}, Val{:first_order}, Nothing, Nothing, Nothing, ClimaAtmos.Implicit, Nothing}`
│                           `chemistry`::`ClimaAtmos.AtmosChem{Nothing}`
└   
┌ Info: Microphysics settings: 
│                          `n_substeps`::`3`
│                     `n_substeps_quad`::`2`
│              `cloud_liquid_formation`::`CloudLiquidFormation`
│                 `cloud_ice_formation`::`ConstantTimescale`
│                      `cloud_ice_melt`::`disabled`
│                 `rain_autoconversion`::`disabled`
│                 `snow_autoconversion`::`disabled`
│       `rain_condensation_evaporation`::`disabled`
│         `snow_deposition_sublimation`::`disabled`
│                           `snow_melt`::`disabled`
│         `cloud_liquid_rain_accretion`::`disabled`
│         `cloud_liquid_snow_accretion`::`CloudLiquidSnowAccretion`
│            `cloud_ice_rain_accretion`::`disabled`
│            `cloud_ice_snow_accretion`::`disabled`
│                 `rain_snow_accretion`::`RainSnowAccretion`
└   
[ Info: Single-process ClimaAtmos run on CPUSingleThreaded
[ Info: Using ODE config: `ClimaTimeSteppers.ARS222`
[ Info: Initialized state (15.9 μs, 6.99 KiB)
[ Info: Built cache (7.421 s, 2.77 GiB)
[ Info: Assembled callbacks (224.954 μs, 17.42 KiB)
┌ Info: Jacobian algorithm: ManualSparseJacobian(
│     approximate_solve_iters = 2,
└   )
[ Info: Jacobian derivative flags: topography_flag = IgnoreDerivative, diffusion_flag = UseDerivative
[ Info: Built tendency function (583.599 μs, 190.22 KiB)
[ Info: Initialized integrator (13.496 s, 2.5 GiB)
[ Info: Added 114 user-provided YAML-style diagnostics
[ Info: Saving accumulated diagnostics to disk with frequency: 10 minutes, 1 hour
[ Info: Set up diagnostics (3.188 s, 5.33 MiB)
[ Info: Initialized 114 total diagnostics
