┌ Info: Simulation info
│   job_id = lf1e_clw_cal_member
└   output_dir = /home/jeff/larcform1-experiments/experiments/clw calibration/output/uki_1/iteration_001/member_007/output_0000
┌ Info: Running
│   job_id = lf1e_clw_cal_member
│   output_dir = /home/jeff/larcform1-experiments/experiments/clw calibration/output/uki_1/iteration_001/member_007/output_0000
└   tspan = (0.0 seconds (2010-01-01T00:00:00) [counter = 0, period = 1 second, epoch = 2010-01-01T00:00:00], 172800.0 seconds (2010-01-03T00:00:00) [counter = 172800, period = 1 second, epoch = 2010-01-01T00:00:00])
┌ Info: Progress
│   simulation_time = 30 seconds
│   n_steps_completed = 1
│   wall_time_per_step = 0 seconds
│   wall_time_total = 0 seconds
│   wall_time_remaining = 0 seconds
│   wall_time_spent = 0 seconds
│   percent_complete = 0.0%
│   estimated_sypd = Inf
│   instantaneous_sypd = 0.0 (sdpd_estimate = 0.0)
│   date_now = 2026-07-05T16:17:39.898
└   estimated_finish_date = 2026-07-05T16:17:39.898
┌ Info: Progress
│   simulation_time = 1 minute
│   n_steps_completed = 2
│   wall_time_per_step = 0 seconds
│   wall_time_total = 0 seconds
│   wall_time_remaining = 0 seconds
│   wall_time_spent = 0 seconds
│   percent_complete = 0.0%
│   estimated_sypd = Inf
│   instantaneous_sypd = 0.03
│   date_now = 2026-07-05T16:17:42.610
└   estimated_finish_date = 2026-07-05T16:17:42.610
┌ Info: Progress
│   simulation_time = 2 minutes
│   n_steps_completed = 4
│   wall_time_per_step = 4 milliseconds, 786 microseconds
│   wall_time_total = 27 seconds, 570 milliseconds
│   wall_time_remaining = 27 seconds, 551 milliseconds
│   wall_time_spent = 19 milliseconds, 145 microseconds
│   percent_complete = 0.1%
│   estimated_sypd = 17.16
│   instantaneous_sypd = 17.16
│   date_now = 2026-07-05T16:17:42.620
└   estimated_finish_date = 2026-07-05T16:18:10.620
┌ Info: Progress
│   simulation_time = 4 minutes
│   n_steps_completed = 8
│   wall_time_per_step = 4 milliseconds, 447 microseconds
│   wall_time_total = 25 seconds, 619 milliseconds
│   wall_time_remaining = 25 seconds, 583 milliseconds
│   wall_time_spent = 35 milliseconds, 582 microseconds
│   percent_complete = 0.1%
│   estimated_sypd = 18.467
│   instantaneous_sypd = 19.989
│   date_now = 2026-07-05T16:17:42.636
└   estimated_finish_date = 2026-07-05T16:18:08.636
┌ Info: Progress
│   simulation_time = 8 minutes
│   n_steps_completed = 16
│   wall_time_per_step = 4 milliseconds, 148 microseconds
│   wall_time_total = 23 seconds, 893 milliseconds
│   wall_time_remaining = 23 seconds, 827 milliseconds
│   wall_time_spent = 66 milliseconds, 372 microseconds
│   percent_complete = 0.3%
│   estimated_sypd = 19.8
│   instantaneous_sypd = 21.341
│   date_now = 2026-07-05T16:17:42.667
└   estimated_finish_date = 2026-07-05T16:18:06.667
┌ Info: Progress
│   simulation_time = 16 minutes
│   n_steps_completed = 32
│   wall_time_per_step = 4 milliseconds, 14 microseconds
│   wall_time_total = 23 seconds, 126 milliseconds
│   wall_time_remaining = 22 seconds, 997 milliseconds
│   wall_time_spent = 128 milliseconds, 479 microseconds
│   percent_complete = 0.6%
│   estimated_sypd = 20.457
│   instantaneous_sypd = 21.16
│   date_now = 2026-07-05T16:17:42.729
└   estimated_finish_date = 2026-07-05T16:18:05.729
┌ Info: Progress
│   simulation_time = 32 minutes
│   n_steps_completed = 64
│   wall_time_per_step = 4 milliseconds, 70 microseconds
│   wall_time_total = 23 seconds, 444 milliseconds
│   wall_time_remaining = 23 seconds, 184 milliseconds
│   wall_time_spent = 260 milliseconds, 494 microseconds
│   percent_complete = 1.1%
│   estimated_sypd = 20.18
│   instantaneous_sypd = 19.909
│   date_now = 2026-07-05T16:17:42.861
└   estimated_finish_date = 2026-07-05T16:18:06.861
┌ Info: Progress
│   simulation_time = 1 hour, 4 minutes
│   n_steps_completed = 128
│   wall_time_per_step = 4 milliseconds, 161 microseconds
│   wall_time_total = 23 seconds, 972 milliseconds
│   wall_time_remaining = 23 seconds, 440 milliseconds
│   wall_time_spent = 532 milliseconds, 730 microseconds
│   percent_complete = 2.2%
│   estimated_sypd = 19.735
│   instantaneous_sypd = 19.309
│   date_now = 2026-07-05T16:17:43.133
└   estimated_finish_date = 2026-07-05T16:18:07.133
┌ Info: Progress
│   simulation_time = 2 hours, 8 minutes
│   n_steps_completed = 256
│   wall_time_per_step = 4 milliseconds, 150 microseconds
│   wall_time_total = 23 seconds, 907 milliseconds
│   wall_time_remaining = 22 seconds, 845 milliseconds
│   wall_time_spent = 1 second, 62 milliseconds
│   percent_complete = 4.4%
│   estimated_sypd = 19.788
│   instantaneous_sypd = 19.842
│   date_now = 2026-07-05T16:17:43.663
└   estimated_finish_date = 2026-07-05T16:18:06.663
┌ Info: Progress
│   simulation_time = 4 hours, 16 minutes
│   n_steps_completed = 512
│   wall_time_per_step = 4 milliseconds, 212 microseconds
│   wall_time_total = 24 seconds, 261 milliseconds
│   wall_time_remaining = 22 seconds, 104 milliseconds
│   wall_time_spent = 2 seconds, 156 milliseconds
│   percent_complete = 8.9%
│   estimated_sypd = 19.5
│   instantaneous_sypd = 19.22
│   date_now = 2026-07-05T16:17:44.757
└   estimated_finish_date = 2026-07-05T16:18:07.757
┌ Info: Progress
│   simulation_time = 6 hours, 40 minutes
│   n_steps_completed = 801
│   wall_time_per_step = 4 milliseconds, 260 microseconds
│   wall_time_total = 24 seconds, 541 milliseconds
│   wall_time_remaining = 21 seconds, 128 milliseconds
│   wall_time_spent = 3 seconds, 412 milliseconds
│   percent_complete = 13.9%
│   estimated_sypd = 19.277
│   instantaneous_sypd = 18.895
│   date_now = 2026-07-05T16:17:46.014
└   estimated_finish_date = 2026-07-05T16:18:08.014
┌ Info: Progress
│   simulation_time = 8 hours, 32 minutes
│   n_steps_completed = 1024
│   wall_time_per_step = 4 milliseconds, 307 microseconds
│   wall_time_total = 24 seconds, 810 milliseconds
│   wall_time_remaining = 20 seconds, 399 milliseconds
│   wall_time_spent = 4 seconds, 410 milliseconds
│   percent_complete = 17.8%
│   estimated_sypd = 19.069
│   instantaneous_sypd = 18.355
│   date_now = 2026-07-05T16:17:47.012
└   estimated_finish_date = 2026-07-05T16:18:08.011
┌ Info: Progress
│   simulation_time = 10 hours, 56 minutes
│   n_steps_completed = 1313
│   wall_time_per_step = 4 milliseconds, 371 microseconds
│   wall_time_total = 25 seconds, 179 milliseconds
│   wall_time_remaining = 19 seconds, 440 milliseconds
│   wall_time_spent = 5 seconds, 739 milliseconds
│   percent_complete = 22.8%
│   estimated_sypd = 18.789
│   instantaneous_sypd = 17.86
│   date_now = 2026-07-05T16:17:48.341
└   estimated_finish_date = 2026-07-05T16:18:08.341
┌ Info: Progress
│   simulation_time = 13 hours, 21 minutes
│   n_steps_completed = 1602
│   wall_time_per_step = 4 milliseconds, 450 microseconds
│   wall_time_total = 25 seconds, 632 milliseconds
│   wall_time_remaining = 18 seconds, 503 milliseconds
│   wall_time_spent = 7 seconds, 128 milliseconds
│   percent_complete = 27.8%
│   estimated_sypd = 18.457
│   instantaneous_sypd = 17.087
│   date_now = 2026-07-05T16:17:49.730
└   estimated_finish_date = 2026-07-05T16:18:08.730
┌ Info: Progress
│   simulation_time = 15 hours, 45 minutes
│   n_steps_completed = 1891
│   wall_time_per_step = 4 milliseconds, 531 microseconds
│   wall_time_total = 26 seconds, 100 milliseconds
│   wall_time_remaining = 17 seconds, 531 milliseconds
│   wall_time_spent = 8 seconds, 568 milliseconds
│   percent_complete = 32.8%
│   estimated_sypd = 18.126
│   instantaneous_sypd = 16.487
│   date_now = 2026-07-05T16:17:51.169
└   estimated_finish_date = 2026-07-05T16:18:09.169
┌ Info: Progress
│   simulation_time = 17 hours, 4 minutes
│   n_steps_completed = 2048
│   wall_time_per_step = 4 milliseconds, 572 microseconds
│   wall_time_total = 26 seconds, 339 milliseconds
│   wall_time_remaining = 16 seconds, 974 milliseconds
│   wall_time_spent = 9 seconds, 365 milliseconds
│   percent_complete = 35.6%
│   estimated_sypd = 17.962
│   instantaneous_sypd = 16.193
│   date_now = 2026-07-05T16:17:51.966
└   estimated_finish_date = 2026-07-05T16:18:08.966
┌ Info: Progress
│   simulation_time = 19 hours, 28 minutes
│   n_steps_completed = 2337
│   wall_time_per_step = 4 milliseconds, 632 microseconds
│   wall_time_total = 26 seconds, 682 milliseconds
│   wall_time_remaining = 15 seconds, 856 milliseconds
│   wall_time_spent = 10 seconds, 825 milliseconds
│   percent_complete = 40.6%
│   estimated_sypd = 17.731
│   instantaneous_sypd = 16.251
│   date_now = 2026-07-05T16:17:53.426
└   estimated_finish_date = 2026-07-05T16:18:09.426
┌ Info: Progress
│   simulation_time = 21 hours, 53 minutes
│   n_steps_completed = 2626
│   wall_time_per_step = 4 milliseconds, 701 microseconds
│   wall_time_total = 27 seconds, 83 milliseconds
│   wall_time_remaining = 14 seconds, 735 milliseconds
│   wall_time_spent = 12 seconds, 347 milliseconds
│   percent_complete = 45.6%
│   estimated_sypd = 17.468
│   instantaneous_sypd = 15.6
│   date_now = 2026-07-05T16:17:54.948
└   estimated_finish_date = 2026-07-05T16:18:09.948
┌ Info: Progress
│   simulation_time = 1 day, 17 minutes
│   n_steps_completed = 2915
│   wall_time_per_step = 4 milliseconds, 810 microseconds
│   wall_time_total = 27 seconds, 706 milliseconds
│   wall_time_remaining = 13 seconds, 684 milliseconds
│   wall_time_spent = 14 seconds, 21 milliseconds
│   percent_complete = 50.6%
│   estimated_sypd = 17.075
│   instantaneous_sypd = 14.178
│   date_now = 2026-07-05T16:17:56.622
└   estimated_finish_date = 2026-07-05T16:18:10.622
┌ Info: Progress
│   simulation_time = 1 day, 2 hours
│   n_steps_completed = 3204
│   wall_time_per_step = 4 milliseconds, 866 microseconds
│   wall_time_total = 28 seconds, 33 milliseconds
│   wall_time_remaining = 12 seconds, 439 milliseconds
│   wall_time_spent = 15 seconds, 593 milliseconds
│   percent_complete = 55.6%
│   estimated_sypd = 16.876
│   instantaneous_sypd = 15.101
│   date_now = 2026-07-05T16:17:58.194
└   estimated_finish_date = 2026-07-05T16:18:11.194
┌ Info: Progress
│   simulation_time = 1 day, 5 hours
│   n_steps_completed = 3493
│   wall_time_per_step = 4 milliseconds, 930 microseconds
│   wall_time_total = 28 seconds, 401 milliseconds
│   wall_time_remaining = 11 seconds, 178 milliseconds
│   wall_time_spent = 17 seconds, 223 milliseconds
│   percent_complete = 60.6%
│   estimated_sypd = 16.658
│   instantaneous_sypd = 14.566
│   date_now = 2026-07-05T16:17:59.824
└   estimated_finish_date = 2026-07-05T16:18:11.824
┌ Info: Progress
│   simulation_time = 1 day, 7 hours
│   n_steps_completed = 3782
│   wall_time_per_step = 4 milliseconds, 994 microseconds
│   wall_time_total = 28 seconds, 765 milliseconds
│   wall_time_remaining = 9 seconds, 878 milliseconds
│   wall_time_spent = 18 seconds, 887 milliseconds
│   percent_complete = 65.7%
│   estimated_sypd = 16.447
│   instantaneous_sypd = 14.262
│   date_now = 2026-07-05T16:18:01.488
└   estimated_finish_date = 2026-07-05T16:18:11.488
┌ Info: Progress
│   simulation_time = 1 day, 9 hours
│   n_steps_completed = 4071
│   wall_time_per_step = 5 milliseconds, 82 microseconds
│   wall_time_total = 29 seconds, 276 milliseconds
│   wall_time_remaining = 8 seconds, 584 milliseconds
│   wall_time_spent = 20 seconds, 691 milliseconds
│   percent_complete = 70.7%
│   estimated_sypd = 16.16
│   instantaneous_sypd = 13.159
│   date_now = 2026-07-05T16:18:03.292
└   estimated_finish_date = 2026-07-05T16:18:12.292
┌ Info: Progress
│   simulation_time = 1 day, 10 hours
│   n_steps_completed = 4096
│   wall_time_per_step = 5 milliseconds, 90 microseconds
│   wall_time_total = 29 seconds, 320 milliseconds
│   wall_time_remaining = 8 seconds, 470 milliseconds
│   wall_time_spent = 20 seconds, 849 milliseconds
│   percent_complete = 71.1%
│   estimated_sypd = 16.136
│   instantaneous_sypd = 12.956
│   date_now = 2026-07-05T16:18:03.451
└   estimated_finish_date = 2026-07-05T16:18:12.451
┌ Info: Progress
│   simulation_time = 1 day, 12 hours
│   n_steps_completed = 4385
│   wall_time_per_step = 5 milliseconds, 154 microseconds
│   wall_time_total = 29 seconds, 691 milliseconds
│   wall_time_remaining = 7 seconds, 87 milliseconds
│   wall_time_spent = 22 seconds, 603 milliseconds
│   percent_complete = 76.1%
│   estimated_sypd = 15.934
│   instantaneous_sypd = 13.537
│   date_now = 2026-07-05T16:18:05.204
└   estimated_finish_date = 2026-07-05T16:18:13.204
┌ Info: Progress
│   simulation_time = 1 day, 14 hours
│   n_steps_completed = 4674
│   wall_time_per_step = 5 milliseconds, 217 microseconds
│   wall_time_total = 30 seconds, 50 milliseconds
│   wall_time_remaining = 5 seconds, 665 milliseconds
│   wall_time_spent = 24 seconds, 384 milliseconds
│   percent_complete = 81.1%
│   estimated_sypd = 15.743
│   instantaneous_sypd = 13.324
│   date_now = 2026-07-05T16:18:06.986
└   estimated_finish_date = 2026-07-05T16:18:12.986
┌ Info: Progress
│   simulation_time = 1 day, 17 hours
│   n_steps_completed = 4963
│   wall_time_per_step = 5 milliseconds, 303 microseconds
│   wall_time_total = 30 seconds, 547 milliseconds
│   wall_time_remaining = 4 seconds, 226 milliseconds
│   wall_time_spent = 26 seconds, 320 milliseconds
│   percent_complete = 86.2%
│   estimated_sypd = 15.487
│   instantaneous_sypd = 12.263
│   date_now = 2026-07-05T16:18:08.922
└   estimated_finish_date = 2026-07-05T16:18:13.922
┌ Info: Progress
│   simulation_time = 1 day, 19 hours
│   n_steps_completed = 5252
│   wall_time_per_step = 5 milliseconds, 361 microseconds
│   wall_time_total = 30 seconds, 884 milliseconds
│   wall_time_remaining = 2 seconds, 723 milliseconds
│   wall_time_spent = 28 seconds, 160 milliseconds
│   percent_complete = 91.2%
│   estimated_sypd = 15.318
│   instantaneous_sypd = 12.902
│   date_now = 2026-07-05T16:18:10.761
└   estimated_finish_date = 2026-07-05T16:18:13.761
┌ Info: Progress
│   simulation_time = 1 day, 22 hours
│   n_steps_completed = 5541
│   wall_time_per_step = 5 milliseconds, 423 microseconds
│   wall_time_total = 31 seconds, 241 milliseconds
│   wall_time_remaining = 1 second, 187 milliseconds
│   wall_time_spent = 30 seconds, 54 milliseconds
│   percent_complete = 96.2%
│   estimated_sypd = 15.143
│   instantaneous_sypd = 12.536
│   date_now = 2026-07-05T16:18:12.655
└   estimated_finish_date = 2026-07-05T16:18:14.655
[ Info: solve! walltime = 31.55
[ Info: sypd: 15.005
[ Info: wall_time_per_timestep: 5 milliseconds, 477 microseconds
[ Info: Memory currently used (after solve!) by the process (RSS): 8.68 GiB
[ Info: Completed member 7
┌ Info: Making AtmosConfig with config files: 
│      /home/jeff/larcform1-experiments/ClimaAtmos.jl/src/config/../../config/default_configs/default_config.yml
└   
┌ Info: numerics 
│          `energy_q_tot_upwinding`::`Val{:vanleer_limiter}`
│                `tracer_upwinding`::`Val{:vanleer_limiter}`
│       `edmfx_mse_q_tot_upwinding`::`Val{:first_order}`
│         `edmfx_sgsflux_upwinding`::`Val{:none}`
│          `edmfx_tracer_upwinding`::`Val{:first_order}`
│         `test_dycore_consistency`::`Nothing`
│            `reproducible_restart`::`Nothing`
│                         `limiter`::`Nothing`
│                       `diff_mode`::`ClimaAtmos.Implicit`
│                       `hyperdiff`::`Nothing`
└   
┌ Info: AtmosModel: 
│   
│                               `water`::`ClimaAtmos.AtmosWater{ClimaAtmos.NonEquilibriumMicrophysics1M, ClimaAtmos.QuadratureCloud, ClimaAtmos.Implicit, Nothing, ClimaAtmos.SGSQuadrature{3, StaticArraysCore.SVector{3, Float32}, StaticArraysCore.SVector{3, Float32}, ClimaAtmos.GaussianSGS, Float32}, ClimaAtmos.FixedTerminalVelocity{Float32}}`
│                           `scm_setup`::`ClimaAtmos.SCMSetup{Nothing, Nothing, Nothing, Bool, @NamedTuple{prof_ug::AtmosphericProfilesLibrary.ZProfile{AtmosphericProfilesLibrary.var"#Larcform1_geostrophic_u##0#Larcform1_geostrophic_u##1"{Float32}}, prof_vg::AtmosphericProfilesLibrary.ZProfile{Returns{Float32}}, coriolis_param::Float32}}`
│                           `radiation`::`ClimaAtmos.AtmosRadiation{ClimaAtmos.RRTMGPInterface.AllSkyRadiationWithClearSkyDiagnostics{ClimaAtmos.InteractiveCloudInRadiation}, ClimaAtmos.Larcform1Insolation}`
│                            `turbconv`::`ClimaAtmos.AtmosTurbconv{ClimaAtmos.EDMFXModel{ClimaAtmos.InvZEntrainment, ClimaAtmos.BuoyancyVelocityDetrainment, Val{true}, Val{true}, Val{true}, Val{true}, Val{true}, ClimaAtmos.SmoothMinimumBlending}, ClimaAtmos.PrognosticEDMFX{1, true, Float32}, Nothing, Nothing, Nothing}`
│                     `prescribed_flow`::`Nothing`
│                        `gravity_wave`::`ClimaAtmos.AtmosGravityWave{Nothing, Nothing}`
│                  `vertical_diffusion`::`Nothing`
│                              `sponge`::`ClimaAtmos.AtmosSponge{Nothing, Nothing}`
│                             `surface`::`ClimaAtmos.AtmosSurface{ClimaAtmos.SurfaceConditions.MoninObukhov{Float32, Nothing, Nothing}, ClimaAtmos.SurfaceConditions.SlabOceanTemperature{Float32}, ClimaAtmos.SurfaceConditions.SurfaceBoundaryOverrides{Float32, Float32, Nothing, Nothing, Nothing, Nothing}, ClimaAtmos.ConstantAlbedo{Float32}}`
│                            `numerics`::`ClimaAtmos.AtmosNumerics{Val{:vanleer_limiter}, Val{:vanleer_limiter}, Val{:first_order}, Val{:none}, Val{:first_order}, Nothing, Nothing, Nothing, ClimaAtmos.Implicit, Nothing}`
│                           `chemistry`::`ClimaAtmos.AtmosChem{Nothing}`
└   
┌ Info: Microphysics settings: 
│                          `n_substeps`::`3`
│                     `n_substeps_quad`::`2`
│              `cloud_liquid_formation`::`CloudLiquidFormation`
│                 `cloud_ice_formation`::`TemperatureDependent`
│                      `cloud_ice_melt`::`CloudIceMelt`
│                 `rain_autoconversion`::`Kessler1M`
│                 `snow_autoconversion`::`NoSupersaturation`
│       `rain_condensation_evaporation`::`RainEvaporation`
│         `snow_deposition_sublimation`::`DepositionAndSublimation`
│                           `snow_melt`::`SnowMelt`
│         `cloud_liquid_rain_accretion`::`CloudLiquidRainAccretion`
│         `cloud_liquid_snow_accretion`::`CloudLiquidSnowAccretion`
│            `cloud_ice_rain_accretion`::`CloudIceRainAccretion`
│            `cloud_ice_snow_accretion`::`CloudIceSnowAccretion`
│                 `rain_snow_accretion`::`RainSnowAccretion`
└   
[ Info: Single-process ClimaAtmos run on CPUSingleThreaded
[ Info: Using ODE config: `ClimaTimeSteppers.ARS222`
[ Info: Initialized state (50.041 μs, 7.76 KiB)
[ Info: Built cache (185.812 ms, 172.6 MiB)
[ Info: Assembled callbacks (133.144 μs, 17.42 KiB)
┌ Info: Jacobian algorithm: ManualSparseJacobian(
│     approximate_solve_iters = 2,
└   )
[ Info: Jacobian derivative flags: topography_flag = IgnoreDerivative, diffusion_flag = UseDerivative
[ Info: Built tendency function (209.565 μs, 201.06 KiB)
[ Info: Initialized integrator (8.431 ms, 169.03 KiB)
[ Info: Added 7 user-provided YAML-style diagnostics
[ Info: Saving accumulated diagnostics to disk with frequency: 1 hour
[ Info: Set up diagnostics (563.285 μs, 103.66 KiB)
[ Info: Initialized 7 total diagnostics
