┌ Info: Simulation info
│   job_id = lf1e_clw_cal_member
└   output_dir = /home/jeff/larcform1-experiments/experiments/clw calibration/output/uki_1/iteration_005/member_005/output_0000
┌ Info: Running
│   job_id = lf1e_clw_cal_member
│   output_dir = /home/jeff/larcform1-experiments/experiments/clw calibration/output/uki_1/iteration_005/member_005/output_0000
└   tspan = (0.0 seconds (2010-01-01T00:00:00) [counter = 0, period = 1 second, epoch = 2010-01-01T00:00:00], 172800.0 seconds (2010-01-03T00:00:00) [counter = 172800, period = 1 second, epoch = 2010-01-01T00:00:00])
┌ Info: Progress
│   simulation_time = 30 seconds
│   n_steps_completed = 1
│   wall_time_per_step = 0 seconds
│   wall_time_total = 0 seconds
│   wall_time_remaining = 0 seconds
│   wall_time_spent = 0 seconds
│   percent_complete = 0.0%
│   estimated_sypd = Inf
│   instantaneous_sypd = 0.0 (sdpd_estimate = 0.0)
│   date_now = 2026-07-05T16:46:39.290
└   estimated_finish_date = 2026-07-05T16:46:39.290
┌ Info: Progress
│   simulation_time = 1 minute
│   n_steps_completed = 2
│   wall_time_per_step = 0 seconds
│   wall_time_total = 0 seconds
│   wall_time_remaining = 0 seconds
│   wall_time_spent = 0 seconds
│   percent_complete = 0.0%
│   estimated_sypd = Inf
│   instantaneous_sypd = 0.032
│   date_now = 2026-07-05T16:46:41.871
└   estimated_finish_date = 2026-07-05T16:46:41.871
┌ Info: Progress
│   simulation_time = 2 minutes
│   n_steps_completed = 4
│   wall_time_per_step = 4 milliseconds, 620 microseconds
│   wall_time_total = 26 seconds, 613 milliseconds
│   wall_time_remaining = 26 seconds, 595 milliseconds
│   wall_time_spent = 18 milliseconds, 481 microseconds
│   percent_complete = 0.1%
│   estimated_sypd = 17.777
│   instantaneous_sypd = 17.777
│   date_now = 2026-07-05T16:46:41.880
└   estimated_finish_date = 2026-07-05T16:47:08.880
┌ Info: Progress
│   simulation_time = 4 minutes
│   n_steps_completed = 8
│   wall_time_per_step = 4 milliseconds, 347 microseconds
│   wall_time_total = 25 seconds, 40 milliseconds
│   wall_time_remaining = 25 seconds, 5 milliseconds
│   wall_time_spent = 34 milliseconds, 778 microseconds
│   percent_complete = 0.1%
│   estimated_sypd = 18.893
│   instantaneous_sypd = 20.16
│   date_now = 2026-07-05T16:46:41.897
└   estimated_finish_date = 2026-07-05T16:47:07.897
┌ Info: Progress
│   simulation_time = 8 minutes
│   n_steps_completed = 16
│   wall_time_per_step = 4 milliseconds, 125 microseconds
│   wall_time_total = 23 seconds, 763 milliseconds
│   wall_time_remaining = 23 seconds, 697 milliseconds
│   wall_time_spent = 66 milliseconds, 8 microseconds
│   percent_complete = 0.3%
│   estimated_sypd = 19.909
│   instantaneous_sypd = 21.04
│   date_now = 2026-07-05T16:46:41.928
└   estimated_finish_date = 2026-07-05T16:47:05.928
┌ Info: Progress
│   simulation_time = 16 minutes
│   n_steps_completed = 32
│   wall_time_per_step = 3 milliseconds, 949 microseconds
│   wall_time_total = 22 seconds, 747 milliseconds
│   wall_time_remaining = 22 seconds, 621 milliseconds
│   wall_time_spent = 126 milliseconds, 377 microseconds
│   percent_complete = 0.6%
│   estimated_sypd = 20.797
│   instantaneous_sypd = 21.769
│   date_now = 2026-07-05T16:46:41.988
└   estimated_finish_date = 2026-07-05T16:47:04.988
┌ Info: Progress
│   simulation_time = 32 minutes
│   n_steps_completed = 64
│   wall_time_per_step = 4 milliseconds, 76 microseconds
│   wall_time_total = 23 seconds, 483 milliseconds
│   wall_time_remaining = 23 seconds, 222 milliseconds
│   wall_time_spent = 260 milliseconds, 924 microseconds
│   percent_complete = 1.1%
│   estimated_sypd = 20.146
│   instantaneous_sypd = 19.535
│   date_now = 2026-07-05T16:46:42.123
└   estimated_finish_date = 2026-07-05T16:47:06.123
┌ Info: Progress
│   simulation_time = 1 hour, 4 minutes
│   n_steps_completed = 128
│   wall_time_per_step = 4 milliseconds, 161 microseconds
│   wall_time_total = 23 seconds, 969 milliseconds
│   wall_time_remaining = 23 seconds, 437 milliseconds
│   wall_time_spent = 532 milliseconds, 661 microseconds
│   percent_complete = 2.2%
│   estimated_sypd = 19.737
│   instantaneous_sypd = 19.345
│   date_now = 2026-07-05T16:46:42.395
└   estimated_finish_date = 2026-07-05T16:47:06.395
┌ Info: Progress
│   simulation_time = 2 hours, 8 minutes
│   n_steps_completed = 256
│   wall_time_per_step = 4 milliseconds, 121 microseconds
│   wall_time_total = 23 seconds, 740 milliseconds
│   wall_time_remaining = 22 seconds, 685 milliseconds
│   wall_time_spent = 1 second, 55 milliseconds
│   percent_complete = 4.4%
│   estimated_sypd = 19.928
│   instantaneous_sypd = 20.123
│   date_now = 2026-07-05T16:46:42.917
└   estimated_finish_date = 2026-07-05T16:47:05.917
┌ Info: Progress
│   simulation_time = 4 hours, 16 minutes
│   n_steps_completed = 512
│   wall_time_per_step = 4 milliseconds, 126 microseconds
│   wall_time_total = 23 seconds, 770 milliseconds
│   wall_time_remaining = 21 seconds, 657 milliseconds
│   wall_time_spent = 2 seconds, 112 milliseconds
│   percent_complete = 8.9%
│   estimated_sypd = 19.903
│   instantaneous_sypd = 19.877
│   date_now = 2026-07-05T16:46:43.975
└   estimated_finish_date = 2026-07-05T16:47:05.975
┌ Info: Progress
│   simulation_time = 6 hours, 40 minutes
│   n_steps_completed = 801
│   wall_time_per_step = 4 milliseconds, 175 microseconds
│   wall_time_total = 24 seconds, 52 milliseconds
│   wall_time_remaining = 20 seconds, 707 milliseconds
│   wall_time_spent = 3 seconds, 344 milliseconds
│   percent_complete = 13.9%
│   estimated_sypd = 19.67
│   instantaneous_sypd = 19.271
│   date_now = 2026-07-05T16:46:45.207
└   estimated_finish_date = 2026-07-05T16:47:06.207
┌ Info: Progress
│   simulation_time = 8 hours, 32 minutes
│   n_steps_completed = 1024
│   wall_time_per_step = 4 milliseconds, 223 microseconds
│   wall_time_total = 24 seconds, 328 milliseconds
│   wall_time_remaining = 20 seconds, 3 milliseconds
│   wall_time_spent = 4 seconds, 324 milliseconds
│   percent_complete = 17.8%
│   estimated_sypd = 19.447
│   instantaneous_sypd = 18.685
│   date_now = 2026-07-05T16:46:46.187
└   estimated_finish_date = 2026-07-05T16:47:07.187
┌ Info: Progress
│   simulation_time = 10 hours, 56 minutes
│   n_steps_completed = 1313
│   wall_time_per_step = 4 milliseconds, 307 microseconds
│   wall_time_total = 24 seconds, 810 milliseconds
│   wall_time_remaining = 19 seconds, 154 milliseconds
│   wall_time_spent = 5 seconds, 655 milliseconds
│   percent_complete = 22.8%
│   estimated_sypd = 19.069
│   instantaneous_sypd = 17.839
│   date_now = 2026-07-05T16:46:47.518
└   estimated_finish_date = 2026-07-05T16:47:07.518
┌ Info: Progress
│   simulation_time = 13 hours, 21 minutes
│   n_steps_completed = 1602
│   wall_time_per_step = 4 milliseconds, 385 microseconds
│   wall_time_total = 25 seconds, 262 milliseconds
│   wall_time_remaining = 18 seconds, 236 milliseconds
│   wall_time_spent = 7 seconds, 26 milliseconds
│   percent_complete = 27.8%
│   estimated_sypd = 18.728
│   instantaneous_sypd = 17.32
│   date_now = 2026-07-05T16:46:48.888
└   estimated_finish_date = 2026-07-05T16:47:07.888
┌ Info: Progress
│   simulation_time = 15 hours, 45 minutes
│   n_steps_completed = 1891
│   wall_time_per_step = 4 milliseconds, 458 microseconds
│   wall_time_total = 25 seconds, 681 milliseconds
│   wall_time_remaining = 17 seconds, 250 milliseconds
│   wall_time_spent = 8 seconds, 431 milliseconds
│   percent_complete = 32.8%
│   estimated_sypd = 18.422
│   instantaneous_sypd = 16.893
│   date_now = 2026-07-05T16:46:50.293
└   estimated_finish_date = 2026-07-05T16:47:08.293
┌ Info: Progress
│   simulation_time = 17 hours, 4 minutes
│   n_steps_completed = 2048
│   wall_time_per_step = 4 milliseconds, 503 microseconds
│   wall_time_total = 25 seconds, 939 milliseconds
│   wall_time_remaining = 16 seconds, 716 milliseconds
│   wall_time_spent = 9 seconds, 222 milliseconds
│   percent_complete = 35.6%
│   estimated_sypd = 18.239
│   instantaneous_sypd = 16.29
│   date_now = 2026-07-05T16:46:51.085
└   estimated_finish_date = 2026-07-05T16:47:08.085
┌ Info: Progress
│   simulation_time = 19 hours, 28 minutes
│   n_steps_completed = 2337
│   wall_time_per_step = 4 milliseconds, 582 microseconds
│   wall_time_total = 26 seconds, 396 milliseconds
│   wall_time_remaining = 15 seconds, 686 milliseconds
│   wall_time_spent = 10 seconds, 709 milliseconds
│   percent_complete = 40.6%
│   estimated_sypd = 17.923
│   instantaneous_sypd = 15.963
│   date_now = 2026-07-05T16:46:52.572
└   estimated_finish_date = 2026-07-05T16:47:08.572
┌ Info: Progress
│   simulation_time = 21 hours, 53 minutes
│   n_steps_completed = 2626
│   wall_time_per_step = 4 milliseconds, 658 microseconds
│   wall_time_total = 26 seconds, 830 milliseconds
│   wall_time_remaining = 14 seconds, 598 milliseconds
│   wall_time_spent = 12 seconds, 231 milliseconds
│   percent_complete = 45.6%
│   estimated_sypd = 17.633
│   instantaneous_sypd = 15.594
│   date_now = 2026-07-05T16:46:54.094
└   estimated_finish_date = 2026-07-05T16:47:09.094
┌ Info: Progress
│   simulation_time = 1 day, 17 minutes
│   n_steps_completed = 2915
│   wall_time_per_step = 4 milliseconds, 775 microseconds
│   wall_time_total = 27 seconds, 504 milliseconds
│   wall_time_remaining = 13 seconds, 585 milliseconds
│   wall_time_spent = 13 seconds, 919 milliseconds
│   percent_complete = 50.6%
│   estimated_sypd = 17.201
│   instantaneous_sypd = 14.066
│   date_now = 2026-07-05T16:46:55.781
└   estimated_finish_date = 2026-07-05T16:47:09.781
┌ Info: Progress
│   simulation_time = 1 day, 2 hours
│   n_steps_completed = 3204
│   wall_time_per_step = 4 milliseconds, 844 microseconds
│   wall_time_total = 27 seconds, 902 milliseconds
│   wall_time_remaining = 12 seconds, 381 milliseconds
│   wall_time_spent = 15 seconds, 520 milliseconds
│   percent_complete = 55.6%
│   estimated_sypd = 16.956
│   instantaneous_sypd = 14.825
│   date_now = 2026-07-05T16:46:57.383
└   estimated_finish_date = 2026-07-05T16:47:10.383
┌ Info: Progress
│   simulation_time = 1 day, 5 hours
│   n_steps_completed = 3493
│   wall_time_per_step = 4 milliseconds, 912 microseconds
│   wall_time_total = 28 seconds, 294 milliseconds
│   wall_time_remaining = 11 seconds, 136 milliseconds
│   wall_time_spent = 17 seconds, 158 milliseconds
│   percent_complete = 60.6%
│   estimated_sypd = 16.72
│   instantaneous_sypd = 14.492
│   date_now = 2026-07-05T16:46:59.021
└   estimated_finish_date = 2026-07-05T16:47:11.021
┌ Info: Progress
│   simulation_time = 1 day, 7 hours
│   n_steps_completed = 3782
│   wall_time_per_step = 4 milliseconds, 976 microseconds
│   wall_time_total = 28 seconds, 663 milliseconds
│   wall_time_remaining = 9 seconds, 843 milliseconds
│   wall_time_spent = 18 seconds, 820 milliseconds
│   percent_complete = 65.7%
│   estimated_sypd = 16.505
│   instantaneous_sypd = 14.286
│   date_now = 2026-07-05T16:47:00.682
└   estimated_finish_date = 2026-07-05T16:47:10.682
┌ Info: Progress
│   simulation_time = 1 day, 9 hours
│   n_steps_completed = 4071
│   wall_time_per_step = 5 milliseconds, 56 microseconds
│   wall_time_total = 29 seconds, 126 milliseconds
│   wall_time_remaining = 8 seconds, 540 milliseconds
│   wall_time_spent = 20 seconds, 585 milliseconds
│   percent_complete = 70.7%
│   estimated_sypd = 16.243
│   instantaneous_sypd = 13.446
│   date_now = 2026-07-05T16:47:02.448
└   estimated_finish_date = 2026-07-05T16:47:11.447
┌ Info: Progress
│   simulation_time = 1 day, 10 hours
│   n_steps_completed = 4096
│   wall_time_per_step = 5 milliseconds, 64 microseconds
│   wall_time_total = 29 seconds, 172 milliseconds
│   wall_time_remaining = 8 seconds, 427 milliseconds
│   wall_time_spent = 20 seconds, 744 milliseconds
│   percent_complete = 71.1%
│   estimated_sypd = 16.218
│   instantaneous_sypd = 12.904
│   date_now = 2026-07-05T16:47:02.607
└   estimated_finish_date = 2026-07-05T16:47:11.607
┌ Info: Progress
│   simulation_time = 1 day, 12 hours
│   n_steps_completed = 4385
│   wall_time_per_step = 5 milliseconds, 133 microseconds
│   wall_time_total = 29 seconds, 569 milliseconds
│   wall_time_remaining = 7 seconds, 58 milliseconds
│   wall_time_spent = 22 seconds, 510 milliseconds
│   percent_complete = 76.1%
│   estimated_sypd = 16.0
│   instantaneous_sypd = 13.442
│   date_now = 2026-07-05T16:47:04.373
└   estimated_finish_date = 2026-07-05T16:47:12.372
┌ Info: Progress
│   simulation_time = 1 day, 14 hours
│   n_steps_completed = 4674
│   wall_time_per_step = 5 milliseconds, 206 microseconds
│   wall_time_total = 29 seconds, 988 milliseconds
│   wall_time_remaining = 5 seconds, 654 milliseconds
│   wall_time_spent = 24 seconds, 334 milliseconds
│   percent_complete = 81.1%
│   estimated_sypd = 15.776
│   instantaneous_sypd = 13.016
│   date_now = 2026-07-05T16:47:06.196
└   estimated_finish_date = 2026-07-05T16:47:12.196
┌ Info: Progress
│   simulation_time = 1 day, 17 hours
│   n_steps_completed = 4963
│   wall_time_per_step = 5 milliseconds, 290 microseconds
│   wall_time_total = 30 seconds, 471 milliseconds
│   wall_time_remaining = 4 seconds, 216 milliseconds
│   wall_time_spent = 26 seconds, 255 milliseconds
│   percent_complete = 86.2%
│   estimated_sypd = 15.526
│   instantaneous_sypd = 12.357
│   date_now = 2026-07-05T16:47:08.117
└   estimated_finish_date = 2026-07-05T16:47:13.117
┌ Info: Progress
│   simulation_time = 1 day, 19 hours
│   n_steps_completed = 5252
│   wall_time_per_step = 5 milliseconds, 361 microseconds
│   wall_time_total = 30 seconds, 881 milliseconds
│   wall_time_remaining = 2 seconds, 723 milliseconds
│   wall_time_spent = 28 seconds, 157 milliseconds
│   percent_complete = 91.2%
│   estimated_sypd = 15.32
│   instantaneous_sypd = 12.477
│   date_now = 2026-07-05T16:47:10.020
└   estimated_finish_date = 2026-07-05T16:47:13.020
┌ Info: Progress
│   simulation_time = 1 day, 22 hours
│   n_steps_completed = 5541
│   wall_time_per_step = 5 milliseconds, 427 microseconds
│   wall_time_total = 31 seconds, 263 milliseconds
│   wall_time_remaining = 1 second, 188 milliseconds
│   wall_time_spent = 30 seconds, 74 milliseconds
│   percent_complete = 96.2%
│   estimated_sypd = 15.133
│   instantaneous_sypd = 12.383
│   date_now = 2026-07-05T16:47:11.937
└   estimated_finish_date = 2026-07-05T16:47:13.937
[ Info: solve! walltime = 31.598
[ Info: sypd: 14.983
[ Info: wall_time_per_timestep: 5 milliseconds, 485 microseconds
[ Info: Memory currently used (after solve!) by the process (RSS): 8.68 GiB
[ Info: Completed member 5
┌ Info: Making AtmosConfig with config files: 
│      /home/jeff/larcform1-experiments/ClimaAtmos.jl/src/config/../../config/default_configs/default_config.yml
└   
┌ Info: numerics 
│          `energy_q_tot_upwinding`::`Val{:vanleer_limiter}`
│                `tracer_upwinding`::`Val{:vanleer_limiter}`
│       `edmfx_mse_q_tot_upwinding`::`Val{:first_order}`
│         `edmfx_sgsflux_upwinding`::`Val{:none}`
│          `edmfx_tracer_upwinding`::`Val{:first_order}`
│         `test_dycore_consistency`::`Nothing`
│            `reproducible_restart`::`Nothing`
│                         `limiter`::`Nothing`
│                       `diff_mode`::`ClimaAtmos.Implicit`
│                       `hyperdiff`::`Nothing`
└   
┌ Info: AtmosModel: 
│   
│                               `water`::`ClimaAtmos.AtmosWater{ClimaAtmos.NonEquilibriumMicrophysics1M, ClimaAtmos.QuadratureCloud, ClimaAtmos.Implicit, Nothing, ClimaAtmos.SGSQuadrature{3, StaticArraysCore.SVector{3, Float32}, StaticArraysCore.SVector{3, Float32}, ClimaAtmos.GaussianSGS, Float32}, ClimaAtmos.FixedTerminalVelocity{Float32}}`
│                           `scm_setup`::`ClimaAtmos.SCMSetup{Nothing, Nothing, Nothing, Bool, @NamedTuple{prof_ug::AtmosphericProfilesLibrary.ZProfile{AtmosphericProfilesLibrary.var"#Larcform1_geostrophic_u##0#Larcform1_geostrophic_u##1"{Float32}}, prof_vg::AtmosphericProfilesLibrary.ZProfile{Returns{Float32}}, coriolis_param::Float32}}`
│                           `radiation`::`ClimaAtmos.AtmosRadiation{ClimaAtmos.RRTMGPInterface.AllSkyRadiationWithClearSkyDiagnostics{ClimaAtmos.InteractiveCloudInRadiation}, ClimaAtmos.Larcform1Insolation}`
│                            `turbconv`::`ClimaAtmos.AtmosTurbconv{ClimaAtmos.EDMFXModel{ClimaAtmos.InvZEntrainment, ClimaAtmos.BuoyancyVelocityDetrainment, Val{true}, Val{true}, Val{true}, Val{true}, Val{true}, ClimaAtmos.SmoothMinimumBlending}, ClimaAtmos.PrognosticEDMFX{1, true, Float32}, Nothing, Nothing, Nothing}`
│                     `prescribed_flow`::`Nothing`
│                        `gravity_wave`::`ClimaAtmos.AtmosGravityWave{Nothing, Nothing}`
│                  `vertical_diffusion`::`Nothing`
│                              `sponge`::`ClimaAtmos.AtmosSponge{Nothing, Nothing}`
│                             `surface`::`ClimaAtmos.AtmosSurface{ClimaAtmos.SurfaceConditions.MoninObukhov{Float32, Nothing, Nothing}, ClimaAtmos.SurfaceConditions.SlabOceanTemperature{Float32}, ClimaAtmos.SurfaceConditions.SurfaceBoundaryOverrides{Float32, Float32, Nothing, Nothing, Nothing, Nothing}, ClimaAtmos.ConstantAlbedo{Float32}}`
│                            `numerics`::`ClimaAtmos.AtmosNumerics{Val{:vanleer_limiter}, Val{:vanleer_limiter}, Val{:first_order}, Val{:none}, Val{:first_order}, Nothing, Nothing, Nothing, ClimaAtmos.Implicit, Nothing}`
│                           `chemistry`::`ClimaAtmos.AtmosChem{Nothing}`
└   
┌ Info: Microphysics settings: 
│                          `n_substeps`::`3`
│                     `n_substeps_quad`::`2`
│              `cloud_liquid_formation`::`CloudLiquidFormation`
│                 `cloud_ice_formation`::`TemperatureDependent`
│                      `cloud_ice_melt`::`CloudIceMelt`
│                 `rain_autoconversion`::`Kessler1M`
│                 `snow_autoconversion`::`NoSupersaturation`
│       `rain_condensation_evaporation`::`RainEvaporation`
│         `snow_deposition_sublimation`::`DepositionAndSublimation`
│                           `snow_melt`::`SnowMelt`
│         `cloud_liquid_rain_accretion`::`CloudLiquidRainAccretion`
│         `cloud_liquid_snow_accretion`::`CloudLiquidSnowAccretion`
│            `cloud_ice_rain_accretion`::`CloudIceRainAccretion`
│            `cloud_ice_snow_accretion`::`CloudIceSnowAccretion`
│                 `rain_snow_accretion`::`RainSnowAccretion`
└   
[ Info: Single-process ClimaAtmos run on CPUSingleThreaded
[ Info: Using ODE config: `ClimaTimeSteppers.ARS222`
[ Info: Initialized state (57.642 μs, 7.76 KiB)
[ Info: Built cache (183.078 ms, 172.6 MiB)
[ Info: Assembled callbacks (169.845 μs, 17.42 KiB)
┌ Info: Jacobian algorithm: ManualSparseJacobian(
│     approximate_solve_iters = 2,
└   )
[ Info: Jacobian derivative flags: topography_flag = IgnoreDerivative, diffusion_flag = UseDerivative
[ Info: Built tendency function (330.999 μs, 201.06 KiB)
[ Info: Initialized integrator (12.906 ms, 169.03 KiB)
[ Info: Added 7 user-provided YAML-style diagnostics
[ Info: Saving accumulated diagnostics to disk with frequency: 1 hour
[ Info: Set up diagnostics (791.72 μs, 103.66 KiB)
[ Info: Initialized 7 total diagnostics
