┌ Info: Simulation info
│   job_id = lf1e_clw_cal_member
└   output_dir = /home/jeff/larcform1-experiments/experiments/clw calibration/output/uki_1/iteration_001/member_012/output_0000
┌ Info: Running
│   job_id = lf1e_clw_cal_member
│   output_dir = /home/jeff/larcform1-experiments/experiments/clw calibration/output/uki_1/iteration_001/member_012/output_0000
└   tspan = (0.0 seconds (2010-01-01T00:00:00) [counter = 0, period = 1 second, epoch = 2010-01-01T00:00:00], 172800.0 seconds (2010-01-03T00:00:00) [counter = 172800, period = 1 second, epoch = 2010-01-01T00:00:00])
┌ Info: Progress
│   simulation_time = 30 seconds
│   n_steps_completed = 1
│   wall_time_per_step = 0 seconds
│   wall_time_total = 0 seconds
│   wall_time_remaining = 0 seconds
│   wall_time_spent = 0 seconds
│   percent_complete = 0.0%
│   estimated_sypd = Inf
│   instantaneous_sypd = 0.0 (sdpd_estimate = 0.0)
│   date_now = 2026-07-05T16:20:34.782
└   estimated_finish_date = 2026-07-05T16:20:34.782
┌ Info: Progress
│   simulation_time = 1 minute
│   n_steps_completed = 2
│   wall_time_per_step = 0 seconds
│   wall_time_total = 0 seconds
│   wall_time_remaining = 0 seconds
│   wall_time_spent = 0 seconds
│   percent_complete = 0.0%
│   estimated_sypd = Inf
│   instantaneous_sypd = 0.031
│   date_now = 2026-07-05T16:20:37.426
└   estimated_finish_date = 2026-07-05T16:20:37.426
┌ Info: Progress
│   simulation_time = 2 minutes
│   n_steps_completed = 4
│   wall_time_per_step = 4 milliseconds, 624 microseconds
│   wall_time_total = 26 seconds, 637 milliseconds
│   wall_time_remaining = 26 seconds, 618 milliseconds
│   wall_time_spent = 18 milliseconds, 497 microseconds
│   percent_complete = 0.1%
│   estimated_sypd = 17.761
│   instantaneous_sypd = 17.761
│   date_now = 2026-07-05T16:20:37.436
└   estimated_finish_date = 2026-07-05T16:21:04.436
┌ Info: Progress
│   simulation_time = 4 minutes
│   n_steps_completed = 8
│   wall_time_per_step = 4 milliseconds, 376 microseconds
│   wall_time_total = 25 seconds, 207 milliseconds
│   wall_time_remaining = 25 seconds, 172 milliseconds
│   wall_time_spent = 35 milliseconds, 11 microseconds
│   percent_complete = 0.1%
│   estimated_sypd = 18.768
│   instantaneous_sypd = 19.896
│   date_now = 2026-07-05T16:20:37.452
└   estimated_finish_date = 2026-07-05T16:21:03.452
┌ Info: Progress
│   simulation_time = 8 minutes
│   n_steps_completed = 16
│   wall_time_per_step = 4 milliseconds, 120 microseconds
│   wall_time_total = 23 seconds, 734 milliseconds
│   wall_time_remaining = 23 seconds, 668 milliseconds
│   wall_time_spent = 65 milliseconds, 927 microseconds
│   percent_complete = 0.3%
│   estimated_sypd = 19.933
│   instantaneous_sypd = 21.253
│   date_now = 2026-07-05T16:20:37.483
└   estimated_finish_date = 2026-07-05T16:21:01.483
┌ Info: Progress
│   simulation_time = 16 minutes
│   n_steps_completed = 32
│   wall_time_per_step = 3 milliseconds, 970 microseconds
│   wall_time_total = 22 seconds, 869 milliseconds
│   wall_time_remaining = 22 seconds, 742 milliseconds
│   wall_time_spent = 127 milliseconds, 50 microseconds
│   percent_complete = 0.6%
│   estimated_sypd = 20.687
│   instantaneous_sypd = 21.5
│   date_now = 2026-07-05T16:20:37.544
└   estimated_finish_date = 2026-07-05T16:21:00.544
┌ Info: Progress
│   simulation_time = 32 minutes
│   n_steps_completed = 64
│   wall_time_per_step = 3 milliseconds, 987 microseconds
│   wall_time_total = 22 seconds, 970 milliseconds
│   wall_time_remaining = 22 seconds, 715 milliseconds
│   wall_time_spent = 255 milliseconds, 224 microseconds
│   percent_complete = 1.1%
│   estimated_sypd = 20.596
│   instantaneous_sypd = 20.506
│   date_now = 2026-07-05T16:20:37.672
└   estimated_finish_date = 2026-07-05T16:21:00.672
┌ Info: Progress
│   simulation_time = 1 hour, 4 minutes
│   n_steps_completed = 128
│   wall_time_per_step = 4 milliseconds, 125 microseconds
│   wall_time_total = 23 seconds, 760 milliseconds
│   wall_time_remaining = 23 seconds, 232 milliseconds
│   wall_time_spent = 528 milliseconds, 17 microseconds
│   percent_complete = 2.2%
│   estimated_sypd = 19.911
│   instantaneous_sypd = 19.27
│   date_now = 2026-07-05T16:20:37.945
└   estimated_finish_date = 2026-07-05T16:21:01.945
┌ Info: Progress
│   simulation_time = 2 hours, 8 minutes
│   n_steps_completed = 256
│   wall_time_per_step = 4 milliseconds, 90 microseconds
│   wall_time_total = 23 seconds, 559 milliseconds
│   wall_time_remaining = 22 seconds, 511 milliseconds
│   wall_time_spent = 1 second, 47 milliseconds
│   percent_complete = 4.4%
│   estimated_sypd = 20.081
│   instantaneous_sypd = 20.255
│   date_now = 2026-07-05T16:20:38.464
└   estimated_finish_date = 2026-07-05T16:21:01.464
┌ Info: Progress
│   simulation_time = 4 hours, 16 minutes
│   n_steps_completed = 512
│   wall_time_per_step = 4 milliseconds, 99 microseconds
│   wall_time_total = 23 seconds, 613 milliseconds
│   wall_time_remaining = 21 seconds, 514 milliseconds
│   wall_time_spent = 2 seconds, 98 milliseconds
│   percent_complete = 8.9%
│   estimated_sypd = 20.036
│   instantaneous_sypd = 19.99
│   date_now = 2026-07-05T16:20:39.516
└   estimated_finish_date = 2026-07-05T16:21:01.516
┌ Info: Progress
│   simulation_time = 6 hours, 40 minutes
│   n_steps_completed = 801
│   wall_time_per_step = 4 milliseconds, 150 microseconds
│   wall_time_total = 23 seconds, 905 milliseconds
│   wall_time_remaining = 20 seconds, 581 milliseconds
│   wall_time_spent = 3 seconds, 324 milliseconds
│   percent_complete = 13.9%
│   estimated_sypd = 19.79
│   instantaneous_sypd = 19.37
│   date_now = 2026-07-05T16:20:40.742
└   estimated_finish_date = 2026-07-05T16:21:01.742
┌ Info: Progress
│   simulation_time = 8 hours, 32 minutes
│   n_steps_completed = 1024
│   wall_time_per_step = 4 milliseconds, 201 microseconds
│   wall_time_total = 24 seconds, 200 milliseconds
│   wall_time_remaining = 19 seconds, 898 milliseconds
│   wall_time_spent = 4 seconds, 302 milliseconds
│   percent_complete = 17.8%
│   estimated_sypd = 19.549
│   instantaneous_sypd = 18.729
│   date_now = 2026-07-05T16:20:41.720
└   estimated_finish_date = 2026-07-05T16:21:01.720
┌ Info: Progress
│   simulation_time = 10 hours, 56 minutes
│   n_steps_completed = 1313
│   wall_time_per_step = 4 milliseconds, 261 microseconds
│   wall_time_total = 24 seconds, 546 milliseconds
│   wall_time_remaining = 18 seconds, 951 milliseconds
│   wall_time_spent = 5 seconds, 595 milliseconds
│   percent_complete = 22.8%
│   estimated_sypd = 19.274
│   instantaneous_sypd = 18.358
│   date_now = 2026-07-05T16:20:43.013
└   estimated_finish_date = 2026-07-05T16:21:02.013
┌ Info: Progress
│   simulation_time = 13 hours, 21 minutes
│   n_steps_completed = 1602
│   wall_time_per_step = 4 milliseconds, 340 microseconds
│   wall_time_total = 25 seconds, 1 millisecond
│   wall_time_remaining = 18 seconds, 47 milliseconds
│   wall_time_spent = 6 seconds, 953 milliseconds
│   percent_complete = 27.8%
│   estimated_sypd = 18.923
│   instantaneous_sypd = 17.478
│   date_now = 2026-07-05T16:20:44.371
└   estimated_finish_date = 2026-07-05T16:21:03.371
┌ Info: Progress
│   simulation_time = 15 hours, 45 minutes
│   n_steps_completed = 1891
│   wall_time_per_step = 4 milliseconds, 422 microseconds
│   wall_time_total = 25 seconds, 474 milliseconds
│   wall_time_remaining = 17 seconds, 111 milliseconds
│   wall_time_spent = 8 seconds, 363 milliseconds
│   percent_complete = 32.8%
│   estimated_sypd = 18.571
│   instantaneous_sypd = 16.838
│   date_now = 2026-07-05T16:20:45.781
└   estimated_finish_date = 2026-07-05T16:21:03.781
┌ Info: Progress
│   simulation_time = 17 hours, 4 minutes
│   n_steps_completed = 2048
│   wall_time_per_step = 4 milliseconds, 479 microseconds
│   wall_time_total = 25 seconds, 800 milliseconds
│   wall_time_remaining = 16 seconds, 626 milliseconds
│   wall_time_spent = 9 seconds, 173 milliseconds
│   percent_complete = 35.6%
│   estimated_sypd = 18.337
│   instantaneous_sypd = 15.917
│   date_now = 2026-07-05T16:20:46.591
└   estimated_finish_date = 2026-07-05T16:21:03.591
┌ Info: Progress
│   simulation_time = 19 hours, 28 minutes
│   n_steps_completed = 2337
│   wall_time_per_step = 4 milliseconds, 553 microseconds
│   wall_time_total = 26 seconds, 230 milliseconds
│   wall_time_remaining = 15 seconds, 588 milliseconds
│   wall_time_spent = 10 seconds, 642 milliseconds
│   percent_complete = 40.6%
│   estimated_sypd = 18.036
│   instantaneous_sypd = 16.157
│   date_now = 2026-07-05T16:20:48.060
└   estimated_finish_date = 2026-07-05T16:21:04.060
┌ Info: Progress
│   simulation_time = 21 hours, 53 minutes
│   n_steps_completed = 2626
│   wall_time_per_step = 4 milliseconds, 628 microseconds
│   wall_time_total = 26 seconds, 661 milliseconds
│   wall_time_remaining = 14 seconds, 506 milliseconds
│   wall_time_spent = 12 seconds, 155 milliseconds
│   percent_complete = 45.6%
│   estimated_sypd = 17.744
│   instantaneous_sypd = 15.693
│   date_now = 2026-07-05T16:20:49.573
└   estimated_finish_date = 2026-07-05T16:21:04.573
┌ Info: Progress
│   simulation_time = 1 day, 17 minutes
│   n_steps_completed = 2915
│   wall_time_per_step = 4 milliseconds, 750 microseconds
│   wall_time_total = 27 seconds, 362 milliseconds
│   wall_time_remaining = 13 seconds, 514 milliseconds
│   wall_time_spent = 13 seconds, 847 milliseconds
│   percent_complete = 50.6%
│   estimated_sypd = 17.29
│   instantaneous_sypd = 14.028
│   date_now = 2026-07-05T16:20:51.265
└   estimated_finish_date = 2026-07-05T16:21:05.265
┌ Info: Progress
│   simulation_time = 1 day, 2 hours
│   n_steps_completed = 3204
│   wall_time_per_step = 4 milliseconds, 818 microseconds
│   wall_time_total = 27 seconds, 753 milliseconds
│   wall_time_remaining = 12 seconds, 315 milliseconds
│   wall_time_spent = 15 seconds, 437 milliseconds
│   percent_complete = 55.6%
│   estimated_sypd = 17.047
│   instantaneous_sypd = 14.926
│   date_now = 2026-07-05T16:20:52.855
└   estimated_finish_date = 2026-07-05T16:21:05.855
┌ Info: Progress
│   simulation_time = 1 day, 5 hours
│   n_steps_completed = 3493
│   wall_time_per_step = 4 milliseconds, 892 microseconds
│   wall_time_total = 28 seconds, 179 milliseconds
│   wall_time_remaining = 11 seconds, 90 milliseconds
│   wall_time_spent = 17 seconds, 88 milliseconds
│   percent_complete = 60.6%
│   estimated_sypd = 16.789
│   instantaneous_sypd = 14.376
│   date_now = 2026-07-05T16:20:54.506
└   estimated_finish_date = 2026-07-05T16:21:06.506
┌ Info: Progress
│   simulation_time = 1 day, 7 hours
│   n_steps_completed = 3782
│   wall_time_per_step = 4 milliseconds, 966 microseconds
│   wall_time_total = 28 seconds, 606 milliseconds
│   wall_time_remaining = 9 seconds, 823 milliseconds
│   wall_time_spent = 18 seconds, 783 milliseconds
│   percent_complete = 65.7%
│   estimated_sypd = 16.538
│   instantaneous_sypd = 14.01
│   date_now = 2026-07-05T16:20:56.201
└   estimated_finish_date = 2026-07-05T16:21:06.201
┌ Info: Progress
│   simulation_time = 1 day, 9 hours
│   n_steps_completed = 4071
│   wall_time_per_step = 5 milliseconds, 49 microseconds
│   wall_time_total = 29 seconds, 83 milliseconds
│   wall_time_remaining = 8 seconds, 528 milliseconds
│   wall_time_spent = 20 seconds, 555 milliseconds
│   percent_complete = 70.7%
│   estimated_sypd = 16.267
│   instantaneous_sypd = 13.395
│   date_now = 2026-07-05T16:20:57.973
└   estimated_finish_date = 2026-07-05T16:21:06.973
┌ Info: Progress
│   simulation_time = 1 day, 10 hours
│   n_steps_completed = 4096
│   wall_time_per_step = 5 milliseconds, 57 microseconds
│   wall_time_total = 29 seconds, 129 milliseconds
│   wall_time_remaining = 8 seconds, 415 milliseconds
│   wall_time_spent = 20 seconds, 714 milliseconds
│   percent_complete = 71.1%
│   estimated_sypd = 16.241
│   instantaneous_sypd = 12.915
│   date_now = 2026-07-05T16:20:58.132
└   estimated_finish_date = 2026-07-05T16:21:07.132
┌ Info: Progress
│   simulation_time = 1 day, 12 hours
│   n_steps_completed = 4385
│   wall_time_per_step = 5 milliseconds, 123 microseconds
│   wall_time_total = 29 seconds, 508 milliseconds
│   wall_time_remaining = 7 seconds, 44 milliseconds
│   wall_time_spent = 22 seconds, 464 milliseconds
│   percent_complete = 76.1%
│   estimated_sypd = 16.032
│   instantaneous_sypd = 13.561
│   date_now = 2026-07-05T16:20:59.882
└   estimated_finish_date = 2026-07-05T16:21:07.882
┌ Info: Progress
│   simulation_time = 1 day, 14 hours
│   n_steps_completed = 4674
│   wall_time_per_step = 5 milliseconds, 188 microseconds
│   wall_time_total = 29 seconds, 884 milliseconds
│   wall_time_remaining = 5 seconds, 634 milliseconds
│   wall_time_spent = 24 seconds, 249 milliseconds
│   percent_complete = 81.1%
│   estimated_sypd = 15.831
│   instantaneous_sypd = 13.296
│   date_now = 2026-07-05T16:21:01.667
└   estimated_finish_date = 2026-07-05T16:21:07.667
┌ Info: Progress
│   simulation_time = 1 day, 17 hours
│   n_steps_completed = 4963
│   wall_time_per_step = 5 milliseconds, 268 microseconds
│   wall_time_total = 30 seconds, 347 milliseconds
│   wall_time_remaining = 4 seconds, 199 milliseconds
│   wall_time_spent = 26 seconds, 148 milliseconds
│   percent_complete = 86.2%
│   estimated_sypd = 15.589
│   instantaneous_sypd = 12.502
│   date_now = 2026-07-05T16:21:03.566
└   estimated_finish_date = 2026-07-05T16:21:08.566
┌ Info: Progress
│   simulation_time = 1 day, 19 hours
│   n_steps_completed = 5252
│   wall_time_per_step = 5 milliseconds, 335 microseconds
│   wall_time_total = 30 seconds, 734 milliseconds
│   wall_time_remaining = 2 seconds, 710 milliseconds
│   wall_time_spent = 28 seconds, 24 milliseconds
│   percent_complete = 91.2%
│   estimated_sypd = 15.393
│   instantaneous_sypd = 12.656
│   date_now = 2026-07-05T16:21:05.442
└   estimated_finish_date = 2026-07-05T16:21:08.442
┌ Info: Progress
│   simulation_time = 1 day, 22 hours
│   n_steps_completed = 5541
│   wall_time_per_step = 5 milliseconds, 400 microseconds
│   wall_time_total = 31 seconds, 107 milliseconds
│   wall_time_remaining = 1 second, 182 milliseconds
│   wall_time_spent = 29 seconds, 925 milliseconds
│   percent_complete = 96.2%
│   estimated_sypd = 15.208
│   instantaneous_sypd = 12.486
│   date_now = 2026-07-05T16:21:07.343
└   estimated_finish_date = 2026-07-05T16:21:09.343
[ Info: solve! walltime = 31.421
[ Info: sypd: 15.067
[ Info: wall_time_per_timestep: 5 milliseconds, 454 microseconds
[ Info: Memory currently used (after solve!) by the process (RSS): 8.68 GiB
[ Info: Completed member 12
┌ Info: Making AtmosConfig with config files: 
│      /home/jeff/larcform1-experiments/ClimaAtmos.jl/src/config/../../config/default_configs/default_config.yml
└   
┌ Info: numerics 
│          `energy_q_tot_upwinding`::`Val{:vanleer_limiter}`
│                `tracer_upwinding`::`Val{:vanleer_limiter}`
│       `edmfx_mse_q_tot_upwinding`::`Val{:first_order}`
│         `edmfx_sgsflux_upwinding`::`Val{:none}`
│          `edmfx_tracer_upwinding`::`Val{:first_order}`
│         `test_dycore_consistency`::`Nothing`
│            `reproducible_restart`::`Nothing`
│                         `limiter`::`Nothing`
│                       `diff_mode`::`ClimaAtmos.Implicit`
│                       `hyperdiff`::`Nothing`
└   
┌ Info: AtmosModel: 
│   
│                               `water`::`ClimaAtmos.AtmosWater{ClimaAtmos.NonEquilibriumMicrophysics1M, ClimaAtmos.QuadratureCloud, ClimaAtmos.Implicit, Nothing, ClimaAtmos.SGSQuadrature{3, StaticArraysCore.SVector{3, Float32}, StaticArraysCore.SVector{3, Float32}, ClimaAtmos.GaussianSGS, Float32}, ClimaAtmos.FixedTerminalVelocity{Float32}}`
│                           `scm_setup`::`ClimaAtmos.SCMSetup{Nothing, Nothing, Nothing, Bool, @NamedTuple{prof_ug::AtmosphericProfilesLibrary.ZProfile{AtmosphericProfilesLibrary.var"#Larcform1_geostrophic_u##0#Larcform1_geostrophic_u##1"{Float32}}, prof_vg::AtmosphericProfilesLibrary.ZProfile{Returns{Float32}}, coriolis_param::Float32}}`
│                           `radiation`::`ClimaAtmos.AtmosRadiation{ClimaAtmos.RRTMGPInterface.AllSkyRadiationWithClearSkyDiagnostics{ClimaAtmos.InteractiveCloudInRadiation}, ClimaAtmos.Larcform1Insolation}`
│                            `turbconv`::`ClimaAtmos.AtmosTurbconv{ClimaAtmos.EDMFXModel{ClimaAtmos.InvZEntrainment, ClimaAtmos.BuoyancyVelocityDetrainment, Val{true}, Val{true}, Val{true}, Val{true}, Val{true}, ClimaAtmos.SmoothMinimumBlending}, ClimaAtmos.PrognosticEDMFX{1, true, Float32}, Nothing, Nothing, Nothing}`
│                     `prescribed_flow`::`Nothing`
│                        `gravity_wave`::`ClimaAtmos.AtmosGravityWave{Nothing, Nothing}`
│                  `vertical_diffusion`::`Nothing`
│                              `sponge`::`ClimaAtmos.AtmosSponge{Nothing, Nothing}`
│                             `surface`::`ClimaAtmos.AtmosSurface{ClimaAtmos.SurfaceConditions.MoninObukhov{Float32, Nothing, Nothing}, ClimaAtmos.SurfaceConditions.SlabOceanTemperature{Float32}, ClimaAtmos.SurfaceConditions.SurfaceBoundaryOverrides{Float32, Float32, Nothing, Nothing, Nothing, Nothing}, ClimaAtmos.ConstantAlbedo{Float32}}`
│                            `numerics`::`ClimaAtmos.AtmosNumerics{Val{:vanleer_limiter}, Val{:vanleer_limiter}, Val{:first_order}, Val{:none}, Val{:first_order}, Nothing, Nothing, Nothing, ClimaAtmos.Implicit, Nothing}`
│                           `chemistry`::`ClimaAtmos.AtmosChem{Nothing}`
└   
┌ Info: Microphysics settings: 
│                          `n_substeps`::`3`
│                     `n_substeps_quad`::`2`
│              `cloud_liquid_formation`::`CloudLiquidFormation`
│                 `cloud_ice_formation`::`TemperatureDependent`
│                      `cloud_ice_melt`::`CloudIceMelt`
│                 `rain_autoconversion`::`Kessler1M`
│                 `snow_autoconversion`::`NoSupersaturation`
│       `rain_condensation_evaporation`::`RainEvaporation`
│         `snow_deposition_sublimation`::`DepositionAndSublimation`
│                           `snow_melt`::`SnowMelt`
│         `cloud_liquid_rain_accretion`::`CloudLiquidRainAccretion`
│         `cloud_liquid_snow_accretion`::`CloudLiquidSnowAccretion`
│            `cloud_ice_rain_accretion`::`CloudIceRainAccretion`
│            `cloud_ice_snow_accretion`::`CloudIceSnowAccretion`
│                 `rain_snow_accretion`::`RainSnowAccretion`
└   
[ Info: Single-process ClimaAtmos run on CPUSingleThreaded
[ Info: Using ODE config: `ClimaTimeSteppers.ARS222`
[ Info: Initialized state (39.601 μs, 7.76 KiB)
[ Info: Built cache (196.727 ms, 172.6 MiB)
[ Info: Assembled callbacks (153.974 μs, 17.42 KiB)
┌ Info: Jacobian algorithm: ManualSparseJacobian(
│     approximate_solve_iters = 2,
└   )
[ Info: Jacobian derivative flags: topography_flag = IgnoreDerivative, diffusion_flag = UseDerivative
[ Info: Built tendency function (232.656 μs, 201.06 KiB)
[ Info: Initialized integrator (8.611 ms, 169.03 KiB)
[ Info: Added 7 user-provided YAML-style diagnostics
[ Info: Saving accumulated diagnostics to disk with frequency: 1 hour
[ Info: Set up diagnostics (493.722 μs, 103.66 KiB)
[ Info: Initialized 7 total diagnostics
