┌ Info: Simulation info
│   job_id = lf1e_clw_cal_member
└   output_dir = /home/jeff/larcform1-experiments/experiments/clw calibration/output/uki_1/iteration_006/member_004/output_0000
┌ Info: Running
│   job_id = lf1e_clw_cal_member
│   output_dir = /home/jeff/larcform1-experiments/experiments/clw calibration/output/uki_1/iteration_006/member_004/output_0000
└   tspan = (0.0 seconds (2010-01-01T00:00:00) [counter = 0, period = 1 second, epoch = 2010-01-01T00:00:00], 172800.0 seconds (2010-01-03T00:00:00) [counter = 172800, period = 1 second, epoch = 2010-01-01T00:00:00])
┌ Info: Progress
│   simulation_time = 30 seconds
│   n_steps_completed = 1
│   wall_time_per_step = 0 seconds
│   wall_time_total = 0 seconds
│   wall_time_remaining = 0 seconds
│   wall_time_spent = 0 seconds
│   percent_complete = 0.0%
│   estimated_sypd = Inf
│   instantaneous_sypd = 0.0 (sdpd_estimate = 0.0)
│   date_now = 2026-07-05T16:53:34.530
└   estimated_finish_date = 2026-07-05T16:53:34.530
┌ Info: Progress
│   simulation_time = 1 minute
│   n_steps_completed = 2
│   wall_time_per_step = 0 seconds
│   wall_time_total = 0 seconds
│   wall_time_remaining = 0 seconds
│   wall_time_spent = 0 seconds
│   percent_complete = 0.0%
│   estimated_sypd = Inf
│   instantaneous_sypd = 0.031
│   date_now = 2026-07-05T16:53:37.185
└   estimated_finish_date = 2026-07-05T16:53:37.185
┌ Info: Progress
│   simulation_time = 2 minutes
│   n_steps_completed = 4
│   wall_time_per_step = 4 milliseconds, 461 microseconds
│   wall_time_total = 25 seconds, 698 milliseconds
│   wall_time_remaining = 25 seconds, 680 milliseconds
│   wall_time_spent = 17 milliseconds, 846 microseconds
│   percent_complete = 0.1%
│   estimated_sypd = 18.41
│   instantaneous_sypd = 18.41
│   date_now = 2026-07-05T16:53:37.194
└   estimated_finish_date = 2026-07-05T16:54:03.194
┌ Info: Progress
│   simulation_time = 4 minutes
│   n_steps_completed = 8
│   wall_time_per_step = 4 milliseconds, 259 microseconds
│   wall_time_total = 24 seconds, 534 milliseconds
│   wall_time_remaining = 24 seconds, 500 milliseconds
│   wall_time_spent = 34 milliseconds, 76 microseconds
│   percent_complete = 0.1%
│   estimated_sypd = 19.283
│   instantaneous_sypd = 20.243
│   date_now = 2026-07-05T16:53:37.210
└   estimated_finish_date = 2026-07-05T16:54:02.210
┌ Info: Progress
│   simulation_time = 8 minutes
│   n_steps_completed = 16
│   wall_time_per_step = 4 milliseconds, 30 microseconds
│   wall_time_total = 23 seconds, 216 milliseconds
│   wall_time_remaining = 23 seconds, 151 milliseconds
│   wall_time_spent = 64 milliseconds, 490 microseconds
│   percent_complete = 0.3%
│   estimated_sypd = 20.378
│   instantaneous_sypd = 21.605
│   date_now = 2026-07-05T16:53:37.241
└   estimated_finish_date = 2026-07-05T16:54:01.241
┌ Info: Progress
│   simulation_time = 16 minutes
│   n_steps_completed = 32
│   wall_time_per_step = 3 milliseconds, 905 microseconds
│   wall_time_total = 22 seconds, 497 milliseconds
│   wall_time_remaining = 22 seconds, 372 milliseconds
│   wall_time_spent = 124 milliseconds, 988 microseconds
│   percent_complete = 0.6%
│   estimated_sypd = 21.029
│   instantaneous_sypd = 21.723
│   date_now = 2026-07-05T16:53:37.301
└   estimated_finish_date = 2026-07-05T16:54:00.301
┌ Info: Progress
│   simulation_time = 32 minutes
│   n_steps_completed = 64
│   wall_time_per_step = 3 milliseconds, 936 microseconds
│   wall_time_total = 22 seconds, 674 milliseconds
│   wall_time_remaining = 22 seconds, 422 milliseconds
│   wall_time_spent = 251 milliseconds, 939 microseconds
│   percent_complete = 1.1%
│   estimated_sypd = 20.865
│   instantaneous_sypd = 20.704
│   date_now = 2026-07-05T16:53:37.428
└   estimated_finish_date = 2026-07-05T16:54:00.428
┌ Info: Progress
│   simulation_time = 1 hour, 4 minutes
│   n_steps_completed = 128
│   wall_time_per_step = 4 milliseconds, 106 microseconds
│   wall_time_total = 23 seconds, 651 milliseconds
│   wall_time_remaining = 23 seconds, 125 milliseconds
│   wall_time_spent = 525 milliseconds, 585 microseconds
│   percent_complete = 2.2%
│   estimated_sypd = 20.003
│   instantaneous_sypd = 19.21
│   date_now = 2026-07-05T16:53:37.702
└   estimated_finish_date = 2026-07-05T16:54:01.702
┌ Info: Progress
│   simulation_time = 2 hours, 8 minutes
│   n_steps_completed = 256
│   wall_time_per_step = 4 milliseconds, 97 microseconds
│   wall_time_total = 23 seconds, 600 milliseconds
│   wall_time_remaining = 22 seconds, 551 milliseconds
│   wall_time_spent = 1 second, 48 milliseconds
│   percent_complete = 4.4%
│   estimated_sypd = 20.046
│   instantaneous_sypd = 20.09
│   date_now = 2026-07-05T16:53:38.225
└   estimated_finish_date = 2026-07-05T16:54:01.225
┌ Info: Progress
│   simulation_time = 4 hours, 16 minutes
│   n_steps_completed = 512
│   wall_time_per_step = 4 milliseconds, 93 microseconds
│   wall_time_total = 23 seconds, 579 milliseconds
│   wall_time_remaining = 21 seconds, 483 milliseconds
│   wall_time_spent = 2 seconds, 95 milliseconds
│   percent_complete = 8.9%
│   estimated_sypd = 20.064
│   instantaneous_sypd = 20.082
│   date_now = 2026-07-05T16:53:39.272
└   estimated_finish_date = 2026-07-05T16:54:01.272
┌ Info: Progress
│   simulation_time = 6 hours, 40 minutes
│   n_steps_completed = 801
│   wall_time_per_step = 4 milliseconds, 301 microseconds
│   wall_time_total = 24 seconds, 774 milliseconds
│   wall_time_remaining = 21 seconds, 329 milliseconds
│   wall_time_spent = 3 seconds, 445 milliseconds
│   percent_complete = 13.9%
│   estimated_sypd = 19.096
│   instantaneous_sypd = 17.593
│   date_now = 2026-07-05T16:53:40.621
└   estimated_finish_date = 2026-07-05T16:54:02.621
┌ Info: Progress
│   simulation_time = 8 hours, 32 minutes
│   n_steps_completed = 1024
│   wall_time_per_step = 4 milliseconds, 345 microseconds
│   wall_time_total = 25 seconds, 32 milliseconds
│   wall_time_remaining = 20 seconds, 582 milliseconds
│   wall_time_spent = 4 seconds, 450 milliseconds
│   percent_complete = 17.8%
│   estimated_sypd = 18.9
│   instantaneous_sypd = 18.225
│   date_now = 2026-07-05T16:53:41.626
└   estimated_finish_date = 2026-07-05T16:54:02.626
┌ Info: Progress
│   simulation_time = 10 hours, 56 minutes
│   n_steps_completed = 1313
│   wall_time_per_step = 4 milliseconds, 464 microseconds
│   wall_time_total = 25 seconds, 715 milliseconds
│   wall_time_remaining = 19 seconds, 853 milliseconds
│   wall_time_spent = 5 seconds, 861 milliseconds
│   percent_complete = 22.8%
│   estimated_sypd = 18.398
│   instantaneous_sypd = 16.815
│   date_now = 2026-07-05T16:53:43.038
└   estimated_finish_date = 2026-07-05T16:54:03.038
┌ Info: Progress
│   simulation_time = 13 hours, 21 minutes
│   n_steps_completed = 1602
│   wall_time_per_step = 4 milliseconds, 561 microseconds
│   wall_time_total = 26 seconds, 272 milliseconds
│   wall_time_remaining = 18 seconds, 965 milliseconds
│   wall_time_spent = 7 seconds, 306 milliseconds
│   percent_complete = 27.8%
│   estimated_sypd = 18.008
│   instantaneous_sypd = 16.426
│   date_now = 2026-07-05T16:53:44.483
└   estimated_finish_date = 2026-07-05T16:54:03.483
┌ Info: Progress
│   simulation_time = 15 hours, 45 minutes
│   n_steps_completed = 1891
│   wall_time_per_step = 4 milliseconds, 635 microseconds
│   wall_time_total = 26 seconds, 701 milliseconds
│   wall_time_remaining = 17 seconds, 935 milliseconds
│   wall_time_spent = 8 seconds, 765 milliseconds
│   percent_complete = 32.8%
│   estimated_sypd = 17.718
│   instantaneous_sypd = 16.27
│   date_now = 2026-07-05T16:53:45.942
└   estimated_finish_date = 2026-07-05T16:54:03.942
┌ Info: Progress
│   simulation_time = 17 hours, 4 minutes
│   n_steps_completed = 2048
│   wall_time_per_step = 4 milliseconds, 679 microseconds
│   wall_time_total = 26 seconds, 956 milliseconds
│   wall_time_remaining = 17 seconds, 371 milliseconds
│   wall_time_spent = 9 seconds, 584 milliseconds
│   percent_complete = 35.6%
│   estimated_sypd = 17.551
│   instantaneous_sypd = 15.756
│   date_now = 2026-07-05T16:53:46.761
└   estimated_finish_date = 2026-07-05T16:54:04.761
┌ Info: Progress
│   simulation_time = 19 hours, 28 minutes
│   n_steps_completed = 2337
│   wall_time_per_step = 4 milliseconds, 769 microseconds
│   wall_time_total = 27 seconds, 469 milliseconds
│   wall_time_remaining = 16 seconds, 324 milliseconds
│   wall_time_spent = 11 seconds, 145 milliseconds
│   percent_complete = 40.6%
│   estimated_sypd = 17.223
│   instantaneous_sypd = 15.208
│   date_now = 2026-07-05T16:53:48.322
└   estimated_finish_date = 2026-07-05T16:54:05.321
┌ Info: Progress
│   simulation_time = 21 hours, 53 minutes
│   n_steps_completed = 2626
│   wall_time_per_step = 4 milliseconds, 915 microseconds
│   wall_time_total = 28 seconds, 311 milliseconds
│   wall_time_remaining = 15 seconds, 404 milliseconds
│   wall_time_spent = 12 seconds, 907 milliseconds
│   percent_complete = 45.6%
│   estimated_sypd = 16.711
│   instantaneous_sypd = 13.472
│   date_now = 2026-07-05T16:53:50.084
└   estimated_finish_date = 2026-07-05T16:54:06.084
┌ Info: Progress
│   simulation_time = 1 day, 17 minutes
│   n_steps_completed = 2915
│   wall_time_per_step = 5 milliseconds, 72 microseconds
│   wall_time_total = 29 seconds, 214 milliseconds
│   wall_time_remaining = 14 seconds, 429 milliseconds
│   wall_time_spent = 14 seconds, 784 milliseconds
│   percent_complete = 50.6%
│   estimated_sypd = 16.194
│   instantaneous_sypd = 12.641
│   date_now = 2026-07-05T16:53:51.961
└   estimated_finish_date = 2026-07-05T16:54:06.961
┌ Info: Progress
│   simulation_time = 1 day, 2 hours
│   n_steps_completed = 3204
│   wall_time_per_step = 5 milliseconds, 120 microseconds
│   wall_time_total = 29 seconds, 496 milliseconds
│   wall_time_remaining = 13 seconds, 88 milliseconds
│   wall_time_spent = 16 seconds, 407 milliseconds
│   percent_complete = 55.6%
│   estimated_sypd = 16.039
│   instantaneous_sypd = 14.632
│   date_now = 2026-07-05T16:53:53.583
└   estimated_finish_date = 2026-07-05T16:54:07.583
┌ Info: Progress
│   simulation_time = 1 day, 5 hours
│   n_steps_completed = 3493
│   wall_time_per_step = 5 milliseconds, 207 microseconds
│   wall_time_total = 29 seconds, 996 milliseconds
│   wall_time_remaining = 11 seconds, 805 milliseconds
│   wall_time_spent = 18 seconds, 190 milliseconds
│   percent_complete = 60.6%
│   estimated_sypd = 15.772
│   instantaneous_sypd = 13.31
│   date_now = 2026-07-05T16:53:55.367
└   estimated_finish_date = 2026-07-05T16:54:07.367
┌ Info: Progress
│   simulation_time = 1 day, 7 hours
│   n_steps_completed = 3782
│   wall_time_per_step = 5 milliseconds, 305 microseconds
│   wall_time_total = 30 seconds, 559 milliseconds
│   wall_time_remaining = 10 seconds, 494 milliseconds
│   wall_time_spent = 20 seconds, 65 milliseconds
│   percent_complete = 65.7%
│   estimated_sypd = 15.481
│   instantaneous_sypd = 12.662
│   date_now = 2026-07-05T16:53:57.242
└   estimated_finish_date = 2026-07-05T16:54:08.242
┌ Info: Progress
│   simulation_time = 1 day, 9 hours
│   n_steps_completed = 4071
│   wall_time_per_step = 5 milliseconds, 405 microseconds
│   wall_time_total = 31 seconds, 135 milliseconds
│   wall_time_remaining = 9 seconds, 129 milliseconds
│   wall_time_spent = 22 seconds, 5 milliseconds
│   percent_complete = 70.7%
│   estimated_sypd = 15.195
│   instantaneous_sypd = 12.234
│   date_now = 2026-07-05T16:53:59.182
└   estimated_finish_date = 2026-07-05T16:54:09.182
┌ Info: Progress
│   simulation_time = 1 day, 10 hours
│   n_steps_completed = 4096
│   wall_time_per_step = 5 milliseconds, 411 microseconds
│   wall_time_total = 31 seconds, 173 milliseconds
│   wall_time_remaining = 9 seconds, 5 milliseconds
│   wall_time_spent = 22 seconds, 167 milliseconds
│   percent_complete = 71.1%
│   estimated_sypd = 15.177
│   instantaneous_sypd = 12.688
│   date_now = 2026-07-05T16:53:59.344
└   estimated_finish_date = 2026-07-05T16:54:09.344
┌ Info: Progress
│   simulation_time = 1 day, 12 hours
│   n_steps_completed = 4385
│   wall_time_per_step = 5 milliseconds, 453 microseconds
│   wall_time_total = 31 seconds, 413 milliseconds
│   wall_time_remaining = 7 seconds, 498 milliseconds
│   wall_time_spent = 23 seconds, 914 milliseconds
│   percent_complete = 76.1%
│   estimated_sypd = 15.061
│   instantaneous_sypd = 13.589
│   date_now = 2026-07-05T16:54:01.091
└   estimated_finish_date = 2026-07-05T16:54:09.091
┌ Info: Progress
│   simulation_time = 1 day, 14 hours
│   n_steps_completed = 4674
│   wall_time_per_step = 5 milliseconds, 574 microseconds
│   wall_time_total = 32 seconds, 109 milliseconds
│   wall_time_remaining = 6 seconds, 54 milliseconds
│   wall_time_spent = 26 seconds, 55 milliseconds
│   percent_complete = 81.1%
│   estimated_sypd = 14.734
│   instantaneous_sypd = 11.085
│   date_now = 2026-07-05T16:54:03.232
└   estimated_finish_date = 2026-07-05T16:54:10.232
┌ Info: Progress
│   simulation_time = 1 day, 17 hours
│   n_steps_completed = 4963
│   wall_time_per_step = 5 milliseconds, 696 microseconds
│   wall_time_total = 32 seconds, 814 milliseconds
│   wall_time_remaining = 4 seconds, 540 milliseconds
│   wall_time_spent = 28 seconds, 273 milliseconds
│   percent_complete = 86.2%
│   estimated_sypd = 14.418
│   instantaneous_sypd = 10.702
│   date_now = 2026-07-05T16:54:05.450
└   estimated_finish_date = 2026-07-05T16:54:10.450
┌ Info: Progress
│   simulation_time = 1 day, 19 hours
│   n_steps_completed = 5252
│   wall_time_per_step = 5 milliseconds, 781 microseconds
│   wall_time_total = 33 seconds, 303 milliseconds
│   wall_time_remaining = 2 seconds, 937 milliseconds
│   wall_time_spent = 30 seconds, 366 milliseconds
│   percent_complete = 91.2%
│   estimated_sypd = 14.206
│   instantaneous_sypd = 11.342
│   date_now = 2026-07-05T16:54:07.543
└   estimated_finish_date = 2026-07-05T16:54:10.543
┌ Info: Progress
│   simulation_time = 1 day, 22 hours
│   n_steps_completed = 5541
│   wall_time_per_step = 5 milliseconds, 813 microseconds
│   wall_time_total = 33 seconds, 486 milliseconds
│   wall_time_remaining = 1 second, 273 milliseconds
│   wall_time_spent = 32 seconds, 213 milliseconds
│   percent_complete = 96.2%
│   estimated_sypd = 14.128
│   instantaneous_sypd = 12.853
│   date_now = 2026-07-05T16:54:09.390
└   estimated_finish_date = 2026-07-05T16:54:11.390
[ Info: solve! walltime = 33.684
[ Info: sypd: 14.055
[ Info: wall_time_per_timestep: 5 milliseconds, 847 microseconds
[ Info: Memory currently used (after solve!) by the process (RSS): 8.68 GiB
[ Info: Completed member 4
┌ Info: Making AtmosConfig with config files: 
│      /home/jeff/larcform1-experiments/ClimaAtmos.jl/src/config/../../config/default_configs/default_config.yml
└   
┌ Info: numerics 
│          `energy_q_tot_upwinding`::`Val{:vanleer_limiter}`
│                `tracer_upwinding`::`Val{:vanleer_limiter}`
│       `edmfx_mse_q_tot_upwinding`::`Val{:first_order}`
│         `edmfx_sgsflux_upwinding`::`Val{:none}`
│          `edmfx_tracer_upwinding`::`Val{:first_order}`
│         `test_dycore_consistency`::`Nothing`
│            `reproducible_restart`::`Nothing`
│                         `limiter`::`Nothing`
│                       `diff_mode`::`ClimaAtmos.Implicit`
│                       `hyperdiff`::`Nothing`
└   
┌ Info: AtmosModel: 
│   
│                               `water`::`ClimaAtmos.AtmosWater{ClimaAtmos.NonEquilibriumMicrophysics1M, ClimaAtmos.QuadratureCloud, ClimaAtmos.Implicit, Nothing, ClimaAtmos.SGSQuadrature{3, StaticArraysCore.SVector{3, Float32}, StaticArraysCore.SVector{3, Float32}, ClimaAtmos.GaussianSGS, Float32}, ClimaAtmos.FixedTerminalVelocity{Float32}}`
│                           `scm_setup`::`ClimaAtmos.SCMSetup{Nothing, Nothing, Nothing, Bool, @NamedTuple{prof_ug::AtmosphericProfilesLibrary.ZProfile{AtmosphericProfilesLibrary.var"#Larcform1_geostrophic_u##0#Larcform1_geostrophic_u##1"{Float32}}, prof_vg::AtmosphericProfilesLibrary.ZProfile{Returns{Float32}}, coriolis_param::Float32}}`
│                           `radiation`::`ClimaAtmos.AtmosRadiation{ClimaAtmos.RRTMGPInterface.AllSkyRadiationWithClearSkyDiagnostics{ClimaAtmos.InteractiveCloudInRadiation}, ClimaAtmos.Larcform1Insolation}`
│                            `turbconv`::`ClimaAtmos.AtmosTurbconv{ClimaAtmos.EDMFXModel{ClimaAtmos.InvZEntrainment, ClimaAtmos.BuoyancyVelocityDetrainment, Val{true}, Val{true}, Val{true}, Val{true}, Val{true}, ClimaAtmos.SmoothMinimumBlending}, ClimaAtmos.PrognosticEDMFX{1, true, Float32}, Nothing, Nothing, Nothing}`
│                     `prescribed_flow`::`Nothing`
│                        `gravity_wave`::`ClimaAtmos.AtmosGravityWave{Nothing, Nothing}`
│                  `vertical_diffusion`::`Nothing`
│                              `sponge`::`ClimaAtmos.AtmosSponge{Nothing, Nothing}`
│                             `surface`::`ClimaAtmos.AtmosSurface{ClimaAtmos.SurfaceConditions.MoninObukhov{Float32, Nothing, Nothing}, ClimaAtmos.SurfaceConditions.SlabOceanTemperature{Float32}, ClimaAtmos.SurfaceConditions.SurfaceBoundaryOverrides{Float32, Float32, Nothing, Nothing, Nothing, Nothing}, ClimaAtmos.ConstantAlbedo{Float32}}`
│                            `numerics`::`ClimaAtmos.AtmosNumerics{Val{:vanleer_limiter}, Val{:vanleer_limiter}, Val{:first_order}, Val{:none}, Val{:first_order}, Nothing, Nothing, Nothing, ClimaAtmos.Implicit, Nothing}`
│                           `chemistry`::`ClimaAtmos.AtmosChem{Nothing}`
└   
┌ Info: Microphysics settings: 
│                          `n_substeps`::`3`
│                     `n_substeps_quad`::`2`
│              `cloud_liquid_formation`::`CloudLiquidFormation`
│                 `cloud_ice_formation`::`TemperatureDependent`
│                      `cloud_ice_melt`::`CloudIceMelt`
│                 `rain_autoconversion`::`Kessler1M`
│                 `snow_autoconversion`::`NoSupersaturation`
│       `rain_condensation_evaporation`::`RainEvaporation`
│         `snow_deposition_sublimation`::`DepositionAndSublimation`
│                           `snow_melt`::`SnowMelt`
│         `cloud_liquid_rain_accretion`::`CloudLiquidRainAccretion`
│         `cloud_liquid_snow_accretion`::`CloudLiquidSnowAccretion`
│            `cloud_ice_rain_accretion`::`CloudIceRainAccretion`
│            `cloud_ice_snow_accretion`::`CloudIceSnowAccretion`
│                 `rain_snow_accretion`::`RainSnowAccretion`
└   
[ Info: Single-process ClimaAtmos run on CPUSingleThreaded
[ Info: Using ODE config: `ClimaTimeSteppers.ARS222`
[ Info: Initialized state (54.122 μs, 7.76 KiB)
[ Info: Built cache (239.101 ms, 172.6 MiB)
[ Info: Assembled callbacks (202.125 μs, 17.42 KiB)
┌ Info: Jacobian algorithm: ManualSparseJacobian(
│     approximate_solve_iters = 2,
└   )
[ Info: Jacobian derivative flags: topography_flag = IgnoreDerivative, diffusion_flag = UseDerivative
[ Info: Built tendency function (469.023 μs, 201.06 KiB)
[ Info: Initialized integrator (8.733 ms, 169.03 KiB)
[ Info: Added 7 user-provided YAML-style diagnostics
[ Info: Saving accumulated diagnostics to disk with frequency: 1 hour
[ Info: Set up diagnostics (975.365 μs, 103.66 KiB)
[ Info: Initialized 7 total diagnostics
