┌ Info: Simulation info
│   job_id = lf1e_clw1_v2_0M
└   output_dir = experiments/clw sensitivity experiments/output/lf1e-clw-1/v2_0M/output_0001
┌ Info: Running
│   job_id = lf1e_clw1_v2_0M
│   output_dir = experiments/clw sensitivity experiments/output/lf1e-clw-1/v2_0M/output_0001
└   tspan = (0.0 seconds (2010-01-01T00:00:00) [counter = 0, period = 1 second, epoch = 2010-01-01T00:00:00], 172800.0 seconds (2010-01-03T00:00:00) [counter = 172800, period = 1 second, epoch = 2010-01-01T00:00:00])
┌ Info: Progress
│   simulation_time = 30 seconds
│   n_steps_completed = 1
│   wall_time_per_step = 0 seconds
│   wall_time_total = 0 seconds
│   wall_time_remaining = 0 seconds
│   wall_time_spent = 0 seconds
│   percent_complete = 0.0%
│   estimated_sypd = Inf
│   instantaneous_sypd = 0.0 (sdpd_estimate = 0.0)
│   date_now = 2026-07-02T21:59:53.336
└   estimated_finish_date = 2026-07-02T21:59:53.335
┌ Info: Progress
│   simulation_time = 1 minute
│   n_steps_completed = 2
│   wall_time_per_step = 0 seconds
│   wall_time_total = 0 seconds
│   wall_time_remaining = 0 seconds
│   wall_time_spent = 0 seconds
│   percent_complete = 0.0%
│   estimated_sypd = Inf
│   instantaneous_sypd = 0.024
│   date_now = 2026-07-02T21:59:56.712
└   estimated_finish_date = 2026-07-02T21:59:56.712
┌ Info: Progress
│   simulation_time = 2 minutes
│   n_steps_completed = 4
│   wall_time_per_step = 6 milliseconds, 275 microseconds
│   wall_time_total = 36 seconds, 147 milliseconds
│   wall_time_remaining = 36 seconds, 121 milliseconds
│   wall_time_spent = 25 milliseconds, 102 microseconds
│   percent_complete = 0.1%
│   estimated_sypd = 13.088
│   instantaneous_sypd = 13.088
│   date_now = 2026-07-02T21:59:56.781
└   estimated_finish_date = 2026-07-02T22:00:33.781
┌ Info: Progress
│   simulation_time = 4 minutes
│   n_steps_completed = 8
│   wall_time_per_step = 12 milliseconds, 412 microseconds
│   wall_time_total = 1 minute, 11 seconds
│   wall_time_remaining = 1 minute, 11 seconds
│   wall_time_spent = 99 milliseconds, 297 microseconds
│   percent_complete = 0.1%
│   estimated_sypd = 6.617
│   instantaneous_sypd = 4.428
│   date_now = 2026-07-02T21:59:56.793
└   estimated_finish_date = 2026-07-02T22:01:08.793
┌ Info: Progress
│   simulation_time = 8 minutes
│   n_steps_completed = 16
│   wall_time_per_step = 8 milliseconds, 179 microseconds
│   wall_time_total = 47 seconds, 115 milliseconds
│   wall_time_remaining = 46 seconds, 984 milliseconds
│   wall_time_spent = 130 milliseconds, 877 microseconds
│   percent_complete = 0.3%
│   estimated_sypd = 10.041
│   instantaneous_sypd = 20.807
│   date_now = 2026-07-02T21:59:56.823
└   estimated_finish_date = 2026-07-02T22:00:43.823
┌ Info: Progress
│   simulation_time = 16 minutes
│   n_steps_completed = 32
│   wall_time_per_step = 197 milliseconds, 463 microseconds
│   wall_time_total = 18 minutes, 57 seconds
│   wall_time_remaining = 18 minutes, 51 seconds
│   wall_time_spent = 6 seconds, 318 milliseconds
│   percent_complete = 0.6%
│   estimated_sypd = 0.416
│   instantaneous_sypd = 0.212
│   date_now = 2026-07-02T22:00:03.011
└   estimated_finish_date = 2026-07-02T22:18:55.011
┌ Info: Progress
│   simulation_time = 32 minutes
│   n_steps_completed = 64
│   wall_time_per_step = 101 milliseconds, 900 microseconds
│   wall_time_total = 9 minutes, 46 seconds
│   wall_time_remaining = 9 minutes, 40 seconds
│   wall_time_spent = 6 seconds, 521 milliseconds
│   percent_complete = 1.1%
│   estimated_sypd = 0.806
│   instantaneous_sypd = 12.962
│   date_now = 2026-07-02T22:00:03.214
└   estimated_finish_date = 2026-07-02T22:09:44.214
┌ Info: Progress
│   simulation_time = 1 hour, 4 minutes
│   n_steps_completed = 128
│   wall_time_per_step = 86 milliseconds, 547 microseconds
│   wall_time_total = 8 minutes, 18 seconds
│   wall_time_remaining = 8 minutes, 7 seconds
│   wall_time_spent = 11 seconds, 78 milliseconds
│   percent_complete = 2.2%
│   estimated_sypd = 0.949
│   instantaneous_sypd = 1.154
│   date_now = 2026-07-02T22:00:07.779
└   estimated_finish_date = 2026-07-02T22:08:15.779
┌ Info: Progress
│   simulation_time = 2 hours, 8 minutes
│   n_steps_completed = 256
│   wall_time_per_step = 45 milliseconds, 331 microseconds
│   wall_time_total = 4 minutes, 21 seconds
│   wall_time_remaining = 4 minutes, 9 seconds
│   wall_time_spent = 11 seconds, 604 milliseconds
│   percent_complete = 4.4%
│   estimated_sypd = 1.812
│   instantaneous_sypd = 19.956
│   date_now = 2026-07-02T22:00:08.297
└   estimated_finish_date = 2026-07-02T22:04:18.297
┌ Info: Progress
│   simulation_time = 4 hours, 16 minutes
│   n_steps_completed = 512
│   wall_time_per_step = 24 milliseconds, 746 microseconds
│   wall_time_total = 2 minutes, 22 seconds
│   wall_time_remaining = 2 minutes, 9 seconds
│   wall_time_spent = 12 seconds, 670 milliseconds
│   percent_complete = 8.9%
│   estimated_sypd = 3.319
│   instantaneous_sypd = 19.738
│   date_now = 2026-07-02T22:00:09.362
└   estimated_finish_date = 2026-07-02T22:02:19.362
┌ Info: Progress
│   simulation_time = 6 hours, 40 minutes
│   n_steps_completed = 801
│   wall_time_per_step = 17 milliseconds, 279 microseconds
│   wall_time_total = 1 minute, 39 seconds
│   wall_time_remaining = 1 minute, 25 seconds
│   wall_time_spent = 13 seconds, 841 milliseconds
│   percent_complete = 13.9%
│   estimated_sypd = 4.753
│   instantaneous_sypd = 20.269
│   date_now = 2026-07-02T22:00:10.533
└   estimated_finish_date = 2026-07-02T22:01:36.533
┌ Info: Progress
│   simulation_time = 8 hours, 32 minutes
│   n_steps_completed = 1024
│   wall_time_per_step = 14 milliseconds, 398 microseconds
│   wall_time_total = 1 minute, 22 seconds
│   wall_time_remaining = 1 minute, 8 seconds
│   wall_time_spent = 14 seconds, 744 milliseconds
│   percent_complete = 17.8%
│   estimated_sypd = 5.704
│   instantaneous_sypd = 20.286
│   date_now = 2026-07-02T22:00:11.436
└   estimated_finish_date = 2026-07-02T22:01:20.436
┌ Info: Progress
│   simulation_time = 10 hours, 56 minutes
│   n_steps_completed = 1313
│   wall_time_per_step = 12 milliseconds, 112 microseconds
│   wall_time_total = 1 minute, 9 seconds
│   wall_time_remaining = 53 seconds, 863 milliseconds
│   wall_time_spent = 15 seconds, 903 milliseconds
│   percent_complete = 22.8%
│   estimated_sypd = 6.781
│   instantaneous_sypd = 20.474
│   date_now = 2026-07-02T22:00:12.596
└   estimated_finish_date = 2026-07-02T22:01:06.596
┌ Info: Progress
│   simulation_time = 13 hours, 21 minutes
│   n_steps_completed = 1602
│   wall_time_per_step = 10 milliseconds, 668 microseconds
│   wall_time_total = 1 minute, 1 second
│   wall_time_remaining = 44 seconds, 360 milliseconds
│   wall_time_spent = 17 seconds, 91 milliseconds
│   percent_complete = 27.8%
│   estimated_sypd = 7.699
│   instantaneous_sypd = 19.982
│   date_now = 2026-07-02T22:00:13.784
└   estimated_finish_date = 2026-07-02T22:00:58.784
┌ Info: Progress
│   simulation_time = 15 hours, 45 minutes
│   n_steps_completed = 1891
│   wall_time_per_step = 9 milliseconds, 647 microseconds
│   wall_time_total = 55 seconds, 571 milliseconds
│   wall_time_remaining = 37 seconds, 327 milliseconds
│   wall_time_spent = 18 seconds, 244 milliseconds
│   percent_complete = 32.8%
│   estimated_sypd = 8.513
│   instantaneous_sypd = 20.595
│   date_now = 2026-07-02T22:00:14.936
└   estimated_finish_date = 2026-07-02T22:00:52.936
┌ Info: Progress
│   simulation_time = 17 hours, 4 minutes
│   n_steps_completed = 2048
│   wall_time_per_step = 9 milliseconds, 221 microseconds
│   wall_time_total = 53 seconds, 117 milliseconds
│   wall_time_remaining = 34 seconds, 231 milliseconds
│   wall_time_spent = 18 seconds, 886 milliseconds
│   percent_complete = 35.6%
│   estimated_sypd = 8.907
│   instantaneous_sypd = 20.076
│   date_now = 2026-07-02T22:00:15.579
└   estimated_finish_date = 2026-07-02T22:00:50.579
┌ Info: Progress
│   simulation_time = 19 hours, 28 minutes
│   n_steps_completed = 2337
│   wall_time_per_step = 8 milliseconds, 575 microseconds
│   wall_time_total = 49 seconds, 397 milliseconds
│   wall_time_remaining = 29 seconds, 355 milliseconds
│   wall_time_spent = 20 seconds, 41 milliseconds
│   percent_complete = 40.6%
│   estimated_sypd = 9.577
│   instantaneous_sypd = 20.542
│   date_now = 2026-07-02T22:00:16.734
└   estimated_finish_date = 2026-07-02T22:00:46.734
┌ Info: Progress
│   simulation_time = 21 hours, 53 minutes
│   n_steps_completed = 2626
│   wall_time_per_step = 8 milliseconds, 102 microseconds
│   wall_time_total = 46 seconds, 668 milliseconds
│   wall_time_remaining = 25 seconds, 392 milliseconds
│   wall_time_spent = 21 seconds, 276 milliseconds
│   percent_complete = 45.6%
│   estimated_sypd = 10.138
│   instantaneous_sypd = 19.231
│   date_now = 2026-07-02T22:00:17.968
└   estimated_finish_date = 2026-07-02T22:00:43.968
┌ Info: Progress
│   simulation_time = 1 day, 17 minutes
│   n_steps_completed = 2915
│   wall_time_per_step = 7 milliseconds, 714 microseconds
│   wall_time_total = 44 seconds, 435 milliseconds
│   wall_time_remaining = 21 seconds, 947 milliseconds
│   wall_time_spent = 22 seconds, 487 milliseconds
│   percent_complete = 50.6%
│   estimated_sypd = 10.647
│   instantaneous_sypd = 19.591
│   date_now = 2026-07-02T22:00:19.197
└   estimated_finish_date = 2026-07-02T22:00:41.197
┌ Info: Progress
│   simulation_time = 1 day, 2 hours
│   n_steps_completed = 3204
│   wall_time_per_step = 7 milliseconds, 393 microseconds
│   wall_time_total = 42 seconds, 586 milliseconds
│   wall_time_remaining = 18 seconds, 897 milliseconds
│   wall_time_spent = 23 seconds, 688 milliseconds
│   percent_complete = 55.6%
│   estimated_sypd = 11.109
│   instantaneous_sypd = 19.764
│   date_now = 2026-07-02T22:00:20.381
└   estimated_finish_date = 2026-07-02T22:00:39.381
┌ Info: Progress
│   simulation_time = 1 day, 5 hours
│   n_steps_completed = 3493
│   wall_time_per_step = 7 milliseconds, 125 microseconds
│   wall_time_total = 41 seconds, 42 milliseconds
│   wall_time_remaining = 16 seconds, 153 milliseconds
│   wall_time_spent = 24 seconds, 888 milliseconds
│   percent_complete = 60.6%
│   estimated_sypd = 11.527
│   instantaneous_sypd = 19.78
│   date_now = 2026-07-02T22:00:21.581
└   estimated_finish_date = 2026-07-02T22:00:38.581
┌ Info: Progress
│   simulation_time = 1 day, 7 hours
│   n_steps_completed = 3782
│   wall_time_per_step = 6 milliseconds, 894 microseconds
│   wall_time_total = 39 seconds, 711 milliseconds
│   wall_time_remaining = 13 seconds, 636 milliseconds
│   wall_time_spent = 26 seconds, 74 milliseconds
│   percent_complete = 65.7%
│   estimated_sypd = 11.914
│   instantaneous_sypd = 20.025
│   date_now = 2026-07-02T22:00:22.767
└   estimated_finish_date = 2026-07-02T22:00:36.767
┌ Info: Progress
│   simulation_time = 1 day, 9 hours
│   n_steps_completed = 4071
│   wall_time_per_step = 6 milliseconds, 697 microseconds
│   wall_time_total = 38 seconds, 579 milliseconds
│   wall_time_remaining = 11 seconds, 312 milliseconds
│   wall_time_spent = 27 seconds, 267 milliseconds
│   percent_complete = 70.7%
│   estimated_sypd = 12.263
│   instantaneous_sypd = 19.9
│   date_now = 2026-07-02T22:00:23.959
└   estimated_finish_date = 2026-07-02T22:00:35.959
┌ Info: Progress
│   simulation_time = 1 day, 10 hours
│   n_steps_completed = 4096
│   wall_time_per_step = 6 milliseconds, 682 microseconds
│   wall_time_total = 38 seconds, 492 milliseconds
│   wall_time_remaining = 11 seconds, 120 milliseconds
│   wall_time_spent = 27 seconds, 372 milliseconds
│   percent_complete = 71.1%
│   estimated_sypd = 12.291
│   instantaneous_sypd = 19.483
│   date_now = 2026-07-02T22:00:24.065
└   estimated_finish_date = 2026-07-02T22:00:36.065
┌ Info: Progress
│   simulation_time = 1 day, 12 hours
│   n_steps_completed = 4385
│   wall_time_per_step = 111 milliseconds, 514 microseconds
│   wall_time_total = 10 minutes, 42 seconds
│   wall_time_remaining = 2 minutes, 33 seconds
│   wall_time_spent = 8 minutes, 8 seconds
│   percent_complete = 76.1%
│   estimated_sypd = 0.737
│   instantaneous_sypd = 0.051
│   date_now = 2026-07-02T22:08:05.684
└   estimated_finish_date = 2026-07-02T22:10:39.684
┌ Info: Progress
│   simulation_time = 1 day, 14 hours
│   n_steps_completed = 4674
│   wall_time_per_step = 104 milliseconds, 875 microseconds
│   wall_time_total = 10 minutes, 4 seconds
│   wall_time_remaining = 1 minute, 53 seconds
│   wall_time_spent = 8 minutes, 10 seconds
│   percent_complete = 81.1%
│   estimated_sypd = 0.783
│   instantaneous_sypd = 19.827
│   date_now = 2026-07-02T22:08:06.881
└   estimated_finish_date = 2026-07-02T22:10:00.881
┌ Info: Progress
│   simulation_time = 1 day, 17 hours
│   n_steps_completed = 4963
│   wall_time_per_step = 99 milliseconds, 7 microseconds
│   wall_time_total = 9 minutes, 30 seconds
│   wall_time_remaining = 1 minute, 18 seconds
│   wall_time_spent = 8 minutes, 11 seconds
│   percent_complete = 86.2%
│   estimated_sypd = 0.83
│   instantaneous_sypd = 19.994
│   date_now = 2026-07-02T22:08:08.069
└   estimated_finish_date = 2026-07-02T22:09:27.069
┌ Info: Progress
│   simulation_time = 1 day, 19 hours
│   n_steps_completed = 5252
│   wall_time_per_step = 93 milliseconds, 790 microseconds
│   wall_time_total = 9 minutes, 232 milliseconds
│   wall_time_remaining = 47 seconds, 645 milliseconds
│   wall_time_spent = 8 minutes, 12 seconds
│   percent_complete = 91.2%
│   estimated_sypd = 0.876
│   instantaneous_sypd = 19.612
│   date_now = 2026-07-02T22:08:09.279
└   estimated_finish_date = 2026-07-02T22:08:57.279
┌ Info: Progress
│   simulation_time = 1 day, 22 hours
│   n_steps_completed = 5541
│   wall_time_per_step = 89 milliseconds, 117 microseconds
│   wall_time_total = 8 minutes, 33 seconds
│   wall_time_remaining = 19 seconds, 516 milliseconds
│   wall_time_spent = 8 minutes, 13 seconds
│   percent_complete = 96.2%
│   estimated_sypd = 0.922
│   instantaneous_sypd = 19.534
│   date_now = 2026-07-02T22:08:10.494
└   estimated_finish_date = 2026-07-02T22:08:30.494
[ Info: solve! walltime = 494.709
[ Info: sypd: 0.957
[ Info: wall_time_per_timestep: 85 milliseconds, 887 microseconds
[ Info: Memory currently used (after solve!) by the process (RSS): 5.76 GiB
┌ Info: Finished variation [1/3]
│   overlay = experiments/clw sensitivity experiments/configs/v2_0M.yml
│   job_id = lf1e_clw1_v2_0M
│   ret_code = success
└   walltime = 16m53s
┌ Info: Starting variation [2/3]
└   overlay = experiments/clw sensitivity experiments/configs/v5_subltime10.yml
┌ Info: Making AtmosConfig with config files: 
│      /Users/jeff/clima/larcform1-experiments/ClimaAtmos.jl/src/config/../../config/default_configs/default_config.yml
│      /Users/jeff/clima/larcform1-experiments/experiments/clw sensitivity experiments/../../ClimaAtmos.jl/config/model_configs/larcform1_1M_prognostic_edmfx.yml
│      experiments/clw sensitivity experiments/configs/v5_subltime10.yml
└   
┌ Info: numerics 
│          `energy_q_tot_upwinding`::`Val{:vanleer_limiter}`
│                `tracer_upwinding`::`Val{:vanleer_limiter}`
│       `edmfx_mse_q_tot_upwinding`::`Val{:first_order}`
│         `edmfx_sgsflux_upwinding`::`Val{:none}`
│          `edmfx_tracer_upwinding`::`Val{:first_order}`
│         `test_dycore_consistency`::`Nothing`
│            `reproducible_restart`::`Nothing`
│                         `limiter`::`Nothing`
│                       `diff_mode`::`ClimaAtmos.Implicit`
│                       `hyperdiff`::`Nothing`
└   
┌ Info: AtmosModel: 
│   
│                               `water`::`ClimaAtmos.AtmosWater{ClimaAtmos.NonEquilibriumMicrophysics1M, ClimaAtmos.QuadratureCloud, ClimaAtmos.Implicit, Nothing, ClimaAtmos.SGSQuadrature{3, StaticArraysCore.SVector{3, Float32}, StaticArraysCore.SVector{3, Float32}, ClimaAtmos.GaussianSGS, Float32}, ClimaAtmos.FixedTerminalVelocity{Float32}}`
│                           `scm_setup`::`ClimaAtmos.SCMSetup{Nothing, Nothing, Nothing, Bool, @NamedTuple{prof_ug::AtmosphericProfilesLibrary.ZProfile{AtmosphericProfilesLibrary.var"#149#150"{Float32}}, prof_vg::AtmosphericProfilesLibrary.ZProfile{Returns{Float32}}, coriolis_param::Float32}}`
│                           `radiation`::`ClimaAtmos.AtmosRadiation{ClimaAtmos.RRTMGPInterface.AllSkyRadiationWithClearSkyDiagnostics{ClimaAtmos.InteractiveCloudInRadiation}, ClimaAtmos.Larcform1Insolation}`
│                            `turbconv`::`ClimaAtmos.AtmosTurbconv{ClimaAtmos.EDMFXModel{ClimaAtmos.InvZEntrainment, ClimaAtmos.BuoyancyVelocityDetrainment, Val{true}, Val{true}, Val{true}, Val{true}, Val{true}, ClimaAtmos.SmoothMinimumBlending}, ClimaAtmos.PrognosticEDMFX{1, true, Float32}, Nothing, Nothing, Nothing}`
│                     `prescribed_flow`::`Nothing`
│                        `gravity_wave`::`ClimaAtmos.AtmosGravityWave{Nothing, Nothing}`
│                  `vertical_diffusion`::`Nothing`
│                              `sponge`::`ClimaAtmos.AtmosSponge{Nothing, Nothing}`
│                             `surface`::`ClimaAtmos.AtmosSurface{ClimaAtmos.SurfaceConditions.MoninObukhov{Float32, Nothing, Nothing}, ClimaAtmos.SurfaceConditions.SlabOceanTemperature{Float32}, ClimaAtmos.SurfaceConditions.SurfaceBoundaryOverrides{Float32, Float32, Nothing, Nothing, Nothing, Nothing}, ClimaAtmos.ConstantAlbedo{Float32}}`
│                            `numerics`::`ClimaAtmos.AtmosNumerics{Val{:vanleer_limiter}, Val{:vanleer_limiter}, Val{:first_order}, Val{:none}, Val{:first_order}, Nothing, Nothing, Nothing, ClimaAtmos.Implicit, Nothing}`
│                           `chemistry`::`ClimaAtmos.AtmosChem{Nothing}`
└   
┌ Info: Microphysics settings: 
│                          `n_substeps`::`3`
│                     `n_substeps_quad`::`2`
│              `cloud_liquid_formation`::`CloudLiquidFormation`
│                 `cloud_ice_formation`::`ConstantTimescale`
│                      `cloud_ice_melt`::`CloudIceMelt`
│                 `rain_autoconversion`::`Kessler1M`
│                 `snow_autoconversion`::`NoSupersaturation`
│       `rain_condensation_evaporation`::`RainEvaporation`
│         `snow_deposition_sublimation`::`DepositionAndSublimation`
│                           `snow_melt`::`SnowMelt`
│         `cloud_liquid_rain_accretion`::`CloudLiquidRainAccretion`
│         `cloud_liquid_snow_accretion`::`CloudLiquidSnowAccretion`
│            `cloud_ice_rain_accretion`::`CloudIceRainAccretion`
│            `cloud_ice_snow_accretion`::`CloudIceSnowAccretion`
│                 `rain_snow_accretion`::`RainSnowAccretion`
└   
[ Info: Single-process ClimaAtmos run on CPUSingleThreaded
[ Info: Using ODE config: `ClimaTimeSteppers.ARS222`
[ Info: Initialized state (73.583 μs, 6.98 KiB)
[ Info: Built cache (12.793 s, 5.82 GiB)
[ Info: Assembled callbacks (20.995 ms, 1.06 MiB)
┌ Info: Jacobian algorithm: ManualSparseJacobian(
│     approximate_solve_iters = 2,
└   )
[ Info: Jacobian derivative flags: topography_flag = IgnoreDerivative, diffusion_flag = UseDerivative
[ Info: Built tendency function (1.808 s, 179.66 MiB)
[ Info: Initialized integrator (9.291 s, 2.09 GiB)
[ Info: Added 114 user-provided YAML-style diagnostics
[ Info: Saving accumulated diagnostics to disk with frequency: 10 minutes, 1 hour
[ Info: Set up diagnostics (4.149 s, 76.95 MiB)
[ Info: Initialized 114 total diagnostics
