┌ Info: Simulation info
│   job_id = lf1e_clw_cal_member
└   output_dir = /home/jeff/larcform1-experiments/experiments/clw calibration/output/uki_1/iteration_002/member_006/output_0000
┌ Info: Running
│   job_id = lf1e_clw_cal_member
│   output_dir = /home/jeff/larcform1-experiments/experiments/clw calibration/output/uki_1/iteration_002/member_006/output_0000
└   tspan = (0.0 seconds (2010-01-01T00:00:00) [counter = 0, period = 1 second, epoch = 2010-01-01T00:00:00], 172800.0 seconds (2010-01-03T00:00:00) [counter = 172800, period = 1 second, epoch = 2010-01-01T00:00:00])
┌ Info: Progress
│   simulation_time = 30 seconds
│   n_steps_completed = 1
│   wall_time_per_step = 0 seconds
│   wall_time_total = 0 seconds
│   wall_time_remaining = 0 seconds
│   wall_time_spent = 0 seconds
│   percent_complete = 0.0%
│   estimated_sypd = Inf
│   instantaneous_sypd = 0.0 (sdpd_estimate = 0.0)
│   date_now = 2026-07-05T16:24:51.499
└   estimated_finish_date = 2026-07-05T16:24:51.499
┌ Info: Progress
│   simulation_time = 1 minute
│   n_steps_completed = 2
│   wall_time_per_step = 0 seconds
│   wall_time_total = 0 seconds
│   wall_time_remaining = 0 seconds
│   wall_time_spent = 0 seconds
│   percent_complete = 0.0%
│   estimated_sypd = Inf
│   instantaneous_sypd = 0.032
│   date_now = 2026-07-05T16:24:54.105
└   estimated_finish_date = 2026-07-05T16:24:54.105
┌ Info: Progress
│   simulation_time = 2 minutes
│   n_steps_completed = 4
│   wall_time_per_step = 4 milliseconds, 794 microseconds
│   wall_time_total = 27 seconds, 618 milliseconds
│   wall_time_remaining = 27 seconds, 599 milliseconds
│   wall_time_spent = 19 milliseconds, 179 microseconds
│   percent_complete = 0.1%
│   estimated_sypd = 17.13
│   instantaneous_sypd = 17.13
│   date_now = 2026-07-05T16:24:54.115
└   estimated_finish_date = 2026-07-05T16:25:22.115
┌ Info: Progress
│   simulation_time = 4 minutes
│   n_steps_completed = 8
│   wall_time_per_step = 4 milliseconds, 416 microseconds
│   wall_time_total = 25 seconds, 436 milliseconds
│   wall_time_remaining = 25 seconds, 401 milliseconds
│   wall_time_spent = 35 milliseconds, 328 microseconds
│   percent_complete = 0.1%
│   estimated_sypd = 18.599
│   instantaneous_sypd = 20.344
│   date_now = 2026-07-05T16:24:54.131
└   estimated_finish_date = 2026-07-05T16:25:20.131
┌ Info: Progress
│   simulation_time = 8 minutes
│   n_steps_completed = 16
│   wall_time_per_step = 4 milliseconds, 148 microseconds
│   wall_time_total = 23 seconds, 898 milliseconds
│   wall_time_remaining = 23 seconds, 831 milliseconds
│   wall_time_spent = 66 milliseconds, 383 microseconds
│   percent_complete = 0.3%
│   estimated_sypd = 19.797
│   instantaneous_sypd = 21.159
│   date_now = 2026-07-05T16:24:54.162
└   estimated_finish_date = 2026-07-05T16:25:18.162
┌ Info: Progress
│   simulation_time = 16 minutes
│   n_steps_completed = 32
│   wall_time_per_step = 3 milliseconds, 986 microseconds
│   wall_time_total = 22 seconds, 960 milliseconds
│   wall_time_remaining = 22 seconds, 833 milliseconds
│   wall_time_spent = 127 milliseconds, 560 microseconds
│   percent_complete = 0.6%
│   estimated_sypd = 20.605
│   instantaneous_sypd = 21.481
│   date_now = 2026-07-05T16:24:54.223
└   estimated_finish_date = 2026-07-05T16:25:17.223
┌ Info: Progress
│   simulation_time = 32 minutes
│   n_steps_completed = 64
│   wall_time_per_step = 3 milliseconds, 989 microseconds
│   wall_time_total = 22 seconds, 977 milliseconds
│   wall_time_remaining = 22 seconds, 721 milliseconds
│   wall_time_spent = 255 milliseconds, 301 microseconds
│   percent_complete = 1.1%
│   estimated_sypd = 20.59
│   instantaneous_sypd = 20.575
│   date_now = 2026-07-05T16:24:54.351
└   estimated_finish_date = 2026-07-05T16:25:17.351
┌ Info: Progress
│   simulation_time = 1 hour, 4 minutes
│   n_steps_completed = 128
│   wall_time_per_step = 4 milliseconds, 86 microseconds
│   wall_time_total = 23 seconds, 537 milliseconds
│   wall_time_remaining = 23 seconds, 14 milliseconds
│   wall_time_spent = 523 milliseconds, 60 microseconds
│   percent_complete = 2.2%
│   estimated_sypd = 20.1
│   instantaneous_sypd = 19.632
│   date_now = 2026-07-05T16:24:54.619
└   estimated_finish_date = 2026-07-05T16:25:18.619
┌ Info: Progress
│   simulation_time = 2 hours, 8 minutes
│   n_steps_completed = 256
│   wall_time_per_step = 4 milliseconds, 62 microseconds
│   wall_time_total = 23 seconds, 402 milliseconds
│   wall_time_remaining = 22 seconds, 362 milliseconds
│   wall_time_spent = 1 second, 40 milliseconds
│   percent_complete = 4.4%
│   estimated_sypd = 20.216
│   instantaneous_sypd = 20.334
│   date_now = 2026-07-05T16:24:55.136
└   estimated_finish_date = 2026-07-05T16:25:18.136
┌ Info: Progress
│   simulation_time = 4 hours, 16 minutes
│   n_steps_completed = 512
│   wall_time_per_step = 4 milliseconds, 79 microseconds
│   wall_time_total = 23 seconds, 500 milliseconds
│   wall_time_remaining = 21 seconds, 411 milliseconds
│   wall_time_spent = 2 seconds, 88 milliseconds
│   percent_complete = 8.9%
│   estimated_sypd = 20.132
│   instantaneous_sypd = 20.048
│   date_now = 2026-07-05T16:24:56.185
└   estimated_finish_date = 2026-07-05T16:25:18.185
┌ Info: Progress
│   simulation_time = 6 hours, 40 minutes
│   n_steps_completed = 801
│   wall_time_per_step = 4 milliseconds, 148 microseconds
│   wall_time_total = 23 seconds, 894 milliseconds
│   wall_time_remaining = 20 seconds, 571 milliseconds
│   wall_time_spent = 3 seconds, 322 milliseconds
│   percent_complete = 13.9%
│   estimated_sypd = 19.799
│   instantaneous_sypd = 19.237
│   date_now = 2026-07-05T16:24:57.419
└   estimated_finish_date = 2026-07-05T16:25:18.419
┌ Info: Progress
│   simulation_time = 8 hours, 32 minutes
│   n_steps_completed = 1024
│   wall_time_per_step = 4 milliseconds, 205 microseconds
│   wall_time_total = 24 seconds, 222 milliseconds
│   wall_time_remaining = 19 seconds, 916 milliseconds
│   wall_time_spent = 4 seconds, 306 milliseconds
│   percent_complete = 17.8%
│   estimated_sypd = 19.531
│   instantaneous_sypd = 18.626
│   date_now = 2026-07-05T16:24:58.402
└   estimated_finish_date = 2026-07-05T16:25:18.402
┌ Info: Progress
│   simulation_time = 10 hours, 56 minutes
│   n_steps_completed = 1313
│   wall_time_per_step = 4 milliseconds, 269 microseconds
│   wall_time_total = 24 seconds, 595 milliseconds
│   wall_time_remaining = 18 seconds, 988 milliseconds
│   wall_time_spent = 5 seconds, 606 milliseconds
│   percent_complete = 22.8%
│   estimated_sypd = 19.236
│   instantaneous_sypd = 18.256
│   date_now = 2026-07-05T16:24:59.702
└   estimated_finish_date = 2026-07-05T16:25:18.702
┌ Info: Progress
│   simulation_time = 13 hours, 21 minutes
│   n_steps_completed = 1602
│   wall_time_per_step = 4 milliseconds, 358 microseconds
│   wall_time_total = 25 seconds, 102 milliseconds
│   wall_time_remaining = 18 seconds, 120 milliseconds
│   wall_time_spent = 6 seconds, 981 milliseconds
│   percent_complete = 27.8%
│   estimated_sypd = 18.847
│   instantaneous_sypd = 17.262
│   date_now = 2026-07-05T16:25:01.077
└   estimated_finish_date = 2026-07-05T16:25:20.077
┌ Info: Progress
│   simulation_time = 15 hours, 45 minutes
│   n_steps_completed = 1891
│   wall_time_per_step = 4 milliseconds, 442 microseconds
│   wall_time_total = 25 seconds, 591 milliseconds
│   wall_time_remaining = 17 seconds, 189 milliseconds
│   wall_time_spent = 8 seconds, 401 milliseconds
│   percent_complete = 32.8%
│   estimated_sypd = 18.487
│   instantaneous_sypd = 16.717
│   date_now = 2026-07-05T16:25:02.497
└   estimated_finish_date = 2026-07-05T16:25:20.497
┌ Info: Progress
│   simulation_time = 17 hours, 4 minutes
│   n_steps_completed = 2048
│   wall_time_per_step = 4 milliseconds, 492 microseconds
│   wall_time_total = 25 seconds, 875 milliseconds
│   wall_time_remaining = 16 seconds, 675 milliseconds
│   wall_time_spent = 9 seconds, 200 milliseconds
│   percent_complete = 35.6%
│   estimated_sypd = 18.284
│   instantaneous_sypd = 16.147
│   date_now = 2026-07-05T16:25:03.296
└   estimated_finish_date = 2026-07-05T16:25:20.296
┌ Info: Progress
│   simulation_time = 19 hours, 28 minutes
│   n_steps_completed = 2337
│   wall_time_per_step = 4 milliseconds, 569 microseconds
│   wall_time_total = 26 seconds, 322 milliseconds
│   wall_time_remaining = 15 seconds, 642 milliseconds
│   wall_time_spent = 10 seconds, 679 milliseconds
│   percent_complete = 40.6%
│   estimated_sypd = 17.973
│   instantaneous_sypd = 16.041
│   date_now = 2026-07-05T16:25:04.776
└   estimated_finish_date = 2026-07-05T16:25:20.776
┌ Info: Progress
│   simulation_time = 21 hours, 53 minutes
│   n_steps_completed = 2626
│   wall_time_per_step = 4 milliseconds, 694 microseconds
│   wall_time_total = 27 seconds, 38 milliseconds
│   wall_time_remaining = 14 seconds, 711 milliseconds
│   wall_time_spent = 12 seconds, 327 milliseconds
│   percent_complete = 45.6%
│   estimated_sypd = 17.497
│   instantaneous_sypd = 14.411
│   date_now = 2026-07-05T16:25:06.423
└   estimated_finish_date = 2026-07-05T16:25:21.423
┌ Info: Progress
│   simulation_time = 1 day, 17 minutes
│   n_steps_completed = 2915
│   wall_time_per_step = 4 milliseconds, 774 microseconds
│   wall_time_total = 27 seconds, 500 milliseconds
│   wall_time_remaining = 13 seconds, 583 milliseconds
│   wall_time_spent = 13 seconds, 917 milliseconds
│   percent_complete = 50.6%
│   estimated_sypd = 17.203
│   instantaneous_sypd = 14.927
│   date_now = 2026-07-05T16:25:08.013
└   estimated_finish_date = 2026-07-05T16:25:22.013
┌ Info: Progress
│   simulation_time = 1 day, 2 hours
│   n_steps_completed = 3204
│   wall_time_per_step = 4 milliseconds, 846 microseconds
│   wall_time_total = 27 seconds, 915 milliseconds
│   wall_time_remaining = 12 seconds, 387 milliseconds
│   wall_time_spent = 15 seconds, 528 milliseconds
│   percent_complete = 55.6%
│   estimated_sypd = 16.947
│   instantaneous_sypd = 14.735
│   date_now = 2026-07-05T16:25:09.624
└   estimated_finish_date = 2026-07-05T16:25:22.624
┌ Info: Progress
│   simulation_time = 1 day, 5 hours
│   n_steps_completed = 3493
│   wall_time_per_step = 4 milliseconds, 920 microseconds
│   wall_time_total = 28 seconds, 341 milliseconds
│   wall_time_remaining = 11 seconds, 154 milliseconds
│   wall_time_spent = 17 seconds, 186 milliseconds
│   percent_complete = 60.6%
│   estimated_sypd = 16.693
│   instantaneous_sypd = 14.313
│   date_now = 2026-07-05T16:25:11.283
└   estimated_finish_date = 2026-07-05T16:25:23.283
┌ Info: Progress
│   simulation_time = 1 day, 7 hours
│   n_steps_completed = 3782
│   wall_time_per_step = 5 milliseconds, 7 microseconds
│   wall_time_total = 28 seconds, 840 milliseconds
│   wall_time_remaining = 9 seconds, 904 milliseconds
│   wall_time_spent = 18 seconds, 936 milliseconds
│   percent_complete = 65.7%
│   estimated_sypd = 16.404
│   instantaneous_sypd = 13.563
│   date_now = 2026-07-05T16:25:13.033
└   estimated_finish_date = 2026-07-05T16:25:23.033
┌ Info: Progress
│   simulation_time = 1 day, 9 hours
│   n_steps_completed = 4071
│   wall_time_per_step = 5 milliseconds, 78 microseconds
│   wall_time_total = 29 seconds, 253 milliseconds
│   wall_time_remaining = 8 seconds, 578 milliseconds
│   wall_time_spent = 20 seconds, 675 milliseconds
│   percent_complete = 70.7%
│   estimated_sypd = 16.172
│   instantaneous_sypd = 13.651
│   date_now = 2026-07-05T16:25:14.772
└   estimated_finish_date = 2026-07-05T16:25:23.772
┌ Info: Progress
│   simulation_time = 1 day, 10 hours
│   n_steps_completed = 4096
│   wall_time_per_step = 5 milliseconds, 87 microseconds
│   wall_time_total = 29 seconds, 305 milliseconds
│   wall_time_remaining = 8 seconds, 466 milliseconds
│   wall_time_spent = 20 seconds, 839 milliseconds
│   percent_complete = 71.1%
│   estimated_sypd = 16.144
│   instantaneous_sypd = 12.532
│   date_now = 2026-07-05T16:25:14.935
└   estimated_finish_date = 2026-07-05T16:25:23.935
┌ Info: Progress
│   simulation_time = 1 day, 12 hours
│   n_steps_completed = 4385
│   wall_time_per_step = 5 milliseconds, 163 microseconds
│   wall_time_total = 29 seconds, 740 milliseconds
│   wall_time_remaining = 7 seconds, 99 milliseconds
│   wall_time_spent = 22 seconds, 641 milliseconds
│   percent_complete = 76.1%
│   estimated_sypd = 15.907
│   instantaneous_sypd = 13.175
│   date_now = 2026-07-05T16:25:16.737
└   estimated_finish_date = 2026-07-05T16:25:24.737
┌ Info: Progress
│   simulation_time = 1 day, 14 hours
│   n_steps_completed = 4674
│   wall_time_per_step = 5 milliseconds, 247 microseconds
│   wall_time_total = 30 seconds, 225 milliseconds
│   wall_time_remaining = 5 seconds, 698 milliseconds
│   wall_time_spent = 24 seconds, 526 milliseconds
│   percent_complete = 81.1%
│   estimated_sypd = 15.652
│   instantaneous_sypd = 12.59
│   date_now = 2026-07-05T16:25:18.622
└   estimated_finish_date = 2026-07-05T16:25:24.622
┌ Info: Progress
│   simulation_time = 1 day, 17 hours
│   n_steps_completed = 4963
│   wall_time_per_step = 5 milliseconds, 322 microseconds
│   wall_time_total = 30 seconds, 656 milliseconds
│   wall_time_remaining = 4 seconds, 241 milliseconds
│   wall_time_spent = 26 seconds, 414 milliseconds
│   percent_complete = 86.2%
│   estimated_sypd = 15.432
│   instantaneous_sypd = 12.573
│   date_now = 2026-07-05T16:25:20.510
└   estimated_finish_date = 2026-07-05T16:25:25.510
┌ Info: Progress
│   simulation_time = 1 day, 19 hours
│   n_steps_completed = 5252
│   wall_time_per_step = 5 milliseconds, 394 microseconds
│   wall_time_total = 31 seconds, 69 milliseconds
│   wall_time_remaining = 2 seconds, 740 milliseconds
│   wall_time_spent = 28 seconds, 329 milliseconds
│   percent_complete = 91.2%
│   estimated_sypd = 15.227
│   instantaneous_sypd = 12.393
│   date_now = 2026-07-05T16:25:22.426
└   estimated_finish_date = 2026-07-05T16:25:25.426
┌ Info: Progress
│   simulation_time = 1 day, 22 hours
│   n_steps_completed = 5541
│   wall_time_per_step = 5 milliseconds, 472 microseconds
│   wall_time_total = 31 seconds, 524 milliseconds
│   wall_time_remaining = 1 second, 198 milliseconds
│   wall_time_spent = 30 seconds, 325 milliseconds
│   percent_complete = 96.2%
│   estimated_sypd = 15.008
│   instantaneous_sypd = 11.894
│   date_now = 2026-07-05T16:25:24.421
└   estimated_finish_date = 2026-07-05T16:25:26.421
[ Info: solve! walltime = 31.841
[ Info: sypd: 14.868
[ Info: wall_time_per_timestep: 5 milliseconds, 527 microseconds
[ Info: Memory currently used (after solve!) by the process (RSS): 8.68 GiB
[ Info: Completed member 6
┌ Info: Making AtmosConfig with config files: 
│      /home/jeff/larcform1-experiments/ClimaAtmos.jl/src/config/../../config/default_configs/default_config.yml
└   
┌ Info: numerics 
│          `energy_q_tot_upwinding`::`Val{:vanleer_limiter}`
│                `tracer_upwinding`::`Val{:vanleer_limiter}`
│       `edmfx_mse_q_tot_upwinding`::`Val{:first_order}`
│         `edmfx_sgsflux_upwinding`::`Val{:none}`
│          `edmfx_tracer_upwinding`::`Val{:first_order}`
│         `test_dycore_consistency`::`Nothing`
│            `reproducible_restart`::`Nothing`
│                         `limiter`::`Nothing`
│                       `diff_mode`::`ClimaAtmos.Implicit`
│                       `hyperdiff`::`Nothing`
└   
┌ Info: AtmosModel: 
│   
│                               `water`::`ClimaAtmos.AtmosWater{ClimaAtmos.NonEquilibriumMicrophysics1M, ClimaAtmos.QuadratureCloud, ClimaAtmos.Implicit, Nothing, ClimaAtmos.SGSQuadrature{3, StaticArraysCore.SVector{3, Float32}, StaticArraysCore.SVector{3, Float32}, ClimaAtmos.GaussianSGS, Float32}, ClimaAtmos.FixedTerminalVelocity{Float32}}`
│                           `scm_setup`::`ClimaAtmos.SCMSetup{Nothing, Nothing, Nothing, Bool, @NamedTuple{prof_ug::AtmosphericProfilesLibrary.ZProfile{AtmosphericProfilesLibrary.var"#Larcform1_geostrophic_u##0#Larcform1_geostrophic_u##1"{Float32}}, prof_vg::AtmosphericProfilesLibrary.ZProfile{Returns{Float32}}, coriolis_param::Float32}}`
│                           `radiation`::`ClimaAtmos.AtmosRadiation{ClimaAtmos.RRTMGPInterface.AllSkyRadiationWithClearSkyDiagnostics{ClimaAtmos.InteractiveCloudInRadiation}, ClimaAtmos.Larcform1Insolation}`
│                            `turbconv`::`ClimaAtmos.AtmosTurbconv{ClimaAtmos.EDMFXModel{ClimaAtmos.InvZEntrainment, ClimaAtmos.BuoyancyVelocityDetrainment, Val{true}, Val{true}, Val{true}, Val{true}, Val{true}, ClimaAtmos.SmoothMinimumBlending}, ClimaAtmos.PrognosticEDMFX{1, true, Float32}, Nothing, Nothing, Nothing}`
│                     `prescribed_flow`::`Nothing`
│                        `gravity_wave`::`ClimaAtmos.AtmosGravityWave{Nothing, Nothing}`
│                  `vertical_diffusion`::`Nothing`
│                              `sponge`::`ClimaAtmos.AtmosSponge{Nothing, Nothing}`
│                             `surface`::`ClimaAtmos.AtmosSurface{ClimaAtmos.SurfaceConditions.MoninObukhov{Float32, Nothing, Nothing}, ClimaAtmos.SurfaceConditions.SlabOceanTemperature{Float32}, ClimaAtmos.SurfaceConditions.SurfaceBoundaryOverrides{Float32, Float32, Nothing, Nothing, Nothing, Nothing}, ClimaAtmos.ConstantAlbedo{Float32}}`
│                            `numerics`::`ClimaAtmos.AtmosNumerics{Val{:vanleer_limiter}, Val{:vanleer_limiter}, Val{:first_order}, Val{:none}, Val{:first_order}, Nothing, Nothing, Nothing, ClimaAtmos.Implicit, Nothing}`
│                           `chemistry`::`ClimaAtmos.AtmosChem{Nothing}`
└   
┌ Info: Microphysics settings: 
│                          `n_substeps`::`3`
│                     `n_substeps_quad`::`2`
│              `cloud_liquid_formation`::`CloudLiquidFormation`
│                 `cloud_ice_formation`::`TemperatureDependent`
│                      `cloud_ice_melt`::`CloudIceMelt`
│                 `rain_autoconversion`::`Kessler1M`
│                 `snow_autoconversion`::`NoSupersaturation`
│       `rain_condensation_evaporation`::`RainEvaporation`
│         `snow_deposition_sublimation`::`DepositionAndSublimation`
│                           `snow_melt`::`SnowMelt`
│         `cloud_liquid_rain_accretion`::`CloudLiquidRainAccretion`
│         `cloud_liquid_snow_accretion`::`CloudLiquidSnowAccretion`
│            `cloud_ice_rain_accretion`::`CloudIceRainAccretion`
│            `cloud_ice_snow_accretion`::`CloudIceSnowAccretion`
│                 `rain_snow_accretion`::`RainSnowAccretion`
└   
[ Info: Single-process ClimaAtmos run on CPUSingleThreaded
[ Info: Using ODE config: `ClimaTimeSteppers.ARS222`
[ Info: Initialized state (47.181 μs, 7.76 KiB)
[ Info: Built cache (215.072 ms, 172.6 MiB)
[ Info: Assembled callbacks (123.394 μs, 17.42 KiB)
┌ Info: Jacobian algorithm: ManualSparseJacobian(
│     approximate_solve_iters = 2,
└   )
[ Info: Jacobian derivative flags: topography_flag = IgnoreDerivative, diffusion_flag = UseDerivative
[ Info: Built tendency function (191.685 μs, 201.06 KiB)
[ Info: Initialized integrator (8.562 ms, 169.03 KiB)
[ Info: Added 7 user-provided YAML-style diagnostics
[ Info: Saving accumulated diagnostics to disk with frequency: 1 hour
[ Info: Set up diagnostics (420.381 μs, 103.66 KiB)
[ Info: Initialized 7 total diagnostics
