┌ Info: Simulation info
│   job_id = lf1e_clw_cal_member
└   output_dir = /home/jeff/larcform1-experiments/experiments/clw calibration/output/smoke6/iteration_001/member_004/output_0000
┌ Info: Running
│   job_id = lf1e_clw_cal_member
│   output_dir = /home/jeff/larcform1-experiments/experiments/clw calibration/output/smoke6/iteration_001/member_004/output_0000
└   tspan = (0.0 seconds (2010-01-01T00:00:00) [counter = 0, period = 1 second, epoch = 2010-01-01T00:00:00], 172800.0 seconds (2010-01-03T00:00:00) [counter = 172800, period = 1 second, epoch = 2010-01-01T00:00:00])
┌ Info: Progress
│   simulation_time = 30 seconds
│   n_steps_completed = 1
│   wall_time_per_step = 0 seconds
│   wall_time_total = 0 seconds
│   wall_time_remaining = 0 seconds
│   wall_time_spent = 0 seconds
│   percent_complete = 0.0%
│   estimated_sypd = Inf
│   instantaneous_sypd = 0.0 (sdpd_estimate = 0.0)
│   date_now = 2026-07-05T14:14:00.684
└   estimated_finish_date = 2026-07-05T14:14:00.684
┌ Info: Progress
│   simulation_time = 1 minute
│   n_steps_completed = 2
│   wall_time_per_step = 0 seconds
│   wall_time_total = 0 seconds
│   wall_time_remaining = 0 seconds
│   wall_time_spent = 0 seconds
│   percent_complete = 0.0%
│   estimated_sypd = Inf
│   instantaneous_sypd = 0.032
│   date_now = 2026-07-05T14:14:03.236
└   estimated_finish_date = 2026-07-05T14:14:03.236
┌ Info: Progress
│   simulation_time = 2 minutes
│   n_steps_completed = 4
│   wall_time_per_step = 4 milliseconds, 566 microseconds
│   wall_time_total = 26 seconds, 300 milliseconds
│   wall_time_remaining = 26 seconds, 282 milliseconds
│   wall_time_spent = 18 milliseconds, 264 microseconds
│   percent_complete = 0.1%
│   estimated_sypd = 17.988
│   instantaneous_sypd = 17.988
│   date_now = 2026-07-05T14:14:03.245
└   estimated_finish_date = 2026-07-05T14:14:30.245
┌ Info: Progress
│   simulation_time = 4 minutes
│   n_steps_completed = 8
│   wall_time_per_step = 4 milliseconds, 288 microseconds
│   wall_time_total = 24 seconds, 699 milliseconds
│   wall_time_remaining = 24 seconds, 665 milliseconds
│   wall_time_spent = 34 milliseconds, 305 microseconds
│   percent_complete = 0.1%
│   estimated_sypd = 19.154
│   instantaneous_sypd = 20.481
│   date_now = 2026-07-05T14:14:03.261
└   estimated_finish_date = 2026-07-05T14:14:28.261
┌ Info: Progress
│   simulation_time = 8 minutes
│   n_steps_completed = 16
│   wall_time_per_step = 4 milliseconds, 34 microseconds
│   wall_time_total = 23 seconds, 240 milliseconds
│   wall_time_remaining = 23 seconds, 176 milliseconds
│   wall_time_spent = 64 milliseconds, 557 microseconds
│   percent_complete = 0.3%
│   estimated_sypd = 20.357
│   instantaneous_sypd = 21.72
│   date_now = 2026-07-05T14:14:03.291
└   estimated_finish_date = 2026-07-05T14:14:27.291
┌ Info: Progress
│   simulation_time = 16 minutes
│   n_steps_completed = 32
│   wall_time_per_step = 3 milliseconds, 873 microseconds
│   wall_time_total = 22 seconds, 308 milliseconds
│   wall_time_remaining = 22 seconds, 184 milliseconds
│   wall_time_spent = 123 milliseconds, 937 microseconds
│   percent_complete = 0.6%
│   estimated_sypd = 21.207
│   instantaneous_sypd = 22.131
│   date_now = 2026-07-05T14:14:03.351
└   estimated_finish_date = 2026-07-05T14:14:26.350
┌ Info: Progress
│   simulation_time = 32 minutes
│   n_steps_completed = 64
│   wall_time_per_step = 3 milliseconds, 930 microseconds
│   wall_time_total = 22 seconds, 639 milliseconds
│   wall_time_remaining = 22 seconds, 387 milliseconds
│   wall_time_spent = 251 milliseconds, 548 microseconds
│   percent_complete = 1.1%
│   estimated_sypd = 20.897
│   instantaneous_sypd = 20.596
│   date_now = 2026-07-05T14:14:03.478
└   estimated_finish_date = 2026-07-05T14:14:26.478
┌ Info: Progress
│   simulation_time = 1 hour, 4 minutes
│   n_steps_completed = 128
│   wall_time_per_step = 4 milliseconds, 41 microseconds
│   wall_time_total = 23 seconds, 277 milliseconds
│   wall_time_remaining = 22 seconds, 760 milliseconds
│   wall_time_spent = 517 milliseconds, 287 microseconds
│   percent_complete = 2.2%
│   estimated_sypd = 20.324
│   instantaneous_sypd = 19.781
│   date_now = 2026-07-05T14:14:03.744
└   estimated_finish_date = 2026-07-05T14:14:26.744
┌ Info: Progress
│   simulation_time = 2 hours, 8 minutes
│   n_steps_completed = 256
│   wall_time_per_step = 4 milliseconds, 29 microseconds
│   wall_time_total = 23 seconds, 209 milliseconds
│   wall_time_remaining = 22 seconds, 177 milliseconds
│   wall_time_spent = 1 second, 31 milliseconds
│   percent_complete = 4.4%
│   estimated_sypd = 20.384
│   instantaneous_sypd = 20.445
│   date_now = 2026-07-05T14:14:04.258
└   estimated_finish_date = 2026-07-05T14:14:27.258
┌ Info: Progress
│   simulation_time = 4 hours, 16 minutes
│   n_steps_completed = 512
│   wall_time_per_step = 4 milliseconds, 68 microseconds
│   wall_time_total = 23 seconds, 436 milliseconds
│   wall_time_remaining = 21 seconds, 353 milliseconds
│   wall_time_spent = 2 seconds, 83 milliseconds
│   percent_complete = 8.9%
│   estimated_sypd = 20.187
│   instantaneous_sypd = 19.993
│   date_now = 2026-07-05T14:14:05.310
└   estimated_finish_date = 2026-07-05T14:14:27.310
┌ Info: Progress
│   simulation_time = 6 hours, 40 minutes
│   n_steps_completed = 801
│   wall_time_per_step = 4 milliseconds, 141 microseconds
│   wall_time_total = 23 seconds, 856 milliseconds
│   wall_time_remaining = 20 seconds, 538 milliseconds
│   wall_time_spent = 3 seconds, 317 milliseconds
│   percent_complete = 13.9%
│   estimated_sypd = 19.831
│   instantaneous_sypd = 19.232
│   date_now = 2026-07-05T14:14:06.544
└   estimated_finish_date = 2026-07-05T14:14:27.544
┌ Info: Progress
│   simulation_time = 8 hours, 32 minutes
│   n_steps_completed = 1024
│   wall_time_per_step = 4 milliseconds, 202 microseconds
│   wall_time_total = 24 seconds, 207 milliseconds
│   wall_time_remaining = 19 seconds, 903 milliseconds
│   wall_time_spent = 4 seconds, 303 milliseconds
│   percent_complete = 17.8%
│   estimated_sypd = 19.544
│   instantaneous_sypd = 18.575
│   date_now = 2026-07-05T14:14:07.530
└   estimated_finish_date = 2026-07-05T14:14:27.530
┌ Info: Progress
│   simulation_time = 10 hours, 56 minutes
│   n_steps_completed = 1313
│   wall_time_per_step = 4 milliseconds, 287 microseconds
│   wall_time_total = 24 seconds, 697 milliseconds
│   wall_time_remaining = 19 seconds, 67 milliseconds
│   wall_time_spent = 5 seconds, 629 milliseconds
│   percent_complete = 22.8%
│   estimated_sypd = 19.156
│   instantaneous_sypd = 17.897
│   date_now = 2026-07-05T14:14:08.857
└   estimated_finish_date = 2026-07-05T14:14:28.857
┌ Info: Progress
│   simulation_time = 13 hours, 21 minutes
│   n_steps_completed = 1602
│   wall_time_per_step = 4 milliseconds, 418 microseconds
│   wall_time_total = 25 seconds, 449 milliseconds
│   wall_time_remaining = 18 seconds, 371 milliseconds
│   wall_time_spent = 7 seconds, 78 milliseconds
│   percent_complete = 27.8%
│   estimated_sypd = 18.59
│   instantaneous_sypd = 16.391
│   date_now = 2026-07-05T14:14:10.305
└   estimated_finish_date = 2026-07-05T14:14:29.305
┌ Info: Progress
│   simulation_time = 15 hours, 45 minutes
│   n_steps_completed = 1891
│   wall_time_per_step = 4 milliseconds, 522 microseconds
│   wall_time_total = 26 seconds, 49 milliseconds
│   wall_time_remaining = 17 seconds, 497 milliseconds
│   wall_time_spent = 8 seconds, 551 milliseconds
│   percent_complete = 32.8%
│   estimated_sypd = 18.162
│   instantaneous_sypd = 16.106
│   date_now = 2026-07-05T14:14:11.779
└   estimated_finish_date = 2026-07-05T14:14:29.779
┌ Info: Progress
│   simulation_time = 17 hours, 4 minutes
│   n_steps_completed = 2048
│   wall_time_per_step = 4 milliseconds, 574 microseconds
│   wall_time_total = 26 seconds, 346 milliseconds
│   wall_time_remaining = 16 seconds, 978 milliseconds
│   wall_time_spent = 9 seconds, 367 milliseconds
│   percent_complete = 35.6%
│   estimated_sypd = 17.957
│   instantaneous_sypd = 15.807
│   date_now = 2026-07-05T14:14:12.594
└   estimated_finish_date = 2026-07-05T14:14:29.594
┌ Info: Progress
│   simulation_time = 19 hours, 28 minutes
│   n_steps_completed = 2337
│   wall_time_per_step = 4 milliseconds, 679 microseconds
│   wall_time_total = 26 seconds, 955 milliseconds
│   wall_time_remaining = 16 seconds, 19 milliseconds
│   wall_time_spent = 10 seconds, 936 milliseconds
│   percent_complete = 40.6%
│   estimated_sypd = 17.551
│   instantaneous_sypd = 15.127
│   date_now = 2026-07-05T14:14:14.164
└   estimated_finish_date = 2026-07-05T14:14:31.163
┌ Info: Progress
│   simulation_time = 21 hours, 53 minutes
│   n_steps_completed = 2626
│   wall_time_per_step = 4 milliseconds, 772 microseconds
│   wall_time_total = 27 seconds, 488 milliseconds
│   wall_time_remaining = 14 seconds, 956 milliseconds
│   wall_time_spent = 12 seconds, 532 milliseconds
│   percent_complete = 45.6%
│   estimated_sypd = 17.211
│   instantaneous_sypd = 14.88
│   date_now = 2026-07-05T14:14:15.759
└   estimated_finish_date = 2026-07-05T14:14:30.759
┌ Info: Progress
│   simulation_time = 1 day, 17 minutes
│   n_steps_completed = 2915
│   wall_time_per_step = 4 milliseconds, 988 microseconds
│   wall_time_total = 28 seconds, 735 milliseconds
│   wall_time_remaining = 14 seconds, 193 milliseconds
│   wall_time_spent = 14 seconds, 542 milliseconds
│   percent_complete = 50.6%
│   estimated_sypd = 16.464
│   instantaneous_sypd = 11.808
│   date_now = 2026-07-05T14:14:17.769
└   estimated_finish_date = 2026-07-05T14:14:32.769
┌ Info: Progress
│   simulation_time = 1 day, 2 hours
│   n_steps_completed = 3204
│   wall_time_per_step = 5 milliseconds, 53 microseconds
│   wall_time_total = 29 seconds, 110 milliseconds
│   wall_time_remaining = 12 seconds, 917 milliseconds
│   wall_time_spent = 16 seconds, 192 milliseconds
│   percent_complete = 55.6%
│   estimated_sypd = 16.252
│   instantaneous_sypd = 14.382
│   date_now = 2026-07-05T14:14:19.420
└   estimated_finish_date = 2026-07-05T14:14:32.420
┌ Info: Progress
│   simulation_time = 1 day, 5 hours
│   n_steps_completed = 3493
│   wall_time_per_step = 5 milliseconds, 151 microseconds
│   wall_time_total = 29 seconds, 673 milliseconds
│   wall_time_remaining = 11 seconds, 678 milliseconds
│   wall_time_spent = 17 seconds, 994 milliseconds
│   percent_complete = 60.6%
│   estimated_sypd = 15.943
│   instantaneous_sypd = 13.172
│   date_now = 2026-07-05T14:14:21.222
└   estimated_finish_date = 2026-07-05T14:14:33.222
┌ Info: Progress
│   simulation_time = 1 day, 7 hours
│   n_steps_completed = 3782
│   wall_time_per_step = 5 milliseconds, 249 microseconds
│   wall_time_total = 30 seconds, 236 milliseconds
│   wall_time_remaining = 10 seconds, 383 milliseconds
│   wall_time_spent = 19 seconds, 853 milliseconds
│   percent_complete = 65.7%
│   estimated_sypd = 15.647
│   instantaneous_sypd = 12.773
│   date_now = 2026-07-05T14:14:23.080
└   estimated_finish_date = 2026-07-05T14:14:34.080
┌ Info: Progress
│   simulation_time = 1 day, 9 hours
│   n_steps_completed = 4071
│   wall_time_per_step = 5 milliseconds, 316 microseconds
│   wall_time_total = 30 seconds, 623 milliseconds
│   wall_time_remaining = 8 seconds, 979 milliseconds
│   wall_time_spent = 21 seconds, 644 milliseconds
│   percent_complete = 70.7%
│   estimated_sypd = 15.449
│   instantaneous_sypd = 13.255
│   date_now = 2026-07-05T14:14:24.871
└   estimated_finish_date = 2026-07-05T14:14:33.871
┌ Info: Progress
│   simulation_time = 1 day, 10 hours
│   n_steps_completed = 4096
│   wall_time_per_step = 5 milliseconds, 331 microseconds
│   wall_time_total = 30 seconds, 710 milliseconds
│   wall_time_remaining = 8 seconds, 871 milliseconds
│   wall_time_spent = 21 seconds, 838 milliseconds
│   percent_complete = 71.1%
│   estimated_sypd = 15.405
│   instantaneous_sypd = 10.57
│   date_now = 2026-07-05T14:14:25.065
└   estimated_finish_date = 2026-07-05T14:14:34.065
┌ Info: Progress
│   simulation_time = 1 day, 12 hours
│   n_steps_completed = 4385
│   wall_time_per_step = 5 milliseconds, 473 microseconds
│   wall_time_total = 31 seconds, 529 milliseconds
│   wall_time_remaining = 7 seconds, 526 milliseconds
│   wall_time_spent = 24 seconds, 2 milliseconds
│   percent_complete = 76.1%
│   estimated_sypd = 15.005
│   instantaneous_sypd = 10.967
│   date_now = 2026-07-05T14:14:27.230
└   estimated_finish_date = 2026-07-05T14:14:35.230
┌ Info: Progress
│   simulation_time = 1 day, 14 hours
│   n_steps_completed = 4674
│   wall_time_per_step = 5 milliseconds, 557 microseconds
│   wall_time_total = 32 seconds, 13 milliseconds
│   wall_time_remaining = 6 seconds, 35 milliseconds
│   wall_time_spent = 25 seconds, 977 milliseconds
│   percent_complete = 81.1%
│   estimated_sypd = 14.778
│   instantaneous_sypd = 12.019
│   date_now = 2026-07-05T14:14:29.205
└   estimated_finish_date = 2026-07-05T14:14:36.204
┌ Info: Progress
│   simulation_time = 1 day, 17 hours
│   n_steps_completed = 4963
│   wall_time_per_step = 5 milliseconds, 663 microseconds
│   wall_time_total = 32 seconds, 622 milliseconds
│   wall_time_remaining = 4 seconds, 513 milliseconds
│   wall_time_spent = 28 seconds, 108 milliseconds
│   percent_complete = 86.2%
│   estimated_sypd = 14.502
│   instantaneous_sypd = 11.141
│   date_now = 2026-07-05T14:14:31.335
└   estimated_finish_date = 2026-07-05T14:14:36.335
┌ Info: Progress
│   simulation_time = 1 day, 19 hours
│   n_steps_completed = 5252
│   wall_time_per_step = 5 milliseconds, 772 microseconds
│   wall_time_total = 33 seconds, 249 milliseconds
│   wall_time_remaining = 2 seconds, 932 milliseconds
│   wall_time_spent = 30 seconds, 317 milliseconds
│   percent_complete = 91.2%
│   estimated_sypd = 14.229
│   instantaneous_sypd = 10.747
│   date_now = 2026-07-05T14:14:33.544
└   estimated_finish_date = 2026-07-05T14:14:36.544
┌ Info: Progress
│   simulation_time = 1 day, 22 hours
│   n_steps_completed = 5541
│   wall_time_per_step = 5 milliseconds, 879 microseconds
│   wall_time_total = 33 seconds, 867 milliseconds
│   wall_time_remaining = 1 second, 287 milliseconds
│   wall_time_spent = 32 seconds, 579 milliseconds
│   percent_complete = 96.2%
│   estimated_sypd = 13.969
│   instantaneous_sypd = 10.491
│   date_now = 2026-07-05T14:14:35.807
└   estimated_finish_date = 2026-07-05T14:14:37.806
[ Info: solve! walltime = 34.332
[ Info: sypd: 13.789
[ Info: wall_time_per_timestep: 5 milliseconds, 960 microseconds
[ Info: Memory currently used (after solve!) by the process (RSS): 8.98 GiB
[ Info: Completed member 4
┌ Info: Making AtmosConfig with config files: 
│      /home/jeff/larcform1-experiments/ClimaAtmos.jl/src/config/../../config/default_configs/default_config.yml
└   
┌ Info: numerics 
│          `energy_q_tot_upwinding`::`Val{:vanleer_limiter}`
│                `tracer_upwinding`::`Val{:vanleer_limiter}`
│       `edmfx_mse_q_tot_upwinding`::`Val{:first_order}`
│         `edmfx_sgsflux_upwinding`::`Val{:none}`
│          `edmfx_tracer_upwinding`::`Val{:first_order}`
│         `test_dycore_consistency`::`Nothing`
│            `reproducible_restart`::`Nothing`
│                         `limiter`::`Nothing`
│                       `diff_mode`::`ClimaAtmos.Implicit`
│                       `hyperdiff`::`Nothing`
└   
┌ Info: AtmosModel: 
│   
│                               `water`::`ClimaAtmos.AtmosWater{ClimaAtmos.NonEquilibriumMicrophysics1M, ClimaAtmos.QuadratureCloud, ClimaAtmos.Implicit, Nothing, ClimaAtmos.SGSQuadrature{3, StaticArraysCore.SVector{3, Float32}, StaticArraysCore.SVector{3, Float32}, ClimaAtmos.GaussianSGS, Float32}, ClimaAtmos.FixedTerminalVelocity{Float32}}`
│                           `scm_setup`::`ClimaAtmos.SCMSetup{Nothing, Nothing, Nothing, Bool, @NamedTuple{prof_ug::AtmosphericProfilesLibrary.ZProfile{AtmosphericProfilesLibrary.var"#Larcform1_geostrophic_u##0#Larcform1_geostrophic_u##1"{Float32}}, prof_vg::AtmosphericProfilesLibrary.ZProfile{Returns{Float32}}, coriolis_param::Float32}}`
│                           `radiation`::`ClimaAtmos.AtmosRadiation{ClimaAtmos.RRTMGPInterface.AllSkyRadiationWithClearSkyDiagnostics{ClimaAtmos.InteractiveCloudInRadiation}, ClimaAtmos.Larcform1Insolation}`
│                            `turbconv`::`ClimaAtmos.AtmosTurbconv{ClimaAtmos.EDMFXModel{ClimaAtmos.InvZEntrainment, ClimaAtmos.BuoyancyVelocityDetrainment, Val{true}, Val{true}, Val{true}, Val{true}, Val{true}, ClimaAtmos.SmoothMinimumBlending}, ClimaAtmos.PrognosticEDMFX{1, true, Float32}, Nothing, Nothing, Nothing}`
│                     `prescribed_flow`::`Nothing`
│                        `gravity_wave`::`ClimaAtmos.AtmosGravityWave{Nothing, Nothing}`
│                  `vertical_diffusion`::`Nothing`
│                              `sponge`::`ClimaAtmos.AtmosSponge{Nothing, Nothing}`
│                             `surface`::`ClimaAtmos.AtmosSurface{ClimaAtmos.SurfaceConditions.MoninObukhov{Float32, Nothing, Nothing}, ClimaAtmos.SurfaceConditions.SlabOceanTemperature{Float32}, ClimaAtmos.SurfaceConditions.SurfaceBoundaryOverrides{Float32, Float32, Nothing, Nothing, Nothing, Nothing}, ClimaAtmos.ConstantAlbedo{Float32}}`
│                            `numerics`::`ClimaAtmos.AtmosNumerics{Val{:vanleer_limiter}, Val{:vanleer_limiter}, Val{:first_order}, Val{:none}, Val{:first_order}, Nothing, Nothing, Nothing, ClimaAtmos.Implicit, Nothing}`
│                           `chemistry`::`ClimaAtmos.AtmosChem{Nothing}`
└   
┌ Info: Microphysics settings: 
│                          `n_substeps`::`3`
│                     `n_substeps_quad`::`2`
│              `cloud_liquid_formation`::`CloudLiquidFormation`
│                 `cloud_ice_formation`::`TemperatureDependent`
│                      `cloud_ice_melt`::`CloudIceMelt`
│                 `rain_autoconversion`::`Kessler1M`
│                 `snow_autoconversion`::`NoSupersaturation`
│       `rain_condensation_evaporation`::`RainEvaporation`
│         `snow_deposition_sublimation`::`DepositionAndSublimation`
│                           `snow_melt`::`SnowMelt`
│         `cloud_liquid_rain_accretion`::`CloudLiquidRainAccretion`
│         `cloud_liquid_snow_accretion`::`CloudLiquidSnowAccretion`
│            `cloud_ice_rain_accretion`::`CloudIceRainAccretion`
│            `cloud_ice_snow_accretion`::`CloudIceSnowAccretion`
│                 `rain_snow_accretion`::`RainSnowAccretion`
└   
[ Info: Single-process ClimaAtmos run on CPUSingleThreaded
[ Info: Using ODE config: `ClimaTimeSteppers.ARS222`
[ Info: Initialized state (17.57 μs, 7.76 KiB)
[ Info: Built cache (271.948 ms, 172.6 MiB)
[ Info: Assembled callbacks (164.194 μs, 17.42 KiB)
┌ Info: Jacobian algorithm: ManualSparseJacobian(
│     approximate_solve_iters = 2,
└   )
[ Info: Jacobian derivative flags: topography_flag = IgnoreDerivative, diffusion_flag = UseDerivative
[ Info: Built tendency function (265.697 μs, 201.06 KiB)
[ Info: Initialized integrator (9.294 ms, 169.03 KiB)
[ Info: Added 7 user-provided YAML-style diagnostics
[ Info: Saving accumulated diagnostics to disk with frequency: 1 hour
[ Info: Set up diagnostics (502.203 μs, 103.66 KiB)
[ Info: Initialized 7 total diagnostics
