┌ Info: Simulation info
│   job_id = lf1e_clw_cal_member
└   output_dir = /home/jeff/larcform1-experiments/experiments/clw calibration/output/uki_1/iteration_003/member_002/output_0000
┌ Info: Running
│   job_id = lf1e_clw_cal_member
│   output_dir = /home/jeff/larcform1-experiments/experiments/clw calibration/output/uki_1/iteration_003/member_002/output_0000
└   tspan = (0.0 seconds (2010-01-01T00:00:00) [counter = 0, period = 1 second, epoch = 2010-01-01T00:00:00], 172800.0 seconds (2010-01-03T00:00:00) [counter = 172800, period = 1 second, epoch = 2010-01-01T00:00:00])
┌ Info: Progress
│   simulation_time = 30 seconds
│   n_steps_completed = 1
│   wall_time_per_step = 0 seconds
│   wall_time_total = 0 seconds
│   wall_time_remaining = 0 seconds
│   wall_time_spent = 0 seconds
│   percent_complete = 0.0%
│   estimated_sypd = Inf
│   instantaneous_sypd = 0.0 (sdpd_estimate = 0.0)
│   date_now = 2026-07-05T16:29:58.816
└   estimated_finish_date = 2026-07-05T16:29:58.816
┌ Info: Progress
│   simulation_time = 1 minute
│   n_steps_completed = 2
│   wall_time_per_step = 0 seconds
│   wall_time_total = 0 seconds
│   wall_time_remaining = 0 seconds
│   wall_time_spent = 0 seconds
│   percent_complete = 0.0%
│   estimated_sypd = Inf
│   instantaneous_sypd = 0.031
│   date_now = 2026-07-05T16:30:01.431
└   estimated_finish_date = 2026-07-05T16:30:01.431
┌ Info: Progress
│   simulation_time = 2 minutes
│   n_steps_completed = 4
│   wall_time_per_step = 4 milliseconds, 642 microseconds
│   wall_time_total = 26 seconds, 737 milliseconds
│   wall_time_remaining = 26 seconds, 719 milliseconds
│   wall_time_spent = 18 milliseconds, 568 microseconds
│   percent_complete = 0.1%
│   estimated_sypd = 17.694
│   instantaneous_sypd = 17.694
│   date_now = 2026-07-05T16:30:01.441
└   estimated_finish_date = 2026-07-05T16:30:28.441
┌ Info: Progress
│   simulation_time = 4 minutes
│   n_steps_completed = 8
│   wall_time_per_step = 4 milliseconds, 384 microseconds
│   wall_time_total = 25 seconds, 254 milliseconds
│   wall_time_remaining = 25 seconds, 219 milliseconds
│   wall_time_spent = 35 milliseconds, 75 microseconds
│   percent_complete = 0.1%
│   estimated_sypd = 18.734
│   instantaneous_sypd = 19.903
│   date_now = 2026-07-05T16:30:01.457
└   estimated_finish_date = 2026-07-05T16:30:27.457
┌ Info: Progress
│   simulation_time = 8 minutes
│   n_steps_completed = 16
│   wall_time_per_step = 4 milliseconds, 141 microseconds
│   wall_time_total = 23 seconds, 856 milliseconds
│   wall_time_remaining = 23 seconds, 789 milliseconds
│   wall_time_spent = 66 milliseconds, 267 microseconds
│   percent_complete = 0.3%
│   estimated_sypd = 19.831
│   instantaneous_sypd = 21.066
│   date_now = 2026-07-05T16:30:01.488
└   estimated_finish_date = 2026-07-05T16:30:25.488
┌ Info: Progress
│   simulation_time = 16 minutes
│   n_steps_completed = 32
│   wall_time_per_step = 3 milliseconds, 977 microseconds
│   wall_time_total = 22 seconds, 909 milliseconds
│   wall_time_remaining = 22 seconds, 782 milliseconds
│   wall_time_spent = 127 milliseconds, 277 microseconds
│   percent_complete = 0.6%
│   estimated_sypd = 20.651
│   instantaneous_sypd = 21.54
│   date_now = 2026-07-05T16:30:01.549
└   estimated_finish_date = 2026-07-05T16:30:24.549
┌ Info: Progress
│   simulation_time = 32 minutes
│   n_steps_completed = 64
│   wall_time_per_step = 4 milliseconds, 9 microseconds
│   wall_time_total = 23 seconds, 95 milliseconds
│   wall_time_remaining = 22 seconds, 839 milliseconds
│   wall_time_spent = 256 milliseconds, 622 microseconds
│   percent_complete = 1.1%
│   estimated_sypd = 20.484
│   instantaneous_sypd = 20.32
│   date_now = 2026-07-05T16:30:01.679
└   estimated_finish_date = 2026-07-05T16:30:24.679
┌ Info: Progress
│   simulation_time = 1 hour, 4 minutes
│   n_steps_completed = 128
│   wall_time_per_step = 4 milliseconds, 131 microseconds
│   wall_time_total = 23 seconds, 800 milliseconds
│   wall_time_remaining = 23 seconds, 271 milliseconds
│   wall_time_spent = 528 milliseconds, 894 microseconds
│   percent_complete = 2.2%
│   estimated_sypd = 19.878
│   instantaneous_sypd = 19.307
│   date_now = 2026-07-05T16:30:01.951
└   estimated_finish_date = 2026-07-05T16:30:25.951
┌ Info: Progress
│   simulation_time = 2 hours, 8 minutes
│   n_steps_completed = 256
│   wall_time_per_step = 4 milliseconds, 95 microseconds
│   wall_time_total = 23 seconds, 588 milliseconds
│   wall_time_remaining = 22 seconds, 540 milliseconds
│   wall_time_spent = 1 second, 48 milliseconds
│   percent_complete = 4.4%
│   estimated_sypd = 20.056
│   instantaneous_sypd = 20.237
│   date_now = 2026-07-05T16:30:02.470
└   estimated_finish_date = 2026-07-05T16:30:25.470
┌ Info: Progress
│   simulation_time = 4 hours, 16 minutes
│   n_steps_completed = 512
│   wall_time_per_step = 4 milliseconds, 119 microseconds
│   wall_time_total = 23 seconds, 727 milliseconds
│   wall_time_remaining = 21 seconds, 617 milliseconds
│   wall_time_spent = 2 seconds, 109 milliseconds
│   percent_complete = 8.9%
│   estimated_sypd = 19.939
│   instantaneous_sypd = 19.824
│   date_now = 2026-07-05T16:30:03.531
└   estimated_finish_date = 2026-07-05T16:30:25.531
┌ Info: Progress
│   simulation_time = 6 hours, 40 minutes
│   n_steps_completed = 801
│   wall_time_per_step = 4 milliseconds, 179 microseconds
│   wall_time_total = 24 seconds, 71 milliseconds
│   wall_time_remaining = 20 seconds, 724 milliseconds
│   wall_time_spent = 3 seconds, 347 milliseconds
│   percent_complete = 13.9%
│   estimated_sypd = 19.654
│   instantaneous_sypd = 19.167
│   date_now = 2026-07-05T16:30:04.770
└   estimated_finish_date = 2026-07-05T16:30:25.770
┌ Info: Progress
│   simulation_time = 8 hours, 32 minutes
│   n_steps_completed = 1024
│   wall_time_per_step = 4 milliseconds, 230 microseconds
│   wall_time_total = 24 seconds, 369 milliseconds
│   wall_time_remaining = 20 seconds, 36 milliseconds
│   wall_time_spent = 4 seconds, 332 milliseconds
│   percent_complete = 17.8%
│   estimated_sypd = 19.414
│   instantaneous_sypd = 18.598
│   date_now = 2026-07-05T16:30:05.754
└   estimated_finish_date = 2026-07-05T16:30:26.754
┌ Info: Progress
│   simulation_time = 10 hours, 56 minutes
│   n_steps_completed = 1313
│   wall_time_per_step = 4 milliseconds, 289 microseconds
│   wall_time_total = 24 seconds, 706 milliseconds
│   wall_time_remaining = 19 seconds, 74 milliseconds
│   wall_time_spent = 5 seconds, 631 milliseconds
│   percent_complete = 22.8%
│   estimated_sypd = 19.148
│   instantaneous_sypd = 18.264
│   date_now = 2026-07-05T16:30:07.054
└   estimated_finish_date = 2026-07-05T16:30:27.054
┌ Info: Progress
│   simulation_time = 13 hours, 21 minutes
│   n_steps_completed = 1602
│   wall_time_per_step = 4 milliseconds, 376 microseconds
│   wall_time_total = 25 seconds, 209 milliseconds
│   wall_time_remaining = 18 seconds, 198 milliseconds
│   wall_time_spent = 7 seconds, 11 milliseconds
│   percent_complete = 27.8%
│   estimated_sypd = 18.767
│   instantaneous_sypd = 17.208
│   date_now = 2026-07-05T16:30:08.434
└   estimated_finish_date = 2026-07-05T16:30:27.433
┌ Info: Progress
│   simulation_time = 15 hours, 45 minutes
│   n_steps_completed = 1891
│   wall_time_per_step = 4 milliseconds, 479 microseconds
│   wall_time_total = 25 seconds, 799 milliseconds
│   wall_time_remaining = 17 seconds, 329 milliseconds
│   wall_time_spent = 8 seconds, 469 milliseconds
│   percent_complete = 32.8%
│   estimated_sypd = 18.338
│   instantaneous_sypd = 16.276
│   date_now = 2026-07-05T16:30:09.892
└   estimated_finish_date = 2026-07-05T16:30:27.892
┌ Info: Progress
│   simulation_time = 17 hours, 4 minutes
│   n_steps_completed = 2048
│   wall_time_per_step = 4 milliseconds, 527 microseconds
│   wall_time_total = 26 seconds, 80 milliseconds
│   wall_time_remaining = 16 seconds, 807 milliseconds
│   wall_time_spent = 9 seconds, 272 milliseconds
│   percent_complete = 35.6%
│   estimated_sypd = 18.14
│   instantaneous_sypd = 16.056
│   date_now = 2026-07-05T16:30:10.695
└   estimated_finish_date = 2026-07-05T16:30:27.695
┌ Info: Progress
│   simulation_time = 19 hours, 28 minutes
│   n_steps_completed = 2337
│   wall_time_per_step = 4 milliseconds, 603 microseconds
│   wall_time_total = 26 seconds, 515 milliseconds
│   wall_time_remaining = 15 seconds, 757 milliseconds
│   wall_time_spent = 10 seconds, 758 milliseconds
│   percent_complete = 40.6%
│   estimated_sypd = 17.842
│   instantaneous_sypd = 15.983
│   date_now = 2026-07-05T16:30:12.180
└   estimated_finish_date = 2026-07-05T16:30:28.180
┌ Info: Progress
│   simulation_time = 21 hours, 53 minutes
│   n_steps_completed = 2626
│   wall_time_per_step = 4 milliseconds, 673 microseconds
│   wall_time_total = 26 seconds, 916 milliseconds
│   wall_time_remaining = 14 seconds, 645 milliseconds
│   wall_time_spent = 12 seconds, 271 milliseconds
│   percent_complete = 45.6%
│   estimated_sypd = 17.576
│   instantaneous_sypd = 15.685
│   date_now = 2026-07-05T16:30:13.694
└   estimated_finish_date = 2026-07-05T16:30:28.693
┌ Info: Progress
│   simulation_time = 1 day, 17 minutes
│   n_steps_completed = 2915
│   wall_time_per_step = 4 milliseconds, 793 microseconds
│   wall_time_total = 27 seconds, 608 milliseconds
│   wall_time_remaining = 13 seconds, 636 milliseconds
│   wall_time_spent = 13 seconds, 972 milliseconds
│   percent_complete = 50.6%
│   estimated_sypd = 17.136
│   instantaneous_sypd = 13.956
│   date_now = 2026-07-05T16:30:15.394
└   estimated_finish_date = 2026-07-05T16:30:29.394
┌ Info: Progress
│   simulation_time = 1 day, 2 hours
│   n_steps_completed = 3204
│   wall_time_per_step = 4 milliseconds, 855 microseconds
│   wall_time_total = 27 seconds, 968 milliseconds
│   wall_time_remaining = 12 seconds, 411 milliseconds
│   wall_time_spent = 15 seconds, 557 milliseconds
│   percent_complete = 55.6%
│   estimated_sypd = 16.915
│   instantaneous_sypd = 14.973
│   date_now = 2026-07-05T16:30:16.980
└   estimated_finish_date = 2026-07-05T16:30:29.980
┌ Info: Progress
│   simulation_time = 1 day, 5 hours
│   n_steps_completed = 3493
│   wall_time_per_step = 4 milliseconds, 921 microseconds
│   wall_time_total = 28 seconds, 350 milliseconds
│   wall_time_remaining = 11 seconds, 158 milliseconds
│   wall_time_spent = 17 seconds, 192 milliseconds
│   percent_complete = 60.6%
│   estimated_sypd = 16.688
│   instantaneous_sypd = 14.519
│   date_now = 2026-07-05T16:30:18.615
└   estimated_finish_date = 2026-07-05T16:30:30.614
┌ Info: Progress
│   simulation_time = 1 day, 7 hours
│   n_steps_completed = 3782
│   wall_time_per_step = 4 milliseconds, 984 microseconds
│   wall_time_total = 28 seconds, 709 milliseconds
│   wall_time_remaining = 9 seconds, 858 milliseconds
│   wall_time_spent = 18 seconds, 850 milliseconds
│   percent_complete = 65.7%
│   estimated_sypd = 16.479
│   instantaneous_sypd = 14.315
│   date_now = 2026-07-05T16:30:20.273
└   estimated_finish_date = 2026-07-05T16:30:30.273
┌ Info: Progress
│   simulation_time = 1 day, 9 hours
│   n_steps_completed = 4071
│   wall_time_per_step = 5 milliseconds, 63 microseconds
│   wall_time_total = 29 seconds, 164 milliseconds
│   wall_time_remaining = 8 seconds, 552 milliseconds
│   wall_time_spent = 20 seconds, 612 milliseconds
│   percent_complete = 70.7%
│   estimated_sypd = 16.222
│   instantaneous_sypd = 13.469
│   date_now = 2026-07-05T16:30:22.035
└   estimated_finish_date = 2026-07-05T16:30:31.035
┌ Info: Progress
│   simulation_time = 1 day, 10 hours
│   n_steps_completed = 4096
│   wall_time_per_step = 5 milliseconds, 70 microseconds
│   wall_time_total = 29 seconds, 207 milliseconds
│   wall_time_remaining = 8 seconds, 437 milliseconds
│   wall_time_spent = 20 seconds, 769 milliseconds
│   percent_complete = 71.1%
│   estimated_sypd = 16.198
│   instantaneous_sypd = 13.074
│   date_now = 2026-07-05T16:30:22.192
└   estimated_finish_date = 2026-07-05T16:30:31.192
┌ Info: Progress
│   simulation_time = 1 day, 12 hours
│   n_steps_completed = 4385
│   wall_time_per_step = 5 milliseconds, 133 microseconds
│   wall_time_total = 29 seconds, 568 milliseconds
│   wall_time_remaining = 7 seconds, 58 milliseconds
│   wall_time_spent = 22 seconds, 509 milliseconds
│   percent_complete = 76.1%
│   estimated_sypd = 16.0
│   instantaneous_sypd = 13.643
│   date_now = 2026-07-05T16:30:23.932
└   estimated_finish_date = 2026-07-05T16:30:31.932
┌ Info: Progress
│   simulation_time = 1 day, 14 hours
│   n_steps_completed = 4674
│   wall_time_per_step = 5 milliseconds, 194 microseconds
│   wall_time_total = 29 seconds, 921 milliseconds
│   wall_time_remaining = 5 seconds, 641 milliseconds
│   wall_time_spent = 24 seconds, 279 milliseconds
│   percent_complete = 81.1%
│   estimated_sypd = 15.812
│   instantaneous_sypd = 13.412
│   date_now = 2026-07-05T16:30:25.702
└   estimated_finish_date = 2026-07-05T16:30:31.702
┌ Info: Progress
│   simulation_time = 1 day, 17 hours
│   n_steps_completed = 4963
│   wall_time_per_step = 5 milliseconds, 269 microseconds
│   wall_time_total = 30 seconds, 351 milliseconds
│   wall_time_remaining = 4 seconds, 199 milliseconds
│   wall_time_spent = 26 seconds, 151 milliseconds
│   percent_complete = 86.2%
│   estimated_sypd = 15.588
│   instantaneous_sypd = 12.681
│   date_now = 2026-07-05T16:30:27.574
└   estimated_finish_date = 2026-07-05T16:30:32.574
┌ Info: Progress
│   simulation_time = 1 day, 19 hours
│   n_steps_completed = 5252
│   wall_time_per_step = 5 milliseconds, 333 microseconds
│   wall_time_total = 30 seconds, 720 milliseconds
│   wall_time_remaining = 2 seconds, 709 milliseconds
│   wall_time_spent = 28 seconds, 10 milliseconds
│   percent_complete = 91.2%
│   estimated_sypd = 15.4
│   instantaneous_sypd = 12.768
│   date_now = 2026-07-05T16:30:29.433
└   estimated_finish_date = 2026-07-05T16:30:32.433
┌ Info: Progress
│   simulation_time = 1 day, 22 hours
│   n_steps_completed = 5541
│   wall_time_per_step = 5 milliseconds, 394 microseconds
│   wall_time_total = 31 seconds, 70 milliseconds
│   wall_time_remaining = 1 second, 181 milliseconds
│   wall_time_spent = 29 seconds, 889 milliseconds
│   percent_complete = 96.2%
│   estimated_sypd = 15.227
│   instantaneous_sypd = 12.635
│   date_now = 2026-07-05T16:30:31.312
└   estimated_finish_date = 2026-07-05T16:30:33.312
[ Info: solve! walltime = 31.37
[ Info: sypd: 15.092
[ Info: wall_time_per_timestep: 5 milliseconds, 446 microseconds
[ Info: Memory currently used (after solve!) by the process (RSS): 8.68 GiB
[ Info: Completed member 2
┌ Info: Making AtmosConfig with config files: 
│      /home/jeff/larcform1-experiments/ClimaAtmos.jl/src/config/../../config/default_configs/default_config.yml
└   
┌ Info: numerics 
│          `energy_q_tot_upwinding`::`Val{:vanleer_limiter}`
│                `tracer_upwinding`::`Val{:vanleer_limiter}`
│       `edmfx_mse_q_tot_upwinding`::`Val{:first_order}`
│         `edmfx_sgsflux_upwinding`::`Val{:none}`
│          `edmfx_tracer_upwinding`::`Val{:first_order}`
│         `test_dycore_consistency`::`Nothing`
│            `reproducible_restart`::`Nothing`
│                         `limiter`::`Nothing`
│                       `diff_mode`::`ClimaAtmos.Implicit`
│                       `hyperdiff`::`Nothing`
└   
┌ Info: AtmosModel: 
│   
│                               `water`::`ClimaAtmos.AtmosWater{ClimaAtmos.NonEquilibriumMicrophysics1M, ClimaAtmos.QuadratureCloud, ClimaAtmos.Implicit, Nothing, ClimaAtmos.SGSQuadrature{3, StaticArraysCore.SVector{3, Float32}, StaticArraysCore.SVector{3, Float32}, ClimaAtmos.GaussianSGS, Float32}, ClimaAtmos.FixedTerminalVelocity{Float32}}`
│                           `scm_setup`::`ClimaAtmos.SCMSetup{Nothing, Nothing, Nothing, Bool, @NamedTuple{prof_ug::AtmosphericProfilesLibrary.ZProfile{AtmosphericProfilesLibrary.var"#Larcform1_geostrophic_u##0#Larcform1_geostrophic_u##1"{Float32}}, prof_vg::AtmosphericProfilesLibrary.ZProfile{Returns{Float32}}, coriolis_param::Float32}}`
│                           `radiation`::`ClimaAtmos.AtmosRadiation{ClimaAtmos.RRTMGPInterface.AllSkyRadiationWithClearSkyDiagnostics{ClimaAtmos.InteractiveCloudInRadiation}, ClimaAtmos.Larcform1Insolation}`
│                            `turbconv`::`ClimaAtmos.AtmosTurbconv{ClimaAtmos.EDMFXModel{ClimaAtmos.InvZEntrainment, ClimaAtmos.BuoyancyVelocityDetrainment, Val{true}, Val{true}, Val{true}, Val{true}, Val{true}, ClimaAtmos.SmoothMinimumBlending}, ClimaAtmos.PrognosticEDMFX{1, true, Float32}, Nothing, Nothing, Nothing}`
│                     `prescribed_flow`::`Nothing`
│                        `gravity_wave`::`ClimaAtmos.AtmosGravityWave{Nothing, Nothing}`
│                  `vertical_diffusion`::`Nothing`
│                              `sponge`::`ClimaAtmos.AtmosSponge{Nothing, Nothing}`
│                             `surface`::`ClimaAtmos.AtmosSurface{ClimaAtmos.SurfaceConditions.MoninObukhov{Float32, Nothing, Nothing}, ClimaAtmos.SurfaceConditions.SlabOceanTemperature{Float32}, ClimaAtmos.SurfaceConditions.SurfaceBoundaryOverrides{Float32, Float32, Nothing, Nothing, Nothing, Nothing}, ClimaAtmos.ConstantAlbedo{Float32}}`
│                            `numerics`::`ClimaAtmos.AtmosNumerics{Val{:vanleer_limiter}, Val{:vanleer_limiter}, Val{:first_order}, Val{:none}, Val{:first_order}, Nothing, Nothing, Nothing, ClimaAtmos.Implicit, Nothing}`
│                           `chemistry`::`ClimaAtmos.AtmosChem{Nothing}`
└   
┌ Info: Microphysics settings: 
│                          `n_substeps`::`3`
│                     `n_substeps_quad`::`2`
│              `cloud_liquid_formation`::`CloudLiquidFormation`
│                 `cloud_ice_formation`::`TemperatureDependent`
│                      `cloud_ice_melt`::`CloudIceMelt`
│                 `rain_autoconversion`::`Kessler1M`
│                 `snow_autoconversion`::`NoSupersaturation`
│       `rain_condensation_evaporation`::`RainEvaporation`
│         `snow_deposition_sublimation`::`DepositionAndSublimation`
│                           `snow_melt`::`SnowMelt`
│         `cloud_liquid_rain_accretion`::`CloudLiquidRainAccretion`
│         `cloud_liquid_snow_accretion`::`CloudLiquidSnowAccretion`
│            `cloud_ice_rain_accretion`::`CloudIceRainAccretion`
│            `cloud_ice_snow_accretion`::`CloudIceSnowAccretion`
│                 `rain_snow_accretion`::`RainSnowAccretion`
└   
[ Info: Single-process ClimaAtmos run on CPUSingleThreaded
[ Info: Using ODE config: `ClimaTimeSteppers.ARS222`
[ Info: Initialized state (48.981 μs, 7.76 KiB)
[ Info: Built cache (203.787 ms, 172.6 MiB)
[ Info: Assembled callbacks (145.123 μs, 17.42 KiB)
┌ Info: Jacobian algorithm: ManualSparseJacobian(
│     approximate_solve_iters = 2,
└   )
[ Info: Jacobian derivative flags: topography_flag = IgnoreDerivative, diffusion_flag = UseDerivative
[ Info: Built tendency function (217.776 μs, 201.06 KiB)
[ Info: Initialized integrator (8.45 ms, 169.03 KiB)
[ Info: Added 7 user-provided YAML-style diagnostics
[ Info: Saving accumulated diagnostics to disk with frequency: 1 hour
[ Info: Set up diagnostics (448.872 μs, 103.66 KiB)
[ Info: Initialized 7 total diagnostics
