┌ Info: Simulation info
│   job_id = lf1e_clw_cal_member
└   output_dir = /home/jeff/larcform1-experiments/experiments/clw calibration/output/uki_1/iteration_005/member_010/output_0000
┌ Info: Running
│   job_id = lf1e_clw_cal_member
│   output_dir = /home/jeff/larcform1-experiments/experiments/clw calibration/output/uki_1/iteration_005/member_010/output_0000
└   tspan = (0.0 seconds (2010-01-01T00:00:00) [counter = 0, period = 1 second, epoch = 2010-01-01T00:00:00], 172800.0 seconds (2010-01-03T00:00:00) [counter = 172800, period = 1 second, epoch = 2010-01-01T00:00:00])
┌ Info: Progress
│   simulation_time = 30 seconds
│   n_steps_completed = 1
│   wall_time_per_step = 0 seconds
│   wall_time_total = 0 seconds
│   wall_time_remaining = 0 seconds
│   wall_time_spent = 0 seconds
│   percent_complete = 0.0%
│   estimated_sypd = Inf
│   instantaneous_sypd = 0.0 (sdpd_estimate = 0.0)
│   date_now = 2026-07-05T16:49:31.690
└   estimated_finish_date = 2026-07-05T16:49:31.690
┌ Info: Progress
│   simulation_time = 1 minute
│   n_steps_completed = 2
│   wall_time_per_step = 0 seconds
│   wall_time_total = 0 seconds
│   wall_time_remaining = 0 seconds
│   wall_time_spent = 0 seconds
│   percent_complete = 0.0%
│   estimated_sypd = Inf
│   instantaneous_sypd = 0.031
│   date_now = 2026-07-05T16:49:34.304
└   estimated_finish_date = 2026-07-05T16:49:34.304
┌ Info: Progress
│   simulation_time = 2 minutes
│   n_steps_completed = 4
│   wall_time_per_step = 4 milliseconds, 687 microseconds
│   wall_time_total = 26 seconds, 997 milliseconds
│   wall_time_remaining = 26 seconds, 978 milliseconds
│   wall_time_spent = 18 milliseconds, 748 microseconds
│   percent_complete = 0.1%
│   estimated_sypd = 17.524
│   instantaneous_sypd = 17.524
│   date_now = 2026-07-05T16:49:34.313
└   estimated_finish_date = 2026-07-05T16:50:01.313
┌ Info: Progress
│   simulation_time = 4 minutes
│   n_steps_completed = 8
│   wall_time_per_step = 4 milliseconds, 415 microseconds
│   wall_time_total = 25 seconds, 432 milliseconds
│   wall_time_remaining = 25 seconds, 397 milliseconds
│   wall_time_spent = 35 milliseconds, 323 microseconds
│   percent_complete = 0.1%
│   estimated_sypd = 18.602
│   instantaneous_sypd = 19.822
│   date_now = 2026-07-05T16:49:34.330
└   estimated_finish_date = 2026-07-05T16:50:00.330
┌ Info: Progress
│   simulation_time = 8 minutes
│   n_steps_completed = 16
│   wall_time_per_step = 4 milliseconds, 182 microseconds
│   wall_time_total = 24 seconds, 89 milliseconds
│   wall_time_remaining = 24 seconds, 22 milliseconds
│   wall_time_spent = 66 milliseconds, 914 microseconds
│   percent_complete = 0.3%
│   estimated_sypd = 19.64
│   instantaneous_sypd = 20.8
│   date_now = 2026-07-05T16:49:34.361
└   estimated_finish_date = 2026-07-05T16:49:59.361
┌ Info: Progress
│   simulation_time = 16 minutes
│   n_steps_completed = 32
│   wall_time_per_step = 3 milliseconds, 983 microseconds
│   wall_time_total = 22 seconds, 944 milliseconds
│   wall_time_remaining = 22 seconds, 816 milliseconds
│   wall_time_spent = 127 milliseconds, 467 microseconds
│   percent_complete = 0.6%
│   estimated_sypd = 20.62
│   instantaneous_sypd = 21.703
│   date_now = 2026-07-05T16:49:34.422
└   estimated_finish_date = 2026-07-05T16:49:57.422
┌ Info: Progress
│   simulation_time = 32 minutes
│   n_steps_completed = 64
│   wall_time_per_step = 4 milliseconds, 35 microseconds
│   wall_time_total = 23 seconds, 245 milliseconds
│   wall_time_remaining = 22 seconds, 986 milliseconds
│   wall_time_spent = 258 milliseconds, 280 microseconds
│   percent_complete = 1.1%
│   estimated_sypd = 20.353
│   instantaneous_sypd = 20.092
│   date_now = 2026-07-05T16:49:34.553
└   estimated_finish_date = 2026-07-05T16:49:57.553
┌ Info: Progress
│   simulation_time = 1 hour, 4 minutes
│   n_steps_completed = 128
│   wall_time_per_step = 4 milliseconds, 152 microseconds
│   wall_time_total = 23 seconds, 916 milliseconds
│   wall_time_remaining = 23 seconds, 384 milliseconds
│   wall_time_spent = 531 milliseconds, 477 microseconds
│   percent_complete = 2.2%
│   estimated_sypd = 19.781
│   instantaneous_sypd = 19.241
│   date_now = 2026-07-05T16:49:34.826
└   estimated_finish_date = 2026-07-05T16:49:58.826
┌ Info: Progress
│   simulation_time = 2 hours, 8 minutes
│   n_steps_completed = 256
│   wall_time_per_step = 4 milliseconds, 126 microseconds
│   wall_time_total = 23 seconds, 769 milliseconds
│   wall_time_remaining = 22 seconds, 713 milliseconds
│   wall_time_spent = 1 second, 56 milliseconds
│   percent_complete = 4.4%
│   estimated_sypd = 19.904
│   instantaneous_sypd = 20.028
│   date_now = 2026-07-05T16:49:35.351
└   estimated_finish_date = 2026-07-05T16:49:58.351
┌ Info: Progress
│   simulation_time = 4 hours, 16 minutes
│   n_steps_completed = 512
│   wall_time_per_step = 4 milliseconds, 128 microseconds
│   wall_time_total = 23 seconds, 782 milliseconds
│   wall_time_remaining = 21 seconds, 668 milliseconds
│   wall_time_spent = 2 seconds, 114 milliseconds
│   percent_complete = 8.9%
│   estimated_sypd = 19.893
│   instantaneous_sypd = 19.882
│   date_now = 2026-07-05T16:49:36.408
└   estimated_finish_date = 2026-07-05T16:49:58.408
┌ Info: Progress
│   simulation_time = 6 hours, 40 minutes
│   n_steps_completed = 801
│   wall_time_per_step = 4 milliseconds, 193 microseconds
│   wall_time_total = 24 seconds, 152 milliseconds
│   wall_time_remaining = 20 seconds, 794 milliseconds
│   wall_time_spent = 3 seconds, 358 milliseconds
│   percent_complete = 13.9%
│   estimated_sypd = 19.588
│   instantaneous_sypd = 19.07
│   date_now = 2026-07-05T16:49:37.653
└   estimated_finish_date = 2026-07-05T16:49:58.653
┌ Info: Progress
│   simulation_time = 8 hours, 32 minutes
│   n_steps_completed = 1024
│   wall_time_per_step = 4 milliseconds, 254 microseconds
│   wall_time_total = 24 seconds, 506 milliseconds
│   wall_time_remaining = 20 seconds, 149 milliseconds
│   wall_time_spent = 4 seconds, 356 milliseconds
│   percent_complete = 17.8%
│   estimated_sypd = 19.305
│   instantaneous_sypd = 18.355
│   date_now = 2026-07-05T16:49:38.651
└   estimated_finish_date = 2026-07-05T16:49:59.651
┌ Info: Progress
│   simulation_time = 10 hours, 56 minutes
│   n_steps_completed = 1313
│   wall_time_per_step = 4 milliseconds, 327 microseconds
│   wall_time_total = 24 seconds, 928 milliseconds
│   wall_time_remaining = 19 seconds, 246 milliseconds
│   wall_time_spent = 5 seconds, 682 milliseconds
│   percent_complete = 22.8%
│   estimated_sypd = 18.978
│   instantaneous_sypd = 17.903
│   date_now = 2026-07-05T16:49:39.977
└   estimated_finish_date = 2026-07-05T16:49:59.977
┌ Info: Progress
│   simulation_time = 13 hours, 21 minutes
│   n_steps_completed = 1602
│   wall_time_per_step = 4 milliseconds, 414 microseconds
│   wall_time_total = 25 seconds, 427 milliseconds
│   wall_time_remaining = 18 seconds, 355 milliseconds
│   wall_time_spent = 7 seconds, 72 milliseconds
│   percent_complete = 27.8%
│   estimated_sypd = 18.606
│   instantaneous_sypd = 17.083
│   date_now = 2026-07-05T16:49:41.366
└   estimated_finish_date = 2026-07-05T16:50:00.366
┌ Info: Progress
│   simulation_time = 15 hours, 45 minutes
│   n_steps_completed = 1891
│   wall_time_per_step = 4 milliseconds, 503 microseconds
│   wall_time_total = 25 seconds, 942 milliseconds
│   wall_time_remaining = 17 seconds, 425 milliseconds
│   wall_time_spent = 8 seconds, 516 milliseconds
│   percent_complete = 32.8%
│   estimated_sypd = 18.237
│   instantaneous_sypd = 16.429
│   date_now = 2026-07-05T16:49:42.811
└   estimated_finish_date = 2026-07-05T16:50:00.811
┌ Info: Progress
│   simulation_time = 17 hours, 4 minutes
│   n_steps_completed = 2048
│   wall_time_per_step = 4 milliseconds, 547 microseconds
│   wall_time_total = 26 seconds, 195 milliseconds
│   wall_time_remaining = 16 seconds, 881 milliseconds
│   wall_time_spent = 9 seconds, 313 milliseconds
│   percent_complete = 35.6%
│   estimated_sypd = 18.06
│   instantaneous_sypd = 16.176
│   date_now = 2026-07-05T16:49:43.608
└   estimated_finish_date = 2026-07-05T16:50:00.608
┌ Info: Progress
│   simulation_time = 19 hours, 28 minutes
│   n_steps_completed = 2337
│   wall_time_per_step = 4 milliseconds, 623 microseconds
│   wall_time_total = 26 seconds, 633 milliseconds
│   wall_time_remaining = 15 seconds, 827 milliseconds
│   wall_time_spent = 10 seconds, 806 milliseconds
│   percent_complete = 40.6%
│   estimated_sypd = 17.763
│   instantaneous_sypd = 15.909
│   date_now = 2026-07-05T16:49:45.100
└   estimated_finish_date = 2026-07-05T16:50:01.100
┌ Info: Progress
│   simulation_time = 21 hours, 53 minutes
│   n_steps_completed = 2626
│   wall_time_per_step = 4 milliseconds, 750 microseconds
│   wall_time_total = 27 seconds, 363 milliseconds
│   wall_time_remaining = 14 seconds, 888 milliseconds
│   wall_time_spent = 12 seconds, 475 milliseconds
│   percent_complete = 45.6%
│   estimated_sypd = 17.289
│   instantaneous_sypd = 14.222
│   date_now = 2026-07-05T16:49:46.770
└   estimated_finish_date = 2026-07-05T16:50:01.770
┌ Info: Progress
│   simulation_time = 1 day, 17 minutes
│   n_steps_completed = 2915
│   wall_time_per_step = 4 milliseconds, 818 microseconds
│   wall_time_total = 27 seconds, 753 milliseconds
│   wall_time_remaining = 13 seconds, 707 milliseconds
│   wall_time_spent = 14 seconds, 45 milliseconds
│   percent_complete = 50.6%
│   estimated_sypd = 17.047
│   instantaneous_sypd = 15.118
│   date_now = 2026-07-05T16:49:48.340
└   estimated_finish_date = 2026-07-05T16:50:02.340
┌ Info: Progress
│   simulation_time = 1 day, 2 hours
│   n_steps_completed = 3204
│   wall_time_per_step = 4 milliseconds, 884 microseconds
│   wall_time_total = 28 seconds, 132 milliseconds
│   wall_time_remaining = 12 seconds, 483 milliseconds
│   wall_time_spent = 15 seconds, 648 milliseconds
│   percent_complete = 55.6%
│   estimated_sypd = 16.817
│   instantaneous_sypd = 14.803
│   date_now = 2026-07-05T16:49:49.943
└   estimated_finish_date = 2026-07-05T16:50:02.943
┌ Info: Progress
│   simulation_time = 1 day, 5 hours
│   n_steps_completed = 3493
│   wall_time_per_step = 4 milliseconds, 952 microseconds
│   wall_time_total = 28 seconds, 528 milliseconds
│   wall_time_remaining = 11 seconds, 228 milliseconds
│   wall_time_spent = 17 seconds, 300 milliseconds
│   percent_complete = 60.6%
│   estimated_sypd = 16.583
│   instantaneous_sypd = 14.37
│   date_now = 2026-07-05T16:49:51.595
└   estimated_finish_date = 2026-07-05T16:50:03.595
┌ Info: Progress
│   simulation_time = 1 day, 7 hours
│   n_steps_completed = 3782
│   wall_time_per_step = 5 milliseconds, 36 microseconds
│   wall_time_total = 29 seconds, 7 milliseconds
│   wall_time_remaining = 9 seconds, 961 milliseconds
│   wall_time_spent = 19 seconds, 46 milliseconds
│   percent_complete = 65.7%
│   estimated_sypd = 16.31
│   instantaneous_sypd = 13.599
│   date_now = 2026-07-05T16:49:53.341
└   estimated_finish_date = 2026-07-05T16:50:03.341
┌ Info: Progress
│   simulation_time = 1 day, 9 hours
│   n_steps_completed = 4071
│   wall_time_per_step = 5 milliseconds, 100 microseconds
│   wall_time_total = 29 seconds, 381 milliseconds
│   wall_time_remaining = 8 seconds, 615 milliseconds
│   wall_time_spent = 20 seconds, 765 milliseconds
│   percent_complete = 70.7%
│   estimated_sypd = 16.102
│   instantaneous_sypd = 13.804
│   date_now = 2026-07-05T16:49:55.060
└   estimated_finish_date = 2026-07-05T16:50:04.060
┌ Info: Progress
│   simulation_time = 1 day, 10 hours
│   n_steps_completed = 4096
│   wall_time_per_step = 5 milliseconds, 109 microseconds
│   wall_time_total = 29 seconds, 431 milliseconds
│   wall_time_remaining = 8 seconds, 502 milliseconds
│   wall_time_spent = 20 seconds, 928 milliseconds
│   percent_complete = 71.1%
│   estimated_sypd = 16.075
│   instantaneous_sypd = 12.581
│   date_now = 2026-07-05T16:49:55.223
└   estimated_finish_date = 2026-07-05T16:50:04.223
┌ Info: Progress
│   simulation_time = 1 day, 12 hours
│   n_steps_completed = 4385
│   wall_time_per_step = 5 milliseconds, 179 microseconds
│   wall_time_total = 29 seconds, 831 milliseconds
│   wall_time_remaining = 7 seconds, 121 milliseconds
│   wall_time_spent = 22 seconds, 710 milliseconds
│   percent_complete = 76.1%
│   estimated_sypd = 15.859
│   instantaneous_sypd = 13.325
│   date_now = 2026-07-05T16:49:57.005
└   estimated_finish_date = 2026-07-05T16:50:05.005
┌ Info: Progress
│   simulation_time = 1 day, 14 hours
│   n_steps_completed = 4674
│   wall_time_per_step = 5 milliseconds, 255 microseconds
│   wall_time_total = 30 seconds, 269 milliseconds
│   wall_time_remaining = 5 seconds, 707 milliseconds
│   wall_time_spent = 24 seconds, 562 milliseconds
│   percent_complete = 81.1%
│   estimated_sypd = 15.63
│   instantaneous_sypd = 12.816
│   date_now = 2026-07-05T16:49:58.857
└   estimated_finish_date = 2026-07-05T16:50:04.857
┌ Info: Progress
│   simulation_time = 1 day, 17 hours
│   n_steps_completed = 4963
│   wall_time_per_step = 5 milliseconds, 322 microseconds
│   wall_time_total = 30 seconds, 656 milliseconds
│   wall_time_remaining = 4 seconds, 241 milliseconds
│   wall_time_spent = 26 seconds, 414 milliseconds
│   percent_complete = 86.2%
│   estimated_sypd = 15.432
│   instantaneous_sypd = 12.817
│   date_now = 2026-07-05T16:50:00.709
└   estimated_finish_date = 2026-07-05T16:50:05.709
┌ Info: Progress
│   simulation_time = 1 day, 19 hours
│   n_steps_completed = 5252
│   wall_time_per_step = 5 milliseconds, 390 microseconds
│   wall_time_total = 31 seconds, 49 milliseconds
│   wall_time_remaining = 2 seconds, 738 milliseconds
│   wall_time_spent = 28 seconds, 310 milliseconds
│   percent_complete = 91.2%
│   estimated_sypd = 15.237
│   instantaneous_sypd = 12.518
│   date_now = 2026-07-05T16:50:02.605
└   estimated_finish_date = 2026-07-05T16:50:05.605
┌ Info: Progress
│   simulation_time = 1 day, 22 hours
│   n_steps_completed = 5541
│   wall_time_per_step = 5 milliseconds, 467 microseconds
│   wall_time_total = 31 seconds, 490 milliseconds
│   wall_time_remaining = 1 second, 197 milliseconds
│   wall_time_spent = 30 seconds, 293 milliseconds
│   percent_complete = 96.2%
│   estimated_sypd = 15.023
│   instantaneous_sypd = 11.972
│   date_now = 2026-07-05T16:50:04.588
└   estimated_finish_date = 2026-07-05T16:50:06.588
[ Info: solve! walltime = 31.772
[ Info: sypd: 14.901
[ Info: wall_time_per_timestep: 5 milliseconds, 515 microseconds
[ Info: Memory currently used (after solve!) by the process (RSS): 8.68 GiB
[ Info: Completed member 10
┌ Info: Making AtmosConfig with config files: 
│      /home/jeff/larcform1-experiments/ClimaAtmos.jl/src/config/../../config/default_configs/default_config.yml
└   
┌ Info: numerics 
│          `energy_q_tot_upwinding`::`Val{:vanleer_limiter}`
│                `tracer_upwinding`::`Val{:vanleer_limiter}`
│       `edmfx_mse_q_tot_upwinding`::`Val{:first_order}`
│         `edmfx_sgsflux_upwinding`::`Val{:none}`
│          `edmfx_tracer_upwinding`::`Val{:first_order}`
│         `test_dycore_consistency`::`Nothing`
│            `reproducible_restart`::`Nothing`
│                         `limiter`::`Nothing`
│                       `diff_mode`::`ClimaAtmos.Implicit`
│                       `hyperdiff`::`Nothing`
└   
┌ Info: AtmosModel: 
│   
│                               `water`::`ClimaAtmos.AtmosWater{ClimaAtmos.NonEquilibriumMicrophysics1M, ClimaAtmos.QuadratureCloud, ClimaAtmos.Implicit, Nothing, ClimaAtmos.SGSQuadrature{3, StaticArraysCore.SVector{3, Float32}, StaticArraysCore.SVector{3, Float32}, ClimaAtmos.GaussianSGS, Float32}, ClimaAtmos.FixedTerminalVelocity{Float32}}`
│                           `scm_setup`::`ClimaAtmos.SCMSetup{Nothing, Nothing, Nothing, Bool, @NamedTuple{prof_ug::AtmosphericProfilesLibrary.ZProfile{AtmosphericProfilesLibrary.var"#Larcform1_geostrophic_u##0#Larcform1_geostrophic_u##1"{Float32}}, prof_vg::AtmosphericProfilesLibrary.ZProfile{Returns{Float32}}, coriolis_param::Float32}}`
│                           `radiation`::`ClimaAtmos.AtmosRadiation{ClimaAtmos.RRTMGPInterface.AllSkyRadiationWithClearSkyDiagnostics{ClimaAtmos.InteractiveCloudInRadiation}, ClimaAtmos.Larcform1Insolation}`
│                            `turbconv`::`ClimaAtmos.AtmosTurbconv{ClimaAtmos.EDMFXModel{ClimaAtmos.InvZEntrainment, ClimaAtmos.BuoyancyVelocityDetrainment, Val{true}, Val{true}, Val{true}, Val{true}, Val{true}, ClimaAtmos.SmoothMinimumBlending}, ClimaAtmos.PrognosticEDMFX{1, true, Float32}, Nothing, Nothing, Nothing}`
│                     `prescribed_flow`::`Nothing`
│                        `gravity_wave`::`ClimaAtmos.AtmosGravityWave{Nothing, Nothing}`
│                  `vertical_diffusion`::`Nothing`
│                              `sponge`::`ClimaAtmos.AtmosSponge{Nothing, Nothing}`
│                             `surface`::`ClimaAtmos.AtmosSurface{ClimaAtmos.SurfaceConditions.MoninObukhov{Float32, Nothing, Nothing}, ClimaAtmos.SurfaceConditions.SlabOceanTemperature{Float32}, ClimaAtmos.SurfaceConditions.SurfaceBoundaryOverrides{Float32, Float32, Nothing, Nothing, Nothing, Nothing}, ClimaAtmos.ConstantAlbedo{Float32}}`
│                            `numerics`::`ClimaAtmos.AtmosNumerics{Val{:vanleer_limiter}, Val{:vanleer_limiter}, Val{:first_order}, Val{:none}, Val{:first_order}, Nothing, Nothing, Nothing, ClimaAtmos.Implicit, Nothing}`
│                           `chemistry`::`ClimaAtmos.AtmosChem{Nothing}`
└   
┌ Info: Microphysics settings: 
│                          `n_substeps`::`3`
│                     `n_substeps_quad`::`2`
│              `cloud_liquid_formation`::`CloudLiquidFormation`
│                 `cloud_ice_formation`::`TemperatureDependent`
│                      `cloud_ice_melt`::`CloudIceMelt`
│                 `rain_autoconversion`::`Kessler1M`
│                 `snow_autoconversion`::`NoSupersaturation`
│       `rain_condensation_evaporation`::`RainEvaporation`
│         `snow_deposition_sublimation`::`DepositionAndSublimation`
│                           `snow_melt`::`SnowMelt`
│         `cloud_liquid_rain_accretion`::`CloudLiquidRainAccretion`
│         `cloud_liquid_snow_accretion`::`CloudLiquidSnowAccretion`
│            `cloud_ice_rain_accretion`::`CloudIceRainAccretion`
│            `cloud_ice_snow_accretion`::`CloudIceSnowAccretion`
│                 `rain_snow_accretion`::`RainSnowAccretion`
└   
[ Info: Single-process ClimaAtmos run on CPUSingleThreaded
[ Info: Using ODE config: `ClimaTimeSteppers.ARS222`
[ Info: Initialized state (55.151 μs, 7.76 KiB)
[ Info: Built cache (217.461 ms, 172.6 MiB)
[ Info: Assembled callbacks (129.524 μs, 17.42 KiB)
┌ Info: Jacobian algorithm: ManualSparseJacobian(
│     approximate_solve_iters = 2,
└   )
[ Info: Jacobian derivative flags: topography_flag = IgnoreDerivative, diffusion_flag = UseDerivative
[ Info: Built tendency function (213.646 μs, 201.06 KiB)
[ Info: Initialized integrator (8.555 ms, 169.03 KiB)
[ Info: Added 7 user-provided YAML-style diagnostics
[ Info: Saving accumulated diagnostics to disk with frequency: 1 hour
[ Info: Set up diagnostics (436.271 μs, 103.66 KiB)
[ Info: Initialized 7 total diagnostics
