Precompiling packages...
  10691.1 ms  ✓ Revise (serial)
  1 dependency successfully precompiled in 11 seconds
Precompiling packages...
   1785.1 ms  ✓ DistributedExt (serial)
  1 dependency successfully precompiled in 2 seconds
Precompiling packages...
   1773.6 ms  ✓ SymbolicIndexingInterfacePrettyTablesExt (serial)
  1 dependency successfully precompiled in 2 seconds
Precompiling packages...
    755.6 ms  ✓ SparseMatrixColoringsColorsExt (serial)
  1 dependency successfully precompiled in 1 seconds
┌ Info: Making AtmosConfig with config files: 
└    /home/jeff/larcform1-experiments/ClimaAtmos.jl/src/config/../../config/default_configs/default_config.yml
┌ Info: numerics 
│        `energy_q_tot_upwinding`::`Val{:vanleer_limiter}`
│              `tracer_upwinding`::`Val{:vanleer_limiter}`
│     `edmfx_mse_q_tot_upwinding`::`Val{:first_order}`
│       `edmfx_sgsflux_upwinding`::`Val{:none}`
│        `edmfx_tracer_upwinding`::`Val{:first_order}`
│       `test_dycore_consistency`::`Nothing`
│          `reproducible_restart`::`Nothing`
│                       `limiter`::`Nothing`
│                     `diff_mode`::`ClimaAtmos.Implicit`
└                     `hyperdiff`::`Nothing`
┌ Info: AtmosModel: 
│ 
│                             `water`::`ClimaAtmos.AtmosWater{ClimaAtmos.NonEquilibriumMicrophysics1M, ClimaAtmos.QuadratureCloud, ClimaAtmos.Implicit, Nothing, ClimaAtmos.SGSQuadrature{3, StaticArraysCore.SVector{3, Float32}, StaticArraysCore.SVector{3, Float32}, ClimaAtmos.GaussianSGS, Float32}, ClimaAtmos.FixedTerminalVelocity{Float32}}`
│                         `scm_setup`::`ClimaAtmos.SCMSetup{Nothing, Nothing, Nothing, Bool, @NamedTuple{prof_ug::AtmosphericProfilesLibrary.ZProfile{AtmosphericProfilesLibrary.var"#Larcform1_geostrophic_u##0#Larcform1_geostrophic_u##1"{Float32}}, prof_vg::AtmosphericProfilesLibrary.ZProfile{Returns{Float32}}, coriolis_param::Float32}}`
│                         `radiation`::`ClimaAtmos.AtmosRadiation{ClimaAtmos.RRTMGPInterface.AllSkyRadiationWithClearSkyDiagnostics{ClimaAtmos.InteractiveCloudInRadiation}, ClimaAtmos.Larcform1Insolation}`
│                          `turbconv`::`ClimaAtmos.AtmosTurbconv{ClimaAtmos.EDMFXModel{ClimaAtmos.InvZEntrainment, ClimaAtmos.BuoyancyVelocityDetrainment, Val{true}, Val{true}, Val{true}, Val{true}, Val{true}, ClimaAtmos.SmoothMinimumBlending}, ClimaAtmos.PrognosticEDMFX{1, true, Float32}, Nothing, Nothing, Nothing}`
│                   `prescribed_flow`::`Nothing`
│                      `gravity_wave`::`ClimaAtmos.AtmosGravityWave{Nothing, Nothing}`
│                `vertical_diffusion`::`Nothing`
│                            `sponge`::`ClimaAtmos.AtmosSponge{Nothing, Nothing}`
│                           `surface`::`ClimaAtmos.AtmosSurface{ClimaAtmos.SurfaceConditions.MoninObukhov{Float32, Nothing, Nothing}, ClimaAtmos.SurfaceConditions.SlabOceanTemperature{Float32}, ClimaAtmos.SurfaceConditions.SurfaceBoundaryOverrides{Float32, Float32, Nothing, Nothing, Nothing, Nothing}, ClimaAtmos.ConstantAlbedo{Float32}}`
│                          `numerics`::`ClimaAtmos.AtmosNumerics{Val{:vanleer_limiter}, Val{:vanleer_limiter}, Val{:first_order}, Val{:none}, Val{:first_order}, Nothing, Nothing, Nothing, ClimaAtmos.Implicit, Nothing}`
└                         `chemistry`::`ClimaAtmos.AtmosChem{Nothing}`
┌ Info: Microphysics settings: 
│                        `n_substeps`::`3`
│                   `n_substeps_quad`::`2`
│            `cloud_liquid_formation`::`CloudLiquidFormation`
│               `cloud_ice_formation`::`TemperatureDependent`
│                    `cloud_ice_melt`::`CloudIceMelt`
│               `rain_autoconversion`::`Kessler1M`
│               `snow_autoconversion`::`NoSupersaturation`
│     `rain_condensation_evaporation`::`RainEvaporation`
│       `snow_deposition_sublimation`::`DepositionAndSublimation`
│                         `snow_melt`::`SnowMelt`
│       `cloud_liquid_rain_accretion`::`CloudLiquidRainAccretion`
│       `cloud_liquid_snow_accretion`::`CloudLiquidSnowAccretion`
│          `cloud_ice_rain_accretion`::`CloudIceRainAccretion`
│          `cloud_ice_snow_accretion`::`CloudIceSnowAccretion`
└               `rain_snow_accretion`::`RainSnowAccretion`
[ Info: Single-process ClimaAtmos run on CPUSingleThreaded
[ Info: Using ODE config: `ClimaTimeSteppers.ARS222`
[ Info: Initialized state (114.943 μs, 7.76 KiB)
[ Info: Built cache (47.684 s, 10.56 GiB)
[ Info: Assembled callbacks (440.837 ms, 31.79 MiB)
┌ Info: Jacobian algorithm: ManualSparseJacobian(
│   approximate_solve_iters = 2,
└ )
[ Info: Jacobian derivative flags: topography_flag = IgnoreDerivative, diffusion_flag = UseDerivative
[ Info: Built tendency function (2.36 s, 77.21 MiB)
[ Info: Initialized integrator (35.67 s, 5.15 GiB)
[ Info: Added 20 user-provided YAML-style diagnostics
[ Info: Saving accumulated diagnostics to disk with frequency: 1 hour
[ Info: Set up diagnostics (10.012 s, 479.97 MiB)
[ Info: Initialized 20 total diagnostics
┌ Info: Simulation info
│   job_id = "lf1e_20day_calibrated"
└   output_dir = "/home/jeff/larcform1-experiments/experiments/20day run/output/calibrated/output_0000"
┌ Info: Running
│   job_id = "lf1e_20day_calibrated"
│   output_dir = "/home/jeff/larcform1-experiments/experiments/20day run/output/calibrated/output_0000"
└   tspan = (0.0 seconds (2010-01-01T00:00:00) [counter = 0, period = 1 second, epoch = 2010-01-01T00:00:00], 1.728e6 seconds (2010-01-21T00:00:00) [counter = 1728000, period = 1 second, epoch = 2010-01-01T00:00:00])
┌ Info: Progress
│   simulation_time = "30 seconds"
│   n_steps_completed = 1
│   wall_time_per_step = "0 seconds"
│   wall_time_total = "0 seconds"
│   wall_time_remaining = "0 seconds"
│   wall_time_spent = "0 seconds"
│   percent_complete = "0.0%"
│   estimated_sypd = "Inf"
│   instantaneous_sypd = "0.0 (sdpd_estimate = 0.0)"
│   date_now = 2026-07-06T18:47:01.261
└   estimated_finish_date = 2026-07-06T18:47:01.260
┌ Info: Progress
│   simulation_time = "1 minute"
│   n_steps_completed = 2
│   wall_time_per_step = "0 seconds"
│   wall_time_total = "0 seconds"
│   wall_time_remaining = "0 seconds"
│   wall_time_spent = "0 seconds"
│   percent_complete = "0.0%"
│   estimated_sypd = "Inf"
│   instantaneous_sypd = "0.008 (sdpd_estimate = 2.943)"
│   date_now = 2026-07-06T18:47:11.442
└   estimated_finish_date = 2026-07-06T18:47:11.442
┌ Info: Progress
│   simulation_time = "2 minutes"
│   n_steps_completed = 4
│   wall_time_per_step = "20 milliseconds, 412 microseconds"
│   wall_time_total = "19 minutes, 35 seconds"
│   wall_time_remaining = "19 minutes, 35 seconds"
│   wall_time_spent = "81 milliseconds, 651 microseconds"
│   percent_complete = "0.0%"
│   estimated_sypd = "4.024"
│   instantaneous_sypd = "4.024"
│   date_now = 2026-07-06T18:47:11.593
└   estimated_finish_date = 2026-07-06T19:06:47.593
┌ Info: Progress
│   simulation_time = "4 minutes"
│   n_steps_completed = 8
│   wall_time_per_step = "31 milliseconds, 115 microseconds"
│   wall_time_total = "29 minutes, 52 seconds"
│   wall_time_remaining = "29 minutes, 52 seconds"
│   wall_time_spent = "248 milliseconds, 927 microseconds"
│   percent_complete = "0.0%"
│   estimated_sypd = "2.64"
│   instantaneous_sypd = "1.964"
│   date_now = 2026-07-06T18:47:11.624
└   estimated_finish_date = 2026-07-06T19:17:04.624
┌ Info: Progress
│   simulation_time = "8 minutes"
│   n_steps_completed = 16
│   wall_time_per_step = "18 milliseconds, 877 microseconds"
│   wall_time_total = "18 minutes, 7 seconds"
│   wall_time_remaining = "18 minutes, 7 seconds"
│   wall_time_spent = "302 milliseconds, 37 microseconds"
│   percent_complete = "0.0%"
│   estimated_sypd = "4.351"
│   instantaneous_sypd = "12.372"
│   date_now = 2026-07-06T18:47:11.677
└   estimated_finish_date = 2026-07-06T19:05:19.677
┌ Info: Progress
│   simulation_time = "16 minutes"
│   n_steps_completed = 32
│   wall_time_per_step = "12 milliseconds, 639 microseconds"
│   wall_time_total = "12 minutes, 8 seconds"
│   wall_time_remaining = "12 minutes, 7 seconds"
│   wall_time_spent = "404 milliseconds, 471 microseconds"
│   percent_complete = "0.1%"
│   estimated_sypd = "6.498"
│   instantaneous_sypd = "12.829"
│   date_now = 2026-07-06T18:47:11.779
└   estimated_finish_date = 2026-07-06T18:59:19.779
┌ Info: Progress
│   simulation_time = "32 minutes"
│   n_steps_completed = 64
│   wall_time_per_step = "10 milliseconds, 71 microseconds"
│   wall_time_total = "9 minutes, 40 seconds"
│   wall_time_remaining = "9 minutes, 39 seconds"
│   wall_time_spent = "644 milliseconds, 544 microseconds"
│   percent_complete = "0.1%"
│   estimated_sypd = "8.156"
│   instantaneous_sypd = "10.948"
│   date_now = 2026-07-06T18:47:12.019
└   estimated_finish_date = 2026-07-06T18:56:52.019
┌ Info: Progress
│   simulation_time = "1 hour, 4 minutes"
│   n_steps_completed = 128
│   wall_time_per_step = "118 milliseconds, 29 microseconds"
│   wall_time_total = "1 hour, 53 minutes"
│   wall_time_remaining = "1 hour, 53 minutes"
│   wall_time_spent = "15 seconds, 107 milliseconds"
│   percent_complete = "0.2%"
│   estimated_sypd = "0.696"
│   instantaneous_sypd = "0.363"
│   date_now = 2026-07-06T18:47:26.494
└   estimated_finish_date = 2026-07-06T20:40:30.494
┌ Info: Progress
│   simulation_time = "2 hours, 8 minutes"
│   n_steps_completed = 256
│   wall_time_per_step = "63 milliseconds, 694 microseconds"
│   wall_time_total = "1 hour, 1 minute"
│   wall_time_remaining = "1 hour, 52 seconds"
│   wall_time_spent = "16 seconds, 305 milliseconds"
│   percent_complete = "0.4%"
│   estimated_sypd = "1.29"
│   instantaneous_sypd = "8.776"
│   date_now = 2026-07-06T18:47:27.681
└   estimated_finish_date = 2026-07-06T19:48:20.681
┌ Info: Progress
│   simulation_time = "4 hours, 16 minutes"
│   n_steps_completed = 512
│   wall_time_per_step = "35 milliseconds, 472 microseconds"
│   wall_time_total = "34 minutes, 3 seconds"
│   wall_time_remaining = "33 minutes, 45 seconds"
│   wall_time_spent = "18 seconds, 161 milliseconds"
│   percent_complete = "0.9%"
│   estimated_sypd = "2.315"
│   instantaneous_sypd = "11.328"
│   date_now = 2026-07-06T18:47:29.537
└   estimated_finish_date = 2026-07-06T19:21:15.537
┌ Info: Progress
│   simulation_time = "8 hours, 32 minutes"
│   n_steps_completed = 1024
│   wall_time_per_step = "21 milliseconds, 895 microseconds"
│   wall_time_total = "21 minutes, 1 second"
│   wall_time_remaining = "20 minutes, 38 seconds"
│   wall_time_spent = "22 seconds, 420 milliseconds"
│   percent_complete = "1.8%"
│   estimated_sypd = "3.751"
│   instantaneous_sypd = "9.874"
│   date_now = 2026-07-06T18:47:33.795
└   estimated_finish_date = 2026-07-06T19:08:12.795
┌ Info: Progress
│   simulation_time = "17 hours, 4 minutes"
│   n_steps_completed = 2048
│   wall_time_per_step = "15 milliseconds, 343 microseconds"
│   wall_time_total = "14 minutes, 43 seconds"
│   wall_time_remaining = "14 minutes, 12 seconds"
│   wall_time_spent = "31 seconds, 423 milliseconds"
│   percent_complete = "3.6%"
│   estimated_sypd = "5.353"
│   instantaneous_sypd = "9.342"
│   date_now = 2026-07-06T18:47:42.798
└   estimated_finish_date = 2026-07-06T19:01:55.798
┌ Info: Progress
│   simulation_time = "1 day, 10 hours"
│   n_steps_completed = 4096
│   wall_time_per_step = "12 milliseconds, 383 microseconds"
│   wall_time_total = "11 minutes, 53 seconds"
│   wall_time_remaining = "11 minutes, 2 seconds"
│   wall_time_spent = "50 seconds, 722 milliseconds"
│   percent_complete = "7.1%"
│   estimated_sypd = "6.633"
│   instantaneous_sypd = "8.716"
│   date_now = 2026-07-06T18:48:02.125
└   estimated_finish_date = 2026-07-06T18:59:05.125
┌ Info: Progress
│   simulation_time = "2 days, 10 hours"
│   n_steps_completed = 6977
│   wall_time_per_step = "11 milliseconds, 518 microseconds"
│   wall_time_total = "11 minutes, 3 seconds"
│   wall_time_remaining = "9 minutes, 43 seconds"
│   wall_time_spent = "1 minute, 20 seconds"
│   percent_complete = "12.1%"
│   estimated_sypd = "7.131"
│   instantaneous_sypd = "7.983"
│   date_now = 2026-07-06T18:48:31.741
└   estimated_finish_date = 2026-07-06T18:58:15.741
┌ Info: Progress
│   simulation_time = "2 days, 20 hours"
│   n_steps_completed = 8192
│   wall_time_per_step = "11 milliseconds, 16 microseconds"
│   wall_time_total = "10 minutes, 34 seconds"
│   wall_time_remaining = "9 minutes, 4 seconds"
│   wall_time_spent = "1 minute, 30 seconds"
│   percent_complete = "14.2%"
│   estimated_sypd = "7.456"
│   instantaneous_sypd = "10.1"
│   date_now = 2026-07-06T18:48:41.621
└   estimated_finish_date = 2026-07-06T18:57:46.621
┌ Info: Progress
│   simulation_time = "3 days, 20 hours"
│   n_steps_completed = 11073
│   wall_time_per_step = "10 milliseconds, 320 microseconds"
│   wall_time_total = "9 minutes, 54 seconds"
│   wall_time_remaining = "8 minutes, 160 milliseconds"
│   wall_time_spent = "1 minute, 54 seconds"
│   percent_complete = "19.2%"
│   estimated_sypd = "7.959"
│   instantaneous_sypd = "9.848"
│   date_now = 2026-07-06T18:49:05.649
└   estimated_finish_date = 2026-07-06T18:57:06.649
┌ Info: Progress
│   simulation_time = "4 days, 20 hours"
│   n_steps_completed = 13954
│   wall_time_per_step = "9 milliseconds, 995 microseconds"
│   wall_time_total = "9 minutes, 35 seconds"
│   wall_time_remaining = "7 minutes, 16 seconds"
│   wall_time_spent = "2 minutes, 19 seconds"
│   percent_complete = "24.2%"
│   estimated_sypd = "8.217"
│   instantaneous_sypd = "9.388"
│   date_now = 2026-07-06T18:49:30.855
└   estimated_finish_date = 2026-07-06T18:56:47.855
┌ Info: Progress
│   simulation_time = "5 days, 16 hours"
│   n_steps_completed = 16384
│   wall_time_per_step = "9 milliseconds, 831 microseconds"
│   wall_time_total = "9 minutes, 26 seconds"
│   wall_time_remaining = "6 minutes, 45 seconds"
│   wall_time_spent = "2 minutes, 41 seconds"
│   percent_complete = "28.4%"
│   estimated_sypd = "8.354"
│   instantaneous_sypd = "9.238"
│   date_now = 2026-07-06T18:49:52.461
└   estimated_finish_date = 2026-07-06T18:56:38.461
┌ Info: Progress
│   simulation_time = "6 days, 16 hours"
│   n_steps_completed = 19265
│   wall_time_per_step = "9 milliseconds, 704 microseconds"
│   wall_time_total = "9 minutes, 18 seconds"
│   wall_time_remaining = "6 minutes, 12 seconds"
│   wall_time_spent = "3 minutes, 6 seconds"
│   percent_complete = "33.4%"
│   estimated_sypd = "8.464"
│   instantaneous_sypd = "9.15"
│   date_now = 2026-07-06T18:50:18.323
└   estimated_finish_date = 2026-07-06T18:56:31.323
┌ Info: Progress
│   simulation_time = "1 week, 16 hours"
│   n_steps_completed = 22146
│   wall_time_per_step = "9 milliseconds, 620 microseconds"
│   wall_time_total = "9 minutes, 14 seconds"
│   wall_time_remaining = "5 minutes, 41 seconds"
│   wall_time_spent = "3 minutes, 33 seconds"
│   percent_complete = "38.4%"
│   estimated_sypd = "8.538"
│   instantaneous_sypd = "9.067"
│   date_now = 2026-07-06T18:50:44.448
└   estimated_finish_date = 2026-07-06T18:56:26.448
┌ Info: Progress
│   simulation_time = "1 week, 1 day"
│   n_steps_completed = 25027
│   wall_time_per_step = "9 milliseconds, 589 microseconds"
│   wall_time_total = "9 minutes, 12 seconds"
│   wall_time_remaining = "5 minutes, 12 seconds"
│   wall_time_spent = "3 minutes, 59 seconds"
│   percent_complete = "43.4%"
│   estimated_sypd = "8.565"
│   instantaneous_sypd = "8.782"
│   date_now = 2026-07-06T18:51:11.366
└   estimated_finish_date = 2026-07-06T18:56:24.366
┌ Info: Progress
│   simulation_time = "1 week, 2 days"
│   n_steps_completed = 27908
│   wall_time_per_step = "9 milliseconds, 558 microseconds"
│   wall_time_total = "9 minutes, 10 seconds"
│   wall_time_remaining = "4 minutes, 43 seconds"
│   wall_time_spent = "4 minutes, 26 seconds"
│   percent_complete = "48.5%"
│   estimated_sypd = "8.593"
│   instantaneous_sypd = "8.837"
│   date_now = 2026-07-06T18:51:38.143
└   estimated_finish_date = 2026-07-06T18:56:22.143
┌ Info: Progress
│   simulation_time = "1 week, 3 days"
│   n_steps_completed = 30789
│   wall_time_per_step = "9 milliseconds, 523 microseconds"
│   wall_time_total = "9 minutes, 8 seconds"
│   wall_time_remaining = "4 minutes, 15 seconds"
│   wall_time_spent = "4 minutes, 53 seconds"
│   percent_complete = "53.5%"
│   estimated_sypd = "8.625"
│   instantaneous_sypd = "8.947"
│   date_now = 2026-07-06T18:52:04.592
└   estimated_finish_date = 2026-07-06T18:56:20.592
┌ Info: Progress
│   simulation_time = "1 week, 4 days"
│   n_steps_completed = 32768
│   wall_time_per_step = "9 milliseconds, 521 microseconds"
│   wall_time_total = "9 minutes, 8 seconds"
│   wall_time_remaining = "3 minutes, 56 seconds"
│   wall_time_spent = "5 minutes, 11 seconds"
│   percent_complete = "56.9%"
│   estimated_sypd = "8.626"
│   instantaneous_sypd = "8.655"
│   date_now = 2026-07-06T18:52:23.374
└   estimated_finish_date = 2026-07-06T18:56:20.374
┌ Info: Progress
│   simulation_time = "1 week, 5 days"
│   n_steps_completed = 35649
│   wall_time_per_step = "9 milliseconds, 532 microseconds"
│   wall_time_total = "9 minutes, 9 seconds"
│   wall_time_remaining = "3 minutes, 29 seconds"
│   wall_time_spent = "5 minutes, 39 seconds"
│   percent_complete = "61.9%"
│   estimated_sypd = "8.616"
│   instantaneous_sypd = "8.502"
│   date_now = 2026-07-06T18:52:51.207
└   estimated_finish_date = 2026-07-06T18:56:21.207
┌ Info: Progress
│   simulation_time = "1 week, 6 days"
│   n_steps_completed = 38530
│   wall_time_per_step = "9 milliseconds, 495 microseconds"
│   wall_time_total = "9 minutes, 6 seconds"
│   wall_time_remaining = "3 minutes, 1 second"
│   wall_time_spent = "6 minutes, 5 seconds"
│   percent_complete = "66.9%"
│   estimated_sypd = "8.65"
│   instantaneous_sypd = "9.097"
│   date_now = 2026-07-06T18:53:17.218
└   estimated_finish_date = 2026-07-06T18:56:19.218
┌ Info: Progress
│   simulation_time = "2 weeks, 9 hours"
│   n_steps_completed = 41411
│   wall_time_per_step = "9 milliseconds, 460 microseconds"
│   wall_time_total = "9 minutes, 4 seconds"
│   wall_time_remaining = "2 minutes, 33 seconds"
│   wall_time_spent = "6 minutes, 31 seconds"
│   percent_complete = "71.9%"
│   estimated_sypd = "8.682"
│   instantaneous_sypd = "9.131"
│   date_now = 2026-07-06T18:53:43.135
└   estimated_finish_date = 2026-07-06T18:56:17.135
┌ Info: Progress
│   simulation_time = "2 weeks, 1 day"
│   n_steps_completed = 44292
│   wall_time_per_step = "9 milliseconds, 519 microseconds"
│   wall_time_total = "9 minutes, 8 seconds"
│   wall_time_remaining = "2 minutes, 6 seconds"
│   wall_time_spent = "7 minutes, 1 second"
│   percent_complete = "76.9%"
│   estimated_sypd = "8.628"
│   instantaneous_sypd = "7.925"
│   date_now = 2026-07-06T18:54:12.997
└   estimated_finish_date = 2026-07-06T18:56:19.997
┌ Info: Progress
│   simulation_time = "2 weeks, 2 days"
│   n_steps_completed = 47173
│   wall_time_per_step = "9 milliseconds, 533 microseconds"
│   wall_time_total = "9 minutes, 9 seconds"
│   wall_time_remaining = "1 minute, 39 seconds"
│   wall_time_spent = "7 minutes, 29 seconds"
│   percent_complete = "81.9%"
│   estimated_sypd = "8.616"
│   instantaneous_sypd = "8.421"
│   date_now = 2026-07-06T18:54:41.097
└   estimated_finish_date = 2026-07-06T18:56:21.097
┌ Info: Progress
│   simulation_time = "2 weeks, 3 days"
│   n_steps_completed = 50054
│   wall_time_per_step = "9 milliseconds, 546 microseconds"
│   wall_time_total = "9 minutes, 9 seconds"
│   wall_time_remaining = "1 minute, 12 seconds"
│   wall_time_spent = "7 minutes, 57 seconds"
│   percent_complete = "86.9%"
│   estimated_sypd = "8.604"
│   instantaneous_sypd = "8.421"
│   date_now = 2026-07-06T18:55:09.198
└   estimated_finish_date = 2026-07-06T18:56:22.198
┌ Info: Progress
│   simulation_time = "2 weeks, 4 days"
│   n_steps_completed = 52935
│   wall_time_per_step = "9 milliseconds, 565 microseconds"
│   wall_time_total = "9 minutes, 10 seconds"
│   wall_time_remaining = "44 seconds, 621 milliseconds"
│   wall_time_spent = "8 minutes, 26 seconds"
│   percent_complete = "91.9%"
│   estimated_sypd = "8.587"
│   instantaneous_sypd = "8.299"
│   date_now = 2026-07-06T18:55:37.710
└   estimated_finish_date = 2026-07-06T18:56:22.710
┌ Info: Progress
│   simulation_time = "2 weeks, 5 days"
│   n_steps_completed = 55816
│   wall_time_per_step = "9 milliseconds, 595 microseconds"
│   wall_time_total = "9 minutes, 12 seconds"
│   wall_time_remaining = "17 seconds, 117 milliseconds"
│   wall_time_spent = "8 minutes, 55 seconds"
│   percent_complete = "96.9%"
│   estimated_sypd = "8.56"
│   instantaneous_sypd = "8.096"
│   date_now = 2026-07-06T18:56:06.939
└   estimated_finish_date = 2026-07-06T18:56:24.939
[ Info: solve! walltime = 552.357
[ Info: sypd: 8.571
[ Info: wall_time_per_timestep: 9 milliseconds, 589 microseconds
[ Info: Memory currently used (after solve!) by the process (RSS): 9.31 GiB
┌ Info: 20-day run finished
│   ret_code = :success
└   walltime = 1396.9
