┌ Info: Simulation info
│   job_id = lf1e_clw_cal_member
└   output_dir = /home/jeff/larcform1-experiments/experiments/clw calibration/output/smoke6/iteration_001/member_010/output_0000
┌ Info: Running
│   job_id = lf1e_clw_cal_member
│   output_dir = /home/jeff/larcform1-experiments/experiments/clw calibration/output/smoke6/iteration_001/member_010/output_0000
└   tspan = (0.0 seconds (2010-01-01T00:00:00) [counter = 0, period = 1 second, epoch = 2010-01-01T00:00:00], 172800.0 seconds (2010-01-03T00:00:00) [counter = 172800, period = 1 second, epoch = 2010-01-01T00:00:00])
┌ Info: Progress
│   simulation_time = 30 seconds
│   n_steps_completed = 1
│   wall_time_per_step = 0 seconds
│   wall_time_total = 0 seconds
│   wall_time_remaining = 0 seconds
│   wall_time_spent = 0 seconds
│   percent_complete = 0.0%
│   estimated_sypd = Inf
│   instantaneous_sypd = 0.0 (sdpd_estimate = 0.0)
│   date_now = 2026-07-05T14:17:43.625
└   estimated_finish_date = 2026-07-05T14:17:43.625
┌ Info: Progress
│   simulation_time = 1 minute
│   n_steps_completed = 2
│   wall_time_per_step = 0 seconds
│   wall_time_total = 0 seconds
│   wall_time_remaining = 0 seconds
│   wall_time_spent = 0 seconds
│   percent_complete = 0.0%
│   estimated_sypd = Inf
│   instantaneous_sypd = 0.023
│   date_now = 2026-07-05T14:17:47.218
└   estimated_finish_date = 2026-07-05T14:17:47.218
┌ Info: Progress
│   simulation_time = 2 minutes
│   n_steps_completed = 4
│   wall_time_per_step = 5 milliseconds, 198 microseconds
│   wall_time_total = 29 seconds, 945 milliseconds
│   wall_time_remaining = 29 seconds, 925 milliseconds
│   wall_time_spent = 20 milliseconds, 795 microseconds
│   percent_complete = 0.1%
│   estimated_sypd = 15.798
│   instantaneous_sypd = 15.798
│   date_now = 2026-07-05T14:17:47.228
└   estimated_finish_date = 2026-07-05T14:18:17.228
┌ Info: Progress
│   simulation_time = 4 minutes
│   n_steps_completed = 8
│   wall_time_per_step = 5 milliseconds, 124 microseconds
│   wall_time_total = 29 seconds, 517 milliseconds
│   wall_time_remaining = 29 seconds, 476 milliseconds
│   wall_time_spent = 40 milliseconds, 996 microseconds
│   percent_complete = 0.1%
│   estimated_sypd = 16.028
│   instantaneous_sypd = 16.264
│   date_now = 2026-07-05T14:17:47.249
└   estimated_finish_date = 2026-07-05T14:18:17.248
┌ Info: Progress
│   simulation_time = 8 minutes
│   n_steps_completed = 16
│   wall_time_per_step = 5 milliseconds, 60 microseconds
│   wall_time_total = 29 seconds, 148 milliseconds
│   wall_time_remaining = 29 seconds, 67 milliseconds
│   wall_time_spent = 80 milliseconds, 966 microseconds
│   percent_complete = 0.3%
│   estimated_sypd = 16.231
│   instantaneous_sypd = 16.439
│   date_now = 2026-07-05T14:17:47.289
└   estimated_finish_date = 2026-07-05T14:18:17.289
┌ Info: Progress
│   simulation_time = 16 minutes
│   n_steps_completed = 32
│   wall_time_per_step = 5 milliseconds, 179 microseconds
│   wall_time_total = 29 seconds, 836 milliseconds
│   wall_time_remaining = 29 seconds, 671 milliseconds
│   wall_time_spent = 165 milliseconds, 759 microseconds
│   percent_complete = 0.6%
│   estimated_sypd = 15.856
│   instantaneous_sypd = 15.499
│   date_now = 2026-07-05T14:17:47.373
└   estimated_finish_date = 2026-07-05T14:18:17.373
┌ Info: Progress
│   simulation_time = 32 minutes
│   n_steps_completed = 64
│   wall_time_per_step = 5 milliseconds, 416 microseconds
│   wall_time_total = 31 seconds, 199 milliseconds
│   wall_time_remaining = 30 seconds, 852 milliseconds
│   wall_time_spent = 346 milliseconds, 660 microseconds
│   percent_complete = 1.1%
│   estimated_sypd = 15.164
│   instantaneous_sypd = 14.529
│   date_now = 2026-07-05T14:17:47.554
└   estimated_finish_date = 2026-07-05T14:18:18.554
┌ Info: Progress
│   simulation_time = 1 hour, 4 minutes
│   n_steps_completed = 128
│   wall_time_per_step = 5 milliseconds, 563 microseconds
│   wall_time_total = 32 seconds, 46 milliseconds
│   wall_time_remaining = 31 seconds, 334 milliseconds
│   wall_time_spent = 712 milliseconds, 139 microseconds
│   percent_complete = 2.2%
│   estimated_sypd = 14.763
│   instantaneous_sypd = 14.383
│   date_now = 2026-07-05T14:17:47.920
└   estimated_finish_date = 2026-07-05T14:18:19.920
┌ Info: Progress
│   simulation_time = 2 hours, 8 minutes
│   n_steps_completed = 256
│   wall_time_per_step = 5 milliseconds, 352 microseconds
│   wall_time_total = 30 seconds, 830 milliseconds
│   wall_time_remaining = 29 seconds, 459 milliseconds
│   wall_time_spent = 1 second, 370 milliseconds
│   percent_complete = 4.4%
│   estimated_sypd = 15.345
│   instantaneous_sypd = 15.976
│   date_now = 2026-07-05T14:17:48.578
└   estimated_finish_date = 2026-07-05T14:18:18.578
┌ Info: Progress
│   simulation_time = 4 hours, 16 minutes
│   n_steps_completed = 512
│   wall_time_per_step = 5 milliseconds, 204 microseconds
│   wall_time_total = 29 seconds, 980 milliseconds
│   wall_time_remaining = 27 seconds, 315 milliseconds
│   wall_time_spent = 2 seconds, 664 milliseconds
│   percent_complete = 8.9%
│   estimated_sypd = 15.78
│   instantaneous_sypd = 16.241
│   date_now = 2026-07-05T14:17:49.872
└   estimated_finish_date = 2026-07-05T14:18:17.872
┌ Info: Progress
│   simulation_time = 6 hours, 40 minutes
│   n_steps_completed = 801
│   wall_time_per_step = 5 milliseconds, 247 microseconds
│   wall_time_total = 30 seconds, 224 milliseconds
│   wall_time_remaining = 26 seconds, 21 milliseconds
│   wall_time_spent = 4 seconds, 203 milliseconds
│   percent_complete = 13.9%
│   estimated_sypd = 15.653
│   instantaneous_sypd = 15.431
│   date_now = 2026-07-05T14:17:51.411
└   estimated_finish_date = 2026-07-05T14:18:18.411
┌ Info: Progress
│   simulation_time = 8 hours, 32 minutes
│   n_steps_completed = 1024
│   wall_time_per_step = 5 milliseconds, 277 microseconds
│   wall_time_total = 30 seconds, 399 milliseconds
│   wall_time_remaining = 24 seconds, 995 milliseconds
│   wall_time_spent = 5 seconds, 404 milliseconds
│   percent_complete = 17.8%
│   estimated_sypd = 15.563
│   instantaneous_sypd = 15.248
│   date_now = 2026-07-05T14:17:52.612
└   estimated_finish_date = 2026-07-05T14:18:17.612
┌ Info: Progress
│   simulation_time = 10 hours, 56 minutes
│   n_steps_completed = 1313
│   wall_time_per_step = 5 milliseconds, 284 microseconds
│   wall_time_total = 30 seconds, 440 milliseconds
│   wall_time_remaining = 23 seconds, 501 milliseconds
│   wall_time_spent = 6 seconds, 939 milliseconds
│   percent_complete = 22.8%
│   estimated_sypd = 15.542
│   instantaneous_sypd = 15.467
│   date_now = 2026-07-05T14:17:54.147
└   estimated_finish_date = 2026-07-05T14:18:18.147
┌ Info: Progress
│   simulation_time = 13 hours, 21 minutes
│   n_steps_completed = 1602
│   wall_time_per_step = 5 milliseconds, 355 microseconds
│   wall_time_total = 30 seconds, 846 milliseconds
│   wall_time_remaining = 22 seconds, 266 milliseconds
│   wall_time_spent = 8 seconds, 579 milliseconds
│   percent_complete = 27.8%
│   estimated_sypd = 15.337
│   instantaneous_sypd = 14.474
│   date_now = 2026-07-05T14:17:55.787
└   estimated_finish_date = 2026-07-05T14:18:18.787
┌ Info: Progress
│   simulation_time = 15 hours, 45 minutes
│   n_steps_completed = 1891
│   wall_time_per_step = 5 milliseconds, 458 microseconds
│   wall_time_total = 31 seconds, 443 milliseconds
│   wall_time_remaining = 21 seconds, 120 milliseconds
│   wall_time_spent = 10 seconds, 322 milliseconds
│   percent_complete = 32.8%
│   estimated_sypd = 15.046
│   instantaneous_sypd = 13.612
│   date_now = 2026-07-05T14:17:57.530
└   estimated_finish_date = 2026-07-05T14:18:19.530
┌ Info: Progress
│   simulation_time = 17 hours, 4 minutes
│   n_steps_completed = 2048
│   wall_time_per_step = 5 milliseconds, 565 microseconds
│   wall_time_total = 32 seconds, 59 milliseconds
│   wall_time_remaining = 20 seconds, 660 milliseconds
│   wall_time_spent = 11 seconds, 398 milliseconds
│   percent_complete = 35.6%
│   estimated_sypd = 14.757
│   instantaneous_sypd = 11.984
│   date_now = 2026-07-05T14:17:58.607
└   estimated_finish_date = 2026-07-05T14:18:19.607
┌ Info: Progress
│   simulation_time = 19 hours, 28 minutes
│   n_steps_completed = 2337
│   wall_time_per_step = 5 milliseconds, 701 microseconds
│   wall_time_total = 32 seconds, 841 milliseconds
│   wall_time_remaining = 19 seconds, 516 milliseconds
│   wall_time_spent = 13 seconds, 324 milliseconds
│   percent_complete = 40.6%
│   estimated_sypd = 14.405
│   instantaneous_sypd = 12.325
│   date_now = 2026-07-05T14:18:00.532
└   estimated_finish_date = 2026-07-05T14:18:20.532
┌ Info: Progress
│   simulation_time = 21 hours, 53 minutes
│   n_steps_completed = 2626
│   wall_time_per_step = 5 milliseconds, 787 microseconds
│   wall_time_total = 33 seconds, 333 milliseconds
│   wall_time_remaining = 18 seconds, 136 milliseconds
│   wall_time_spent = 15 seconds, 196 milliseconds
│   percent_complete = 45.6%
│   estimated_sypd = 14.193
│   instantaneous_sypd = 12.681
│   date_now = 2026-07-05T14:18:02.404
└   estimated_finish_date = 2026-07-05T14:18:21.404
┌ Info: Progress
│   simulation_time = 1 day, 17 minutes
│   n_steps_completed = 2915
│   wall_time_per_step = 5 milliseconds, 904 microseconds
│   wall_time_total = 34 seconds, 7 milliseconds
│   wall_time_remaining = 16 seconds, 797 milliseconds
│   wall_time_spent = 17 seconds, 210 milliseconds
│   percent_complete = 50.6%
│   estimated_sypd = 13.911
│   instantaneous_sypd = 11.787
│   date_now = 2026-07-05T14:18:04.418
└   estimated_finish_date = 2026-07-05T14:18:21.418
┌ Info: Progress
│   simulation_time = 1 day, 2 hours
│   n_steps_completed = 3204
│   wall_time_per_step = 6 milliseconds, 42 microseconds
│   wall_time_total = 34 seconds, 802 milliseconds
│   wall_time_remaining = 15 seconds, 443 milliseconds
│   wall_time_spent = 19 seconds, 358 milliseconds
│   percent_complete = 55.6%
│   estimated_sypd = 13.594
│   instantaneous_sypd = 11.05
│   date_now = 2026-07-05T14:18:06.567
└   estimated_finish_date = 2026-07-05T14:18:22.567
┌ Info: Progress
│   simulation_time = 1 day, 5 hours
│   n_steps_completed = 3493
│   wall_time_per_step = 6 milliseconds, 109 microseconds
│   wall_time_total = 35 seconds, 188 milliseconds
│   wall_time_remaining = 13 seconds, 849 milliseconds
│   wall_time_spent = 21 seconds, 338 milliseconds
│   percent_complete = 60.6%
│   estimated_sypd = 13.445
│   instantaneous_sypd = 11.988
│   date_now = 2026-07-05T14:18:08.547
└   estimated_finish_date = 2026-07-05T14:18:22.547
┌ Info: Progress
│   simulation_time = 1 day, 7 hours
│   n_steps_completed = 3782
│   wall_time_per_step = 6 milliseconds, 183 microseconds
│   wall_time_total = 35 seconds, 615 milliseconds
│   wall_time_remaining = 12 seconds, 230 milliseconds
│   wall_time_spent = 23 seconds, 385 milliseconds
│   percent_complete = 65.7%
│   estimated_sypd = 13.284
│   instantaneous_sypd = 11.601
│   date_now = 2026-07-05T14:18:10.593
└   estimated_finish_date = 2026-07-05T14:18:23.593
┌ Info: Progress
│   simulation_time = 1 day, 9 hours
│   n_steps_completed = 4071
│   wall_time_per_step = 6 milliseconds, 249 microseconds
│   wall_time_total = 35 seconds, 998 milliseconds
│   wall_time_remaining = 10 seconds, 555 milliseconds
│   wall_time_spent = 25 seconds, 442 milliseconds
│   percent_complete = 70.7%
│   estimated_sypd = 13.142
│   instantaneous_sypd = 11.538
│   date_now = 2026-07-05T14:18:12.650
└   estimated_finish_date = 2026-07-05T14:18:23.650
┌ Info: Progress
│   simulation_time = 1 day, 10 hours
│   n_steps_completed = 4096
│   wall_time_per_step = 6 milliseconds, 265 microseconds
│   wall_time_total = 36 seconds, 89 milliseconds
│   wall_time_remaining = 10 seconds, 425 milliseconds
│   wall_time_spent = 25 seconds, 663 milliseconds
│   percent_complete = 71.1%
│   estimated_sypd = 13.109
│   instantaneous_sypd = 9.267
│   date_now = 2026-07-05T14:18:12.872
└   estimated_finish_date = 2026-07-05T14:18:23.872
┌ Info: Progress
│   simulation_time = 1 day, 12 hours
│   n_steps_completed = 4385
│   wall_time_per_step = 6 milliseconds, 334 microseconds
│   wall_time_total = 36 seconds, 486 milliseconds
│   wall_time_remaining = 8 seconds, 709 milliseconds
│   wall_time_spent = 27 seconds, 776 milliseconds
│   percent_complete = 76.1%
│   estimated_sypd = 12.967
│   instantaneous_sypd = 11.237
│   date_now = 2026-07-05T14:18:14.984
└   estimated_finish_date = 2026-07-05T14:18:23.984
┌ Info: Progress
│   simulation_time = 1 day, 14 hours
│   n_steps_completed = 4674
│   wall_time_per_step = 6 milliseconds, 374 microseconds
│   wall_time_total = 36 seconds, 716 milliseconds
│   wall_time_remaining = 6 seconds, 922 milliseconds
│   wall_time_spent = 29 seconds, 794 milliseconds
│   percent_complete = 81.1%
│   estimated_sypd = 12.885
│   instantaneous_sypd = 11.763
│   date_now = 2026-07-05T14:18:17.003
└   estimated_finish_date = 2026-07-05T14:18:24.002
┌ Info: Progress
│   simulation_time = 1 day, 17 hours
│   n_steps_completed = 4963
│   wall_time_per_step = 6 milliseconds, 393 microseconds
│   wall_time_total = 36 seconds, 825 milliseconds
│   wall_time_remaining = 5 seconds, 95 milliseconds
│   wall_time_spent = 31 seconds, 729 milliseconds
│   percent_complete = 86.2%
│   estimated_sypd = 12.847
│   instantaneous_sypd = 12.262
│   date_now = 2026-07-05T14:18:18.938
└   estimated_finish_date = 2026-07-05T14:18:24.938
┌ Info: Progress
│   simulation_time = 1 day, 19 hours
│   n_steps_completed = 5252
│   wall_time_per_step = 6 milliseconds, 427 microseconds
│   wall_time_total = 37 seconds, 23 milliseconds
│   wall_time_remaining = 3 seconds, 265 milliseconds
│   wall_time_spent = 33 seconds, 758 milliseconds
│   percent_complete = 91.2%
│   estimated_sypd = 12.778
│   instantaneous_sypd = 11.704
│   date_now = 2026-07-05T14:18:20.966
└   estimated_finish_date = 2026-07-05T14:18:24.966
┌ Info: Progress
│   simulation_time = 1 day, 22 hours
│   n_steps_completed = 5541
│   wall_time_per_step = 6 milliseconds, 442 microseconds
│   wall_time_total = 37 seconds, 106 milliseconds
│   wall_time_remaining = 1 second, 410 milliseconds
│   wall_time_spent = 35 seconds, 695 milliseconds
│   percent_complete = 96.2%
│   estimated_sypd = 12.75
│   instantaneous_sypd = 12.251
│   date_now = 2026-07-05T14:18:22.903
└   estimated_finish_date = 2026-07-05T14:18:24.903
[ Info: solve! walltime = 37.331
[ Info: sypd: 12.682
[ Info: wall_time_per_timestep: 6 milliseconds, 481 microseconds
[ Info: Memory currently used (after solve!) by the process (RSS): 8.98 GiB
[ Info: Completed member 10
┌ Info: Making AtmosConfig with config files: 
│      /home/jeff/larcform1-experiments/ClimaAtmos.jl/src/config/../../config/default_configs/default_config.yml
└   
┌ Info: numerics 
│          `energy_q_tot_upwinding`::`Val{:vanleer_limiter}`
│                `tracer_upwinding`::`Val{:vanleer_limiter}`
│       `edmfx_mse_q_tot_upwinding`::`Val{:first_order}`
│         `edmfx_sgsflux_upwinding`::`Val{:none}`
│          `edmfx_tracer_upwinding`::`Val{:first_order}`
│         `test_dycore_consistency`::`Nothing`
│            `reproducible_restart`::`Nothing`
│                         `limiter`::`Nothing`
│                       `diff_mode`::`ClimaAtmos.Implicit`
│                       `hyperdiff`::`Nothing`
└   
┌ Info: AtmosModel: 
│   
│                               `water`::`ClimaAtmos.AtmosWater{ClimaAtmos.NonEquilibriumMicrophysics1M, ClimaAtmos.QuadratureCloud, ClimaAtmos.Implicit, Nothing, ClimaAtmos.SGSQuadrature{3, StaticArraysCore.SVector{3, Float32}, StaticArraysCore.SVector{3, Float32}, ClimaAtmos.GaussianSGS, Float32}, ClimaAtmos.FixedTerminalVelocity{Float32}}`
│                           `scm_setup`::`ClimaAtmos.SCMSetup{Nothing, Nothing, Nothing, Bool, @NamedTuple{prof_ug::AtmosphericProfilesLibrary.ZProfile{AtmosphericProfilesLibrary.var"#Larcform1_geostrophic_u##0#Larcform1_geostrophic_u##1"{Float32}}, prof_vg::AtmosphericProfilesLibrary.ZProfile{Returns{Float32}}, coriolis_param::Float32}}`
│                           `radiation`::`ClimaAtmos.AtmosRadiation{ClimaAtmos.RRTMGPInterface.AllSkyRadiationWithClearSkyDiagnostics{ClimaAtmos.InteractiveCloudInRadiation}, ClimaAtmos.Larcform1Insolation}`
│                            `turbconv`::`ClimaAtmos.AtmosTurbconv{ClimaAtmos.EDMFXModel{ClimaAtmos.InvZEntrainment, ClimaAtmos.BuoyancyVelocityDetrainment, Val{true}, Val{true}, Val{true}, Val{true}, Val{true}, ClimaAtmos.SmoothMinimumBlending}, ClimaAtmos.PrognosticEDMFX{1, true, Float32}, Nothing, Nothing, Nothing}`
│                     `prescribed_flow`::`Nothing`
│                        `gravity_wave`::`ClimaAtmos.AtmosGravityWave{Nothing, Nothing}`
│                  `vertical_diffusion`::`Nothing`
│                              `sponge`::`ClimaAtmos.AtmosSponge{Nothing, Nothing}`
│                             `surface`::`ClimaAtmos.AtmosSurface{ClimaAtmos.SurfaceConditions.MoninObukhov{Float32, Nothing, Nothing}, ClimaAtmos.SurfaceConditions.SlabOceanTemperature{Float32}, ClimaAtmos.SurfaceConditions.SurfaceBoundaryOverrides{Float32, Float32, Nothing, Nothing, Nothing, Nothing}, ClimaAtmos.ConstantAlbedo{Float32}}`
│                            `numerics`::`ClimaAtmos.AtmosNumerics{Val{:vanleer_limiter}, Val{:vanleer_limiter}, Val{:first_order}, Val{:none}, Val{:first_order}, Nothing, Nothing, Nothing, ClimaAtmos.Implicit, Nothing}`
│                           `chemistry`::`ClimaAtmos.AtmosChem{Nothing}`
└   
┌ Info: Microphysics settings: 
│                          `n_substeps`::`3`
│                     `n_substeps_quad`::`2`
│              `cloud_liquid_formation`::`CloudLiquidFormation`
│                 `cloud_ice_formation`::`TemperatureDependent`
│                      `cloud_ice_melt`::`CloudIceMelt`
│                 `rain_autoconversion`::`Kessler1M`
│                 `snow_autoconversion`::`NoSupersaturation`
│       `rain_condensation_evaporation`::`RainEvaporation`
│         `snow_deposition_sublimation`::`DepositionAndSublimation`
│                           `snow_melt`::`SnowMelt`
│         `cloud_liquid_rain_accretion`::`CloudLiquidRainAccretion`
│         `cloud_liquid_snow_accretion`::`CloudLiquidSnowAccretion`
│            `cloud_ice_rain_accretion`::`CloudIceRainAccretion`
│            `cloud_ice_snow_accretion`::`CloudIceSnowAccretion`
│                 `rain_snow_accretion`::`RainSnowAccretion`
└   
[ Info: Single-process ClimaAtmos run on CPUSingleThreaded
[ Info: Using ODE config: `ClimaTimeSteppers.ARS222`
[ Info: Initialized state (179.295 μs, 7.76 KiB)
[ Info: Built cache (264.829 ms, 172.6 MiB)
[ Info: Assembled callbacks (218.246 μs, 17.42 KiB)
┌ Info: Jacobian algorithm: ManualSparseJacobian(
│     approximate_solve_iters = 2,
└   )
[ Info: Jacobian derivative flags: topography_flag = IgnoreDerivative, diffusion_flag = UseDerivative
[ Info: Built tendency function (406.16 μs, 201.06 KiB)
[ Info: Initialized integrator (9.077 ms, 169.03 KiB)
[ Info: Added 7 user-provided YAML-style diagnostics
[ Info: Saving accumulated diagnostics to disk with frequency: 1 hour
[ Info: Set up diagnostics (898.388 μs, 103.66 KiB)
[ Info: Initialized 7 total diagnostics
