┌ Info: Simulation info
│   job_id = lf1e_clw_cal_member
└   output_dir = /home/jeff/larcform1-experiments/experiments/clw calibration/output/smoke6/iteration_001/member_008/output_0000
┌ Info: Running
│   job_id = lf1e_clw_cal_member
│   output_dir = /home/jeff/larcform1-experiments/experiments/clw calibration/output/smoke6/iteration_001/member_008/output_0000
└   tspan = (0.0 seconds (2010-01-01T00:00:00) [counter = 0, period = 1 second, epoch = 2010-01-01T00:00:00], 172800.0 seconds (2010-01-03T00:00:00) [counter = 172800, period = 1 second, epoch = 2010-01-01T00:00:00])
┌ Info: Progress
│   simulation_time = 30 seconds
│   n_steps_completed = 1
│   wall_time_per_step = 0 seconds
│   wall_time_total = 0 seconds
│   wall_time_remaining = 0 seconds
│   wall_time_spent = 0 seconds
│   percent_complete = 0.0%
│   estimated_sypd = Inf
│   instantaneous_sypd = 0.0 (sdpd_estimate = 0.0)
│   date_now = 2026-07-05T14:16:26.535
└   estimated_finish_date = 2026-07-05T14:16:26.535
┌ Info: Progress
│   simulation_time = 1 minute
│   n_steps_completed = 2
│   wall_time_per_step = 0 seconds
│   wall_time_total = 0 seconds
│   wall_time_remaining = 0 seconds
│   wall_time_spent = 0 seconds
│   percent_complete = 0.0%
│   estimated_sypd = Inf
│   instantaneous_sypd = 0.019
│   date_now = 2026-07-05T14:16:30.792
└   estimated_finish_date = 2026-07-05T14:16:30.791
┌ Info: Progress
│   simulation_time = 2 minutes
│   n_steps_completed = 4
│   wall_time_per_step = 4 milliseconds, 846 microseconds
│   wall_time_total = 27 seconds, 918 milliseconds
│   wall_time_remaining = 27 seconds, 898 milliseconds
│   wall_time_spent = 19 milliseconds, 387 microseconds
│   percent_complete = 0.1%
│   estimated_sypd = 16.946
│   instantaneous_sypd = 16.946
│   date_now = 2026-07-05T14:16:30.801
└   estimated_finish_date = 2026-07-05T14:16:58.801
┌ Info: Progress
│   simulation_time = 4 minutes
│   n_steps_completed = 8
│   wall_time_per_step = 4 milliseconds, 507 microseconds
│   wall_time_total = 25 seconds, 964 milliseconds
│   wall_time_remaining = 25 seconds, 928 milliseconds
│   wall_time_spent = 36 milliseconds, 61 microseconds
│   percent_complete = 0.1%
│   estimated_sypd = 18.221
│   instantaneous_sypd = 19.704
│   date_now = 2026-07-05T14:16:30.818
└   estimated_finish_date = 2026-07-05T14:16:56.818
┌ Info: Progress
│   simulation_time = 8 minutes
│   n_steps_completed = 16
│   wall_time_per_step = 4 milliseconds, 206 microseconds
│   wall_time_total = 24 seconds, 228 milliseconds
│   wall_time_remaining = 24 seconds, 161 milliseconds
│   wall_time_spent = 67 milliseconds, 301 microseconds
│   percent_complete = 0.3%
│   estimated_sypd = 19.527
│   instantaneous_sypd = 21.033
│   date_now = 2026-07-05T14:16:30.849
└   estimated_finish_date = 2026-07-05T14:16:55.849
┌ Info: Progress
│   simulation_time = 16 minutes
│   n_steps_completed = 32
│   wall_time_per_step = 4 milliseconds, 8 microseconds
│   wall_time_total = 23 seconds, 91 milliseconds
│   wall_time_remaining = 22 seconds, 963 milliseconds
│   wall_time_spent = 128 milliseconds, 287 microseconds
│   percent_complete = 0.6%
│   estimated_sypd = 20.488
│   instantaneous_sypd = 21.549
│   date_now = 2026-07-05T14:16:30.910
└   estimated_finish_date = 2026-07-05T14:16:53.910
┌ Info: Progress
│   simulation_time = 32 minutes
│   n_steps_completed = 64
│   wall_time_per_step = 4 milliseconds, 31 microseconds
│   wall_time_total = 23 seconds, 220 milliseconds
│   wall_time_remaining = 22 seconds, 962 milliseconds
│   wall_time_spent = 258 milliseconds, 3 microseconds
│   percent_complete = 1.1%
│   estimated_sypd = 20.374
│   instantaneous_sypd = 20.262
│   date_now = 2026-07-05T14:16:31.040
└   estimated_finish_date = 2026-07-05T14:16:54.040
┌ Info: Progress
│   simulation_time = 1 hour, 4 minutes
│   n_steps_completed = 128
│   wall_time_per_step = 4 milliseconds, 350 microseconds
│   wall_time_total = 25 seconds, 59 milliseconds
│   wall_time_remaining = 24 seconds, 502 milliseconds
│   wall_time_spent = 556 milliseconds, 874 microseconds
│   percent_complete = 2.2%
│   estimated_sypd = 18.879
│   instantaneous_sypd = 17.588
│   date_now = 2026-07-05T14:16:31.339
└   estimated_finish_date = 2026-07-05T14:16:56.339
┌ Info: Progress
│   simulation_time = 2 hours, 8 minutes
│   n_steps_completed = 256
│   wall_time_per_step = 4 milliseconds, 243 microseconds
│   wall_time_total = 24 seconds, 444 milliseconds
│   wall_time_remaining = 23 seconds, 358 milliseconds
│   wall_time_spent = 1 second, 86 milliseconds
│   percent_complete = 4.4%
│   estimated_sypd = 19.354
│   instantaneous_sypd = 19.853
│   date_now = 2026-07-05T14:16:31.868
└   estimated_finish_date = 2026-07-05T14:16:55.868
┌ Info: Progress
│   simulation_time = 4 hours, 16 minutes
│   n_steps_completed = 512
│   wall_time_per_step = 4 milliseconds, 221 microseconds
│   wall_time_total = 24 seconds, 317 milliseconds
│   wall_time_remaining = 22 seconds, 155 milliseconds
│   wall_time_spent = 2 seconds, 161 milliseconds
│   percent_complete = 8.9%
│   estimated_sypd = 19.455
│   instantaneous_sypd = 19.557
│   date_now = 2026-07-05T14:16:32.943
└   estimated_finish_date = 2026-07-05T14:16:55.943
┌ Info: Progress
│   simulation_time = 6 hours, 40 minutes
│   n_steps_completed = 801
│   wall_time_per_step = 4 milliseconds, 286 microseconds
│   wall_time_total = 24 seconds, 691 milliseconds
│   wall_time_remaining = 21 seconds, 257 milliseconds
│   wall_time_spent = 3 seconds, 433 milliseconds
│   percent_complete = 13.9%
│   estimated_sypd = 19.161
│   instantaneous_sypd = 18.66
│   date_now = 2026-07-05T14:16:34.215
└   estimated_finish_date = 2026-07-05T14:16:56.215
┌ Info: Progress
│   simulation_time = 8 hours, 32 minutes
│   n_steps_completed = 1024
│   wall_time_per_step = 4 milliseconds, 352 microseconds
│   wall_time_total = 25 seconds, 71 milliseconds
│   wall_time_remaining = 20 seconds, 614 milliseconds
│   wall_time_spent = 4 seconds, 457 milliseconds
│   percent_complete = 17.8%
│   estimated_sypd = 18.87
│   instantaneous_sypd = 17.895
│   date_now = 2026-07-05T14:16:35.239
└   estimated_finish_date = 2026-07-05T14:16:56.239
┌ Info: Progress
│   simulation_time = 10 hours, 56 minutes
│   n_steps_completed = 1313
│   wall_time_per_step = 4 milliseconds, 428 microseconds
│   wall_time_total = 25 seconds, 505 milliseconds
│   wall_time_remaining = 19 seconds, 691 milliseconds
│   wall_time_spent = 5 seconds, 814 milliseconds
│   percent_complete = 22.8%
│   estimated_sypd = 18.549
│   instantaneous_sypd = 17.494
│   date_now = 2026-07-05T14:16:36.596
└   estimated_finish_date = 2026-07-05T14:16:56.596
┌ Info: Progress
│   simulation_time = 13 hours, 21 minutes
│   n_steps_completed = 1602
│   wall_time_per_step = 4 milliseconds, 531 microseconds
│   wall_time_total = 26 seconds, 99 milliseconds
│   wall_time_remaining = 18 seconds, 840 milliseconds
│   wall_time_spent = 7 seconds, 259 milliseconds
│   percent_complete = 27.8%
│   estimated_sypd = 18.127
│   instantaneous_sypd = 16.427
│   date_now = 2026-07-05T14:16:38.041
└   estimated_finish_date = 2026-07-05T14:16:57.041
┌ Info: Progress
│   simulation_time = 15 hours, 45 minutes
│   n_steps_completed = 1891
│   wall_time_per_step = 4 milliseconds, 645 microseconds
│   wall_time_total = 26 seconds, 755 milliseconds
│   wall_time_remaining = 17 seconds, 971 milliseconds
│   wall_time_spent = 8 seconds, 783 milliseconds
│   percent_complete = 32.8%
│   estimated_sypd = 17.682
│   instantaneous_sypd = 15.566
│   date_now = 2026-07-05T14:16:39.566
└   estimated_finish_date = 2026-07-05T14:16:57.566
┌ Info: Progress
│   simulation_time = 17 hours, 4 minutes
│   n_steps_completed = 2048
│   wall_time_per_step = 4 milliseconds, 712 microseconds
│   wall_time_total = 27 seconds, 144 milliseconds
│   wall_time_remaining = 17 seconds, 492 milliseconds
│   wall_time_spent = 9 seconds, 651 milliseconds
│   percent_complete = 35.6%
│   estimated_sypd = 17.429
│   instantaneous_sypd = 14.867
│   date_now = 2026-07-05T14:16:40.433
└   estimated_finish_date = 2026-07-05T14:16:58.433
┌ Info: Progress
│   simulation_time = 19 hours, 28 minutes
│   n_steps_completed = 2337
│   wall_time_per_step = 4 milliseconds, 798 microseconds
│   wall_time_total = 27 seconds, 641 milliseconds
│   wall_time_remaining = 16 seconds, 426 milliseconds
│   wall_time_spent = 11 seconds, 215 milliseconds
│   percent_complete = 40.6%
│   estimated_sypd = 17.116
│   instantaneous_sypd = 15.18
│   date_now = 2026-07-05T14:16:41.997
└   estimated_finish_date = 2026-07-05T14:16:58.997
┌ Info: Progress
│   simulation_time = 21 hours, 53 minutes
│   n_steps_completed = 2626
│   wall_time_per_step = 4 milliseconds, 868 microseconds
│   wall_time_total = 28 seconds, 43 milliseconds
│   wall_time_remaining = 15 seconds, 258 milliseconds
│   wall_time_spent = 12 seconds, 785 milliseconds
│   percent_complete = 45.6%
│   estimated_sypd = 16.87
│   instantaneous_sypd = 15.117
│   date_now = 2026-07-05T14:16:43.567
└   estimated_finish_date = 2026-07-05T14:16:59.567
┌ Info: Progress
│   simulation_time = 1 day, 17 minutes
│   n_steps_completed = 2915
│   wall_time_per_step = 4 milliseconds, 976 microseconds
│   wall_time_total = 28 seconds, 664 milliseconds
│   wall_time_remaining = 14 seconds, 158 milliseconds
│   wall_time_spent = 14 seconds, 506 milliseconds
│   percent_complete = 50.6%
│   estimated_sypd = 16.505
│   instantaneous_sypd = 13.791
│   date_now = 2026-07-05T14:16:45.288
└   estimated_finish_date = 2026-07-05T14:17:00.288
┌ Info: Progress
│   simulation_time = 1 day, 2 hours
│   n_steps_completed = 3204
│   wall_time_per_step = 5 milliseconds, 21 microseconds
│   wall_time_total = 28 seconds, 924 milliseconds
│   wall_time_remaining = 12 seconds, 835 milliseconds
│   wall_time_spent = 16 seconds, 89 milliseconds
│   percent_complete = 55.6%
│   estimated_sypd = 16.356
│   instantaneous_sypd = 14.995
│   date_now = 2026-07-05T14:16:46.871
└   estimated_finish_date = 2026-07-05T14:16:59.871
┌ Info: Progress
│   simulation_time = 1 day, 5 hours
│   n_steps_completed = 3493
│   wall_time_per_step = 5 milliseconds, 87 microseconds
│   wall_time_total = 29 seconds, 306 milliseconds
│   wall_time_remaining = 11 seconds, 534 milliseconds
│   wall_time_spent = 17 seconds, 771 milliseconds
│   percent_complete = 60.6%
│   estimated_sypd = 16.143
│   instantaneous_sypd = 14.107
│   date_now = 2026-07-05T14:16:48.554
└   estimated_finish_date = 2026-07-05T14:17:00.554
┌ Info: Progress
│   simulation_time = 1 day, 7 hours
│   n_steps_completed = 3782
│   wall_time_per_step = 5 milliseconds, 150 microseconds
│   wall_time_total = 29 seconds, 666 milliseconds
│   wall_time_remaining = 10 seconds, 187 milliseconds
│   wall_time_spent = 19 seconds, 478 milliseconds
│   percent_complete = 65.7%
│   estimated_sypd = 15.947
│   instantaneous_sypd = 13.907
│   date_now = 2026-07-05T14:16:50.261
└   estimated_finish_date = 2026-07-05T14:17:01.261
┌ Info: Progress
│   simulation_time = 1 day, 9 hours
│   n_steps_completed = 4071
│   wall_time_per_step = 5 milliseconds, 222 microseconds
│   wall_time_total = 30 seconds, 83 milliseconds
│   wall_time_remaining = 8 seconds, 821 milliseconds
│   wall_time_spent = 21 seconds, 262 milliseconds
│   percent_complete = 70.7%
│   estimated_sypd = 15.726
│   instantaneous_sypd = 13.308
│   date_now = 2026-07-05T14:16:52.044
└   estimated_finish_date = 2026-07-05T14:17:01.044
┌ Info: Progress
│   simulation_time = 1 day, 10 hours
│   n_steps_completed = 4096
│   wall_time_per_step = 5 milliseconds, 230 microseconds
│   wall_time_total = 30 seconds, 129 milliseconds
│   wall_time_remaining = 8 seconds, 704 milliseconds
│   wall_time_spent = 21 seconds, 425 milliseconds
│   percent_complete = 71.1%
│   estimated_sypd = 15.702
│   instantaneous_sypd = 12.569
│   date_now = 2026-07-05T14:16:52.208
└   estimated_finish_date = 2026-07-05T14:17:01.208
┌ Info: Progress
│   simulation_time = 1 day, 12 hours
│   n_steps_completed = 4385
│   wall_time_per_step = 5 milliseconds, 300 microseconds
│   wall_time_total = 30 seconds, 529 milliseconds
│   wall_time_remaining = 7 seconds, 287 milliseconds
│   wall_time_spent = 23 seconds, 241 milliseconds
│   percent_complete = 76.1%
│   estimated_sypd = 15.497
│   instantaneous_sypd = 13.074
│   date_now = 2026-07-05T14:16:54.023
└   estimated_finish_date = 2026-07-05T14:17:02.023
┌ Info: Progress
│   simulation_time = 1 day, 14 hours
│   n_steps_completed = 4674
│   wall_time_per_step = 5 milliseconds, 369 microseconds
│   wall_time_total = 30 seconds, 930 milliseconds
│   wall_time_remaining = 5 seconds, 831 milliseconds
│   wall_time_spent = 25 seconds, 98 milliseconds
│   percent_complete = 81.1%
│   estimated_sypd = 15.296
│   instantaneous_sypd = 12.782
│   date_now = 2026-07-05T14:16:55.880
└   estimated_finish_date = 2026-07-05T14:17:01.880
┌ Info: Progress
│   simulation_time = 1 day, 17 hours
│   n_steps_completed = 4963
│   wall_time_per_step = 5 milliseconds, 477 microseconds
│   wall_time_total = 31 seconds, 549 milliseconds
│   wall_time_remaining = 4 seconds, 365 milliseconds
│   wall_time_spent = 27 seconds, 184 milliseconds
│   percent_complete = 86.2%
│   estimated_sypd = 14.995
│   instantaneous_sypd = 11.38
│   date_now = 2026-07-05T14:16:57.966
└   estimated_finish_date = 2026-07-05T14:17:02.966
┌ Info: Progress
│   simulation_time = 1 day, 19 hours
│   n_steps_completed = 5252
│   wall_time_per_step = 5 milliseconds, 577 microseconds
│   wall_time_total = 32 seconds, 127 milliseconds
│   wall_time_remaining = 2 seconds, 833 milliseconds
│   wall_time_spent = 29 seconds, 294 milliseconds
│   percent_complete = 91.2%
│   estimated_sypd = 14.726
│   instantaneous_sypd = 11.251
│   date_now = 2026-07-05T14:17:00.076
└   estimated_finish_date = 2026-07-05T14:17:03.076
┌ Info: Progress
│   simulation_time = 1 day, 22 hours
│   n_steps_completed = 5541
│   wall_time_per_step = 5 milliseconds, 656 microseconds
│   wall_time_total = 32 seconds, 582 milliseconds
│   wall_time_remaining = 1 second, 238 milliseconds
│   wall_time_spent = 31 seconds, 343 milliseconds
│   percent_complete = 96.2%
│   estimated_sypd = 14.52
│   instantaneous_sypd = 11.583
│   date_now = 2026-07-05T14:17:02.125
└   estimated_finish_date = 2026-07-05T14:17:04.125
[ Info: solve! walltime = 32.954
[ Info: sypd: 14.366
[ Info: wall_time_per_timestep: 5 milliseconds, 721 microseconds
[ Info: Memory currently used (after solve!) by the process (RSS): 8.98 GiB
[ Info: Completed member 8
┌ Info: Making AtmosConfig with config files: 
│      /home/jeff/larcform1-experiments/ClimaAtmos.jl/src/config/../../config/default_configs/default_config.yml
└   
┌ Info: numerics 
│          `energy_q_tot_upwinding`::`Val{:vanleer_limiter}`
│                `tracer_upwinding`::`Val{:vanleer_limiter}`
│       `edmfx_mse_q_tot_upwinding`::`Val{:first_order}`
│         `edmfx_sgsflux_upwinding`::`Val{:none}`
│          `edmfx_tracer_upwinding`::`Val{:first_order}`
│         `test_dycore_consistency`::`Nothing`
│            `reproducible_restart`::`Nothing`
│                         `limiter`::`Nothing`
│                       `diff_mode`::`ClimaAtmos.Implicit`
│                       `hyperdiff`::`Nothing`
└   
┌ Info: AtmosModel: 
│   
│                               `water`::`ClimaAtmos.AtmosWater{ClimaAtmos.NonEquilibriumMicrophysics1M, ClimaAtmos.QuadratureCloud, ClimaAtmos.Implicit, Nothing, ClimaAtmos.SGSQuadrature{3, StaticArraysCore.SVector{3, Float32}, StaticArraysCore.SVector{3, Float32}, ClimaAtmos.GaussianSGS, Float32}, ClimaAtmos.FixedTerminalVelocity{Float32}}`
│                           `scm_setup`::`ClimaAtmos.SCMSetup{Nothing, Nothing, Nothing, Bool, @NamedTuple{prof_ug::AtmosphericProfilesLibrary.ZProfile{AtmosphericProfilesLibrary.var"#Larcform1_geostrophic_u##0#Larcform1_geostrophic_u##1"{Float32}}, prof_vg::AtmosphericProfilesLibrary.ZProfile{Returns{Float32}}, coriolis_param::Float32}}`
│                           `radiation`::`ClimaAtmos.AtmosRadiation{ClimaAtmos.RRTMGPInterface.AllSkyRadiationWithClearSkyDiagnostics{ClimaAtmos.InteractiveCloudInRadiation}, ClimaAtmos.Larcform1Insolation}`
│                            `turbconv`::`ClimaAtmos.AtmosTurbconv{ClimaAtmos.EDMFXModel{ClimaAtmos.InvZEntrainment, ClimaAtmos.BuoyancyVelocityDetrainment, Val{true}, Val{true}, Val{true}, Val{true}, Val{true}, ClimaAtmos.SmoothMinimumBlending}, ClimaAtmos.PrognosticEDMFX{1, true, Float32}, Nothing, Nothing, Nothing}`
│                     `prescribed_flow`::`Nothing`
│                        `gravity_wave`::`ClimaAtmos.AtmosGravityWave{Nothing, Nothing}`
│                  `vertical_diffusion`::`Nothing`
│                              `sponge`::`ClimaAtmos.AtmosSponge{Nothing, Nothing}`
│                             `surface`::`ClimaAtmos.AtmosSurface{ClimaAtmos.SurfaceConditions.MoninObukhov{Float32, Nothing, Nothing}, ClimaAtmos.SurfaceConditions.SlabOceanTemperature{Float32}, ClimaAtmos.SurfaceConditions.SurfaceBoundaryOverrides{Float32, Float32, Nothing, Nothing, Nothing, Nothing}, ClimaAtmos.ConstantAlbedo{Float32}}`
│                            `numerics`::`ClimaAtmos.AtmosNumerics{Val{:vanleer_limiter}, Val{:vanleer_limiter}, Val{:first_order}, Val{:none}, Val{:first_order}, Nothing, Nothing, Nothing, ClimaAtmos.Implicit, Nothing}`
│                           `chemistry`::`ClimaAtmos.AtmosChem{Nothing}`
└   
┌ Info: Microphysics settings: 
│                          `n_substeps`::`3`
│                     `n_substeps_quad`::`2`
│              `cloud_liquid_formation`::`CloudLiquidFormation`
│                 `cloud_ice_formation`::`TemperatureDependent`
│                      `cloud_ice_melt`::`CloudIceMelt`
│                 `rain_autoconversion`::`Kessler1M`
│                 `snow_autoconversion`::`NoSupersaturation`
│       `rain_condensation_evaporation`::`RainEvaporation`
│         `snow_deposition_sublimation`::`DepositionAndSublimation`
│                           `snow_melt`::`SnowMelt`
│         `cloud_liquid_rain_accretion`::`CloudLiquidRainAccretion`
│         `cloud_liquid_snow_accretion`::`CloudLiquidSnowAccretion`
│            `cloud_ice_rain_accretion`::`CloudIceRainAccretion`
│            `cloud_ice_snow_accretion`::`CloudIceSnowAccretion`
│                 `rain_snow_accretion`::`RainSnowAccretion`
└   
[ Info: Single-process ClimaAtmos run on CPUSingleThreaded
[ Info: Using ODE config: `ClimaTimeSteppers.ARS222`
[ Info: Initialized state (65.872 μs, 7.76 KiB)
[ Info: Built cache (317.275 ms, 172.6 MiB)
[ Info: Assembled callbacks (161.524 μs, 17.42 KiB)
┌ Info: Jacobian algorithm: ManualSparseJacobian(
│     approximate_solve_iters = 2,
└   )
[ Info: Jacobian derivative flags: topography_flag = IgnoreDerivative, diffusion_flag = UseDerivative
[ Info: Built tendency function (386.4 μs, 201.06 KiB)
[ Info: Initialized integrator (8.957 ms, 169.03 KiB)
[ Info: Added 7 user-provided YAML-style diagnostics
[ Info: Saving accumulated diagnostics to disk with frequency: 1 hour
[ Info: Set up diagnostics (573.105 μs, 103.66 KiB)
[ Info: Initialized 7 total diagnostics
