┌ Info: Simulation info
│   job_id = lf1e_clw1_v7_subltime1000
└   output_dir = experiments/clw sensitivity experiments/output/lf1e-clw-1/v7_subltime1000/output_0000
┌ Info: Running
│   job_id = lf1e_clw1_v7_subltime1000
│   output_dir = experiments/clw sensitivity experiments/output/lf1e-clw-1/v7_subltime1000/output_0000
└   tspan = (0.0 seconds (2010-01-01T00:00:00) [counter = 0, period = 1 second, epoch = 2010-01-01T00:00:00], 172800.0 seconds (2010-01-03T00:00:00) [counter = 172800, period = 1 second, epoch = 2010-01-01T00:00:00])
┌ Info: Progress
│   simulation_time = 30 seconds
│   n_steps_completed = 1
│   wall_time_per_step = 0 seconds
│   wall_time_total = 0 seconds
│   wall_time_remaining = 0 seconds
│   wall_time_spent = 0 seconds
│   percent_complete = 0.0%
│   estimated_sypd = Inf
│   instantaneous_sypd = 0.0 (sdpd_estimate = 0.0)
│   date_now = 2026-07-04T09:01:39.903
└   estimated_finish_date = 2026-07-04T09:01:39.903
┌ Info: Progress
│   simulation_time = 1 minute
│   n_steps_completed = 2
│   wall_time_per_step = 0 seconds
│   wall_time_total = 0 seconds
│   wall_time_remaining = 0 seconds
│   wall_time_spent = 0 seconds
│   percent_complete = 0.0%
│   estimated_sypd = Inf
│   instantaneous_sypd = 0.03
│   date_now = 2026-07-04T09:01:42.656
└   estimated_finish_date = 2026-07-04T09:01:42.656
┌ Info: Progress
│   simulation_time = 2 minutes
│   n_steps_completed = 4
│   wall_time_per_step = 5 milliseconds, 609 microseconds
│   wall_time_total = 32 seconds, 310 milliseconds
│   wall_time_remaining = 32 seconds, 288 milliseconds
│   wall_time_spent = 22 milliseconds, 438 microseconds
│   percent_complete = 0.1%
│   estimated_sypd = 14.642
│   instantaneous_sypd = 14.642
│   date_now = 2026-07-04T09:01:42.667
└   estimated_finish_date = 2026-07-04T09:02:15.667
┌ Info: Progress
│   simulation_time = 4 minutes
│   n_steps_completed = 8
│   wall_time_per_step = 5 milliseconds, 93 microseconds
│   wall_time_total = 29 seconds, 339 milliseconds
│   wall_time_remaining = 29 seconds, 298 milliseconds
│   wall_time_spent = 40 milliseconds, 749 microseconds
│   percent_complete = 0.1%
│   estimated_sypd = 16.125
│   instantaneous_sypd = 17.942
│   date_now = 2026-07-04T09:01:42.686
└   estimated_finish_date = 2026-07-04T09:02:12.686
┌ Info: Progress
│   simulation_time = 8 minutes
│   n_steps_completed = 16
│   wall_time_per_step = 5 milliseconds, 190 microseconds
│   wall_time_total = 29 seconds, 898 milliseconds
│   wall_time_remaining = 29 seconds, 815 milliseconds
│   wall_time_spent = 83 milliseconds, 51 microseconds
│   percent_complete = 0.3%
│   estimated_sypd = 15.824
│   instantaneous_sypd = 15.533
│   date_now = 2026-07-04T09:01:42.728
└   estimated_finish_date = 2026-07-04T09:02:12.728
┌ Info: Progress
│   simulation_time = 16 minutes
│   n_steps_completed = 32
│   wall_time_per_step = 8 milliseconds, 636 microseconds
│   wall_time_total = 49 seconds, 748 milliseconds
│   wall_time_remaining = 49 seconds, 472 milliseconds
│   wall_time_spent = 276 milliseconds, 382 microseconds
│   percent_complete = 0.6%
│   estimated_sypd = 9.51
│   instantaneous_sypd = 6.798
│   date_now = 2026-07-04T09:01:42.921
└   estimated_finish_date = 2026-07-04T09:02:32.921
┌ Info: Progress
│   simulation_time = 32 minutes
│   n_steps_completed = 64
│   wall_time_per_step = 8 milliseconds, 454 microseconds
│   wall_time_total = 48 seconds, 695 milliseconds
│   wall_time_remaining = 48 seconds, 154 milliseconds
│   wall_time_spent = 541 milliseconds, 57 microseconds
│   percent_complete = 1.1%
│   estimated_sypd = 9.716
│   instantaneous_sypd = 9.93
│   date_now = 2026-07-04T09:01:43.186
└   estimated_finish_date = 2026-07-04T09:02:32.186
┌ Info: Progress
│   simulation_time = 1 hour, 4 minutes
│   n_steps_completed = 128
│   wall_time_per_step = 8 milliseconds, 681 microseconds
│   wall_time_total = 50 seconds, 7 milliseconds
│   wall_time_remaining = 48 seconds, 896 milliseconds
│   wall_time_spent = 1 second, 111 milliseconds
│   percent_complete = 2.2%
│   estimated_sypd = 9.461
│   instantaneous_sypd = 9.219
│   date_now = 2026-07-04T09:01:43.756
└   estimated_finish_date = 2026-07-04T09:02:32.756
┌ Info: Progress
│   simulation_time = 2 hours, 8 minutes
│   n_steps_completed = 256
│   wall_time_per_step = 8 milliseconds, 231 microseconds
│   wall_time_total = 47 seconds, 414 milliseconds
│   wall_time_remaining = 45 seconds, 306 milliseconds
│   wall_time_spent = 2 seconds, 107 milliseconds
│   percent_complete = 4.4%
│   estimated_sypd = 9.978
│   instantaneous_sypd = 10.555
│   date_now = 2026-07-04T09:01:44.752
└   estimated_finish_date = 2026-07-04T09:02:30.752
┌ Info: Progress
│   simulation_time = 4 hours, 16 minutes
│   n_steps_completed = 512
│   wall_time_per_step = 8 milliseconds, 152 microseconds
│   wall_time_total = 46 seconds, 958 milliseconds
│   wall_time_remaining = 42 seconds, 784 milliseconds
│   wall_time_spent = 4 seconds, 174 milliseconds
│   percent_complete = 8.9%
│   estimated_sypd = 10.075
│   instantaneous_sypd = 10.173
│   date_now = 2026-07-04T09:01:46.819
└   estimated_finish_date = 2026-07-04T09:02:29.819
┌ Info: Progress
│   simulation_time = 6 hours, 40 minutes
│   n_steps_completed = 801
│   wall_time_per_step = 8 milliseconds, 399 microseconds
│   wall_time_total = 48 seconds, 379 milliseconds
│   wall_time_remaining = 41 seconds, 651 milliseconds
│   wall_time_spent = 6 seconds, 727 milliseconds
│   percent_complete = 13.9%
│   estimated_sypd = 9.779
│   instantaneous_sypd = 9.295
│   date_now = 2026-07-04T09:01:49.373
└   estimated_finish_date = 2026-07-04T09:02:31.373
┌ Info: Progress
│   simulation_time = 8 hours, 32 minutes
│   n_steps_completed = 1024
│   wall_time_per_step = 8 milliseconds, 942 microseconds
│   wall_time_total = 51 seconds, 508 milliseconds
│   wall_time_remaining = 42 seconds, 351 milliseconds
│   wall_time_spent = 9 seconds, 157 milliseconds
│   percent_complete = 17.8%
│   estimated_sypd = 9.185
│   instantaneous_sypd = 7.54
│   date_now = 2026-07-04T09:01:51.802
└   estimated_finish_date = 2026-07-04T09:02:34.802
┌ Info: Progress
│   simulation_time = 10 hours, 56 minutes
│   n_steps_completed = 1313
│   wall_time_per_step = 8 milliseconds, 918 microseconds
│   wall_time_total = 51 seconds, 368 milliseconds
│   wall_time_remaining = 39 seconds, 658 milliseconds
│   wall_time_spent = 11 seconds, 709 milliseconds
│   percent_complete = 22.8%
│   estimated_sypd = 9.21
│   instantaneous_sypd = 9.3
│   date_now = 2026-07-04T09:01:54.354
└   estimated_finish_date = 2026-07-04T09:02:34.354
┌ Info: Progress
│   simulation_time = 13 hours, 21 minutes
│   n_steps_completed = 1602
│   wall_time_per_step = 9 milliseconds, 98 microseconds
│   wall_time_total = 52 seconds, 408 milliseconds
│   wall_time_remaining = 37 seconds, 832 milliseconds
│   wall_time_spent = 14 seconds, 576 milliseconds
│   percent_complete = 27.8%
│   estimated_sypd = 9.027
│   instantaneous_sypd = 8.281
│   date_now = 2026-07-04T09:01:57.221
└   estimated_finish_date = 2026-07-04T09:02:35.221
┌ Info: Progress
│   simulation_time = 15 hours, 45 minutes
│   n_steps_completed = 1891
│   wall_time_per_step = 8 milliseconds, 942 microseconds
│   wall_time_total = 51 seconds, 511 milliseconds
│   wall_time_remaining = 34 seconds, 600 milliseconds
│   wall_time_spent = 16 seconds, 911 milliseconds
│   percent_complete = 32.8%
│   estimated_sypd = 9.184
│   instantaneous_sypd = 10.166
│   date_now = 2026-07-04T09:01:59.556
└   estimated_finish_date = 2026-07-04T09:02:34.556
┌ Info: Progress
│   simulation_time = 17 hours, 4 minutes
│   n_steps_completed = 2048
│   wall_time_per_step = 8 milliseconds, 979 microseconds
│   wall_time_total = 51 seconds, 724 milliseconds
│   wall_time_remaining = 33 seconds, 333 milliseconds
│   wall_time_spent = 18 seconds, 390 milliseconds
│   percent_complete = 35.6%
│   estimated_sypd = 9.147
│   instantaneous_sypd = 8.715
│   date_now = 2026-07-04T09:02:01.036
└   estimated_finish_date = 2026-07-04T09:02:35.036
┌ Info: Progress
│   simulation_time = 19 hours, 28 minutes
│   n_steps_completed = 2337
│   wall_time_per_step = 8 milliseconds, 906 microseconds
│   wall_time_total = 51 seconds, 301 milliseconds
│   wall_time_remaining = 30 seconds, 487 milliseconds
│   wall_time_spent = 20 seconds, 814 milliseconds
│   percent_complete = 40.6%
│   estimated_sypd = 9.222
│   instantaneous_sypd = 9.793
│   date_now = 2026-07-04T09:02:03.460
└   estimated_finish_date = 2026-07-04T09:02:34.460
┌ Info: Progress
│   simulation_time = 21 hours, 53 minutes
│   n_steps_completed = 2626
│   wall_time_per_step = 8 milliseconds, 851 microseconds
│   wall_time_total = 50 seconds, 986 milliseconds
│   wall_time_remaining = 27 seconds, 741 milliseconds
│   wall_time_spent = 23 seconds, 244 milliseconds
│   percent_complete = 45.6%
│   estimated_sypd = 9.279
│   instantaneous_sypd = 9.768
│   date_now = 2026-07-04T09:02:05.890
└   estimated_finish_date = 2026-07-04T09:02:33.890
┌ Info: Progress
│   simulation_time = 1 day, 17 minutes
│   n_steps_completed = 2915
│   wall_time_per_step = 8 milliseconds, 807 microseconds
│   wall_time_total = 50 seconds, 730 milliseconds
│   wall_time_remaining = 25 seconds, 56 milliseconds
│   wall_time_spent = 25 seconds, 673 milliseconds
│   percent_complete = 50.6%
│   estimated_sypd = 9.326
│   instantaneous_sypd = 9.774
│   date_now = 2026-07-04T09:02:08.318
└   estimated_finish_date = 2026-07-04T09:02:34.318
┌ Info: Progress
│   simulation_time = 1 day, 2 hours
│   n_steps_completed = 3204
│   wall_time_per_step = 8 milliseconds, 826 microseconds
│   wall_time_total = 50 seconds, 840 milliseconds
│   wall_time_remaining = 22 seconds, 560 milliseconds
│   wall_time_spent = 28 seconds, 280 milliseconds
│   percent_complete = 55.6%
│   estimated_sypd = 9.305
│   instantaneous_sypd = 9.105
│   date_now = 2026-07-04T09:02:10.925
└   estimated_finish_date = 2026-07-04T09:02:33.925
┌ Info: Progress
│   simulation_time = 1 day, 5 hours
│   n_steps_completed = 3493
│   wall_time_per_step = 8 milliseconds, 977 microseconds
│   wall_time_total = 51 seconds, 708 milliseconds
│   wall_time_remaining = 20 seconds, 351 milliseconds
│   wall_time_spent = 31 seconds, 357 milliseconds
│   percent_complete = 60.6%
│   estimated_sypd = 9.149
│   instantaneous_sypd = 7.714
│   date_now = 2026-07-04T09:02:14.002
└   estimated_finish_date = 2026-07-04T09:02:35.002
┌ Info: Progress
│   simulation_time = 1 day, 7 hours
│   n_steps_completed = 3782
│   wall_time_per_step = 9 milliseconds, 45 microseconds
│   wall_time_total = 52 seconds, 99 milliseconds
│   wall_time_remaining = 17 seconds, 891 milliseconds
│   wall_time_spent = 34 seconds, 208 milliseconds
│   percent_complete = 65.7%
│   estimated_sypd = 9.081
│   instantaneous_sypd = 8.326
│   date_now = 2026-07-04T09:02:16.854
└   estimated_finish_date = 2026-07-04T09:02:34.854
┌ Info: Progress
│   simulation_time = 1 day, 9 hours
│   n_steps_completed = 4071
│   wall_time_per_step = 9 milliseconds, 7 microseconds
│   wall_time_total = 51 seconds, 885 milliseconds
│   wall_time_remaining = 15 seconds, 214 milliseconds
│   wall_time_spent = 36 seconds, 671 milliseconds
│   percent_complete = 70.7%
│   estimated_sypd = 9.118
│   instantaneous_sypd = 9.639
│   date_now = 2026-07-04T09:02:19.316
└   estimated_finish_date = 2026-07-04T09:02:35.316
┌ Info: Progress
│   simulation_time = 1 day, 10 hours
│   n_steps_completed = 4096
│   wall_time_per_step = 9 milliseconds, 5 microseconds
│   wall_time_total = 51 seconds, 872 milliseconds
│   wall_time_remaining = 14 seconds, 985 milliseconds
│   wall_time_spent = 36 seconds, 887 milliseconds
│   percent_complete = 71.1%
│   estimated_sypd = 9.12
│   instantaneous_sypd = 9.502
│   date_now = 2026-07-04T09:02:19.532
└   estimated_finish_date = 2026-07-04T09:02:34.532
┌ Info: Progress
│   simulation_time = 1 day, 12 hours
│   n_steps_completed = 4385
│   wall_time_per_step = 9 milliseconds, 77 microseconds
│   wall_time_total = 52 seconds, 285 milliseconds
│   wall_time_remaining = 12 seconds, 481 milliseconds
│   wall_time_spent = 39 seconds, 803 milliseconds
│   percent_complete = 76.1%
│   estimated_sypd = 9.048
│   instantaneous_sypd = 8.138
│   date_now = 2026-07-04T09:02:22.449
└   estimated_finish_date = 2026-07-04T09:02:35.449
┌ Info: Progress
│   simulation_time = 1 day, 14 hours
│   n_steps_completed = 4674
│   wall_time_per_step = 9 milliseconds, 112 microseconds
│   wall_time_total = 52 seconds, 487 milliseconds
│   wall_time_remaining = 9 seconds, 896 milliseconds
│   wall_time_spent = 42 seconds, 591 milliseconds
│   percent_complete = 81.1%
│   estimated_sypd = 9.014
│   instantaneous_sypd = 8.515
│   date_now = 2026-07-04T09:02:25.236
└   estimated_finish_date = 2026-07-04T09:02:35.236
┌ Info: Progress
│   simulation_time = 1 day, 17 hours
│   n_steps_completed = 4963
│   wall_time_per_step = 9 milliseconds, 83 microseconds
│   wall_time_total = 52 seconds, 323 milliseconds
│   wall_time_remaining = 7 seconds, 239 milliseconds
│   wall_time_spent = 45 seconds, 83 milliseconds
│   percent_complete = 86.2%
│   estimated_sypd = 9.042
│   instantaneous_sypd = 9.524
│   date_now = 2026-07-04T09:02:27.729
└   estimated_finish_date = 2026-07-04T09:02:35.729
┌ Info: Progress
│   simulation_time = 1 day, 19 hours
│   n_steps_completed = 5252
│   wall_time_per_step = 9 milliseconds, 99 microseconds
│   wall_time_total = 52 seconds, 415 milliseconds
│   wall_time_remaining = 4 seconds, 622 milliseconds
│   wall_time_spent = 47 seconds, 792 milliseconds
│   percent_complete = 91.2%
│   estimated_sypd = 9.026
│   instantaneous_sypd = 8.762
│   date_now = 2026-07-04T09:02:30.438
└   estimated_finish_date = 2026-07-04T09:02:35.438
┌ Info: Progress
│   simulation_time = 1 day, 22 hours
│   n_steps_completed = 5541
│   wall_time_per_step = 9 milliseconds, 186 microseconds
│   wall_time_total = 52 seconds, 913 milliseconds
│   wall_time_remaining = 2 seconds, 11 milliseconds
│   wall_time_spent = 50 seconds, 901 milliseconds
│   percent_complete = 96.2%
│   estimated_sypd = 8.941
│   instantaneous_sypd = 7.635
│   date_now = 2026-07-04T09:02:33.547
└   estimated_finish_date = 2026-07-04T09:02:36.547
[ Info: solve! walltime = 53.252
[ Info: sypd: 8.89
[ Info: wall_time_per_timestep: 9 milliseconds, 245 microseconds
[ Info: Memory currently used (after solve!) by the process (RSS): 8.96 GiB
┌ Info: Finished variation [7/9]
│   overlay = experiments/clw sensitivity experiments/configs/v7_subltime1000.yml
│   job_id = lf1e_clw1_v7_subltime1000
│   ret_code = success
└   walltime = 56.5s
┌ Info: Starting variation [8/9]
└   overlay = experiments/clw sensitivity experiments/configs/v8_subltime10000.yml
┌ Info: Making AtmosConfig with config files: 
│      /home/jeff/larcform1-experiments/ClimaAtmos.jl/src/config/../../config/default_configs/default_config.yml
│      /home/jeff/larcform1-experiments/experiments/clw sensitivity experiments/../../ClimaAtmos.jl/config/model_configs/larcform1_1M_prognostic_edmfx.yml
│      experiments/clw sensitivity experiments/configs/v8_subltime10000.yml
└   
┌ Info: numerics 
│          `energy_q_tot_upwinding`::`Val{:vanleer_limiter}`
│                `tracer_upwinding`::`Val{:vanleer_limiter}`
│       `edmfx_mse_q_tot_upwinding`::`Val{:first_order}`
│         `edmfx_sgsflux_upwinding`::`Val{:none}`
│          `edmfx_tracer_upwinding`::`Val{:first_order}`
│         `test_dycore_consistency`::`Nothing`
│            `reproducible_restart`::`Nothing`
│                         `limiter`::`Nothing`
│                       `diff_mode`::`ClimaAtmos.Implicit`
│                       `hyperdiff`::`Nothing`
└   
┌ Info: AtmosModel: 
│   
│                               `water`::`ClimaAtmos.AtmosWater{ClimaAtmos.NonEquilibriumMicrophysics1M, ClimaAtmos.QuadratureCloud, ClimaAtmos.Implicit, Nothing, ClimaAtmos.SGSQuadrature{3, StaticArraysCore.SVector{3, Float32}, StaticArraysCore.SVector{3, Float32}, ClimaAtmos.GaussianSGS, Float32}, ClimaAtmos.FixedTerminalVelocity{Float32}}`
│                           `scm_setup`::`ClimaAtmos.SCMSetup{Nothing, Nothing, Nothing, Bool, @NamedTuple{prof_ug::AtmosphericProfilesLibrary.ZProfile{AtmosphericProfilesLibrary.var"#Larcform1_geostrophic_u##0#Larcform1_geostrophic_u##1"{Float32}}, prof_vg::AtmosphericProfilesLibrary.ZProfile{Returns{Float32}}, coriolis_param::Float32}}`
│                           `radiation`::`ClimaAtmos.AtmosRadiation{ClimaAtmos.RRTMGPInterface.AllSkyRadiationWithClearSkyDiagnostics{ClimaAtmos.InteractiveCloudInRadiation}, ClimaAtmos.Larcform1Insolation}`
│                            `turbconv`::`ClimaAtmos.AtmosTurbconv{ClimaAtmos.EDMFXModel{ClimaAtmos.InvZEntrainment, ClimaAtmos.BuoyancyVelocityDetrainment, Val{true}, Val{true}, Val{true}, Val{true}, Val{true}, ClimaAtmos.SmoothMinimumBlending}, ClimaAtmos.PrognosticEDMFX{1, true, Float32}, Nothing, Nothing, Nothing}`
│                     `prescribed_flow`::`Nothing`
│                        `gravity_wave`::`ClimaAtmos.AtmosGravityWave{Nothing, Nothing}`
│                  `vertical_diffusion`::`Nothing`
│                              `sponge`::`ClimaAtmos.AtmosSponge{Nothing, Nothing}`
│                             `surface`::`ClimaAtmos.AtmosSurface{ClimaAtmos.SurfaceConditions.MoninObukhov{Float32, Nothing, Nothing}, ClimaAtmos.SurfaceConditions.SlabOceanTemperature{Float32}, ClimaAtmos.SurfaceConditions.SurfaceBoundaryOverrides{Float32, Float32, Nothing, Nothing, Nothing, Nothing}, ClimaAtmos.ConstantAlbedo{Float32}}`
│                            `numerics`::`ClimaAtmos.AtmosNumerics{Val{:vanleer_limiter}, Val{:vanleer_limiter}, Val{:first_order}, Val{:none}, Val{:first_order}, Nothing, Nothing, Nothing, ClimaAtmos.Implicit, Nothing}`
│                           `chemistry`::`ClimaAtmos.AtmosChem{Nothing}`
└   
┌ Info: Microphysics settings: 
│                          `n_substeps`::`3`
│                     `n_substeps_quad`::`2`
│              `cloud_liquid_formation`::`CloudLiquidFormation`
│                 `cloud_ice_formation`::`ConstantTimescale`
│                      `cloud_ice_melt`::`CloudIceMelt`
│                 `rain_autoconversion`::`Kessler1M`
│                 `snow_autoconversion`::`NoSupersaturation`
│       `rain_condensation_evaporation`::`RainEvaporation`
│         `snow_deposition_sublimation`::`DepositionAndSublimation`
│                           `snow_melt`::`SnowMelt`
│         `cloud_liquid_rain_accretion`::`CloudLiquidRainAccretion`
│         `cloud_liquid_snow_accretion`::`CloudLiquidSnowAccretion`
│            `cloud_ice_rain_accretion`::`CloudIceRainAccretion`
│            `cloud_ice_snow_accretion`::`CloudIceSnowAccretion`
│                 `rain_snow_accretion`::`RainSnowAccretion`
└   
[ Info: Single-process ClimaAtmos run on CPUSingleThreaded
[ Info: Using ODE config: `ClimaTimeSteppers.ARS222`
[ Info: Initialized state (42.771 μs, 6.99 KiB)
[ Info: Built cache (244.234 ms, 141.4 MiB)
[ Info: Assembled callbacks (190.883 μs, 17.42 KiB)
┌ Info: Jacobian algorithm: ManualSparseJacobian(
│     approximate_solve_iters = 2,
└   )
[ Info: Jacobian derivative flags: topography_flag = IgnoreDerivative, diffusion_flag = UseDerivative
[ Info: Built tendency function (285.945 μs, 190.22 KiB)
[ Info: Initialized integrator (7.485 ms, 159.78 KiB)
[ Info: Added 114 user-provided YAML-style diagnostics
[ Info: Saving accumulated diagnostics to disk with frequency: 10 minutes, 1 hour
[ Info: Set up diagnostics (3.624 ms, 1.04 MiB)
[ Info: Initialized 114 total diagnostics
