┌ Info: Simulation info
│   job_id = lf1e_clw_cal_member
└   output_dir = /home/jeff/larcform1-experiments/experiments/clw calibration/output/uki_1/iteration_001/member_010/output_0000
┌ Info: Running
│   job_id = lf1e_clw_cal_member
│   output_dir = /home/jeff/larcform1-experiments/experiments/clw calibration/output/uki_1/iteration_001/member_010/output_0000
└   tspan = (0.0 seconds (2010-01-01T00:00:00) [counter = 0, period = 1 second, epoch = 2010-01-01T00:00:00], 172800.0 seconds (2010-01-03T00:00:00) [counter = 172800, period = 1 second, epoch = 2010-01-01T00:00:00])
┌ Info: Progress
│   simulation_time = 30 seconds
│   n_steps_completed = 1
│   wall_time_per_step = 0 seconds
│   wall_time_total = 0 seconds
│   wall_time_remaining = 0 seconds
│   wall_time_spent = 0 seconds
│   percent_complete = 0.0%
│   estimated_sypd = Inf
│   instantaneous_sypd = 0.0 (sdpd_estimate = 0.0)
│   date_now = 2026-07-05T16:19:24.960
└   estimated_finish_date = 2026-07-05T16:19:24.960
┌ Info: Progress
│   simulation_time = 1 minute
│   n_steps_completed = 2
│   wall_time_per_step = 0 seconds
│   wall_time_total = 0 seconds
│   wall_time_remaining = 0 seconds
│   wall_time_spent = 0 seconds
│   percent_complete = 0.0%
│   estimated_sypd = Inf
│   instantaneous_sypd = 0.03
│   date_now = 2026-07-05T16:19:27.679
└   estimated_finish_date = 2026-07-05T16:19:27.679
┌ Info: Progress
│   simulation_time = 2 minutes
│   n_steps_completed = 4
│   wall_time_per_step = 4 milliseconds, 679 microseconds
│   wall_time_total = 26 seconds, 954 milliseconds
│   wall_time_remaining = 26 seconds, 935 milliseconds
│   wall_time_spent = 18 milliseconds, 718 microseconds
│   percent_complete = 0.1%
│   estimated_sypd = 17.552
│   instantaneous_sypd = 17.552
│   date_now = 2026-07-05T16:19:27.689
└   estimated_finish_date = 2026-07-05T16:19:54.689
┌ Info: Progress
│   simulation_time = 4 minutes
│   n_steps_completed = 8
│   wall_time_per_step = 4 milliseconds, 425 microseconds
│   wall_time_total = 25 seconds, 488 milliseconds
│   wall_time_remaining = 25 seconds, 453 milliseconds
│   wall_time_spent = 35 milliseconds, 401 microseconds
│   percent_complete = 0.1%
│   estimated_sypd = 18.561
│   instantaneous_sypd = 19.693
│   date_now = 2026-07-05T16:19:27.705
└   estimated_finish_date = 2026-07-05T16:19:53.705
┌ Info: Progress
│   simulation_time = 8 minutes
│   n_steps_completed = 16
│   wall_time_per_step = 4 milliseconds, 229 microseconds
│   wall_time_total = 24 seconds, 363 milliseconds
│   wall_time_remaining = 24 seconds, 295 milliseconds
│   wall_time_spent = 67 milliseconds, 675 microseconds
│   percent_complete = 0.3%
│   estimated_sypd = 19.419
│   instantaneous_sypd = 20.36
│   date_now = 2026-07-05T16:19:27.738
└   estimated_finish_date = 2026-07-05T16:19:52.738
┌ Info: Progress
│   simulation_time = 16 minutes
│   n_steps_completed = 32
│   wall_time_per_step = 4 milliseconds, 102 microseconds
│   wall_time_total = 23 seconds, 628 milliseconds
│   wall_time_remaining = 23 seconds, 497 milliseconds
│   wall_time_spent = 131 milliseconds, 268 microseconds
│   percent_complete = 0.6%
│   estimated_sypd = 20.023
│   instantaneous_sypd = 20.665
│   date_now = 2026-07-05T16:19:27.801
└   estimated_finish_date = 2026-07-05T16:19:51.801
┌ Info: Progress
│   simulation_time = 32 minutes
│   n_steps_completed = 64
│   wall_time_per_step = 4 milliseconds, 91 microseconds
│   wall_time_total = 23 seconds, 569 milliseconds
│   wall_time_remaining = 23 seconds, 307 milliseconds
│   wall_time_spent = 261 milliseconds, 885 microseconds
│   percent_complete = 1.1%
│   estimated_sypd = 20.072
│   instantaneous_sypd = 20.122
│   date_now = 2026-07-05T16:19:27.932
└   estimated_finish_date = 2026-07-05T16:19:51.932
┌ Info: Progress
│   simulation_time = 1 hour, 4 minutes
│   n_steps_completed = 128
│   wall_time_per_step = 4 milliseconds, 195 microseconds
│   wall_time_total = 24 seconds, 165 milliseconds
│   wall_time_remaining = 23 seconds, 628 milliseconds
│   wall_time_spent = 537 milliseconds, 2 microseconds
│   percent_complete = 2.2%
│   estimated_sypd = 19.578
│   instantaneous_sypd = 19.107
│   date_now = 2026-07-05T16:19:28.207
└   estimated_finish_date = 2026-07-05T16:19:52.207
┌ Info: Progress
│   simulation_time = 2 hours, 8 minutes
│   n_steps_completed = 256
│   wall_time_per_step = 4 milliseconds, 152 microseconds
│   wall_time_total = 23 seconds, 920 milliseconds
│   wall_time_remaining = 22 seconds, 857 milliseconds
│   wall_time_spent = 1 second, 63 milliseconds
│   percent_complete = 4.4%
│   estimated_sypd = 19.778
│   instantaneous_sypd = 19.982
│   date_now = 2026-07-05T16:19:28.733
└   estimated_finish_date = 2026-07-05T16:19:51.733
┌ Info: Progress
│   simulation_time = 4 hours, 16 minutes
│   n_steps_completed = 512
│   wall_time_per_step = 4 milliseconds, 165 microseconds
│   wall_time_total = 23 seconds, 993 milliseconds
│   wall_time_remaining = 21 seconds, 860 milliseconds
│   wall_time_spent = 2 seconds, 132 milliseconds
│   percent_complete = 8.9%
│   estimated_sypd = 19.718
│   instantaneous_sypd = 19.658
│   date_now = 2026-07-05T16:19:29.803
└   estimated_finish_date = 2026-07-05T16:19:51.803
┌ Info: Progress
│   simulation_time = 6 hours, 40 minutes
│   n_steps_completed = 801
│   wall_time_per_step = 4 milliseconds, 233 microseconds
│   wall_time_total = 24 seconds, 385 milliseconds
│   wall_time_remaining = 20 seconds, 994 milliseconds
│   wall_time_spent = 3 seconds, 391 milliseconds
│   percent_complete = 13.9%
│   estimated_sypd = 19.401
│   instantaneous_sypd = 18.863
│   date_now = 2026-07-05T16:19:31.061
└   estimated_finish_date = 2026-07-05T16:19:52.061
┌ Info: Progress
│   simulation_time = 8 hours, 32 minutes
│   n_steps_completed = 1024
│   wall_time_per_step = 4 milliseconds, 274 microseconds
│   wall_time_total = 24 seconds, 619 milliseconds
│   wall_time_remaining = 20 seconds, 242 milliseconds
│   wall_time_spent = 4 seconds, 376 milliseconds
│   percent_complete = 17.8%
│   estimated_sypd = 19.216
│   instantaneous_sypd = 18.582
│   date_now = 2026-07-05T16:19:32.047
└   estimated_finish_date = 2026-07-05T16:19:53.047
┌ Info: Progress
│   simulation_time = 10 hours, 56 minutes
│   n_steps_completed = 1313
│   wall_time_per_step = 4 milliseconds, 325 microseconds
│   wall_time_total = 24 seconds, 916 milliseconds
│   wall_time_remaining = 19 seconds, 236 milliseconds
│   wall_time_spent = 5 seconds, 679 milliseconds
│   percent_complete = 22.8%
│   estimated_sypd = 18.988
│   instantaneous_sypd = 18.22
│   date_now = 2026-07-05T16:19:33.350
└   estimated_finish_date = 2026-07-05T16:19:53.350
┌ Info: Progress
│   simulation_time = 13 hours, 21 minutes
│   n_steps_completed = 1602
│   wall_time_per_step = 4 milliseconds, 405 microseconds
│   wall_time_total = 25 seconds, 376 milliseconds
│   wall_time_remaining = 18 seconds, 318 milliseconds
│   wall_time_spent = 7 seconds, 57 milliseconds
│   percent_complete = 27.8%
│   estimated_sypd = 18.643
│   instantaneous_sypd = 17.223
│   date_now = 2026-07-05T16:19:34.728
└   estimated_finish_date = 2026-07-05T16:19:53.728
┌ Info: Progress
│   simulation_time = 15 hours, 45 minutes
│   n_steps_completed = 1891
│   wall_time_per_step = 4 milliseconds, 485 microseconds
│   wall_time_total = 25 seconds, 837 milliseconds
│   wall_time_remaining = 17 seconds, 355 milliseconds
│   wall_time_spent = 8 seconds, 482 milliseconds
│   percent_complete = 32.8%
│   estimated_sypd = 18.311
│   instantaneous_sypd = 16.664
│   date_now = 2026-07-05T16:19:36.153
└   estimated_finish_date = 2026-07-05T16:19:54.153
┌ Info: Progress
│   simulation_time = 17 hours, 4 minutes
│   n_steps_completed = 2048
│   wall_time_per_step = 4 milliseconds, 535 microseconds
│   wall_time_total = 26 seconds, 127 milliseconds
│   wall_time_remaining = 16 seconds, 837 milliseconds
│   wall_time_spent = 9 seconds, 289 milliseconds
│   percent_complete = 35.6%
│   estimated_sypd = 18.108
│   instantaneous_sypd = 15.973
│   date_now = 2026-07-05T16:19:36.960
└   estimated_finish_date = 2026-07-05T16:19:53.960
┌ Info: Progress
│   simulation_time = 19 hours, 28 minutes
│   n_steps_completed = 2337
│   wall_time_per_step = 4 milliseconds, 615 microseconds
│   wall_time_total = 26 seconds, 583 milliseconds
│   wall_time_remaining = 15 seconds, 797 milliseconds
│   wall_time_spent = 10 seconds, 785 milliseconds
│   percent_complete = 40.6%
│   estimated_sypd = 17.797
│   instantaneous_sypd = 15.866
│   date_now = 2026-07-05T16:19:38.456
└   estimated_finish_date = 2026-07-05T16:19:54.456
┌ Info: Progress
│   simulation_time = 21 hours, 53 minutes
│   n_steps_completed = 2626
│   wall_time_per_step = 4 milliseconds, 696 microseconds
│   wall_time_total = 27 seconds, 52 milliseconds
│   wall_time_remaining = 14 seconds, 719 milliseconds
│   wall_time_spent = 12 seconds, 333 milliseconds
│   percent_complete = 45.6%
│   estimated_sypd = 17.488
│   instantaneous_sypd = 15.338
│   date_now = 2026-07-05T16:19:40.004
└   estimated_finish_date = 2026-07-05T16:19:55.003
┌ Info: Progress
│   simulation_time = 1 day, 17 minutes
│   n_steps_completed = 2915
│   wall_time_per_step = 4 milliseconds, 820 microseconds
│   wall_time_total = 27 seconds, 765 milliseconds
│   wall_time_remaining = 13 seconds, 714 milliseconds
│   wall_time_spent = 14 seconds, 51 milliseconds
│   percent_complete = 50.6%
│   estimated_sypd = 17.039
│   instantaneous_sypd = 13.815
│   date_now = 2026-07-05T16:19:41.722
└   estimated_finish_date = 2026-07-05T16:19:55.722
┌ Info: Progress
│   simulation_time = 1 day, 2 hours
│   n_steps_completed = 3204
│   wall_time_per_step = 4 milliseconds, 891 microseconds
│   wall_time_total = 28 seconds, 176 milliseconds
│   wall_time_remaining = 12 seconds, 503 milliseconds
│   wall_time_spent = 15 seconds, 673 milliseconds
│   percent_complete = 55.6%
│   estimated_sypd = 16.79
│   instantaneous_sypd = 14.636
│   date_now = 2026-07-05T16:19:43.344
└   estimated_finish_date = 2026-07-05T16:19:56.344
┌ Info: Progress
│   simulation_time = 1 day, 5 hours
│   n_steps_completed = 3493
│   wall_time_per_step = 4 milliseconds, 965 microseconds
│   wall_time_total = 28 seconds, 601 milliseconds
│   wall_time_remaining = 11 seconds, 257 milliseconds
│   wall_time_spent = 17 seconds, 344 milliseconds
│   percent_complete = 60.6%
│   estimated_sypd = 16.541
│   instantaneous_sypd = 14.201
│   date_now = 2026-07-05T16:19:45.015
└   estimated_finish_date = 2026-07-05T16:19:57.015
┌ Info: Progress
│   simulation_time = 1 day, 7 hours
│   n_steps_completed = 3782
│   wall_time_per_step = 5 milliseconds, 38 microseconds
│   wall_time_total = 29 seconds, 20 milliseconds
│   wall_time_remaining = 9 seconds, 965 milliseconds
│   wall_time_spent = 19 seconds, 54 milliseconds
│   percent_complete = 65.7%
│   estimated_sypd = 16.302
│   instantaneous_sypd = 13.884
│   date_now = 2026-07-05T16:19:46.725
└   estimated_finish_date = 2026-07-05T16:19:56.725
┌ Info: Progress
│   simulation_time = 1 day, 9 hours
│   n_steps_completed = 4071
│   wall_time_per_step = 5 milliseconds, 121 microseconds
│   wall_time_total = 29 seconds, 498 milliseconds
│   wall_time_remaining = 8 seconds, 649 milliseconds
│   wall_time_spent = 20 seconds, 848 milliseconds
│   percent_complete = 70.7%
│   estimated_sypd = 16.038
│   instantaneous_sypd = 13.229
│   date_now = 2026-07-05T16:19:48.519
└   estimated_finish_date = 2026-07-05T16:19:57.519
┌ Info: Progress
│   simulation_time = 1 day, 10 hours
│   n_steps_completed = 4096
│   wall_time_per_step = 5 milliseconds, 130 microseconds
│   wall_time_total = 29 seconds, 550 milliseconds
│   wall_time_remaining = 8 seconds, 536 milliseconds
│   wall_time_spent = 21 seconds, 13 milliseconds
│   percent_complete = 71.1%
│   estimated_sypd = 16.01
│   instantaneous_sypd = 12.465
│   date_now = 2026-07-05T16:19:48.684
└   estimated_finish_date = 2026-07-05T16:19:57.684
┌ Info: Progress
│   simulation_time = 1 day, 12 hours
│   n_steps_completed = 4385
│   wall_time_per_step = 5 milliseconds, 217 microseconds
│   wall_time_total = 30 seconds, 52 milliseconds
│   wall_time_remaining = 7 seconds, 174 milliseconds
│   wall_time_spent = 22 seconds, 878 milliseconds
│   percent_complete = 76.1%
│   estimated_sypd = 15.742
│   instantaneous_sypd = 12.727
│   date_now = 2026-07-05T16:19:50.549
└   estimated_finish_date = 2026-07-05T16:19:58.549
┌ Info: Progress
│   simulation_time = 1 day, 14 hours
│   n_steps_completed = 4674
│   wall_time_per_step = 5 milliseconds, 291 microseconds
│   wall_time_total = 30 seconds, 480 milliseconds
│   wall_time_remaining = 5 seconds, 746 milliseconds
│   wall_time_spent = 24 seconds, 733 milliseconds
│   percent_complete = 81.1%
│   estimated_sypd = 15.521
│   instantaneous_sypd = 12.796
│   date_now = 2026-07-05T16:19:52.404
└   estimated_finish_date = 2026-07-05T16:19:58.404
┌ Info: Progress
│   simulation_time = 1 day, 17 hours
│   n_steps_completed = 4963
│   wall_time_per_step = 5 milliseconds, 366 microseconds
│   wall_time_total = 30 seconds, 913 milliseconds
│   wall_time_remaining = 4 seconds, 277 milliseconds
│   wall_time_spent = 26 seconds, 635 milliseconds
│   percent_complete = 86.2%
│   estimated_sypd = 15.304
│   instantaneous_sypd = 12.479
│   date_now = 2026-07-05T16:19:54.306
└   estimated_finish_date = 2026-07-05T16:19:59.306
┌ Info: Progress
│   simulation_time = 1 day, 19 hours
│   n_steps_completed = 5252
│   wall_time_per_step = 5 milliseconds, 428 microseconds
│   wall_time_total = 31 seconds, 268 milliseconds
│   wall_time_remaining = 2 seconds, 757 milliseconds
│   wall_time_spent = 28 seconds, 510 milliseconds
│   percent_complete = 91.2%
│   estimated_sypd = 15.13
│   instantaneous_sypd = 12.663
│   date_now = 2026-07-05T16:19:56.181
└   estimated_finish_date = 2026-07-05T16:19:59.181
┌ Info: Progress
│   simulation_time = 1 day, 22 hours
│   n_steps_completed = 5541
│   wall_time_per_step = 5 milliseconds, 491 microseconds
│   wall_time_total = 31 seconds, 633 milliseconds
│   wall_time_remaining = 1 second, 202 milliseconds
│   wall_time_spent = 30 seconds, 430 milliseconds
│   percent_complete = 96.2%
│   estimated_sypd = 14.956
│   instantaneous_sypd = 12.36
│   date_now = 2026-07-05T16:19:58.101
└   estimated_finish_date = 2026-07-05T16:20:00.101
[ Info: solve! walltime = 31.942
[ Info: sypd: 14.821
[ Info: wall_time_per_timestep: 5 milliseconds, 545 microseconds
[ Info: Memory currently used (after solve!) by the process (RSS): 8.68 GiB
[ Info: Completed member 10
┌ Info: Making AtmosConfig with config files: 
│      /home/jeff/larcform1-experiments/ClimaAtmos.jl/src/config/../../config/default_configs/default_config.yml
└   
┌ Info: numerics 
│          `energy_q_tot_upwinding`::`Val{:vanleer_limiter}`
│                `tracer_upwinding`::`Val{:vanleer_limiter}`
│       `edmfx_mse_q_tot_upwinding`::`Val{:first_order}`
│         `edmfx_sgsflux_upwinding`::`Val{:none}`
│          `edmfx_tracer_upwinding`::`Val{:first_order}`
│         `test_dycore_consistency`::`Nothing`
│            `reproducible_restart`::`Nothing`
│                         `limiter`::`Nothing`
│                       `diff_mode`::`ClimaAtmos.Implicit`
│                       `hyperdiff`::`Nothing`
└   
┌ Info: AtmosModel: 
│   
│                               `water`::`ClimaAtmos.AtmosWater{ClimaAtmos.NonEquilibriumMicrophysics1M, ClimaAtmos.QuadratureCloud, ClimaAtmos.Implicit, Nothing, ClimaAtmos.SGSQuadrature{3, StaticArraysCore.SVector{3, Float32}, StaticArraysCore.SVector{3, Float32}, ClimaAtmos.GaussianSGS, Float32}, ClimaAtmos.FixedTerminalVelocity{Float32}}`
│                           `scm_setup`::`ClimaAtmos.SCMSetup{Nothing, Nothing, Nothing, Bool, @NamedTuple{prof_ug::AtmosphericProfilesLibrary.ZProfile{AtmosphericProfilesLibrary.var"#Larcform1_geostrophic_u##0#Larcform1_geostrophic_u##1"{Float32}}, prof_vg::AtmosphericProfilesLibrary.ZProfile{Returns{Float32}}, coriolis_param::Float32}}`
│                           `radiation`::`ClimaAtmos.AtmosRadiation{ClimaAtmos.RRTMGPInterface.AllSkyRadiationWithClearSkyDiagnostics{ClimaAtmos.InteractiveCloudInRadiation}, ClimaAtmos.Larcform1Insolation}`
│                            `turbconv`::`ClimaAtmos.AtmosTurbconv{ClimaAtmos.EDMFXModel{ClimaAtmos.InvZEntrainment, ClimaAtmos.BuoyancyVelocityDetrainment, Val{true}, Val{true}, Val{true}, Val{true}, Val{true}, ClimaAtmos.SmoothMinimumBlending}, ClimaAtmos.PrognosticEDMFX{1, true, Float32}, Nothing, Nothing, Nothing}`
│                     `prescribed_flow`::`Nothing`
│                        `gravity_wave`::`ClimaAtmos.AtmosGravityWave{Nothing, Nothing}`
│                  `vertical_diffusion`::`Nothing`
│                              `sponge`::`ClimaAtmos.AtmosSponge{Nothing, Nothing}`
│                             `surface`::`ClimaAtmos.AtmosSurface{ClimaAtmos.SurfaceConditions.MoninObukhov{Float32, Nothing, Nothing}, ClimaAtmos.SurfaceConditions.SlabOceanTemperature{Float32}, ClimaAtmos.SurfaceConditions.SurfaceBoundaryOverrides{Float32, Float32, Nothing, Nothing, Nothing, Nothing}, ClimaAtmos.ConstantAlbedo{Float32}}`
│                            `numerics`::`ClimaAtmos.AtmosNumerics{Val{:vanleer_limiter}, Val{:vanleer_limiter}, Val{:first_order}, Val{:none}, Val{:first_order}, Nothing, Nothing, Nothing, ClimaAtmos.Implicit, Nothing}`
│                           `chemistry`::`ClimaAtmos.AtmosChem{Nothing}`
└   
┌ Info: Microphysics settings: 
│                          `n_substeps`::`3`
│                     `n_substeps_quad`::`2`
│              `cloud_liquid_formation`::`CloudLiquidFormation`
│                 `cloud_ice_formation`::`TemperatureDependent`
│                      `cloud_ice_melt`::`CloudIceMelt`
│                 `rain_autoconversion`::`Kessler1M`
│                 `snow_autoconversion`::`NoSupersaturation`
│       `rain_condensation_evaporation`::`RainEvaporation`
│         `snow_deposition_sublimation`::`DepositionAndSublimation`
│                           `snow_melt`::`SnowMelt`
│         `cloud_liquid_rain_accretion`::`CloudLiquidRainAccretion`
│         `cloud_liquid_snow_accretion`::`CloudLiquidSnowAccretion`
│            `cloud_ice_rain_accretion`::`CloudIceRainAccretion`
│            `cloud_ice_snow_accretion`::`CloudIceSnowAccretion`
│                 `rain_snow_accretion`::`RainSnowAccretion`
└   
[ Info: Single-process ClimaAtmos run on CPUSingleThreaded
[ Info: Using ODE config: `ClimaTimeSteppers.ARS222`
[ Info: Initialized state (41.411 μs, 7.76 KiB)
[ Info: Built cache (181.478 ms, 172.6 MiB)
[ Info: Assembled callbacks (126.884 μs, 17.42 KiB)
┌ Info: Jacobian algorithm: ManualSparseJacobian(
│     approximate_solve_iters = 2,
└   )
[ Info: Jacobian derivative flags: topography_flag = IgnoreDerivative, diffusion_flag = UseDerivative
[ Info: Built tendency function (288.327 μs, 201.06 KiB)
[ Info: Initialized integrator (8.678 ms, 169.03 KiB)
[ Info: Added 7 user-provided YAML-style diagnostics
[ Info: Saving accumulated diagnostics to disk with frequency: 1 hour
[ Info: Set up diagnostics (456.652 μs, 103.66 KiB)
[ Info: Initialized 7 total diagnostics
