┌ Info: Simulation info
│   job_id = lf1e_clw_cal_member
└   output_dir = /home/jeff/larcform1-experiments/experiments/clw calibration/output/uki_1/iteration_006/member_001/output_0000
┌ Info: Running
│   job_id = lf1e_clw_cal_member
│   output_dir = /home/jeff/larcform1-experiments/experiments/clw calibration/output/uki_1/iteration_006/member_001/output_0000
└   tspan = (0.0 seconds (2010-01-01T00:00:00) [counter = 0, period = 1 second, epoch = 2010-01-01T00:00:00], 172800.0 seconds (2010-01-03T00:00:00) [counter = 172800, period = 1 second, epoch = 2010-01-01T00:00:00])
┌ Info: Progress
│   simulation_time = 30 seconds
│   n_steps_completed = 1
│   wall_time_per_step = 0 seconds
│   wall_time_total = 0 seconds
│   wall_time_remaining = 0 seconds
│   wall_time_spent = 0 seconds
│   percent_complete = 0.0%
│   estimated_sypd = Inf
│   instantaneous_sypd = 0.0 (sdpd_estimate = 0.0)
│   date_now = 2026-07-05T16:51:50.672
└   estimated_finish_date = 2026-07-05T16:51:50.672
┌ Info: Progress
│   simulation_time = 1 minute
│   n_steps_completed = 2
│   wall_time_per_step = 0 seconds
│   wall_time_total = 0 seconds
│   wall_time_remaining = 0 seconds
│   wall_time_spent = 0 seconds
│   percent_complete = 0.0%
│   estimated_sypd = Inf
│   instantaneous_sypd = 0.032
│   date_now = 2026-07-05T16:51:53.271
└   estimated_finish_date = 2026-07-05T16:51:53.271
┌ Info: Progress
│   simulation_time = 2 minutes
│   n_steps_completed = 4
│   wall_time_per_step = 4 milliseconds, 638 microseconds
│   wall_time_total = 26 seconds, 715 milliseconds
│   wall_time_remaining = 26 seconds, 696 milliseconds
│   wall_time_spent = 18 milliseconds, 552 microseconds
│   percent_complete = 0.1%
│   estimated_sypd = 17.709
│   instantaneous_sypd = 17.709
│   date_now = 2026-07-05T16:51:53.281
└   estimated_finish_date = 2026-07-05T16:52:20.281
┌ Info: Progress
│   simulation_time = 4 minutes
│   n_steps_completed = 8
│   wall_time_per_step = 4 milliseconds, 419 microseconds
│   wall_time_total = 25 seconds, 457 milliseconds
│   wall_time_remaining = 25 seconds, 422 milliseconds
│   wall_time_spent = 35 milliseconds, 358 microseconds
│   percent_complete = 0.1%
│   estimated_sypd = 18.584
│   instantaneous_sypd = 19.549
│   date_now = 2026-07-05T16:51:53.297
└   estimated_finish_date = 2026-07-05T16:52:19.297
┌ Info: Progress
│   simulation_time = 8 minutes
│   n_steps_completed = 16
│   wall_time_per_step = 4 milliseconds, 145 microseconds
│   wall_time_total = 23 seconds, 875 milliseconds
│   wall_time_remaining = 23 seconds, 808 milliseconds
│   wall_time_spent = 66 milliseconds, 320 microseconds
│   percent_complete = 0.3%
│   estimated_sypd = 19.816
│   instantaneous_sypd = 21.222
│   date_now = 2026-07-05T16:51:53.328
└   estimated_finish_date = 2026-07-05T16:52:17.328
┌ Info: Progress
│   simulation_time = 16 minutes
│   n_steps_completed = 32
│   wall_time_per_step = 3 milliseconds, 973 microseconds
│   wall_time_total = 22 seconds, 886 milliseconds
│   wall_time_remaining = 22 seconds, 759 milliseconds
│   wall_time_spent = 127 milliseconds, 146 microseconds
│   percent_complete = 0.6%
│   estimated_sypd = 20.672
│   instantaneous_sypd = 21.605
│   date_now = 2026-07-05T16:51:53.389
└   estimated_finish_date = 2026-07-05T16:52:16.389
┌ Info: Progress
│   simulation_time = 32 minutes
│   n_steps_completed = 64
│   wall_time_per_step = 4 milliseconds, 9 microseconds
│   wall_time_total = 23 seconds, 93 milliseconds
│   wall_time_remaining = 22 seconds, 836 milliseconds
│   wall_time_spent = 256 milliseconds, 589 microseconds
│   percent_complete = 1.1%
│   estimated_sypd = 20.487
│   instantaneous_sypd = 20.305
│   date_now = 2026-07-05T16:51:53.519
└   estimated_finish_date = 2026-07-05T16:52:16.519
┌ Info: Progress
│   simulation_time = 1 hour, 4 minutes
│   n_steps_completed = 128
│   wall_time_per_step = 4 milliseconds, 124 microseconds
│   wall_time_total = 23 seconds, 757 milliseconds
│   wall_time_remaining = 23 seconds, 229 milliseconds
│   wall_time_spent = 527 milliseconds, 944 microseconds
│   percent_complete = 2.2%
│   estimated_sypd = 19.914
│   instantaneous_sypd = 19.372
│   date_now = 2026-07-05T16:51:53.790
└   estimated_finish_date = 2026-07-05T16:52:17.790
┌ Info: Progress
│   simulation_time = 2 hours, 8 minutes
│   n_steps_completed = 256
│   wall_time_per_step = 4 milliseconds, 100 microseconds
│   wall_time_total = 23 seconds, 618 milliseconds
│   wall_time_remaining = 22 seconds, 568 milliseconds
│   wall_time_spent = 1 second, 49 milliseconds
│   percent_complete = 4.4%
│   estimated_sypd = 20.031
│   instantaneous_sypd = 20.15
│   date_now = 2026-07-05T16:51:54.312
└   estimated_finish_date = 2026-07-05T16:52:17.312
┌ Info: Progress
│   simulation_time = 4 hours, 16 minutes
│   n_steps_completed = 512
│   wall_time_per_step = 4 milliseconds, 124 microseconds
│   wall_time_total = 23 seconds, 756 milliseconds
│   wall_time_remaining = 21 seconds, 644 milliseconds
│   wall_time_spent = 2 seconds, 111 milliseconds
│   percent_complete = 8.9%
│   estimated_sypd = 19.915
│   instantaneous_sypd = 19.8
│   date_now = 2026-07-05T16:51:55.374
└   estimated_finish_date = 2026-07-05T16:52:17.374
┌ Info: Progress
│   simulation_time = 6 hours, 40 minutes
│   n_steps_completed = 801
│   wall_time_per_step = 4 milliseconds, 189 microseconds
│   wall_time_total = 24 seconds, 129 milliseconds
│   wall_time_remaining = 20 seconds, 773 milliseconds
│   wall_time_spent = 3 seconds, 355 milliseconds
│   percent_complete = 13.9%
│   estimated_sypd = 19.607
│   instantaneous_sypd = 19.084
│   date_now = 2026-07-05T16:51:56.618
└   estimated_finish_date = 2026-07-05T16:52:17.618
┌ Info: Progress
│   simulation_time = 8 hours, 32 minutes
│   n_steps_completed = 1024
│   wall_time_per_step = 4 milliseconds, 240 microseconds
│   wall_time_total = 24 seconds, 426 milliseconds
│   wall_time_remaining = 20 seconds, 84 milliseconds
│   wall_time_spent = 4 seconds, 342 milliseconds
│   percent_complete = 17.8%
│   estimated_sypd = 19.368
│   instantaneous_sypd = 18.557
│   date_now = 2026-07-05T16:51:57.605
└   estimated_finish_date = 2026-07-05T16:52:18.605
┌ Info: Progress
│   simulation_time = 10 hours, 56 minutes
│   n_steps_completed = 1313
│   wall_time_per_step = 4 milliseconds, 307 microseconds
│   wall_time_total = 24 seconds, 809 milliseconds
│   wall_time_remaining = 19 seconds, 154 milliseconds
│   wall_time_spent = 5 seconds, 655 milliseconds
│   percent_complete = 22.8%
│   estimated_sypd = 19.069
│   instantaneous_sypd = 18.081
│   date_now = 2026-07-05T16:51:58.918
└   estimated_finish_date = 2026-07-05T16:52:18.918
┌ Info: Progress
│   simulation_time = 13 hours, 21 minutes
│   n_steps_completed = 1602
│   wall_time_per_step = 4 milliseconds, 391 microseconds
│   wall_time_total = 25 seconds, 294 milliseconds
│   wall_time_remaining = 18 seconds, 259 milliseconds
│   wall_time_spent = 7 seconds, 35 milliseconds
│   percent_complete = 27.8%
│   estimated_sypd = 18.704
│   instantaneous_sypd = 17.205
│   date_now = 2026-07-05T16:52:00.297
└   estimated_finish_date = 2026-07-05T16:52:19.297
┌ Info: Progress
│   simulation_time = 15 hours, 45 minutes
│   n_steps_completed = 1891
│   wall_time_per_step = 4 milliseconds, 465 microseconds
│   wall_time_total = 25 seconds, 720 milliseconds
│   wall_time_remaining = 17 seconds, 276 milliseconds
│   wall_time_spent = 8 seconds, 444 milliseconds
│   percent_complete = 32.8%
│   estimated_sypd = 18.394
│   instantaneous_sypd = 16.847
│   date_now = 2026-07-05T16:52:01.706
└   estimated_finish_date = 2026-07-05T16:52:19.706
┌ Info: Progress
│   simulation_time = 17 hours, 4 minutes
│   n_steps_completed = 2048
│   wall_time_per_step = 4 milliseconds, 508 microseconds
│   wall_time_total = 25 seconds, 968 milliseconds
│   wall_time_remaining = 16 seconds, 735 milliseconds
│   wall_time_spent = 9 seconds, 233 milliseconds
│   percent_complete = 35.6%
│   estimated_sypd = 18.218
│   instantaneous_sypd = 16.337
│   date_now = 2026-07-05T16:52:02.496
└   estimated_finish_date = 2026-07-05T16:52:19.496
┌ Info: Progress
│   simulation_time = 19 hours, 28 minutes
│   n_steps_completed = 2337
│   wall_time_per_step = 4 milliseconds, 581 microseconds
│   wall_time_total = 26 seconds, 387 milliseconds
│   wall_time_remaining = 15 seconds, 681 milliseconds
│   wall_time_spent = 10 seconds, 706 milliseconds
│   percent_complete = 40.6%
│   estimated_sypd = 17.929
│   instantaneous_sypd = 16.115
│   date_now = 2026-07-05T16:52:03.969
└   estimated_finish_date = 2026-07-05T16:52:19.969
┌ Info: Progress
│   simulation_time = 21 hours, 53 minutes
│   n_steps_completed = 2626
│   wall_time_per_step = 4 milliseconds, 699 microseconds
│   wall_time_total = 27 seconds, 69 milliseconds
│   wall_time_remaining = 14 seconds, 728 milliseconds
│   wall_time_spent = 12 seconds, 340 milliseconds
│   percent_complete = 45.6%
│   estimated_sypd = 17.477
│   instantaneous_sypd = 14.522
│   date_now = 2026-07-05T16:52:05.603
└   estimated_finish_date = 2026-07-05T16:52:20.603
┌ Info: Progress
│   simulation_time = 1 day, 17 minutes
│   n_steps_completed = 2915
│   wall_time_per_step = 4 milliseconds, 771 microseconds
│   wall_time_total = 27 seconds, 485 milliseconds
│   wall_time_remaining = 13 seconds, 575 milliseconds
│   wall_time_spent = 13 seconds, 909 milliseconds
│   percent_complete = 50.6%
│   estimated_sypd = 17.213
│   instantaneous_sypd = 15.13
│   date_now = 2026-07-05T16:52:07.172
└   estimated_finish_date = 2026-07-05T16:52:21.172
┌ Info: Progress
│   simulation_time = 1 day, 2 hours
│   n_steps_completed = 3204
│   wall_time_per_step = 4 milliseconds, 837 microseconds
│   wall_time_total = 27 seconds, 861 milliseconds
│   wall_time_remaining = 12 seconds, 363 milliseconds
│   wall_time_spent = 15 seconds, 497 milliseconds
│   percent_complete = 55.6%
│   estimated_sypd = 16.98
│   instantaneous_sypd = 14.946
│   date_now = 2026-07-05T16:52:08.760
└   estimated_finish_date = 2026-07-05T16:52:21.760
┌ Info: Progress
│   simulation_time = 1 day, 5 hours
│   n_steps_completed = 3493
│   wall_time_per_step = 4 milliseconds, 913 microseconds
│   wall_time_total = 28 seconds, 299 milliseconds
│   wall_time_remaining = 11 seconds, 137 milliseconds
│   wall_time_spent = 17 seconds, 161 milliseconds
│   percent_complete = 60.6%
│   estimated_sypd = 16.718
│   instantaneous_sypd = 14.27
│   date_now = 2026-07-05T16:52:10.424
└   estimated_finish_date = 2026-07-05T16:52:22.424
┌ Info: Progress
│   simulation_time = 1 day, 7 hours
│   n_steps_completed = 3782
│   wall_time_per_step = 4 milliseconds, 998 microseconds
│   wall_time_total = 28 seconds, 793 milliseconds
│   wall_time_remaining = 9 seconds, 887 milliseconds
│   wall_time_spent = 18 seconds, 905 milliseconds
│   percent_complete = 65.7%
│   estimated_sypd = 16.431
│   instantaneous_sypd = 13.608
│   date_now = 2026-07-05T16:52:12.168
└   estimated_finish_date = 2026-07-05T16:52:22.168
┌ Info: Progress
│   simulation_time = 1 day, 9 hours
│   n_steps_completed = 4071
│   wall_time_per_step = 5 milliseconds, 65 microseconds
│   wall_time_total = 29 seconds, 177 milliseconds
│   wall_time_remaining = 8 seconds, 555 milliseconds
│   wall_time_spent = 20 seconds, 622 milliseconds
│   percent_complete = 70.7%
│   estimated_sypd = 16.214
│   instantaneous_sypd = 13.831
│   date_now = 2026-07-05T16:52:13.884
└   estimated_finish_date = 2026-07-05T16:52:22.884
┌ Info: Progress
│   simulation_time = 1 day, 10 hours
│   n_steps_completed = 4096
│   wall_time_per_step = 5 milliseconds, 74 microseconds
│   wall_time_total = 29 seconds, 229 milliseconds
│   wall_time_remaining = 8 seconds, 443 milliseconds
│   wall_time_spent = 20 seconds, 785 milliseconds
│   percent_complete = 71.1%
│   estimated_sypd = 16.186
│   instantaneous_sypd = 12.586
│   date_now = 2026-07-05T16:52:14.047
└   estimated_finish_date = 2026-07-05T16:52:23.047
┌ Info: Progress
│   simulation_time = 1 day, 12 hours
│   n_steps_completed = 4385
│   wall_time_per_step = 5 milliseconds, 146 microseconds
│   wall_time_total = 29 seconds, 642 milliseconds
│   wall_time_remaining = 7 seconds, 76 milliseconds
│   wall_time_spent = 22 seconds, 566 milliseconds
│   percent_complete = 76.1%
│   estimated_sypd = 15.96
│   instantaneous_sypd = 13.327
│   date_now = 2026-07-05T16:52:15.829
└   estimated_finish_date = 2026-07-05T16:52:23.829
┌ Info: Progress
│   simulation_time = 1 day, 14 hours
│   n_steps_completed = 4674
│   wall_time_per_step = 5 milliseconds, 225 microseconds
│   wall_time_total = 30 seconds, 101 milliseconds
│   wall_time_remaining = 5 seconds, 675 milliseconds
│   wall_time_spent = 24 seconds, 426 milliseconds
│   percent_complete = 81.1%
│   estimated_sypd = 15.717
│   instantaneous_sypd = 12.764
│   date_now = 2026-07-05T16:52:17.688
└   estimated_finish_date = 2026-07-05T16:52:23.688
┌ Info: Progress
│   simulation_time = 1 day, 17 hours
│   n_steps_completed = 4963
│   wall_time_per_step = 5 milliseconds, 297 microseconds
│   wall_time_total = 30 seconds, 510 milliseconds
│   wall_time_remaining = 4 seconds, 221 milliseconds
│   wall_time_spent = 26 seconds, 289 milliseconds
│   percent_complete = 86.2%
│   estimated_sypd = 15.506
│   instantaneous_sypd = 12.741
│   date_now = 2026-07-05T16:52:19.551
└   estimated_finish_date = 2026-07-05T16:52:24.551
┌ Info: Progress
│   simulation_time = 1 day, 19 hours
│   n_steps_completed = 5252
│   wall_time_per_step = 5 milliseconds, 366 microseconds
│   wall_time_total = 30 seconds, 912 milliseconds
│   wall_time_remaining = 2 seconds, 726 milliseconds
│   wall_time_spent = 28 seconds, 186 milliseconds
│   percent_complete = 91.2%
│   estimated_sypd = 15.305
│   instantaneous_sypd = 12.514
│   date_now = 2026-07-05T16:52:21.448
└   estimated_finish_date = 2026-07-05T16:52:24.448
┌ Info: Progress
│   simulation_time = 1 day, 22 hours
│   n_steps_completed = 5541
│   wall_time_per_step = 5 milliseconds, 443 microseconds
│   wall_time_total = 31 seconds, 355 milliseconds
│   wall_time_remaining = 1 second, 192 milliseconds
│   wall_time_spent = 30 seconds, 163 milliseconds
│   percent_complete = 96.2%
│   estimated_sypd = 15.088
│   instantaneous_sypd = 12.004
│   date_now = 2026-07-05T16:52:23.426
└   estimated_finish_date = 2026-07-05T16:52:25.426
[ Info: solve! walltime = 31.639
[ Info: sypd: 14.963
[ Info: wall_time_per_timestep: 5 milliseconds, 492 microseconds
[ Info: Memory currently used (after solve!) by the process (RSS): 8.68 GiB
[ Info: Completed member 1
┌ Info: Making AtmosConfig with config files: 
│      /home/jeff/larcform1-experiments/ClimaAtmos.jl/src/config/../../config/default_configs/default_config.yml
└   
┌ Info: numerics 
│          `energy_q_tot_upwinding`::`Val{:vanleer_limiter}`
│                `tracer_upwinding`::`Val{:vanleer_limiter}`
│       `edmfx_mse_q_tot_upwinding`::`Val{:first_order}`
│         `edmfx_sgsflux_upwinding`::`Val{:none}`
│          `edmfx_tracer_upwinding`::`Val{:first_order}`
│         `test_dycore_consistency`::`Nothing`
│            `reproducible_restart`::`Nothing`
│                         `limiter`::`Nothing`
│                       `diff_mode`::`ClimaAtmos.Implicit`
│                       `hyperdiff`::`Nothing`
└   
┌ Info: AtmosModel: 
│   
│                               `water`::`ClimaAtmos.AtmosWater{ClimaAtmos.NonEquilibriumMicrophysics1M, ClimaAtmos.QuadratureCloud, ClimaAtmos.Implicit, Nothing, ClimaAtmos.SGSQuadrature{3, StaticArraysCore.SVector{3, Float32}, StaticArraysCore.SVector{3, Float32}, ClimaAtmos.GaussianSGS, Float32}, ClimaAtmos.FixedTerminalVelocity{Float32}}`
│                           `scm_setup`::`ClimaAtmos.SCMSetup{Nothing, Nothing, Nothing, Bool, @NamedTuple{prof_ug::AtmosphericProfilesLibrary.ZProfile{AtmosphericProfilesLibrary.var"#Larcform1_geostrophic_u##0#Larcform1_geostrophic_u##1"{Float32}}, prof_vg::AtmosphericProfilesLibrary.ZProfile{Returns{Float32}}, coriolis_param::Float32}}`
│                           `radiation`::`ClimaAtmos.AtmosRadiation{ClimaAtmos.RRTMGPInterface.AllSkyRadiationWithClearSkyDiagnostics{ClimaAtmos.InteractiveCloudInRadiation}, ClimaAtmos.Larcform1Insolation}`
│                            `turbconv`::`ClimaAtmos.AtmosTurbconv{ClimaAtmos.EDMFXModel{ClimaAtmos.InvZEntrainment, ClimaAtmos.BuoyancyVelocityDetrainment, Val{true}, Val{true}, Val{true}, Val{true}, Val{true}, ClimaAtmos.SmoothMinimumBlending}, ClimaAtmos.PrognosticEDMFX{1, true, Float32}, Nothing, Nothing, Nothing}`
│                     `prescribed_flow`::`Nothing`
│                        `gravity_wave`::`ClimaAtmos.AtmosGravityWave{Nothing, Nothing}`
│                  `vertical_diffusion`::`Nothing`
│                              `sponge`::`ClimaAtmos.AtmosSponge{Nothing, Nothing}`
│                             `surface`::`ClimaAtmos.AtmosSurface{ClimaAtmos.SurfaceConditions.MoninObukhov{Float32, Nothing, Nothing}, ClimaAtmos.SurfaceConditions.SlabOceanTemperature{Float32}, ClimaAtmos.SurfaceConditions.SurfaceBoundaryOverrides{Float32, Float32, Nothing, Nothing, Nothing, Nothing}, ClimaAtmos.ConstantAlbedo{Float32}}`
│                            `numerics`::`ClimaAtmos.AtmosNumerics{Val{:vanleer_limiter}, Val{:vanleer_limiter}, Val{:first_order}, Val{:none}, Val{:first_order}, Nothing, Nothing, Nothing, ClimaAtmos.Implicit, Nothing}`
│                           `chemistry`::`ClimaAtmos.AtmosChem{Nothing}`
└   
┌ Info: Microphysics settings: 
│                          `n_substeps`::`3`
│                     `n_substeps_quad`::`2`
│              `cloud_liquid_formation`::`CloudLiquidFormation`
│                 `cloud_ice_formation`::`TemperatureDependent`
│                      `cloud_ice_melt`::`CloudIceMelt`
│                 `rain_autoconversion`::`Kessler1M`
│                 `snow_autoconversion`::`NoSupersaturation`
│       `rain_condensation_evaporation`::`RainEvaporation`
│         `snow_deposition_sublimation`::`DepositionAndSublimation`
│                           `snow_melt`::`SnowMelt`
│         `cloud_liquid_rain_accretion`::`CloudLiquidRainAccretion`
│         `cloud_liquid_snow_accretion`::`CloudLiquidSnowAccretion`
│            `cloud_ice_rain_accretion`::`CloudIceRainAccretion`
│            `cloud_ice_snow_accretion`::`CloudIceSnowAccretion`
│                 `rain_snow_accretion`::`RainSnowAccretion`
└   
[ Info: Single-process ClimaAtmos run on CPUSingleThreaded
[ Info: Using ODE config: `ClimaTimeSteppers.ARS222`
[ Info: Initialized state (54.561 μs, 7.76 KiB)
[ Info: Built cache (213.794 ms, 172.6 MiB)
[ Info: Assembled callbacks (156.794 μs, 17.42 KiB)
┌ Info: Jacobian algorithm: ManualSparseJacobian(
│     approximate_solve_iters = 2,
└   )
[ Info: Jacobian derivative flags: topography_flag = IgnoreDerivative, diffusion_flag = UseDerivative
[ Info: Built tendency function (231.446 μs, 201.06 KiB)
[ Info: Initialized integrator (8.387 ms, 169.03 KiB)
[ Info: Added 7 user-provided YAML-style diagnostics
[ Info: Saving accumulated diagnostics to disk with frequency: 1 hour
[ Info: Set up diagnostics (444.051 μs, 103.66 KiB)
[ Info: Initialized 7 total diagnostics
