┌ Info: Simulation info
│   job_id = lf1e_clw_cal_member
└   output_dir = /home/jeff/larcform1-experiments/experiments/clw calibration/output/uki_1/iteration_004/member_012/output_0000
┌ Info: Running
│   job_id = lf1e_clw_cal_member
│   output_dir = /home/jeff/larcform1-experiments/experiments/clw calibration/output/uki_1/iteration_004/member_012/output_0000
└   tspan = (0.0 seconds (2010-01-01T00:00:00) [counter = 0, period = 1 second, epoch = 2010-01-01T00:00:00], 172800.0 seconds (2010-01-03T00:00:00) [counter = 172800, period = 1 second, epoch = 2010-01-01T00:00:00])
┌ Info: Progress
│   simulation_time = 30 seconds
│   n_steps_completed = 1
│   wall_time_per_step = 0 seconds
│   wall_time_total = 0 seconds
│   wall_time_remaining = 0 seconds
│   wall_time_spent = 0 seconds
│   percent_complete = 0.0%
│   estimated_sypd = Inf
│   instantaneous_sypd = 0.0 (sdpd_estimate = 0.0)
│   date_now = 2026-07-05T16:43:12.360
└   estimated_finish_date = 2026-07-05T16:43:12.360
┌ Info: Progress
│   simulation_time = 1 minute
│   n_steps_completed = 2
│   wall_time_per_step = 0 seconds
│   wall_time_total = 0 seconds
│   wall_time_remaining = 0 seconds
│   wall_time_spent = 0 seconds
│   percent_complete = 0.0%
│   estimated_sypd = Inf
│   instantaneous_sypd = 0.031
│   date_now = 2026-07-05T16:43:14.974
└   estimated_finish_date = 2026-07-05T16:43:14.974
┌ Info: Progress
│   simulation_time = 2 minutes
│   n_steps_completed = 4
│   wall_time_per_step = 5 milliseconds, 12 microseconds
│   wall_time_total = 28 seconds, 874 milliseconds
│   wall_time_remaining = 28 seconds, 854 milliseconds
│   wall_time_spent = 20 milliseconds, 51 microseconds
│   percent_complete = 0.1%
│   estimated_sypd = 16.385
│   instantaneous_sypd = 16.385
│   date_now = 2026-07-05T16:43:14.984
└   estimated_finish_date = 2026-07-05T16:43:43.984
┌ Info: Progress
│   simulation_time = 4 minutes
│   n_steps_completed = 8
│   wall_time_per_step = 4 milliseconds, 640 microseconds
│   wall_time_total = 26 seconds, 732 milliseconds
│   wall_time_remaining = 26 seconds, 695 milliseconds
│   wall_time_spent = 37 milliseconds, 127 microseconds
│   percent_complete = 0.1%
│   estimated_sypd = 17.698
│   instantaneous_sypd = 19.24
│   date_now = 2026-07-05T16:43:15.001
└   estimated_finish_date = 2026-07-05T16:43:42.001
┌ Info: Progress
│   simulation_time = 8 minutes
│   n_steps_completed = 16
│   wall_time_per_step = 4 milliseconds, 322 microseconds
│   wall_time_total = 24 seconds, 897 milliseconds
│   wall_time_remaining = 24 seconds, 828 milliseconds
│   wall_time_spent = 69 milliseconds, 160 microseconds
│   percent_complete = 0.3%
│   estimated_sypd = 19.002
│   instantaneous_sypd = 20.513
│   date_now = 2026-07-05T16:43:15.033
└   estimated_finish_date = 2026-07-05T16:43:40.033
┌ Info: Progress
│   simulation_time = 16 minutes
│   n_steps_completed = 32
│   wall_time_per_step = 4 milliseconds, 118 microseconds
│   wall_time_total = 23 seconds, 719 milliseconds
│   wall_time_remaining = 23 seconds, 588 milliseconds
│   wall_time_spent = 131 milliseconds, 777 microseconds
│   percent_complete = 0.6%
│   estimated_sypd = 19.945
│   instantaneous_sypd = 20.988
│   date_now = 2026-07-05T16:43:15.096
└   estimated_finish_date = 2026-07-05T16:43:39.096
┌ Info: Progress
│   simulation_time = 32 minutes
│   n_steps_completed = 64
│   wall_time_per_step = 4 milliseconds, 102 microseconds
│   wall_time_total = 23 seconds, 632 milliseconds
│   wall_time_remaining = 23 seconds, 370 milliseconds
│   wall_time_spent = 262 milliseconds, 584 microseconds
│   percent_complete = 1.1%
│   estimated_sypd = 20.019
│   instantaneous_sypd = 20.093
│   date_now = 2026-07-05T16:43:15.227
└   estimated_finish_date = 2026-07-05T16:43:39.227
┌ Info: Progress
│   simulation_time = 1 hour, 4 minutes
│   n_steps_completed = 128
│   wall_time_per_step = 4 milliseconds, 170 microseconds
│   wall_time_total = 24 seconds, 24 milliseconds
│   wall_time_remaining = 23 seconds, 490 milliseconds
│   wall_time_spent = 533 milliseconds, 881 microseconds
│   percent_complete = 2.2%
│   estimated_sypd = 19.692
│   instantaneous_sypd = 19.376
│   date_now = 2026-07-05T16:43:15.498
└   estimated_finish_date = 2026-07-05T16:43:39.498
┌ Info: Progress
│   simulation_time = 2 hours, 8 minutes
│   n_steps_completed = 256
│   wall_time_per_step = 4 milliseconds, 296 microseconds
│   wall_time_total = 24 seconds, 750 milliseconds
│   wall_time_remaining = 23 seconds, 650 milliseconds
│   wall_time_spent = 1 second, 100 milliseconds
│   percent_complete = 4.4%
│   estimated_sypd = 19.115
│   instantaneous_sypd = 18.57
│   date_now = 2026-07-05T16:43:16.064
└   estimated_finish_date = 2026-07-05T16:43:40.064
┌ Info: Progress
│   simulation_time = 4 hours, 16 minutes
│   n_steps_completed = 512
│   wall_time_per_step = 4 milliseconds, 356 microseconds
│   wall_time_total = 25 seconds, 92 milliseconds
│   wall_time_remaining = 22 seconds, 861 milliseconds
│   wall_time_spent = 2 seconds, 230 milliseconds
│   percent_complete = 8.9%
│   estimated_sypd = 18.855
│   instantaneous_sypd = 18.601
│   date_now = 2026-07-05T16:43:17.195
└   estimated_finish_date = 2026-07-05T16:43:40.195
┌ Info: Progress
│   simulation_time = 6 hours, 40 minutes
│   n_steps_completed = 801
│   wall_time_per_step = 4 milliseconds, 337 microseconds
│   wall_time_total = 24 seconds, 985 milliseconds
│   wall_time_remaining = 21 seconds, 510 milliseconds
│   wall_time_spent = 3 seconds, 474 milliseconds
│   percent_complete = 13.9%
│   estimated_sypd = 18.935
│   instantaneous_sypd = 19.079
│   date_now = 2026-07-05T16:43:18.439
└   estimated_finish_date = 2026-07-05T16:43:40.439
┌ Info: Progress
│   simulation_time = 8 hours, 32 minutes
│   n_steps_completed = 1024
│   wall_time_per_step = 4 milliseconds, 352 microseconds
│   wall_time_total = 25 seconds, 69 milliseconds
│   wall_time_remaining = 20 seconds, 612 milliseconds
│   wall_time_spent = 4 seconds, 456 milliseconds
│   percent_complete = 17.8%
│   estimated_sypd = 18.871
│   instantaneous_sypd = 18.647
│   date_now = 2026-07-05T16:43:19.421
└   estimated_finish_date = 2026-07-05T16:43:40.421
┌ Info: Progress
│   simulation_time = 10 hours, 56 minutes
│   n_steps_completed = 1313
│   wall_time_per_step = 4 milliseconds, 389 microseconds
│   wall_time_total = 25 seconds, 282 milliseconds
│   wall_time_remaining = 19 seconds, 519 milliseconds
│   wall_time_spent = 5 seconds, 763 milliseconds
│   percent_complete = 22.8%
│   estimated_sypd = 18.713
│   instantaneous_sypd = 18.171
│   date_now = 2026-07-05T16:43:20.728
└   estimated_finish_date = 2026-07-05T16:43:40.728
┌ Info: Progress
│   simulation_time = 13 hours, 21 minutes
│   n_steps_completed = 1602
│   wall_time_per_step = 4 milliseconds, 458 microseconds
│   wall_time_total = 25 seconds, 683 milliseconds
│   wall_time_remaining = 18 seconds, 540 milliseconds
│   wall_time_spent = 7 seconds, 143 milliseconds
│   percent_complete = 27.8%
│   estimated_sypd = 18.42
│   instantaneous_sypd = 17.201
│   date_now = 2026-07-05T16:43:22.108
└   estimated_finish_date = 2026-07-05T16:43:41.108
┌ Info: Progress
│   simulation_time = 15 hours, 45 minutes
│   n_steps_completed = 1891
│   wall_time_per_step = 4 milliseconds, 528 microseconds
│   wall_time_total = 26 seconds, 83 milliseconds
│   wall_time_remaining = 17 seconds, 520 milliseconds
│   wall_time_spent = 8 seconds, 563 milliseconds
│   percent_complete = 32.8%
│   estimated_sypd = 18.138
│   instantaneous_sypd = 16.717
│   date_now = 2026-07-05T16:43:23.527
└   estimated_finish_date = 2026-07-05T16:43:41.527
┌ Info: Progress
│   simulation_time = 17 hours, 4 minutes
│   n_steps_completed = 2048
│   wall_time_per_step = 4 milliseconds, 564 microseconds
│   wall_time_total = 26 seconds, 293 milliseconds
│   wall_time_remaining = 16 seconds, 944 milliseconds
│   wall_time_spent = 9 seconds, 348 milliseconds
│   percent_complete = 35.6%
│   estimated_sypd = 17.993
│   instantaneous_sypd = 16.414
│   date_now = 2026-07-05T16:43:24.313
└   estimated_finish_date = 2026-07-05T16:43:41.313
┌ Info: Progress
│   simulation_time = 19 hours, 28 minutes
│   n_steps_completed = 2337
│   wall_time_per_step = 4 milliseconds, 632 microseconds
│   wall_time_total = 26 seconds, 682 milliseconds
│   wall_time_remaining = 15 seconds, 856 milliseconds
│   wall_time_spent = 10 seconds, 826 milliseconds
│   percent_complete = 40.6%
│   estimated_sypd = 17.731
│   instantaneous_sypd = 16.069
│   date_now = 2026-07-05T16:43:25.790
└   estimated_finish_date = 2026-07-05T16:43:41.790
┌ Info: Progress
│   simulation_time = 21 hours, 53 minutes
│   n_steps_completed = 2626
│   wall_time_per_step = 4 milliseconds, 703 microseconds
│   wall_time_total = 27 seconds, 93 milliseconds
│   wall_time_remaining = 14 seconds, 741 milliseconds
│   wall_time_spent = 12 seconds, 352 milliseconds
│   percent_complete = 45.6%
│   estimated_sypd = 17.462
│   instantaneous_sypd = 15.555
│   date_now = 2026-07-05T16:43:27.316
└   estimated_finish_date = 2026-07-05T16:43:42.316
┌ Info: Progress
│   simulation_time = 1 day, 17 minutes
│   n_steps_completed = 2915
│   wall_time_per_step = 4 milliseconds, 827 microseconds
│   wall_time_total = 27 seconds, 808 milliseconds
│   wall_time_remaining = 13 seconds, 735 milliseconds
│   wall_time_spent = 14 seconds, 73 milliseconds
│   percent_complete = 50.6%
│   estimated_sypd = 17.013
│   instantaneous_sypd = 13.79
│   date_now = 2026-07-05T16:43:29.038
└   estimated_finish_date = 2026-07-05T16:43:43.038
┌ Info: Progress
│   simulation_time = 1 day, 2 hours
│   n_steps_completed = 3204
│   wall_time_per_step = 4 milliseconds, 888 microseconds
│   wall_time_total = 28 seconds, 160 milliseconds
│   wall_time_remaining = 12 seconds, 496 milliseconds
│   wall_time_spent = 15 seconds, 664 milliseconds
│   percent_complete = 55.6%
│   estimated_sypd = 16.8
│   instantaneous_sypd = 14.922
│   date_now = 2026-07-05T16:43:30.628
└   estimated_finish_date = 2026-07-05T16:43:43.628
┌ Info: Progress
│   simulation_time = 1 day, 5 hours
│   n_steps_completed = 3493
│   wall_time_per_step = 4 milliseconds, 958 microseconds
│   wall_time_total = 28 seconds, 559 milliseconds
│   wall_time_remaining = 11 seconds, 240 milliseconds
│   wall_time_spent = 17 seconds, 319 milliseconds
│   percent_complete = 60.6%
│   estimated_sypd = 16.565
│   instantaneous_sypd = 14.342
│   date_now = 2026-07-05T16:43:32.284
└   estimated_finish_date = 2026-07-05T16:43:44.284
┌ Info: Progress
│   simulation_time = 1 day, 7 hours
│   n_steps_completed = 3782
│   wall_time_per_step = 5 milliseconds, 21 microseconds
│   wall_time_total = 28 seconds, 924 milliseconds
│   wall_time_remaining = 9 seconds, 932 milliseconds
│   wall_time_spent = 18 seconds, 991 milliseconds
│   percent_complete = 65.7%
│   estimated_sypd = 16.357
│   instantaneous_sypd = 14.195
│   date_now = 2026-07-05T16:43:33.956
└   estimated_finish_date = 2026-07-05T16:43:43.956
┌ Info: Progress
│   simulation_time = 1 day, 9 hours
│   n_steps_completed = 4071
│   wall_time_per_step = 5 milliseconds, 107 microseconds
│   wall_time_total = 29 seconds, 417 milliseconds
│   wall_time_remaining = 8 seconds, 625 milliseconds
│   wall_time_spent = 20 seconds, 791 milliseconds
│   percent_complete = 70.7%
│   estimated_sypd = 16.082
│   instantaneous_sypd = 13.189
│   date_now = 2026-07-05T16:43:35.756
└   estimated_finish_date = 2026-07-05T16:43:44.756
┌ Info: Progress
│   simulation_time = 1 day, 10 hours
│   n_steps_completed = 4096
│   wall_time_per_step = 5 milliseconds, 115 microseconds
│   wall_time_total = 29 seconds, 462 milliseconds
│   wall_time_remaining = 8 seconds, 511 milliseconds
│   wall_time_spent = 20 seconds, 951 milliseconds
│   percent_complete = 71.1%
│   estimated_sypd = 16.057
│   instantaneous_sypd = 12.817
│   date_now = 2026-07-05T16:43:35.916
└   estimated_finish_date = 2026-07-05T16:43:44.916
┌ Info: Progress
│   simulation_time = 1 day, 12 hours
│   n_steps_completed = 4385
│   wall_time_per_step = 5 milliseconds, 180 microseconds
│   wall_time_total = 29 seconds, 838 milliseconds
│   wall_time_remaining = 7 seconds, 122 milliseconds
│   wall_time_spent = 22 seconds, 715 milliseconds
│   percent_complete = 76.1%
│   estimated_sypd = 15.855
│   instantaneous_sypd = 13.456
│   date_now = 2026-07-05T16:43:37.680
└   estimated_finish_date = 2026-07-05T16:43:45.680
┌ Info: Progress
│   simulation_time = 1 day, 14 hours
│   n_steps_completed = 4674
│   wall_time_per_step = 5 milliseconds, 245 microseconds
│   wall_time_total = 30 seconds, 215 milliseconds
│   wall_time_remaining = 5 seconds, 696 milliseconds
│   wall_time_spent = 24 seconds, 518 milliseconds
│   percent_complete = 81.1%
│   estimated_sypd = 15.657
│   instantaneous_sypd = 13.162
│   date_now = 2026-07-05T16:43:39.483
└   estimated_finish_date = 2026-07-05T16:43:45.483
┌ Info: Progress
│   simulation_time = 1 day, 17 hours
│   n_steps_completed = 4963
│   wall_time_per_step = 5 milliseconds, 325 microseconds
│   wall_time_total = 30 seconds, 675 milliseconds
│   wall_time_remaining = 4 seconds, 244 milliseconds
│   wall_time_spent = 26 seconds, 431 milliseconds
│   percent_complete = 86.2%
│   estimated_sypd = 15.423
│   instantaneous_sypd = 12.413
│   date_now = 2026-07-05T16:43:41.396
└   estimated_finish_date = 2026-07-05T16:43:46.396
┌ Info: Progress
│   simulation_time = 1 day, 19 hours
│   n_steps_completed = 5252
│   wall_time_per_step = 5 milliseconds, 391 microseconds
│   wall_time_total = 31 seconds, 54 milliseconds
│   wall_time_remaining = 2 seconds, 738 milliseconds
│   wall_time_spent = 28 seconds, 316 milliseconds
│   percent_complete = 91.2%
│   estimated_sypd = 15.234
│   instantaneous_sypd = 12.594
│   date_now = 2026-07-05T16:43:43.280
└   estimated_finish_date = 2026-07-05T16:43:46.280
┌ Info: Progress
│   simulation_time = 1 day, 22 hours
│   n_steps_completed = 5541
│   wall_time_per_step = 5 milliseconds, 453 microseconds
│   wall_time_total = 31 seconds, 410 milliseconds
│   wall_time_remaining = 1 second, 194 milliseconds
│   wall_time_spent = 30 seconds, 216 milliseconds
│   percent_complete = 96.2%
│   estimated_sypd = 15.062
│   instantaneous_sypd = 12.489
│   date_now = 2026-07-05T16:43:45.181
└   estimated_finish_date = 2026-07-05T16:43:47.181
[ Info: solve! walltime = 31.723
[ Info: sypd: 14.924
[ Info: wall_time_per_timestep: 5 milliseconds, 507 microseconds
[ Info: Memory currently used (after solve!) by the process (RSS): 8.68 GiB
[ Info: Completed member 12
┌ Info: Making AtmosConfig with config files: 
│      /home/jeff/larcform1-experiments/ClimaAtmos.jl/src/config/../../config/default_configs/default_config.yml
└   
┌ Info: numerics 
│          `energy_q_tot_upwinding`::`Val{:vanleer_limiter}`
│                `tracer_upwinding`::`Val{:vanleer_limiter}`
│       `edmfx_mse_q_tot_upwinding`::`Val{:first_order}`
│         `edmfx_sgsflux_upwinding`::`Val{:none}`
│          `edmfx_tracer_upwinding`::`Val{:first_order}`
│         `test_dycore_consistency`::`Nothing`
│            `reproducible_restart`::`Nothing`
│                         `limiter`::`Nothing`
│                       `diff_mode`::`ClimaAtmos.Implicit`
│                       `hyperdiff`::`Nothing`
└   
┌ Info: AtmosModel: 
│   
│                               `water`::`ClimaAtmos.AtmosWater{ClimaAtmos.NonEquilibriumMicrophysics1M, ClimaAtmos.QuadratureCloud, ClimaAtmos.Implicit, Nothing, ClimaAtmos.SGSQuadrature{3, StaticArraysCore.SVector{3, Float32}, StaticArraysCore.SVector{3, Float32}, ClimaAtmos.GaussianSGS, Float32}, ClimaAtmos.FixedTerminalVelocity{Float32}}`
│                           `scm_setup`::`ClimaAtmos.SCMSetup{Nothing, Nothing, Nothing, Bool, @NamedTuple{prof_ug::AtmosphericProfilesLibrary.ZProfile{AtmosphericProfilesLibrary.var"#Larcform1_geostrophic_u##0#Larcform1_geostrophic_u##1"{Float32}}, prof_vg::AtmosphericProfilesLibrary.ZProfile{Returns{Float32}}, coriolis_param::Float32}}`
│                           `radiation`::`ClimaAtmos.AtmosRadiation{ClimaAtmos.RRTMGPInterface.AllSkyRadiationWithClearSkyDiagnostics{ClimaAtmos.InteractiveCloudInRadiation}, ClimaAtmos.Larcform1Insolation}`
│                            `turbconv`::`ClimaAtmos.AtmosTurbconv{ClimaAtmos.EDMFXModel{ClimaAtmos.InvZEntrainment, ClimaAtmos.BuoyancyVelocityDetrainment, Val{true}, Val{true}, Val{true}, Val{true}, Val{true}, ClimaAtmos.SmoothMinimumBlending}, ClimaAtmos.PrognosticEDMFX{1, true, Float32}, Nothing, Nothing, Nothing}`
│                     `prescribed_flow`::`Nothing`
│                        `gravity_wave`::`ClimaAtmos.AtmosGravityWave{Nothing, Nothing}`
│                  `vertical_diffusion`::`Nothing`
│                              `sponge`::`ClimaAtmos.AtmosSponge{Nothing, Nothing}`
│                             `surface`::`ClimaAtmos.AtmosSurface{ClimaAtmos.SurfaceConditions.MoninObukhov{Float32, Nothing, Nothing}, ClimaAtmos.SurfaceConditions.SlabOceanTemperature{Float32}, ClimaAtmos.SurfaceConditions.SurfaceBoundaryOverrides{Float32, Float32, Nothing, Nothing, Nothing, Nothing}, ClimaAtmos.ConstantAlbedo{Float32}}`
│                            `numerics`::`ClimaAtmos.AtmosNumerics{Val{:vanleer_limiter}, Val{:vanleer_limiter}, Val{:first_order}, Val{:none}, Val{:first_order}, Nothing, Nothing, Nothing, ClimaAtmos.Implicit, Nothing}`
│                           `chemistry`::`ClimaAtmos.AtmosChem{Nothing}`
└   
┌ Info: Microphysics settings: 
│                          `n_substeps`::`3`
│                     `n_substeps_quad`::`2`
│              `cloud_liquid_formation`::`CloudLiquidFormation`
│                 `cloud_ice_formation`::`TemperatureDependent`
│                      `cloud_ice_melt`::`CloudIceMelt`
│                 `rain_autoconversion`::`Kessler1M`
│                 `snow_autoconversion`::`NoSupersaturation`
│       `rain_condensation_evaporation`::`RainEvaporation`
│         `snow_deposition_sublimation`::`DepositionAndSublimation`
│                           `snow_melt`::`SnowMelt`
│         `cloud_liquid_rain_accretion`::`CloudLiquidRainAccretion`
│         `cloud_liquid_snow_accretion`::`CloudLiquidSnowAccretion`
│            `cloud_ice_rain_accretion`::`CloudIceRainAccretion`
│            `cloud_ice_snow_accretion`::`CloudIceSnowAccretion`
│                 `rain_snow_accretion`::`RainSnowAccretion`
└   
[ Info: Single-process ClimaAtmos run on CPUSingleThreaded
[ Info: Using ODE config: `ClimaTimeSteppers.ARS222`
[ Info: Initialized state (65.732 μs, 7.76 KiB)
[ Info: Built cache (199.857 ms, 172.6 MiB)
[ Info: Assembled callbacks (137.123 μs, 17.42 KiB)
┌ Info: Jacobian algorithm: ManualSparseJacobian(
│     approximate_solve_iters = 2,
└   )
[ Info: Jacobian derivative flags: topography_flag = IgnoreDerivative, diffusion_flag = UseDerivative
[ Info: Built tendency function (203.625 μs, 201.06 KiB)
[ Info: Initialized integrator (8.83 ms, 169.03 KiB)
[ Info: Added 7 user-provided YAML-style diagnostics
[ Info: Saving accumulated diagnostics to disk with frequency: 1 hour
[ Info: Set up diagnostics (666.477 μs, 103.66 KiB)
[ Info: Initialized 7 total diagnostics
