┌ Info: Simulation info
│   job_id = lf1e_clw_cal_member
└   output_dir = /home/jeff/larcform1-experiments/experiments/clw calibration/output/smoke/iteration_001/member_001/output_0000
┌ Info: Running
│   job_id = lf1e_clw_cal_member
│   output_dir = /home/jeff/larcform1-experiments/experiments/clw calibration/output/smoke/iteration_001/member_001/output_0000
└   tspan = (0.0 seconds (2010-01-01T00:00:00) [counter = 0, period = 1 second, epoch = 2010-01-01T00:00:00], 172800.0 seconds (2010-01-03T00:00:00) [counter = 172800, period = 1 second, epoch = 2010-01-01T00:00:00])
┌ Info: Progress
│   simulation_time = 30 seconds
│   n_steps_completed = 1
│   wall_time_per_step = 0 seconds
│   wall_time_total = 0 seconds
│   wall_time_remaining = 0 seconds
│   wall_time_spent = 0 seconds
│   percent_complete = 0.0%
│   estimated_sypd = Inf
│   instantaneous_sypd = 0.0 (sdpd_estimate = 0.0)
│   date_now = 2026-07-05T09:04:10.201
└   estimated_finish_date = 2026-07-05T09:04:10.201
┌ Info: Progress
│   simulation_time = 1 minute
│   n_steps_completed = 2
│   wall_time_per_step = 0 seconds
│   wall_time_total = 0 seconds
│   wall_time_remaining = 0 seconds
│   wall_time_spent = 0 seconds
│   percent_complete = 0.0%
│   estimated_sypd = Inf
│   instantaneous_sypd = 0.024
│   date_now = 2026-07-05T09:04:13.650
└   estimated_finish_date = 2026-07-05T09:04:13.650
┌ Info: Progress
│   simulation_time = 2 minutes
│   n_steps_completed = 4
│   wall_time_per_step = 12 milliseconds, 463 microseconds
│   wall_time_total = 1 minute, 11 seconds
│   wall_time_remaining = 1 minute, 11 seconds
│   wall_time_spent = 49 milliseconds, 854 microseconds
│   percent_complete = 0.1%
│   estimated_sypd = 6.59
│   instantaneous_sypd = 6.59
│   date_now = 2026-07-05T09:04:13.724
└   estimated_finish_date = 2026-07-05T09:05:25.724
┌ Info: Progress
│   simulation_time = 4 minutes
│   n_steps_completed = 8
│   wall_time_per_step = 16 milliseconds, 562 microseconds
│   wall_time_total = 1 minute, 35 seconds
│   wall_time_remaining = 1 minute, 35 seconds
│   wall_time_spent = 132 milliseconds, 499 microseconds
│   percent_complete = 0.1%
│   estimated_sypd = 4.959
│   instantaneous_sypd = 3.975
│   date_now = 2026-07-05T09:04:13.742
└   estimated_finish_date = 2026-07-05T09:05:49.742
┌ Info: Progress
│   simulation_time = 8 minutes
│   n_steps_completed = 16
│   wall_time_per_step = 10 milliseconds, 205 microseconds
│   wall_time_total = 58 seconds, 785 milliseconds
│   wall_time_remaining = 58 seconds, 622 milliseconds
│   wall_time_spent = 163 milliseconds, 294 microseconds
│   percent_complete = 0.3%
│   estimated_sypd = 8.048
│   instantaneous_sypd = 21.337
│   date_now = 2026-07-05T09:04:13.773
└   estimated_finish_date = 2026-07-05T09:05:12.773
┌ Info: Progress
│   simulation_time = 16 minutes
│   n_steps_completed = 32
│   wall_time_per_step = 7 milliseconds, 104 microseconds
│   wall_time_total = 40 seconds, 923 milliseconds
│   wall_time_remaining = 40 seconds, 696 milliseconds
│   wall_time_spent = 227 milliseconds, 352 microseconds
│   percent_complete = 0.6%
│   estimated_sypd = 11.561
│   instantaneous_sypd = 20.515
│   date_now = 2026-07-05T09:04:13.837
└   estimated_finish_date = 2026-07-05T09:04:54.837
┌ Info: Progress
│   simulation_time = 32 minutes
│   n_steps_completed = 64
│   wall_time_per_step = 6 milliseconds, 154 microseconds
│   wall_time_total = 35 seconds, 448 milliseconds
│   wall_time_remaining = 35 seconds, 54 milliseconds
│   wall_time_spent = 393 milliseconds, 869 microseconds
│   percent_complete = 1.1%
│   estimated_sypd = 13.346
│   instantaneous_sypd = 15.784
│   date_now = 2026-07-05T09:04:14.003
└   estimated_finish_date = 2026-07-05T09:04:50.003
┌ Info: Progress
│   simulation_time = 1 hour, 4 minutes
│   n_steps_completed = 128
│   wall_time_per_step = 45 milliseconds, 907 microseconds
│   wall_time_total = 4 minutes, 24 seconds
│   wall_time_remaining = 4 minutes, 18 seconds
│   wall_time_spent = 5 seconds, 876 milliseconds
│   percent_complete = 2.2%
│   estimated_sypd = 1.789
│   instantaneous_sypd = 0.959
│   date_now = 2026-07-05T09:04:19.494
└   estimated_finish_date = 2026-07-05T09:08:38.494
┌ Info: Progress
│   simulation_time = 2 hours, 8 minutes
│   n_steps_completed = 256
│   wall_time_per_step = 25 milliseconds, 616 microseconds
│   wall_time_total = 2 minutes, 27 seconds
│   wall_time_remaining = 2 minutes, 20 seconds
│   wall_time_spent = 6 seconds, 557 milliseconds
│   percent_complete = 4.4%
│   estimated_sypd = 3.206
│   instantaneous_sypd = 15.422
│   date_now = 2026-07-05T09:04:20.167
└   estimated_finish_date = 2026-07-05T09:06:41.167
┌ Info: Progress
│   simulation_time = 4 hours, 16 minutes
│   n_steps_completed = 512
│   wall_time_per_step = 14 milliseconds, 864 microseconds
│   wall_time_total = 1 minute, 25 seconds
│   wall_time_remaining = 1 minute, 18 seconds
│   wall_time_spent = 7 seconds, 610 milliseconds
│   percent_complete = 8.9%
│   estimated_sypd = 5.525
│   instantaneous_sypd = 19.969
│   date_now = 2026-07-05T09:04:21.220
└   estimated_finish_date = 2026-07-05T09:05:40.220
┌ Info: Progress
│   simulation_time = 6 hours, 40 minutes
│   n_steps_completed = 801
│   wall_time_per_step = 11 milliseconds, 71 microseconds
│   wall_time_total = 1 minute, 3 seconds
│   wall_time_remaining = 54 seconds, 903 milliseconds
│   wall_time_spent = 8 seconds, 868 milliseconds
│   percent_complete = 13.9%
│   estimated_sypd = 7.419
│   instantaneous_sypd = 18.877
│   date_now = 2026-07-05T09:04:22.478
└   estimated_finish_date = 2026-07-05T09:05:17.478
┌ Info: Progress
│   simulation_time = 8 hours, 32 minutes
│   n_steps_completed = 1024
│   wall_time_per_step = 9 milliseconds, 629 microseconds
│   wall_time_total = 55 seconds, 467 milliseconds
│   wall_time_remaining = 45 seconds, 606 milliseconds
│   wall_time_spent = 9 seconds, 860 milliseconds
│   percent_complete = 17.8%
│   estimated_sypd = 8.529
│   instantaneous_sypd = 18.452
│   date_now = 2026-07-05T09:04:23.471
└   estimated_finish_date = 2026-07-05T09:05:09.470
┌ Info: Progress
│   simulation_time = 10 hours, 56 minutes
│   n_steps_completed = 1313
│   wall_time_per_step = 8 milliseconds, 509 microseconds
│   wall_time_total = 49 seconds, 12 milliseconds
│   wall_time_remaining = 37 seconds, 840 milliseconds
│   wall_time_spent = 11 seconds, 172 milliseconds
│   percent_complete = 22.8%
│   estimated_sypd = 9.653
│   instantaneous_sypd = 18.099
│   date_now = 2026-07-05T09:04:24.782
└   estimated_finish_date = 2026-07-05T09:05:02.782
┌ Info: Progress
│   simulation_time = 13 hours, 21 minutes
│   n_steps_completed = 1602
│   wall_time_per_step = 7 milliseconds, 827 microseconds
│   wall_time_total = 45 seconds, 85 milliseconds
│   wall_time_remaining = 32 seconds, 546 milliseconds
│   wall_time_spent = 12 seconds, 539 milliseconds
│   percent_complete = 27.8%
│   estimated_sypd = 10.493
│   instantaneous_sypd = 17.364
│   date_now = 2026-07-05T09:04:26.149
└   estimated_finish_date = 2026-07-05T09:04:59.149
┌ Info: Progress
│   simulation_time = 15 hours, 45 minutes
│   n_steps_completed = 1891
│   wall_time_per_step = 7 milliseconds, 375 microseconds
│   wall_time_total = 42 seconds, 485 milliseconds
│   wall_time_remaining = 28 seconds, 537 milliseconds
│   wall_time_spent = 13 seconds, 947 milliseconds
│   percent_complete = 32.8%
│   estimated_sypd = 11.136
│   instantaneous_sypd = 16.855
│   date_now = 2026-07-05T09:04:27.557
└   estimated_finish_date = 2026-07-05T09:04:56.557
┌ Info: Progress
│   simulation_time = 17 hours, 4 minutes
│   n_steps_completed = 2048
│   wall_time_per_step = 7 milliseconds, 196 microseconds
│   wall_time_total = 41 seconds, 454 milliseconds
│   wall_time_remaining = 26 seconds, 714 milliseconds
│   wall_time_spent = 14 seconds, 739 milliseconds
│   percent_complete = 35.6%
│   estimated_sypd = 11.413
│   instantaneous_sypd = 16.294
│   date_now = 2026-07-05T09:04:28.349
└   estimated_finish_date = 2026-07-05T09:04:55.349
┌ Info: Progress
│   simulation_time = 19 hours, 28 minutes
│   n_steps_completed = 2337
│   wall_time_per_step = 6 milliseconds, 938 microseconds
│   wall_time_total = 39 seconds, 963 milliseconds
│   wall_time_remaining = 23 seconds, 749 milliseconds
│   wall_time_spent = 16 seconds, 214 milliseconds
│   percent_complete = 40.6%
│   estimated_sypd = 11.838
│   instantaneous_sypd = 16.092
│   date_now = 2026-07-05T09:04:29.824
└   estimated_finish_date = 2026-07-05T09:04:53.824
┌ Info: Progress
│   simulation_time = 21 hours, 53 minutes
│   n_steps_completed = 2626
│   wall_time_per_step = 6 milliseconds, 752 microseconds
│   wall_time_total = 38 seconds, 894 milliseconds
│   wall_time_remaining = 21 seconds, 162 milliseconds
│   wall_time_spent = 17 seconds, 731 milliseconds
│   percent_complete = 45.6%
│   estimated_sypd = 12.164
│   instantaneous_sypd = 15.64
│   date_now = 2026-07-05T09:04:31.342
└   estimated_finish_date = 2026-07-05T09:04:53.342
┌ Info: Progress
│   simulation_time = 1 day, 17 minutes
│   n_steps_completed = 2915
│   wall_time_per_step = 6 milliseconds, 627 microseconds
│   wall_time_total = 38 seconds, 174 milliseconds
│   wall_time_remaining = 18 seconds, 855 milliseconds
│   wall_time_spent = 19 seconds, 319 milliseconds
│   percent_complete = 50.6%
│   estimated_sypd = 12.393
│   instantaneous_sypd = 14.956
│   date_now = 2026-07-05T09:04:32.947
└   estimated_finish_date = 2026-07-05T09:04:51.947
┌ Info: Progress
│   simulation_time = 1 day, 2 hours
│   n_steps_completed = 3204
│   wall_time_per_step = 6 milliseconds, 629 microseconds
│   wall_time_total = 38 seconds, 184 milliseconds
│   wall_time_remaining = 16 seconds, 944 milliseconds
│   wall_time_spent = 21 seconds, 240 milliseconds
│   percent_complete = 55.6%
│   estimated_sypd = 12.39
│   instantaneous_sypd = 12.357
│   date_now = 2026-07-05T09:04:34.850
└   estimated_finish_date = 2026-07-05T09:04:51.850
┌ Info: Progress
│   simulation_time = 1 day, 5 hours
│   n_steps_completed = 3493
│   wall_time_per_step = 6 milliseconds, 551 microseconds
│   wall_time_total = 37 seconds, 735 milliseconds
│   wall_time_remaining = 14 seconds, 851 milliseconds
│   wall_time_spent = 22 seconds, 883 milliseconds
│   percent_complete = 60.6%
│   estimated_sypd = 12.537
│   instantaneous_sypd = 14.444
│   date_now = 2026-07-05T09:04:36.493
└   estimated_finish_date = 2026-07-05T09:04:51.493
┌ Info: Progress
│   simulation_time = 1 day, 7 hours
│   n_steps_completed = 3782
│   wall_time_per_step = 6 milliseconds, 493 microseconds
│   wall_time_total = 37 seconds, 403 milliseconds
│   wall_time_remaining = 12 seconds, 844 milliseconds
│   wall_time_spent = 24 seconds, 558 milliseconds
│   percent_complete = 65.7%
│   estimated_sypd = 12.649
│   instantaneous_sypd = 14.169
│   date_now = 2026-07-05T09:04:38.168
└   estimated_finish_date = 2026-07-05T09:04:51.168
┌ Info: Progress
│   simulation_time = 1 day, 9 hours
│   n_steps_completed = 4071
│   wall_time_per_step = 6 milliseconds, 453 microseconds
│   wall_time_total = 37 seconds, 172 milliseconds
│   wall_time_remaining = 10 seconds, 900 milliseconds
│   wall_time_spent = 26 seconds, 272 milliseconds
│   percent_complete = 70.7%
│   estimated_sypd = 12.727
│   instantaneous_sypd = 13.852
│   date_now = 2026-07-05T09:04:39.882
└   estimated_finish_date = 2026-07-05T09:04:50.882
┌ Info: Progress
│   simulation_time = 1 day, 10 hours
│   n_steps_completed = 4096
│   wall_time_per_step = 6 milliseconds, 453 microseconds
│   wall_time_total = 37 seconds, 170 milliseconds
│   wall_time_remaining = 10 seconds, 738 milliseconds
│   wall_time_spent = 26 seconds, 432 milliseconds
│   percent_complete = 71.1%
│   estimated_sypd = 12.728
│   instantaneous_sypd = 12.837
│   date_now = 2026-07-05T09:04:40.042
└   estimated_finish_date = 2026-07-05T09:04:51.042
┌ Info: Progress
│   simulation_time = 1 day, 12 hours
│   n_steps_completed = 4385
│   wall_time_per_step = 6 milliseconds, 461 microseconds
│   wall_time_total = 37 seconds, 217 milliseconds
│   wall_time_remaining = 8 seconds, 884 milliseconds
│   wall_time_spent = 28 seconds, 333 milliseconds
│   percent_complete = 76.1%
│   estimated_sypd = 12.712
│   instantaneous_sypd = 12.487
│   date_now = 2026-07-05T09:04:41.943
└   estimated_finish_date = 2026-07-05T09:04:50.943
┌ Info: Progress
│   simulation_time = 1 day, 14 hours
│   n_steps_completed = 4674
│   wall_time_per_step = 6 milliseconds, 448 microseconds
│   wall_time_total = 37 seconds, 143 milliseconds
│   wall_time_remaining = 7 seconds, 3 milliseconds
│   wall_time_spent = 30 seconds, 140 milliseconds
│   percent_complete = 81.1%
│   estimated_sypd = 12.737
│   instantaneous_sypd = 13.136
│   date_now = 2026-07-05T09:04:43.750
└   estimated_finish_date = 2026-07-05T09:04:51.750
┌ Info: Progress
│   simulation_time = 1 day, 17 hours
│   n_steps_completed = 4963
│   wall_time_per_step = 6 milliseconds, 452 microseconds
│   wall_time_total = 37 seconds, 168 milliseconds
│   wall_time_remaining = 5 seconds, 142 milliseconds
│   wall_time_spent = 32 seconds, 25 milliseconds
│   percent_complete = 86.2%
│   estimated_sypd = 12.728
│   instantaneous_sypd = 12.591
│   date_now = 2026-07-05T09:04:45.635
└   estimated_finish_date = 2026-07-05T09:04:51.635
┌ Info: Progress
│   simulation_time = 1 day, 19 hours
│   n_steps_completed = 5252
│   wall_time_per_step = 6 milliseconds, 465 microseconds
│   wall_time_total = 37 seconds, 242 milliseconds
│   wall_time_remaining = 3 seconds, 284 milliseconds
│   wall_time_spent = 33 seconds, 958 milliseconds
│   percent_complete = 91.2%
│   estimated_sypd = 12.703
│   instantaneous_sypd = 12.284
│   date_now = 2026-07-05T09:04:47.568
└   estimated_finish_date = 2026-07-05T09:04:51.568
┌ Info: Progress
│   simulation_time = 1 day, 22 hours
│   n_steps_completed = 5541
│   wall_time_per_step = 6 milliseconds, 503 microseconds
│   wall_time_total = 37 seconds, 458 milliseconds
│   wall_time_remaining = 1 second, 424 milliseconds
│   wall_time_spent = 36 seconds, 34 milliseconds
│   percent_complete = 96.2%
│   estimated_sypd = 12.63
│   instantaneous_sypd = 11.433
│   date_now = 2026-07-05T09:04:49.644
└   estimated_finish_date = 2026-07-05T09:04:51.644
[ Info: solve! walltime = 37.541
[ Info: sypd: 12.611
[ Info: wall_time_per_timestep: 6 milliseconds, 517 microseconds
[ Info: Memory currently used (after solve!) by the process (RSS): 8.8 GiB
[ Info: Completed member 1
┌ Info: Making AtmosConfig with config files: 
│      /home/jeff/larcform1-experiments/ClimaAtmos.jl/src/config/../../config/default_configs/default_config.yml
└   
┌ Info: numerics 
│          `energy_q_tot_upwinding`::`Val{:vanleer_limiter}`
│                `tracer_upwinding`::`Val{:vanleer_limiter}`
│       `edmfx_mse_q_tot_upwinding`::`Val{:first_order}`
│         `edmfx_sgsflux_upwinding`::`Val{:none}`
│          `edmfx_tracer_upwinding`::`Val{:first_order}`
│         `test_dycore_consistency`::`Nothing`
│            `reproducible_restart`::`Nothing`
│                         `limiter`::`Nothing`
│                       `diff_mode`::`ClimaAtmos.Implicit`
│                       `hyperdiff`::`Nothing`
└   
┌ Info: AtmosModel: 
│   
│                               `water`::`ClimaAtmos.AtmosWater{ClimaAtmos.NonEquilibriumMicrophysics1M, ClimaAtmos.QuadratureCloud, ClimaAtmos.Implicit, Nothing, ClimaAtmos.SGSQuadrature{3, StaticArraysCore.SVector{3, Float32}, StaticArraysCore.SVector{3, Float32}, ClimaAtmos.GaussianSGS, Float32}, ClimaAtmos.FixedTerminalVelocity{Float32}}`
│                           `scm_setup`::`ClimaAtmos.SCMSetup{Nothing, Nothing, Nothing, Bool, @NamedTuple{prof_ug::AtmosphericProfilesLibrary.ZProfile{AtmosphericProfilesLibrary.var"#Larcform1_geostrophic_u##0#Larcform1_geostrophic_u##1"{Float32}}, prof_vg::AtmosphericProfilesLibrary.ZProfile{Returns{Float32}}, coriolis_param::Float32}}`
│                           `radiation`::`ClimaAtmos.AtmosRadiation{ClimaAtmos.RRTMGPInterface.AllSkyRadiationWithClearSkyDiagnostics{ClimaAtmos.InteractiveCloudInRadiation}, ClimaAtmos.Larcform1Insolation}`
│                            `turbconv`::`ClimaAtmos.AtmosTurbconv{ClimaAtmos.EDMFXModel{ClimaAtmos.InvZEntrainment, ClimaAtmos.BuoyancyVelocityDetrainment, Val{true}, Val{true}, Val{true}, Val{true}, Val{true}, ClimaAtmos.SmoothMinimumBlending}, ClimaAtmos.PrognosticEDMFX{1, true, Float32}, Nothing, Nothing, Nothing}`
│                     `prescribed_flow`::`Nothing`
│                        `gravity_wave`::`ClimaAtmos.AtmosGravityWave{Nothing, Nothing}`
│                  `vertical_diffusion`::`Nothing`
│                              `sponge`::`ClimaAtmos.AtmosSponge{Nothing, Nothing}`
│                             `surface`::`ClimaAtmos.AtmosSurface{ClimaAtmos.SurfaceConditions.MoninObukhov{Float32, Nothing, Nothing}, ClimaAtmos.SurfaceConditions.SlabOceanTemperature{Float32}, ClimaAtmos.SurfaceConditions.SurfaceBoundaryOverrides{Float32, Float32, Nothing, Nothing, Nothing, Nothing}, ClimaAtmos.ConstantAlbedo{Float32}}`
│                            `numerics`::`ClimaAtmos.AtmosNumerics{Val{:vanleer_limiter}, Val{:vanleer_limiter}, Val{:first_order}, Val{:none}, Val{:first_order}, Nothing, Nothing, Nothing, ClimaAtmos.Implicit, Nothing}`
│                           `chemistry`::`ClimaAtmos.AtmosChem{Nothing}`
└   
┌ Info: Microphysics settings: 
│                          `n_substeps`::`3`
│                     `n_substeps_quad`::`2`
│              `cloud_liquid_formation`::`CloudLiquidFormation`
│                 `cloud_ice_formation`::`TemperatureDependent`
│                      `cloud_ice_melt`::`CloudIceMelt`
│                 `rain_autoconversion`::`Kessler1M`
│                 `snow_autoconversion`::`NoSupersaturation`
│       `rain_condensation_evaporation`::`RainEvaporation`
│         `snow_deposition_sublimation`::`DepositionAndSublimation`
│                           `snow_melt`::`SnowMelt`
│         `cloud_liquid_rain_accretion`::`CloudLiquidRainAccretion`
│         `cloud_liquid_snow_accretion`::`CloudLiquidSnowAccretion`
│            `cloud_ice_rain_accretion`::`CloudIceRainAccretion`
│            `cloud_ice_snow_accretion`::`CloudIceSnowAccretion`
│                 `rain_snow_accretion`::`RainSnowAccretion`
└   
[ Info: Single-process ClimaAtmos run on CPUSingleThreaded
[ Info: Using ODE config: `ClimaTimeSteppers.ARS222`
[ Info: Initialized state (85.582 μs, 7.76 KiB)
[ Info: Built cache (372.089 ms, 172.6 MiB)
[ Info: Assembled callbacks (468.718 μs, 17.42 KiB)
┌ Info: Jacobian algorithm: ManualSparseJacobian(
│     approximate_solve_iters = 2,
└   )
[ Info: Jacobian derivative flags: topography_flag = IgnoreDerivative, diffusion_flag = UseDerivative
[ Info: Built tendency function (9.468 ms, 207.31 KiB)
[ Info: Initialized integrator (10.619 ms, 169.03 KiB)
[ Info: Added 7 user-provided YAML-style diagnostics
[ Info: Saving accumulated diagnostics to disk with frequency: 1 hour
[ Info: Set up diagnostics (2.171 ms, 105.05 KiB)
[ Info: Initialized 7 total diagnostics
