┌ Info: Simulation info
│   job_id = lf1e_clw_cal_member
└   output_dir = /home/jeff/larcform1-experiments/experiments/clw calibration/output/uki_1/iteration_005/member_011/output_0000
┌ Info: Running
│   job_id = lf1e_clw_cal_member
│   output_dir = /home/jeff/larcform1-experiments/experiments/clw calibration/output/uki_1/iteration_005/member_011/output_0000
└   tspan = (0.0 seconds (2010-01-01T00:00:00) [counter = 0, period = 1 second, epoch = 2010-01-01T00:00:00], 172800.0 seconds (2010-01-03T00:00:00) [counter = 172800, period = 1 second, epoch = 2010-01-01T00:00:00])
┌ Info: Progress
│   simulation_time = 30 seconds
│   n_steps_completed = 1
│   wall_time_per_step = 0 seconds
│   wall_time_total = 0 seconds
│   wall_time_remaining = 0 seconds
│   wall_time_spent = 0 seconds
│   percent_complete = 0.0%
│   estimated_sypd = Inf
│   instantaneous_sypd = 0.0 (sdpd_estimate = 0.0)
│   date_now = 2026-07-05T16:50:06.337
└   estimated_finish_date = 2026-07-05T16:50:06.337
┌ Info: Progress
│   simulation_time = 1 minute
│   n_steps_completed = 2
│   wall_time_per_step = 0 seconds
│   wall_time_total = 0 seconds
│   wall_time_remaining = 0 seconds
│   wall_time_spent = 0 seconds
│   percent_complete = 0.0%
│   estimated_sypd = Inf
│   instantaneous_sypd = 0.031
│   date_now = 2026-07-05T16:50:08.974
└   estimated_finish_date = 2026-07-05T16:50:08.974
┌ Info: Progress
│   simulation_time = 2 minutes
│   n_steps_completed = 4
│   wall_time_per_step = 4 milliseconds, 720 microseconds
│   wall_time_total = 27 seconds, 192 milliseconds
│   wall_time_remaining = 27 seconds, 173 milliseconds
│   wall_time_spent = 18 milliseconds, 883 microseconds
│   percent_complete = 0.1%
│   estimated_sypd = 17.398
│   instantaneous_sypd = 17.398
│   date_now = 2026-07-05T16:50:08.983
└   estimated_finish_date = 2026-07-05T16:50:36.983
┌ Info: Progress
│   simulation_time = 4 minutes
│   n_steps_completed = 8
│   wall_time_per_step = 4 milliseconds, 422 microseconds
│   wall_time_total = 25 seconds, 471 milliseconds
│   wall_time_remaining = 25 seconds, 436 milliseconds
│   wall_time_spent = 35 milliseconds, 377 microseconds
│   percent_complete = 0.1%
│   estimated_sypd = 18.573
│   instantaneous_sypd = 19.919
│   date_now = 2026-07-05T16:50:09
└   estimated_finish_date = 2026-07-05T16:50:35
┌ Info: Progress
│   simulation_time = 8 minutes
│   n_steps_completed = 16
│   wall_time_per_step = 4 milliseconds, 186 microseconds
│   wall_time_total = 24 seconds, 114 milliseconds
│   wall_time_remaining = 24 seconds, 47 milliseconds
│   wall_time_spent = 66 milliseconds, 985 microseconds
│   percent_complete = 0.3%
│   estimated_sypd = 19.619
│   instantaneous_sypd = 20.788
│   date_now = 2026-07-05T16:50:09.031
└   estimated_finish_date = 2026-07-05T16:50:34.031
┌ Info: Progress
│   simulation_time = 16 minutes
│   n_steps_completed = 32
│   wall_time_per_step = 4 milliseconds, 64 microseconds
│   wall_time_total = 23 seconds, 411 milliseconds
│   wall_time_remaining = 23 seconds, 281 milliseconds
│   wall_time_spent = 130 milliseconds, 63 microseconds
│   percent_complete = 0.6%
│   estimated_sypd = 20.208
│   instantaneous_sypd = 20.834
│   date_now = 2026-07-05T16:50:09.094
└   estimated_finish_date = 2026-07-05T16:50:33.094
┌ Info: Progress
│   simulation_time = 32 minutes
│   n_steps_completed = 64
│   wall_time_per_step = 4 milliseconds, 103 microseconds
│   wall_time_total = 23 seconds, 637 milliseconds
│   wall_time_remaining = 23 seconds, 374 milliseconds
│   wall_time_spent = 262 milliseconds, 638 microseconds
│   percent_complete = 1.1%
│   estimated_sypd = 20.015
│   instantaneous_sypd = 19.825
│   date_now = 2026-07-05T16:50:09.227
└   estimated_finish_date = 2026-07-05T16:50:33.227
┌ Info: Progress
│   simulation_time = 1 hour, 4 minutes
│   n_steps_completed = 128
│   wall_time_per_step = 4 milliseconds, 240 microseconds
│   wall_time_total = 24 seconds, 427 milliseconds
│   wall_time_remaining = 23 seconds, 885 milliseconds
│   wall_time_spent = 542 milliseconds, 843 microseconds
│   percent_complete = 2.2%
│   estimated_sypd = 19.367
│   instantaneous_sypd = 18.76
│   date_now = 2026-07-05T16:50:09.507
└   estimated_finish_date = 2026-07-05T16:50:33.507
┌ Info: Progress
│   simulation_time = 2 hours, 8 minutes
│   n_steps_completed = 256
│   wall_time_per_step = 4 milliseconds, 233 microseconds
│   wall_time_total = 24 seconds, 387 milliseconds
│   wall_time_remaining = 23 seconds, 303 milliseconds
│   wall_time_spent = 1 second, 83 milliseconds
│   percent_complete = 4.4%
│   estimated_sypd = 19.399
│   instantaneous_sypd = 19.432
│   date_now = 2026-07-05T16:50:10.048
└   estimated_finish_date = 2026-07-05T16:50:34.048
┌ Info: Progress
│   simulation_time = 4 hours, 16 minutes
│   n_steps_completed = 512
│   wall_time_per_step = 4 milliseconds, 232 microseconds
│   wall_time_total = 24 seconds, 377 milliseconds
│   wall_time_remaining = 22 seconds, 210 milliseconds
│   wall_time_spent = 2 seconds, 166 milliseconds
│   percent_complete = 8.9%
│   estimated_sypd = 19.407
│   instantaneous_sypd = 19.416
│   date_now = 2026-07-05T16:50:11.131
└   estimated_finish_date = 2026-07-05T16:50:34.131
┌ Info: Progress
│   simulation_time = 6 hours, 40 minutes
│   n_steps_completed = 801
│   wall_time_per_step = 4 milliseconds, 284 microseconds
│   wall_time_total = 24 seconds, 677 milliseconds
│   wall_time_remaining = 21 seconds, 245 milliseconds
│   wall_time_spent = 3 seconds, 431 milliseconds
│   percent_complete = 13.9%
│   estimated_sypd = 19.171
│   instantaneous_sypd = 18.766
│   date_now = 2026-07-05T16:50:12.396
└   estimated_finish_date = 2026-07-05T16:50:34.396
┌ Info: Progress
│   simulation_time = 8 hours, 32 minutes
│   n_steps_completed = 1024
│   wall_time_per_step = 4 milliseconds, 360 microseconds
│   wall_time_total = 25 seconds, 114 milliseconds
│   wall_time_remaining = 20 seconds, 649 milliseconds
│   wall_time_spent = 4 seconds, 464 milliseconds
│   percent_complete = 17.8%
│   estimated_sypd = 18.838
│   instantaneous_sypd = 17.731
│   date_now = 2026-07-05T16:50:13.429
└   estimated_finish_date = 2026-07-05T16:50:34.429
┌ Info: Progress
│   simulation_time = 10 hours, 56 minutes
│   n_steps_completed = 1313
│   wall_time_per_step = 4 milliseconds, 417 microseconds
│   wall_time_total = 25 seconds, 442 milliseconds
│   wall_time_remaining = 19 seconds, 642 milliseconds
│   wall_time_spent = 5 seconds, 799 milliseconds
│   percent_complete = 22.8%
│   estimated_sypd = 18.595
│   instantaneous_sypd = 17.782
│   date_now = 2026-07-05T16:50:14.764
└   estimated_finish_date = 2026-07-05T16:50:34.764
┌ Info: Progress
│   simulation_time = 13 hours, 21 minutes
│   n_steps_completed = 1602
│   wall_time_per_step = 4 milliseconds, 493 microseconds
│   wall_time_total = 25 seconds, 883 milliseconds
│   wall_time_remaining = 18 seconds, 684 milliseconds
│   wall_time_spent = 7 seconds, 198 milliseconds
│   percent_complete = 27.8%
│   estimated_sypd = 18.278
│   instantaneous_sypd = 16.966
│   date_now = 2026-07-05T16:50:16.163
└   estimated_finish_date = 2026-07-05T16:50:35.163
┌ Info: Progress
│   simulation_time = 15 hours, 45 minutes
│   n_steps_completed = 1891
│   wall_time_per_step = 4 milliseconds, 570 microseconds
│   wall_time_total = 26 seconds, 327 milliseconds
│   wall_time_remaining = 17 seconds, 684 milliseconds
│   wall_time_spent = 8 seconds, 643 milliseconds
│   percent_complete = 32.8%
│   estimated_sypd = 17.97
│   instantaneous_sypd = 16.434
│   date_now = 2026-07-05T16:50:17.608
└   estimated_finish_date = 2026-07-05T16:50:35.608
┌ Info: Progress
│   simulation_time = 17 hours, 4 minutes
│   n_steps_completed = 2048
│   wall_time_per_step = 4 milliseconds, 610 microseconds
│   wall_time_total = 26 seconds, 555 milliseconds
│   wall_time_remaining = 17 seconds, 113 milliseconds
│   wall_time_spent = 9 seconds, 441 milliseconds
│   percent_complete = 35.6%
│   estimated_sypd = 17.816
│   instantaneous_sypd = 16.145
│   date_now = 2026-07-05T16:50:18.406
└   estimated_finish_date = 2026-07-05T16:50:36.406
┌ Info: Progress
│   simulation_time = 19 hours, 28 minutes
│   n_steps_completed = 2337
│   wall_time_per_step = 4 milliseconds, 678 microseconds
│   wall_time_total = 26 seconds, 947 milliseconds
│   wall_time_remaining = 16 seconds, 14 milliseconds
│   wall_time_spent = 10 seconds, 933 milliseconds
│   percent_complete = 40.6%
│   estimated_sypd = 17.556
│   instantaneous_sypd = 15.916
│   date_now = 2026-07-05T16:50:19.898
└   estimated_finish_date = 2026-07-05T16:50:36.898
┌ Info: Progress
│   simulation_time = 21 hours, 53 minutes
│   n_steps_completed = 2626
│   wall_time_per_step = 4 milliseconds, 746 microseconds
│   wall_time_total = 27 seconds, 340 milliseconds
│   wall_time_remaining = 14 seconds, 875 milliseconds
│   wall_time_spent = 12 seconds, 464 milliseconds
│   percent_complete = 45.6%
│   estimated_sypd = 17.304
│   instantaneous_sypd = 15.501
│   date_now = 2026-07-05T16:50:21.429
└   estimated_finish_date = 2026-07-05T16:50:36.429
┌ Info: Progress
│   simulation_time = 1 day, 17 minutes
│   n_steps_completed = 2915
│   wall_time_per_step = 4 milliseconds, 867 microseconds
│   wall_time_total = 28 seconds, 38 milliseconds
│   wall_time_remaining = 13 seconds, 849 milliseconds
│   wall_time_spent = 14 seconds, 189 milliseconds
│   percent_complete = 50.6%
│   estimated_sypd = 16.873
│   instantaneous_sypd = 13.759
│   date_now = 2026-07-05T16:50:23.154
└   estimated_finish_date = 2026-07-05T16:50:37.154
┌ Info: Progress
│   simulation_time = 1 day, 2 hours
│   n_steps_completed = 3204
│   wall_time_per_step = 4 milliseconds, 929 microseconds
│   wall_time_total = 28 seconds, 396 milliseconds
│   wall_time_remaining = 12 seconds, 600 milliseconds
│   wall_time_spent = 15 seconds, 795 milliseconds
│   percent_complete = 55.6%
│   estimated_sypd = 16.661
│   instantaneous_sypd = 14.785
│   date_now = 2026-07-05T16:50:24.760
└   estimated_finish_date = 2026-07-05T16:50:37.760
┌ Info: Progress
│   simulation_time = 1 day, 5 hours
│   n_steps_completed = 3493
│   wall_time_per_step = 4 milliseconds, 994 microseconds
│   wall_time_total = 28 seconds, 765 milliseconds
│   wall_time_remaining = 11 seconds, 321 milliseconds
│   wall_time_spent = 17 seconds, 444 milliseconds
│   percent_complete = 60.6%
│   estimated_sypd = 16.447
│   instantaneous_sypd = 14.395
│   date_now = 2026-07-05T16:50:26.409
└   estimated_finish_date = 2026-07-05T16:50:38.409
┌ Info: Progress
│   simulation_time = 1 day, 7 hours
│   n_steps_completed = 3782
│   wall_time_per_step = 5 milliseconds, 57 microseconds
│   wall_time_total = 29 seconds, 131 milliseconds
│   wall_time_remaining = 10 seconds, 3 milliseconds
│   wall_time_spent = 19 seconds, 127 milliseconds
│   percent_complete = 65.7%
│   estimated_sypd = 16.24
│   instantaneous_sypd = 14.102
│   date_now = 2026-07-05T16:50:28.092
└   estimated_finish_date = 2026-07-05T16:50:39.092
┌ Info: Progress
│   simulation_time = 1 day, 9 hours
│   n_steps_completed = 4071
│   wall_time_per_step = 5 milliseconds, 137 microseconds
│   wall_time_total = 29 seconds, 593 milliseconds
│   wall_time_remaining = 8 seconds, 677 milliseconds
│   wall_time_spent = 20 seconds, 916 milliseconds
│   percent_complete = 70.7%
│   estimated_sypd = 15.986
│   instantaneous_sypd = 13.272
│   date_now = 2026-07-05T16:50:29.881
└   estimated_finish_date = 2026-07-05T16:50:38.881
┌ Info: Progress
│   simulation_time = 1 day, 10 hours
│   n_steps_completed = 4096
│   wall_time_per_step = 5 milliseconds, 146 microseconds
│   wall_time_total = 29 seconds, 641 milliseconds
│   wall_time_remaining = 8 seconds, 563 milliseconds
│   wall_time_spent = 21 seconds, 78 milliseconds
│   percent_complete = 71.1%
│   estimated_sypd = 15.961
│   instantaneous_sypd = 12.642
│   date_now = 2026-07-05T16:50:30.043
└   estimated_finish_date = 2026-07-05T16:50:39.043
┌ Info: Progress
│   simulation_time = 1 day, 12 hours
│   n_steps_completed = 4385
│   wall_time_per_step = 5 milliseconds, 211 microseconds
│   wall_time_total = 30 seconds, 19 milliseconds
│   wall_time_remaining = 7 seconds, 166 milliseconds
│   wall_time_spent = 22 seconds, 853 milliseconds
│   percent_complete = 76.1%
│   estimated_sypd = 15.76
│   instantaneous_sypd = 13.377
│   date_now = 2026-07-05T16:50:31.818
└   estimated_finish_date = 2026-07-05T16:50:39.818
┌ Info: Progress
│   simulation_time = 1 day, 14 hours
│   n_steps_completed = 4674
│   wall_time_per_step = 5 milliseconds, 280 microseconds
│   wall_time_total = 30 seconds, 415 milliseconds
│   wall_time_remaining = 5 seconds, 734 milliseconds
│   wall_time_spent = 24 seconds, 680 milliseconds
│   percent_complete = 81.1%
│   estimated_sypd = 15.555
│   instantaneous_sypd = 12.989
│   date_now = 2026-07-05T16:50:33.645
└   estimated_finish_date = 2026-07-05T16:50:39.645
┌ Info: Progress
│   simulation_time = 1 day, 17 hours
│   n_steps_completed = 4963
│   wall_time_per_step = 5 milliseconds, 355 microseconds
│   wall_time_total = 30 seconds, 848 milliseconds
│   wall_time_remaining = 4 seconds, 268 milliseconds
│   wall_time_spent = 26 seconds, 579 milliseconds
│   percent_complete = 86.2%
│   estimated_sypd = 15.336
│   instantaneous_sypd = 12.498
│   date_now = 2026-07-05T16:50:35.544
└   estimated_finish_date = 2026-07-05T16:50:40.544
┌ Info: Progress
│   simulation_time = 1 day, 19 hours
│   n_steps_completed = 5252
│   wall_time_per_step = 5 milliseconds, 417 microseconds
│   wall_time_total = 31 seconds, 204 milliseconds
│   wall_time_remaining = 2 seconds, 752 milliseconds
│   wall_time_spent = 28 seconds, 452 milliseconds
│   percent_complete = 91.2%
│   estimated_sypd = 15.161
│   instantaneous_sypd = 12.676
│   date_now = 2026-07-05T16:50:37.417
└   estimated_finish_date = 2026-07-05T16:50:40.417
┌ Info: Progress
│   simulation_time = 1 day, 22 hours
│   n_steps_completed = 5541
│   wall_time_per_step = 5 milliseconds, 475 microseconds
│   wall_time_total = 31 seconds, 538 milliseconds
│   wall_time_remaining = 1 second, 199 milliseconds
│   wall_time_spent = 30 seconds, 339 milliseconds
│   percent_complete = 96.2%
│   estimated_sypd = 15.001
│   instantaneous_sypd = 12.579
│   date_now = 2026-07-05T16:50:39.304
└   estimated_finish_date = 2026-07-05T16:50:41.304
[ Info: solve! walltime = 31.844
[ Info: sypd: 14.867
[ Info: wall_time_per_timestep: 5 milliseconds, 528 microseconds
[ Info: Memory currently used (after solve!) by the process (RSS): 8.68 GiB
[ Info: Completed member 11
┌ Info: Making AtmosConfig with config files: 
│      /home/jeff/larcform1-experiments/ClimaAtmos.jl/src/config/../../config/default_configs/default_config.yml
└   
┌ Info: numerics 
│          `energy_q_tot_upwinding`::`Val{:vanleer_limiter}`
│                `tracer_upwinding`::`Val{:vanleer_limiter}`
│       `edmfx_mse_q_tot_upwinding`::`Val{:first_order}`
│         `edmfx_sgsflux_upwinding`::`Val{:none}`
│          `edmfx_tracer_upwinding`::`Val{:first_order}`
│         `test_dycore_consistency`::`Nothing`
│            `reproducible_restart`::`Nothing`
│                         `limiter`::`Nothing`
│                       `diff_mode`::`ClimaAtmos.Implicit`
│                       `hyperdiff`::`Nothing`
└   
┌ Info: AtmosModel: 
│   
│                               `water`::`ClimaAtmos.AtmosWater{ClimaAtmos.NonEquilibriumMicrophysics1M, ClimaAtmos.QuadratureCloud, ClimaAtmos.Implicit, Nothing, ClimaAtmos.SGSQuadrature{3, StaticArraysCore.SVector{3, Float32}, StaticArraysCore.SVector{3, Float32}, ClimaAtmos.GaussianSGS, Float32}, ClimaAtmos.FixedTerminalVelocity{Float32}}`
│                           `scm_setup`::`ClimaAtmos.SCMSetup{Nothing, Nothing, Nothing, Bool, @NamedTuple{prof_ug::AtmosphericProfilesLibrary.ZProfile{AtmosphericProfilesLibrary.var"#Larcform1_geostrophic_u##0#Larcform1_geostrophic_u##1"{Float32}}, prof_vg::AtmosphericProfilesLibrary.ZProfile{Returns{Float32}}, coriolis_param::Float32}}`
│                           `radiation`::`ClimaAtmos.AtmosRadiation{ClimaAtmos.RRTMGPInterface.AllSkyRadiationWithClearSkyDiagnostics{ClimaAtmos.InteractiveCloudInRadiation}, ClimaAtmos.Larcform1Insolation}`
│                            `turbconv`::`ClimaAtmos.AtmosTurbconv{ClimaAtmos.EDMFXModel{ClimaAtmos.InvZEntrainment, ClimaAtmos.BuoyancyVelocityDetrainment, Val{true}, Val{true}, Val{true}, Val{true}, Val{true}, ClimaAtmos.SmoothMinimumBlending}, ClimaAtmos.PrognosticEDMFX{1, true, Float32}, Nothing, Nothing, Nothing}`
│                     `prescribed_flow`::`Nothing`
│                        `gravity_wave`::`ClimaAtmos.AtmosGravityWave{Nothing, Nothing}`
│                  `vertical_diffusion`::`Nothing`
│                              `sponge`::`ClimaAtmos.AtmosSponge{Nothing, Nothing}`
│                             `surface`::`ClimaAtmos.AtmosSurface{ClimaAtmos.SurfaceConditions.MoninObukhov{Float32, Nothing, Nothing}, ClimaAtmos.SurfaceConditions.SlabOceanTemperature{Float32}, ClimaAtmos.SurfaceConditions.SurfaceBoundaryOverrides{Float32, Float32, Nothing, Nothing, Nothing, Nothing}, ClimaAtmos.ConstantAlbedo{Float32}}`
│                            `numerics`::`ClimaAtmos.AtmosNumerics{Val{:vanleer_limiter}, Val{:vanleer_limiter}, Val{:first_order}, Val{:none}, Val{:first_order}, Nothing, Nothing, Nothing, ClimaAtmos.Implicit, Nothing}`
│                           `chemistry`::`ClimaAtmos.AtmosChem{Nothing}`
└   
┌ Info: Microphysics settings: 
│                          `n_substeps`::`3`
│                     `n_substeps_quad`::`2`
│              `cloud_liquid_formation`::`CloudLiquidFormation`
│                 `cloud_ice_formation`::`TemperatureDependent`
│                      `cloud_ice_melt`::`CloudIceMelt`
│                 `rain_autoconversion`::`Kessler1M`
│                 `snow_autoconversion`::`NoSupersaturation`
│       `rain_condensation_evaporation`::`RainEvaporation`
│         `snow_deposition_sublimation`::`DepositionAndSublimation`
│                           `snow_melt`::`SnowMelt`
│         `cloud_liquid_rain_accretion`::`CloudLiquidRainAccretion`
│         `cloud_liquid_snow_accretion`::`CloudLiquidSnowAccretion`
│            `cloud_ice_rain_accretion`::`CloudIceRainAccretion`
│            `cloud_ice_snow_accretion`::`CloudIceSnowAccretion`
│                 `rain_snow_accretion`::`RainSnowAccretion`
└   
[ Info: Single-process ClimaAtmos run on CPUSingleThreaded
[ Info: Using ODE config: `ClimaTimeSteppers.ARS222`
[ Info: Initialized state (50.981 μs, 7.76 KiB)
[ Info: Built cache (204.935 ms, 172.6 MiB)
[ Info: Assembled callbacks (138.693 μs, 17.42 KiB)
┌ Info: Jacobian algorithm: ManualSparseJacobian(
│     approximate_solve_iters = 2,
└   )
[ Info: Jacobian derivative flags: topography_flag = IgnoreDerivative, diffusion_flag = UseDerivative
[ Info: Built tendency function (204.686 μs, 201.06 KiB)
[ Info: Initialized integrator (8.855 ms, 169.03 KiB)
[ Info: Added 7 user-provided YAML-style diagnostics
[ Info: Saving accumulated diagnostics to disk with frequency: 1 hour
[ Info: Set up diagnostics (468.083 μs, 103.66 KiB)
[ Info: Initialized 7 total diagnostics
