┌ Info: Simulation info
│   job_id = lf1e_clw_cal_member
└   output_dir = /home/jeff/larcform1-experiments/experiments/clw calibration/output/uki_1/iteration_003/member_010/output_0000
┌ Info: Running
│   job_id = lf1e_clw_cal_member
│   output_dir = /home/jeff/larcform1-experiments/experiments/clw calibration/output/uki_1/iteration_003/member_010/output_0000
└   tspan = (0.0 seconds (2010-01-01T00:00:00) [counter = 0, period = 1 second, epoch = 2010-01-01T00:00:00], 172800.0 seconds (2010-01-03T00:00:00) [counter = 172800, period = 1 second, epoch = 2010-01-01T00:00:00])
┌ Info: Progress
│   simulation_time = 30 seconds
│   n_steps_completed = 1
│   wall_time_per_step = 0 seconds
│   wall_time_total = 0 seconds
│   wall_time_remaining = 0 seconds
│   wall_time_spent = 0 seconds
│   percent_complete = 0.0%
│   estimated_sypd = Inf
│   instantaneous_sypd = 0.0 (sdpd_estimate = 0.0)
│   date_now = 2026-07-05T16:34:33.251
└   estimated_finish_date = 2026-07-05T16:34:33.251
┌ Info: Progress
│   simulation_time = 1 minute
│   n_steps_completed = 2
│   wall_time_per_step = 0 seconds
│   wall_time_total = 0 seconds
│   wall_time_remaining = 0 seconds
│   wall_time_spent = 0 seconds
│   percent_complete = 0.0%
│   estimated_sypd = Inf
│   instantaneous_sypd = 0.031
│   date_now = 2026-07-05T16:34:35.862
└   estimated_finish_date = 2026-07-05T16:34:35.862
┌ Info: Progress
│   simulation_time = 2 minutes
│   n_steps_completed = 4
│   wall_time_per_step = 4 milliseconds, 774 microseconds
│   wall_time_total = 27 seconds, 498 milliseconds
│   wall_time_remaining = 27 seconds, 479 milliseconds
│   wall_time_spent = 19 milliseconds, 96 microseconds
│   percent_complete = 0.1%
│   estimated_sypd = 17.204
│   instantaneous_sypd = 17.204
│   date_now = 2026-07-05T16:34:35.871
└   estimated_finish_date = 2026-07-05T16:35:03.871
┌ Info: Progress
│   simulation_time = 4 minutes
│   n_steps_completed = 8
│   wall_time_per_step = 4 milliseconds, 450 microseconds
│   wall_time_total = 25 seconds, 634 milliseconds
│   wall_time_remaining = 25 seconds, 598 milliseconds
│   wall_time_spent = 35 milliseconds, 603 microseconds
│   percent_complete = 0.1%
│   estimated_sypd = 18.456
│   instantaneous_sypd = 19.903
│   date_now = 2026-07-05T16:34:35.888
└   estimated_finish_date = 2026-07-05T16:35:01.888
┌ Info: Progress
│   simulation_time = 8 minutes
│   n_steps_completed = 16
│   wall_time_per_step = 4 milliseconds, 159 microseconds
│   wall_time_total = 23 seconds, 960 milliseconds
│   wall_time_remaining = 23 seconds, 894 milliseconds
│   wall_time_spent = 66 milliseconds, 557 microseconds
│   percent_complete = 0.3%
│   estimated_sypd = 19.745
│   instantaneous_sypd = 21.228
│   date_now = 2026-07-05T16:34:35.919
└   estimated_finish_date = 2026-07-05T16:34:59.919
┌ Info: Progress
│   simulation_time = 16 minutes
│   n_steps_completed = 32
│   wall_time_per_step = 3 milliseconds, 994 microseconds
│   wall_time_total = 23 seconds, 9 milliseconds
│   wall_time_remaining = 22 seconds, 881 milliseconds
│   wall_time_spent = 127 milliseconds, 832 microseconds
│   percent_complete = 0.6%
│   estimated_sypd = 20.561
│   instantaneous_sypd = 21.447
│   date_now = 2026-07-05T16:34:35.980
└   estimated_finish_date = 2026-07-05T16:34:58.980
┌ Info: Progress
│   simulation_time = 32 minutes
│   n_steps_completed = 64
│   wall_time_per_step = 4 milliseconds, 41 microseconds
│   wall_time_total = 23 seconds, 277 milliseconds
│   wall_time_remaining = 23 seconds, 18 milliseconds
│   wall_time_spent = 258 milliseconds, 635 microseconds
│   percent_complete = 1.1%
│   estimated_sypd = 20.325
│   instantaneous_sypd = 20.094
│   date_now = 2026-07-05T16:34:36.111
└   estimated_finish_date = 2026-07-05T16:35:00.111
┌ Info: Progress
│   simulation_time = 1 hour, 4 minutes
│   n_steps_completed = 128
│   wall_time_per_step = 4 milliseconds, 142 microseconds
│   wall_time_total = 23 seconds, 862 milliseconds
│   wall_time_remaining = 23 seconds, 332 milliseconds
│   wall_time_spent = 530 milliseconds, 275 microseconds
│   percent_complete = 2.2%
│   estimated_sypd = 19.826
│   instantaneous_sypd = 19.352
│   date_now = 2026-07-05T16:34:36.382
└   estimated_finish_date = 2026-07-05T16:35:00.382
┌ Info: Progress
│   simulation_time = 2 hours, 8 minutes
│   n_steps_completed = 256
│   wall_time_per_step = 4 milliseconds, 153 microseconds
│   wall_time_total = 23 seconds, 923 milliseconds
│   wall_time_remaining = 22 seconds, 860 milliseconds
│   wall_time_spent = 1 second, 63 milliseconds
│   percent_complete = 4.4%
│   estimated_sypd = 19.776
│   instantaneous_sypd = 19.725
│   date_now = 2026-07-05T16:34:36.915
└   estimated_finish_date = 2026-07-05T16:34:59.915
┌ Info: Progress
│   simulation_time = 4 hours, 16 minutes
│   n_steps_completed = 512
│   wall_time_per_step = 4 milliseconds, 157 microseconds
│   wall_time_total = 23 seconds, 947 milliseconds
│   wall_time_remaining = 21 seconds, 818 milliseconds
│   wall_time_spent = 2 seconds, 128 milliseconds
│   percent_complete = 8.9%
│   estimated_sypd = 19.756
│   instantaneous_sypd = 19.736
│   date_now = 2026-07-05T16:34:37.981
└   estimated_finish_date = 2026-07-05T16:34:59.981
┌ Info: Progress
│   simulation_time = 6 hours, 40 minutes
│   n_steps_completed = 801
│   wall_time_per_step = 4 milliseconds, 210 microseconds
│   wall_time_total = 24 seconds, 250 milliseconds
│   wall_time_remaining = 20 seconds, 878 milliseconds
│   wall_time_spent = 3 seconds, 372 milliseconds
│   percent_complete = 13.9%
│   estimated_sypd = 19.509
│   instantaneous_sypd = 19.086
│   date_now = 2026-07-05T16:34:39.225
└   estimated_finish_date = 2026-07-05T16:35:00.225
┌ Info: Progress
│   simulation_time = 8 hours, 32 minutes
│   n_steps_completed = 1024
│   wall_time_per_step = 4 milliseconds, 269 microseconds
│   wall_time_total = 24 seconds, 594 milliseconds
│   wall_time_remaining = 20 seconds, 221 milliseconds
│   wall_time_spent = 4 seconds, 372 milliseconds
│   percent_complete = 17.8%
│   estimated_sypd = 19.236
│   instantaneous_sypd = 18.318
│   date_now = 2026-07-05T16:34:40.224
└   estimated_finish_date = 2026-07-05T16:35:01.224
┌ Info: Progress
│   simulation_time = 10 hours, 56 minutes
│   n_steps_completed = 1313
│   wall_time_per_step = 4 milliseconds, 335 microseconds
│   wall_time_total = 24 seconds, 970 milliseconds
│   wall_time_remaining = 19 seconds, 278 milliseconds
│   wall_time_spent = 5 seconds, 692 milliseconds
│   percent_complete = 22.8%
│   estimated_sypd = 18.946
│   instantaneous_sypd = 17.986
│   date_now = 2026-07-05T16:34:41.544
└   estimated_finish_date = 2026-07-05T16:35:01.544
┌ Info: Progress
│   simulation_time = 13 hours, 21 minutes
│   n_steps_completed = 1602
│   wall_time_per_step = 4 milliseconds, 415 microseconds
│   wall_time_total = 25 seconds, 435 milliseconds
│   wall_time_remaining = 18 seconds, 360 milliseconds
│   wall_time_spent = 7 seconds, 74 milliseconds
│   percent_complete = 27.8%
│   estimated_sypd = 18.6
│   instantaneous_sypd = 17.175
│   date_now = 2026-07-05T16:34:42.926
└   estimated_finish_date = 2026-07-05T16:35:01.926
┌ Info: Progress
│   simulation_time = 15 hours, 45 minutes
│   n_steps_completed = 1891
│   wall_time_per_step = 4 milliseconds, 491 microseconds
│   wall_time_total = 25 seconds, 871 milliseconds
│   wall_time_remaining = 17 seconds, 378 milliseconds
│   wall_time_spent = 8 seconds, 493 milliseconds
│   percent_complete = 32.8%
│   estimated_sypd = 18.286
│   instantaneous_sypd = 16.722
│   date_now = 2026-07-05T16:34:44.346
└   estimated_finish_date = 2026-07-05T16:35:02.346
┌ Info: Progress
│   simulation_time = 17 hours, 4 minutes
│   n_steps_completed = 2048
│   wall_time_per_step = 4 milliseconds, 537 microseconds
│   wall_time_total = 26 seconds, 137 milliseconds
│   wall_time_remaining = 16 seconds, 844 milliseconds
│   wall_time_spent = 9 seconds, 293 milliseconds
│   percent_complete = 35.6%
│   estimated_sypd = 18.1
│   instantaneous_sypd = 16.124
│   date_now = 2026-07-05T16:34:45.146
└   estimated_finish_date = 2026-07-05T16:35:02.146
┌ Info: Progress
│   simulation_time = 19 hours, 28 minutes
│   n_steps_completed = 2337
│   wall_time_per_step = 4 milliseconds, 626 microseconds
│   wall_time_total = 26 seconds, 646 milliseconds
│   wall_time_remaining = 15 seconds, 835 milliseconds
│   wall_time_spent = 10 seconds, 811 milliseconds
│   percent_complete = 40.6%
│   estimated_sypd = 17.755
│   instantaneous_sypd = 15.638
│   date_now = 2026-07-05T16:34:46.664
└   estimated_finish_date = 2026-07-05T16:35:02.663
┌ Info: Progress
│   simulation_time = 21 hours, 53 minutes
│   n_steps_completed = 2626
│   wall_time_per_step = 4 milliseconds, 700 microseconds
│   wall_time_total = 27 seconds, 76 milliseconds
│   wall_time_remaining = 14 seconds, 732 milliseconds
│   wall_time_spent = 12 seconds, 344 milliseconds
│   percent_complete = 45.6%
│   estimated_sypd = 17.473
│   instantaneous_sypd = 15.486
│   date_now = 2026-07-05T16:34:48.196
└   estimated_finish_date = 2026-07-05T16:35:03.196
┌ Info: Progress
│   simulation_time = 1 day, 17 minutes
│   n_steps_completed = 2915
│   wall_time_per_step = 4 milliseconds, 825 microseconds
│   wall_time_total = 27 seconds, 793 milliseconds
│   wall_time_remaining = 13 seconds, 727 milliseconds
│   wall_time_spent = 14 seconds, 65 milliseconds
│   percent_complete = 50.6%
│   estimated_sypd = 17.022
│   instantaneous_sypd = 13.789
│   date_now = 2026-07-05T16:34:49.918
└   estimated_finish_date = 2026-07-05T16:35:03.918
┌ Info: Progress
│   simulation_time = 1 day, 2 hours
│   n_steps_completed = 3204
│   wall_time_per_step = 4 milliseconds, 886 microseconds
│   wall_time_total = 28 seconds, 146 milliseconds
│   wall_time_remaining = 12 seconds, 490 milliseconds
│   wall_time_spent = 15 seconds, 656 milliseconds
│   percent_complete = 55.6%
│   estimated_sypd = 16.808
│   instantaneous_sypd = 14.919
│   date_now = 2026-07-05T16:34:51.509
└   estimated_finish_date = 2026-07-05T16:35:04.509
┌ Info: Progress
│   simulation_time = 1 day, 5 hours
│   n_steps_completed = 3493
│   wall_time_per_step = 4 milliseconds, 952 microseconds
│   wall_time_total = 28 seconds, 528 milliseconds
│   wall_time_remaining = 11 seconds, 228 milliseconds
│   wall_time_spent = 17 seconds, 300 milliseconds
│   percent_complete = 60.6%
│   estimated_sypd = 16.583
│   instantaneous_sypd = 14.442
│   date_now = 2026-07-05T16:34:53.153
└   estimated_finish_date = 2026-07-05T16:35:05.153
┌ Info: Progress
│   simulation_time = 1 day, 7 hours
│   n_steps_completed = 3782
│   wall_time_per_step = 5 milliseconds, 16 microseconds
│   wall_time_total = 28 seconds, 895 milliseconds
│   wall_time_remaining = 9 seconds, 922 milliseconds
│   wall_time_spent = 18 seconds, 972 milliseconds
│   percent_complete = 65.7%
│   estimated_sypd = 16.373
│   instantaneous_sypd = 14.195
│   date_now = 2026-07-05T16:34:54.825
└   estimated_finish_date = 2026-07-05T16:35:04.825
┌ Info: Progress
│   simulation_time = 1 day, 9 hours
│   n_steps_completed = 4071
│   wall_time_per_step = 5 milliseconds, 88 microseconds
│   wall_time_total = 29 seconds, 309 milliseconds
│   wall_time_remaining = 8 seconds, 594 milliseconds
│   wall_time_spent = 20 seconds, 715 milliseconds
│   percent_complete = 70.7%
│   estimated_sypd = 16.141
│   instantaneous_sypd = 13.62
│   date_now = 2026-07-05T16:34:56.568
└   estimated_finish_date = 2026-07-05T16:35:05.568
┌ Info: Progress
│   simulation_time = 1 day, 10 hours
│   n_steps_completed = 4096
│   wall_time_per_step = 5 milliseconds, 95 microseconds
│   wall_time_total = 29 seconds, 352 milliseconds
│   wall_time_remaining = 8 seconds, 479 milliseconds
│   wall_time_spent = 20 seconds, 872 milliseconds
│   percent_complete = 71.1%
│   estimated_sypd = 16.118
│   instantaneous_sypd = 13.057
│   date_now = 2026-07-05T16:34:56.725
└   estimated_finish_date = 2026-07-05T16:35:05.725
┌ Info: Progress
│   simulation_time = 1 day, 12 hours
│   n_steps_completed = 4385
│   wall_time_per_step = 5 milliseconds, 156 microseconds
│   wall_time_total = 29 seconds, 700 milliseconds
│   wall_time_remaining = 7 seconds, 89 milliseconds
│   wall_time_spent = 22 seconds, 610 milliseconds
│   percent_complete = 76.1%
│   estimated_sypd = 15.929
│   instantaneous_sypd = 13.662
│   date_now = 2026-07-05T16:34:58.462
└   estimated_finish_date = 2026-07-05T16:35:06.462
┌ Info: Progress
│   simulation_time = 1 day, 14 hours
│   n_steps_completed = 4674
│   wall_time_per_step = 5 milliseconds, 216 microseconds
│   wall_time_total = 30 seconds, 45 milliseconds
│   wall_time_remaining = 5 seconds, 664 milliseconds
│   wall_time_spent = 24 seconds, 380 milliseconds
│   percent_complete = 81.1%
│   estimated_sypd = 15.746
│   instantaneous_sypd = 13.41
│   date_now = 2026-07-05T16:35:00.233
└   estimated_finish_date = 2026-07-05T16:35:06.233
┌ Info: Progress
│   simulation_time = 1 day, 17 hours
│   n_steps_completed = 4963
│   wall_time_per_step = 5 milliseconds, 291 microseconds
│   wall_time_total = 30 seconds, 477 milliseconds
│   wall_time_remaining = 4 seconds, 217 milliseconds
│   wall_time_spent = 26 seconds, 260 milliseconds
│   percent_complete = 86.2%
│   estimated_sypd = 15.523
│   instantaneous_sypd = 12.628
│   date_now = 2026-07-05T16:35:02.112
└   estimated_finish_date = 2026-07-05T16:35:07.112
┌ Info: Progress
│   simulation_time = 1 day, 19 hours
│   n_steps_completed = 5252
│   wall_time_per_step = 5 milliseconds, 350 microseconds
│   wall_time_total = 30 seconds, 816 milliseconds
│   wall_time_remaining = 2 seconds, 717 milliseconds
│   wall_time_spent = 28 seconds, 98 milliseconds
│   percent_complete = 91.2%
│   estimated_sypd = 15.352
│   instantaneous_sypd = 12.911
│   date_now = 2026-07-05T16:35:03.951
└   estimated_finish_date = 2026-07-05T16:35:06.951
┌ Info: Progress
│   simulation_time = 1 day, 22 hours
│   n_steps_completed = 5541
│   wall_time_per_step = 5 milliseconds, 410 microseconds
│   wall_time_total = 31 seconds, 164 milliseconds
│   wall_time_remaining = 1 second, 184 milliseconds
│   wall_time_spent = 29 seconds, 979 milliseconds
│   percent_complete = 96.2%
│   estimated_sypd = 15.181
│   instantaneous_sypd = 12.618
│   date_now = 2026-07-05T16:35:05.832
└   estimated_finish_date = 2026-07-05T16:35:07.832
[ Info: solve! walltime = 31.471
[ Info: sypd: 15.043
[ Info: wall_time_per_timestep: 5 milliseconds, 463 microseconds
[ Info: Memory currently used (after solve!) by the process (RSS): 8.68 GiB
[ Info: Completed member 10
┌ Info: Making AtmosConfig with config files: 
│      /home/jeff/larcform1-experiments/ClimaAtmos.jl/src/config/../../config/default_configs/default_config.yml
└   
┌ Info: numerics 
│          `energy_q_tot_upwinding`::`Val{:vanleer_limiter}`
│                `tracer_upwinding`::`Val{:vanleer_limiter}`
│       `edmfx_mse_q_tot_upwinding`::`Val{:first_order}`
│         `edmfx_sgsflux_upwinding`::`Val{:none}`
│          `edmfx_tracer_upwinding`::`Val{:first_order}`
│         `test_dycore_consistency`::`Nothing`
│            `reproducible_restart`::`Nothing`
│                         `limiter`::`Nothing`
│                       `diff_mode`::`ClimaAtmos.Implicit`
│                       `hyperdiff`::`Nothing`
└   
┌ Info: AtmosModel: 
│   
│                               `water`::`ClimaAtmos.AtmosWater{ClimaAtmos.NonEquilibriumMicrophysics1M, ClimaAtmos.QuadratureCloud, ClimaAtmos.Implicit, Nothing, ClimaAtmos.SGSQuadrature{3, StaticArraysCore.SVector{3, Float32}, StaticArraysCore.SVector{3, Float32}, ClimaAtmos.GaussianSGS, Float32}, ClimaAtmos.FixedTerminalVelocity{Float32}}`
│                           `scm_setup`::`ClimaAtmos.SCMSetup{Nothing, Nothing, Nothing, Bool, @NamedTuple{prof_ug::AtmosphericProfilesLibrary.ZProfile{AtmosphericProfilesLibrary.var"#Larcform1_geostrophic_u##0#Larcform1_geostrophic_u##1"{Float32}}, prof_vg::AtmosphericProfilesLibrary.ZProfile{Returns{Float32}}, coriolis_param::Float32}}`
│                           `radiation`::`ClimaAtmos.AtmosRadiation{ClimaAtmos.RRTMGPInterface.AllSkyRadiationWithClearSkyDiagnostics{ClimaAtmos.InteractiveCloudInRadiation}, ClimaAtmos.Larcform1Insolation}`
│                            `turbconv`::`ClimaAtmos.AtmosTurbconv{ClimaAtmos.EDMFXModel{ClimaAtmos.InvZEntrainment, ClimaAtmos.BuoyancyVelocityDetrainment, Val{true}, Val{true}, Val{true}, Val{true}, Val{true}, ClimaAtmos.SmoothMinimumBlending}, ClimaAtmos.PrognosticEDMFX{1, true, Float32}, Nothing, Nothing, Nothing}`
│                     `prescribed_flow`::`Nothing`
│                        `gravity_wave`::`ClimaAtmos.AtmosGravityWave{Nothing, Nothing}`
│                  `vertical_diffusion`::`Nothing`
│                              `sponge`::`ClimaAtmos.AtmosSponge{Nothing, Nothing}`
│                             `surface`::`ClimaAtmos.AtmosSurface{ClimaAtmos.SurfaceConditions.MoninObukhov{Float32, Nothing, Nothing}, ClimaAtmos.SurfaceConditions.SlabOceanTemperature{Float32}, ClimaAtmos.SurfaceConditions.SurfaceBoundaryOverrides{Float32, Float32, Nothing, Nothing, Nothing, Nothing}, ClimaAtmos.ConstantAlbedo{Float32}}`
│                            `numerics`::`ClimaAtmos.AtmosNumerics{Val{:vanleer_limiter}, Val{:vanleer_limiter}, Val{:first_order}, Val{:none}, Val{:first_order}, Nothing, Nothing, Nothing, ClimaAtmos.Implicit, Nothing}`
│                           `chemistry`::`ClimaAtmos.AtmosChem{Nothing}`
└   
┌ Info: Microphysics settings: 
│                          `n_substeps`::`3`
│                     `n_substeps_quad`::`2`
│              `cloud_liquid_formation`::`CloudLiquidFormation`
│                 `cloud_ice_formation`::`TemperatureDependent`
│                      `cloud_ice_melt`::`CloudIceMelt`
│                 `rain_autoconversion`::`Kessler1M`
│                 `snow_autoconversion`::`NoSupersaturation`
│       `rain_condensation_evaporation`::`RainEvaporation`
│         `snow_deposition_sublimation`::`DepositionAndSublimation`
│                           `snow_melt`::`SnowMelt`
│         `cloud_liquid_rain_accretion`::`CloudLiquidRainAccretion`
│         `cloud_liquid_snow_accretion`::`CloudLiquidSnowAccretion`
│            `cloud_ice_rain_accretion`::`CloudIceRainAccretion`
│            `cloud_ice_snow_accretion`::`CloudIceSnowAccretion`
│                 `rain_snow_accretion`::`RainSnowAccretion`
└   
[ Info: Single-process ClimaAtmos run on CPUSingleThreaded
[ Info: Using ODE config: `ClimaTimeSteppers.ARS222`
[ Info: Initialized state (50.421 μs, 7.76 KiB)
[ Info: Built cache (194.839 ms, 172.6 MiB)
[ Info: Assembled callbacks (134.414 μs, 17.42 KiB)
┌ Info: Jacobian algorithm: ManualSparseJacobian(
│     approximate_solve_iters = 2,
└   )
[ Info: Jacobian derivative flags: topography_flag = IgnoreDerivative, diffusion_flag = UseDerivative
[ Info: Built tendency function (229.926 μs, 201.06 KiB)
[ Info: Initialized integrator (8.566 ms, 169.03 KiB)
[ Info: Added 7 user-provided YAML-style diagnostics
[ Info: Saving accumulated diagnostics to disk with frequency: 1 hour
[ Info: Set up diagnostics (654.876 μs, 103.66 KiB)
[ Info: Initialized 7 total diagnostics
