┌ Info: Simulation info
│   job_id = lf1e_clw_cal_member
└   output_dir = /home/jeff/larcform1-experiments/experiments/clw calibration/output/uki_1/iteration_001/member_002/output_0000
┌ Info: Running
│   job_id = lf1e_clw_cal_member
│   output_dir = /home/jeff/larcform1-experiments/experiments/clw calibration/output/uki_1/iteration_001/member_002/output_0000
└   tspan = (0.0 seconds (2010-01-01T00:00:00) [counter = 0, period = 1 second, epoch = 2010-01-01T00:00:00], 172800.0 seconds (2010-01-03T00:00:00) [counter = 172800, period = 1 second, epoch = 2010-01-01T00:00:00])
┌ Info: Progress
│   simulation_time = 30 seconds
│   n_steps_completed = 1
│   wall_time_per_step = 0 seconds
│   wall_time_total = 0 seconds
│   wall_time_remaining = 0 seconds
│   wall_time_spent = 0 seconds
│   percent_complete = 0.0%
│   estimated_sypd = Inf
│   instantaneous_sypd = 0.0 (sdpd_estimate = 0.0)
│   date_now = 2026-07-05T16:14:44.007
└   estimated_finish_date = 2026-07-05T16:14:44.007
┌ Info: Progress
│   simulation_time = 1 minute
│   n_steps_completed = 2
│   wall_time_per_step = 0 seconds
│   wall_time_total = 0 seconds
│   wall_time_remaining = 0 seconds
│   wall_time_spent = 0 seconds
│   percent_complete = 0.0%
│   estimated_sypd = Inf
│   instantaneous_sypd = 0.03
│   date_now = 2026-07-05T16:14:46.716
└   estimated_finish_date = 2026-07-05T16:14:46.716
┌ Info: Progress
│   simulation_time = 2 minutes
│   n_steps_completed = 4
│   wall_time_per_step = 4 milliseconds, 814 microseconds
│   wall_time_total = 27 seconds, 734 milliseconds
│   wall_time_remaining = 27 seconds, 715 milliseconds
│   wall_time_spent = 19 milliseconds, 259 microseconds
│   percent_complete = 0.1%
│   estimated_sypd = 17.058
│   instantaneous_sypd = 17.058
│   date_now = 2026-07-05T16:14:46.726
└   estimated_finish_date = 2026-07-05T16:15:14.726
┌ Info: Progress
│   simulation_time = 4 minutes
│   n_steps_completed = 8
│   wall_time_per_step = 4 milliseconds, 501 microseconds
│   wall_time_total = 25 seconds, 929 milliseconds
│   wall_time_remaining = 25 seconds, 893 milliseconds
│   wall_time_spent = 36 milliseconds, 12 microseconds
│   percent_complete = 0.1%
│   estimated_sypd = 18.246
│   instantaneous_sypd = 19.611
│   date_now = 2026-07-05T16:14:46.743
└   estimated_finish_date = 2026-07-05T16:15:12.743
┌ Info: Progress
│   simulation_time = 8 minutes
│   n_steps_completed = 16
│   wall_time_per_step = 4 milliseconds, 217 microseconds
│   wall_time_total = 24 seconds, 292 milliseconds
│   wall_time_remaining = 24 seconds, 224 milliseconds
│   wall_time_spent = 67 milliseconds, 477 microseconds
│   percent_complete = 0.3%
│   estimated_sypd = 19.476
│   instantaneous_sypd = 20.883
│   date_now = 2026-07-05T16:14:46.774
└   estimated_finish_date = 2026-07-05T16:15:11.774
┌ Info: Progress
│   simulation_time = 16 minutes
│   n_steps_completed = 32
│   wall_time_per_step = 4 milliseconds, 11 microseconds
│   wall_time_total = 23 seconds, 103 milliseconds
│   wall_time_remaining = 22 seconds, 975 milliseconds
│   wall_time_spent = 128 milliseconds, 354 microseconds
│   percent_complete = 0.6%
│   estimated_sypd = 20.477
│   instantaneous_sypd = 21.588
│   date_now = 2026-07-05T16:14:46.835
└   estimated_finish_date = 2026-07-05T16:15:09.835
┌ Info: Progress
│   simulation_time = 32 minutes
│   n_steps_completed = 64
│   wall_time_per_step = 4 milliseconds, 49 microseconds
│   wall_time_total = 23 seconds, 322 milliseconds
│   wall_time_remaining = 23 seconds, 63 milliseconds
│   wall_time_spent = 259 milliseconds, 138 microseconds
│   percent_complete = 1.1%
│   estimated_sypd = 20.285
│   instantaneous_sypd = 20.097
│   date_now = 2026-07-05T16:14:46.966
└   estimated_finish_date = 2026-07-05T16:15:10.966
┌ Info: Progress
│   simulation_time = 1 hour, 4 minutes
│   n_steps_completed = 128
│   wall_time_per_step = 4 milliseconds, 145 microseconds
│   wall_time_total = 23 seconds, 878 milliseconds
│   wall_time_remaining = 23 seconds, 347 milliseconds
│   wall_time_spent = 530 milliseconds, 630 microseconds
│   percent_complete = 2.2%
│   estimated_sypd = 19.813
│   instantaneous_sypd = 19.362
│   date_now = 2026-07-05T16:14:47.237
└   estimated_finish_date = 2026-07-05T16:15:11.237
┌ Info: Progress
│   simulation_time = 2 hours, 8 minutes
│   n_steps_completed = 256
│   wall_time_per_step = 4 milliseconds, 99 microseconds
│   wall_time_total = 23 seconds, 610 milliseconds
│   wall_time_remaining = 22 seconds, 561 milliseconds
│   wall_time_spent = 1 second, 49 milliseconds
│   percent_complete = 4.4%
│   estimated_sypd = 20.038
│   instantaneous_sypd = 20.267
│   date_now = 2026-07-05T16:14:47.756
└   estimated_finish_date = 2026-07-05T16:15:10.756
┌ Info: Progress
│   simulation_time = 4 hours, 16 minutes
│   n_steps_completed = 512
│   wall_time_per_step = 4 milliseconds, 114 microseconds
│   wall_time_total = 23 seconds, 698 milliseconds
│   wall_time_remaining = 21 seconds, 591 milliseconds
│   wall_time_spent = 2 seconds, 106 milliseconds
│   percent_complete = 8.9%
│   estimated_sypd = 19.963
│   instantaneous_sypd = 19.89
│   date_now = 2026-07-05T16:14:48.813
└   estimated_finish_date = 2026-07-05T16:15:10.813
┌ Info: Progress
│   simulation_time = 6 hours, 40 minutes
│   n_steps_completed = 801
│   wall_time_per_step = 4 milliseconds, 177 microseconds
│   wall_time_total = 24 seconds, 60 milliseconds
│   wall_time_remaining = 20 seconds, 714 milliseconds
│   wall_time_spent = 3 seconds, 345 milliseconds
│   percent_complete = 13.9%
│   estimated_sypd = 19.663
│   instantaneous_sypd = 19.152
│   date_now = 2026-07-05T16:14:50.053
└   estimated_finish_date = 2026-07-05T16:15:11.053
┌ Info: Progress
│   simulation_time = 8 hours, 32 minutes
│   n_steps_completed = 1024
│   wall_time_per_step = 4 milliseconds, 226 microseconds
│   wall_time_total = 24 seconds, 346 milliseconds
│   wall_time_remaining = 20 seconds, 18 milliseconds
│   wall_time_spent = 4 seconds, 328 milliseconds
│   percent_complete = 17.8%
│   estimated_sypd = 19.432
│   instantaneous_sypd = 18.646
│   date_now = 2026-07-05T16:14:51.035
└   estimated_finish_date = 2026-07-05T16:15:12.035
┌ Info: Progress
│   simulation_time = 10 hours, 56 minutes
│   n_steps_completed = 1313
│   wall_time_per_step = 4 milliseconds, 296 microseconds
│   wall_time_total = 24 seconds, 749 milliseconds
│   wall_time_remaining = 19 seconds, 107 milliseconds
│   wall_time_spent = 5 seconds, 641 milliseconds
│   percent_complete = 22.8%
│   estimated_sypd = 19.116
│   instantaneous_sypd = 18.073
│   date_now = 2026-07-05T16:14:52.348
└   estimated_finish_date = 2026-07-05T16:15:12.348
┌ Info: Progress
│   simulation_time = 13 hours, 21 minutes
│   n_steps_completed = 1602
│   wall_time_per_step = 4 milliseconds, 390 microseconds
│   wall_time_total = 25 seconds, 286 milliseconds
│   wall_time_remaining = 18 seconds, 254 milliseconds
│   wall_time_spent = 7 seconds, 32 milliseconds
│   percent_complete = 27.8%
│   estimated_sypd = 18.709
│   instantaneous_sypd = 17.061
│   date_now = 2026-07-05T16:14:53.740
└   estimated_finish_date = 2026-07-05T16:15:12.740
┌ Info: Progress
│   simulation_time = 15 hours, 45 minutes
│   n_steps_completed = 1891
│   wall_time_per_step = 4 milliseconds, 484 microseconds
│   wall_time_total = 25 seconds, 828 milliseconds
│   wall_time_remaining = 17 seconds, 349 milliseconds
│   wall_time_spent = 8 seconds, 479 milliseconds
│   percent_complete = 32.8%
│   estimated_sypd = 18.317
│   instantaneous_sypd = 16.408
│   date_now = 2026-07-05T16:14:55.186
└   estimated_finish_date = 2026-07-05T16:15:13.186
┌ Info: Progress
│   simulation_time = 17 hours, 4 minutes
│   n_steps_completed = 2048
│   wall_time_per_step = 4 milliseconds, 545 microseconds
│   wall_time_total = 26 seconds, 184 milliseconds
│   wall_time_remaining = 16 seconds, 874 milliseconds
│   wall_time_spent = 9 seconds, 310 milliseconds
│   percent_complete = 35.6%
│   estimated_sypd = 18.068
│   instantaneous_sypd = 15.528
│   date_now = 2026-07-05T16:14:56.017
└   estimated_finish_date = 2026-07-05T16:15:13.017
┌ Info: Progress
│   simulation_time = 19 hours, 28 minutes
│   n_steps_completed = 2337
│   wall_time_per_step = 4 milliseconds, 630 microseconds
│   wall_time_total = 26 seconds, 669 milliseconds
│   wall_time_remaining = 15 seconds, 848 milliseconds
│   wall_time_spent = 10 seconds, 820 milliseconds
│   percent_complete = 40.6%
│   estimated_sypd = 17.74
│   instantaneous_sypd = 15.715
│   date_now = 2026-07-05T16:14:57.527
└   estimated_finish_date = 2026-07-05T16:15:13.527
┌ Info: Progress
│   simulation_time = 21 hours, 53 minutes
│   n_steps_completed = 2626
│   wall_time_per_step = 4 milliseconds, 715 microseconds
│   wall_time_total = 27 seconds, 159 milliseconds
│   wall_time_remaining = 14 seconds, 777 milliseconds
│   wall_time_spent = 12 seconds, 382 milliseconds
│   percent_complete = 45.6%
│   estimated_sypd = 17.419
│   instantaneous_sypd = 15.201
│   date_now = 2026-07-05T16:14:59.089
└   estimated_finish_date = 2026-07-05T16:15:14.089
┌ Info: Progress
│   simulation_time = 1 day, 17 minutes
│   n_steps_completed = 2915
│   wall_time_per_step = 4 milliseconds, 866 microseconds
│   wall_time_total = 28 seconds, 28 milliseconds
│   wall_time_remaining = 13 seconds, 844 milliseconds
│   wall_time_spent = 14 seconds, 184 milliseconds
│   percent_complete = 50.6%
│   estimated_sypd = 16.879
│   instantaneous_sypd = 13.168
│   date_now = 2026-07-05T16:15:00.892
└   estimated_finish_date = 2026-07-05T16:15:14.891
┌ Info: Progress
│   simulation_time = 1 day, 2 hours
│   n_steps_completed = 3204
│   wall_time_per_step = 4 milliseconds, 938 microseconds
│   wall_time_total = 28 seconds, 445 milliseconds
│   wall_time_remaining = 12 seconds, 622 milliseconds
│   wall_time_spent = 15 seconds, 822 milliseconds
│   percent_complete = 55.6%
│   estimated_sypd = 16.632
│   instantaneous_sypd = 14.492
│   date_now = 2026-07-05T16:15:02.529
└   estimated_finish_date = 2026-07-05T16:15:15.529
┌ Info: Progress
│   simulation_time = 1 day, 5 hours
│   n_steps_completed = 3493
│   wall_time_per_step = 5 milliseconds, 13 microseconds
│   wall_time_total = 28 seconds, 875 milliseconds
│   wall_time_remaining = 11 seconds, 364 milliseconds
│   wall_time_spent = 17 seconds, 510 milliseconds
│   percent_complete = 60.6%
│   estimated_sypd = 16.384
│   instantaneous_sypd = 14.06
│   date_now = 2026-07-05T16:15:04.218
└   estimated_finish_date = 2026-07-05T16:15:16.218
┌ Info: Progress
│   simulation_time = 1 day, 7 hours
│   n_steps_completed = 3782
│   wall_time_per_step = 5 milliseconds, 95 microseconds
│   wall_time_total = 29 seconds, 349 milliseconds
│   wall_time_remaining = 10 seconds, 78 milliseconds
│   wall_time_spent = 19 seconds, 270 milliseconds
│   percent_complete = 65.7%
│   estimated_sypd = 16.12
│   instantaneous_sypd = 13.489
│   date_now = 2026-07-05T16:15:05.977
└   estimated_finish_date = 2026-07-05T16:15:16.977
┌ Info: Progress
│   simulation_time = 1 day, 9 hours
│   n_steps_completed = 4071
│   wall_time_per_step = 5 milliseconds, 183 microseconds
│   wall_time_total = 29 seconds, 858 milliseconds
│   wall_time_remaining = 8 seconds, 755 milliseconds
│   wall_time_spent = 21 seconds, 103 milliseconds
│   percent_complete = 70.7%
│   estimated_sypd = 15.845
│   instantaneous_sypd = 12.952
│   date_now = 2026-07-05T16:15:07.810
└   estimated_finish_date = 2026-07-05T16:15:16.810
┌ Info: Progress
│   simulation_time = 1 day, 10 hours
│   n_steps_completed = 4096
│   wall_time_per_step = 5 milliseconds, 192 microseconds
│   wall_time_total = 29 seconds, 911 milliseconds
│   wall_time_remaining = 8 seconds, 641 milliseconds
│   wall_time_spent = 21 seconds, 270 milliseconds
│   percent_complete = 71.1%
│   estimated_sypd = 15.817
│   instantaneous_sypd = 12.307
│   date_now = 2026-07-05T16:15:07.977
└   estimated_finish_date = 2026-07-05T16:15:16.977
┌ Info: Progress
│   simulation_time = 1 day, 12 hours
│   n_steps_completed = 4385
│   wall_time_per_step = 5 milliseconds, 265 microseconds
│   wall_time_total = 30 seconds, 329 milliseconds
│   wall_time_remaining = 7 seconds, 240 milliseconds
│   wall_time_spent = 23 seconds, 89 milliseconds
│   percent_complete = 76.1%
│   estimated_sypd = 15.599
│   instantaneous_sypd = 13.047
│   date_now = 2026-07-05T16:15:09.796
└   estimated_finish_date = 2026-07-05T16:15:17.796
┌ Info: Progress
│   simulation_time = 1 day, 14 hours
│   n_steps_completed = 4674
│   wall_time_per_step = 5 milliseconds, 340 microseconds
│   wall_time_total = 30 seconds, 763 milliseconds
│   wall_time_remaining = 5 seconds, 800 milliseconds
│   wall_time_spent = 24 seconds, 963 milliseconds
│   percent_complete = 81.1%
│   estimated_sypd = 15.378
│   instantaneous_sypd = 12.667
│   date_now = 2026-07-05T16:15:11.670
└   estimated_finish_date = 2026-07-05T16:15:17.670
┌ Info: Progress
│   simulation_time = 1 day, 17 hours
│   n_steps_completed = 4963
│   wall_time_per_step = 5 milliseconds, 420 microseconds
│   wall_time_total = 31 seconds, 223 milliseconds
│   wall_time_remaining = 4 seconds, 320 milliseconds
│   wall_time_spent = 26 seconds, 903 milliseconds
│   percent_complete = 86.2%
│   estimated_sypd = 15.152
│   instantaneous_sypd = 12.236
│   date_now = 2026-07-05T16:15:13.610
└   estimated_finish_date = 2026-07-05T16:15:18.610
┌ Info: Progress
│   simulation_time = 1 day, 19 hours
│   n_steps_completed = 5252
│   wall_time_per_step = 5 milliseconds, 514 microseconds
│   wall_time_total = 31 seconds, 763 milliseconds
│   wall_time_remaining = 2 seconds, 801 milliseconds
│   wall_time_spent = 28 seconds, 962 milliseconds
│   percent_complete = 91.2%
│   estimated_sypd = 14.894
│   instantaneous_sypd = 11.529
│   date_now = 2026-07-05T16:15:15.669
└   estimated_finish_date = 2026-07-05T16:15:18.669
┌ Info: Progress
│   simulation_time = 1 day, 22 hours
│   n_steps_completed = 5541
│   wall_time_per_step = 5 milliseconds, 596 microseconds
│   wall_time_total = 32 seconds, 236 milliseconds
│   wall_time_remaining = 1 second, 225 milliseconds
│   wall_time_spent = 31 seconds, 10 milliseconds
│   percent_complete = 96.2%
│   estimated_sypd = 14.676
│   instantaneous_sypd = 11.588
│   date_now = 2026-07-05T16:15:17.718
└   estimated_finish_date = 2026-07-05T16:15:19.718
[ Info: solve! walltime = 32.591
[ Info: sypd: 14.526
[ Info: wall_time_per_timestep: 5 milliseconds, 658 microseconds
[ Info: Memory currently used (after solve!) by the process (RSS): 8.68 GiB
[ Info: Completed member 2
┌ Info: Making AtmosConfig with config files: 
│      /home/jeff/larcform1-experiments/ClimaAtmos.jl/src/config/../../config/default_configs/default_config.yml
└   
┌ Info: numerics 
│          `energy_q_tot_upwinding`::`Val{:vanleer_limiter}`
│                `tracer_upwinding`::`Val{:vanleer_limiter}`
│       `edmfx_mse_q_tot_upwinding`::`Val{:first_order}`
│         `edmfx_sgsflux_upwinding`::`Val{:none}`
│          `edmfx_tracer_upwinding`::`Val{:first_order}`
│         `test_dycore_consistency`::`Nothing`
│            `reproducible_restart`::`Nothing`
│                         `limiter`::`Nothing`
│                       `diff_mode`::`ClimaAtmos.Implicit`
│                       `hyperdiff`::`Nothing`
└   
┌ Info: AtmosModel: 
│   
│                               `water`::`ClimaAtmos.AtmosWater{ClimaAtmos.NonEquilibriumMicrophysics1M, ClimaAtmos.QuadratureCloud, ClimaAtmos.Implicit, Nothing, ClimaAtmos.SGSQuadrature{3, StaticArraysCore.SVector{3, Float32}, StaticArraysCore.SVector{3, Float32}, ClimaAtmos.GaussianSGS, Float32}, ClimaAtmos.FixedTerminalVelocity{Float32}}`
│                           `scm_setup`::`ClimaAtmos.SCMSetup{Nothing, Nothing, Nothing, Bool, @NamedTuple{prof_ug::AtmosphericProfilesLibrary.ZProfile{AtmosphericProfilesLibrary.var"#Larcform1_geostrophic_u##0#Larcform1_geostrophic_u##1"{Float32}}, prof_vg::AtmosphericProfilesLibrary.ZProfile{Returns{Float32}}, coriolis_param::Float32}}`
│                           `radiation`::`ClimaAtmos.AtmosRadiation{ClimaAtmos.RRTMGPInterface.AllSkyRadiationWithClearSkyDiagnostics{ClimaAtmos.InteractiveCloudInRadiation}, ClimaAtmos.Larcform1Insolation}`
│                            `turbconv`::`ClimaAtmos.AtmosTurbconv{ClimaAtmos.EDMFXModel{ClimaAtmos.InvZEntrainment, ClimaAtmos.BuoyancyVelocityDetrainment, Val{true}, Val{true}, Val{true}, Val{true}, Val{true}, ClimaAtmos.SmoothMinimumBlending}, ClimaAtmos.PrognosticEDMFX{1, true, Float32}, Nothing, Nothing, Nothing}`
│                     `prescribed_flow`::`Nothing`
│                        `gravity_wave`::`ClimaAtmos.AtmosGravityWave{Nothing, Nothing}`
│                  `vertical_diffusion`::`Nothing`
│                              `sponge`::`ClimaAtmos.AtmosSponge{Nothing, Nothing}`
│                             `surface`::`ClimaAtmos.AtmosSurface{ClimaAtmos.SurfaceConditions.MoninObukhov{Float32, Nothing, Nothing}, ClimaAtmos.SurfaceConditions.SlabOceanTemperature{Float32}, ClimaAtmos.SurfaceConditions.SurfaceBoundaryOverrides{Float32, Float32, Nothing, Nothing, Nothing, Nothing}, ClimaAtmos.ConstantAlbedo{Float32}}`
│                            `numerics`::`ClimaAtmos.AtmosNumerics{Val{:vanleer_limiter}, Val{:vanleer_limiter}, Val{:first_order}, Val{:none}, Val{:first_order}, Nothing, Nothing, Nothing, ClimaAtmos.Implicit, Nothing}`
│                           `chemistry`::`ClimaAtmos.AtmosChem{Nothing}`
└   
┌ Info: Microphysics settings: 
│                          `n_substeps`::`3`
│                     `n_substeps_quad`::`2`
│              `cloud_liquid_formation`::`CloudLiquidFormation`
│                 `cloud_ice_formation`::`TemperatureDependent`
│                      `cloud_ice_melt`::`CloudIceMelt`
│                 `rain_autoconversion`::`Kessler1M`
│                 `snow_autoconversion`::`NoSupersaturation`
│       `rain_condensation_evaporation`::`RainEvaporation`
│         `snow_deposition_sublimation`::`DepositionAndSublimation`
│                           `snow_melt`::`SnowMelt`
│         `cloud_liquid_rain_accretion`::`CloudLiquidRainAccretion`
│         `cloud_liquid_snow_accretion`::`CloudLiquidSnowAccretion`
│            `cloud_ice_rain_accretion`::`CloudIceRainAccretion`
│            `cloud_ice_snow_accretion`::`CloudIceSnowAccretion`
│                 `rain_snow_accretion`::`RainSnowAccretion`
└   
[ Info: Single-process ClimaAtmos run on CPUSingleThreaded
[ Info: Using ODE config: `ClimaTimeSteppers.ARS222`
[ Info: Initialized state (21.321 μs, 7.76 KiB)
[ Info: Built cache (230.341 ms, 172.6 MiB)
[ Info: Assembled callbacks (134.813 μs, 17.42 KiB)
┌ Info: Jacobian algorithm: ManualSparseJacobian(
│     approximate_solve_iters = 2,
└   )
[ Info: Jacobian derivative flags: topography_flag = IgnoreDerivative, diffusion_flag = UseDerivative
[ Info: Built tendency function (199.106 μs, 201.06 KiB)
[ Info: Initialized integrator (8.553 ms, 169.03 KiB)
[ Info: Added 7 user-provided YAML-style diagnostics
[ Info: Saving accumulated diagnostics to disk with frequency: 1 hour
[ Info: Set up diagnostics (541.224 μs, 103.66 KiB)
[ Info: Initialized 7 total diagnostics
