┌ Info: Simulation info
│   job_id = lf1e_clw_cal_member
└   output_dir = /home/jeff/larcform1-experiments/experiments/clw calibration/output/smoke/iteration_001/member_005/output_0000
┌ Info: Running
│   job_id = lf1e_clw_cal_member
│   output_dir = /home/jeff/larcform1-experiments/experiments/clw calibration/output/smoke/iteration_001/member_005/output_0000
└   tspan = (0.0 seconds (2010-01-01T00:00:00) [counter = 0, period = 1 second, epoch = 2010-01-01T00:00:00], 172800.0 seconds (2010-01-03T00:00:00) [counter = 172800, period = 1 second, epoch = 2010-01-01T00:00:00])
┌ Info: Progress
│   simulation_time = 30 seconds
│   n_steps_completed = 1
│   wall_time_per_step = 0 seconds
│   wall_time_total = 0 seconds
│   wall_time_remaining = 0 seconds
│   wall_time_spent = 0 seconds
│   percent_complete = 0.0%
│   estimated_sypd = Inf
│   instantaneous_sypd = 0.0 (sdpd_estimate = 0.0)
│   date_now = 2026-07-05T09:06:36.345
└   estimated_finish_date = 2026-07-05T09:06:36.345
┌ Info: Progress
│   simulation_time = 1 minute
│   n_steps_completed = 2
│   wall_time_per_step = 0 seconds
│   wall_time_total = 0 seconds
│   wall_time_remaining = 0 seconds
│   wall_time_spent = 0 seconds
│   percent_complete = 0.0%
│   estimated_sypd = Inf
│   instantaneous_sypd = 0.032
│   date_now = 2026-07-05T09:06:38.912
└   estimated_finish_date = 2026-07-05T09:06:38.912
┌ Info: Progress
│   simulation_time = 2 minutes
│   n_steps_completed = 4
│   wall_time_per_step = 4 milliseconds, 462 microseconds
│   wall_time_total = 25 seconds, 706 milliseconds
│   wall_time_remaining = 25 seconds, 688 milliseconds
│   wall_time_spent = 17 milliseconds, 851 microseconds
│   percent_complete = 0.1%
│   estimated_sypd = 18.404
│   instantaneous_sypd = 18.404
│   date_now = 2026-07-05T09:06:38.921
└   estimated_finish_date = 2026-07-05T09:07:04.921
┌ Info: Progress
│   simulation_time = 4 minutes
│   n_steps_completed = 8
│   wall_time_per_step = 4 milliseconds, 228 microseconds
│   wall_time_total = 24 seconds, 355 milliseconds
│   wall_time_remaining = 24 seconds, 321 milliseconds
│   wall_time_spent = 33 milliseconds, 826 microseconds
│   percent_complete = 0.1%
│   estimated_sypd = 19.425
│   instantaneous_sypd = 20.566
│   date_now = 2026-07-05T09:06:38.937
└   estimated_finish_date = 2026-07-05T09:07:03.937
┌ Info: Progress
│   simulation_time = 8 minutes
│   n_steps_completed = 16
│   wall_time_per_step = 4 milliseconds, 183 microseconds
│   wall_time_total = 24 seconds, 95 milliseconds
│   wall_time_remaining = 24 seconds, 28 milliseconds
│   wall_time_spent = 66 milliseconds, 931 microseconds
│   percent_complete = 0.3%
│   estimated_sypd = 19.634
│   instantaneous_sypd = 19.848
│   date_now = 2026-07-05T09:06:38.970
└   estimated_finish_date = 2026-07-05T09:07:03.970
┌ Info: Progress
│   simulation_time = 16 minutes
│   n_steps_completed = 32
│   wall_time_per_step = 4 milliseconds, 160 microseconds
│   wall_time_total = 23 seconds, 965 milliseconds
│   wall_time_remaining = 23 seconds, 832 milliseconds
│   wall_time_spent = 133 milliseconds, 140 microseconds
│   percent_complete = 0.6%
│   estimated_sypd = 19.741
│   instantaneous_sypd = 19.849
│   date_now = 2026-07-05T09:06:39.036
└   estimated_finish_date = 2026-07-05T09:07:03.036
┌ Info: Progress
│   simulation_time = 32 minutes
│   n_steps_completed = 64
│   wall_time_per_step = 4 milliseconds, 392 microseconds
│   wall_time_total = 25 seconds, 299 milliseconds
│   wall_time_remaining = 25 seconds, 18 milliseconds
│   wall_time_spent = 281 milliseconds, 108 microseconds
│   percent_complete = 1.1%
│   estimated_sypd = 18.7
│   instantaneous_sypd = 17.763
│   date_now = 2026-07-05T09:06:39.184
└   estimated_finish_date = 2026-07-05T09:07:05.184
┌ Info: Progress
│   simulation_time = 1 hour, 4 minutes
│   n_steps_completed = 128
│   wall_time_per_step = 4 milliseconds, 286 microseconds
│   wall_time_total = 24 seconds, 692 milliseconds
│   wall_time_remaining = 24 seconds, 144 milliseconds
│   wall_time_spent = 548 milliseconds, 732 microseconds
│   percent_complete = 2.2%
│   estimated_sypd = 19.159
│   instantaneous_sypd = 19.642
│   date_now = 2026-07-05T09:06:39.452
└   estimated_finish_date = 2026-07-05T09:07:04.452
┌ Info: Progress
│   simulation_time = 2 hours, 8 minutes
│   n_steps_completed = 256
│   wall_time_per_step = 4 milliseconds, 142 microseconds
│   wall_time_total = 23 seconds, 862 milliseconds
│   wall_time_remaining = 22 seconds, 802 milliseconds
│   wall_time_spent = 1 second, 60 milliseconds
│   percent_complete = 4.4%
│   estimated_sypd = 19.826
│   instantaneous_sypd = 20.541
│   date_now = 2026-07-05T09:06:39.964
└   estimated_finish_date = 2026-07-05T09:07:02.964
┌ Info: Progress
│   simulation_time = 4 hours, 16 minutes
│   n_steps_completed = 512
│   wall_time_per_step = 4 milliseconds, 109 microseconds
│   wall_time_total = 23 seconds, 668 milliseconds
│   wall_time_remaining = 21 seconds, 564 milliseconds
│   wall_time_spent = 2 seconds, 103 milliseconds
│   percent_complete = 8.9%
│   estimated_sypd = 19.989
│   instantaneous_sypd = 20.154
│   date_now = 2026-07-05T09:06:41.007
└   estimated_finish_date = 2026-07-05T09:07:03.007
┌ Info: Progress
│   simulation_time = 6 hours, 40 minutes
│   n_steps_completed = 801
│   wall_time_per_step = 4 milliseconds, 149 microseconds
│   wall_time_total = 23 seconds, 902 milliseconds
│   wall_time_remaining = 20 seconds, 578 milliseconds
│   wall_time_spent = 3 seconds, 324 milliseconds
│   percent_complete = 13.9%
│   estimated_sypd = 19.793
│   instantaneous_sypd = 19.454
│   date_now = 2026-07-05T09:06:42.227
└   estimated_finish_date = 2026-07-05T09:07:03.227
┌ Info: Progress
│   simulation_time = 8 hours, 32 minutes
│   n_steps_completed = 1024
│   wall_time_per_step = 4 milliseconds, 192 microseconds
│   wall_time_total = 24 seconds, 149 milliseconds
│   wall_time_remaining = 19 seconds, 856 milliseconds
│   wall_time_spent = 4 seconds, 293 milliseconds
│   percent_complete = 17.8%
│   estimated_sypd = 19.59
│   instantaneous_sypd = 18.896
│   date_now = 2026-07-05T09:06:43.196
└   estimated_finish_date = 2026-07-05T09:07:03.196
┌ Info: Progress
│   simulation_time = 10 hours, 56 minutes
│   n_steps_completed = 1313
│   wall_time_per_step = 4 milliseconds, 247 microseconds
│   wall_time_total = 24 seconds, 466 milliseconds
│   wall_time_remaining = 18 seconds, 889 milliseconds
│   wall_time_spent = 5 seconds, 577 milliseconds
│   percent_complete = 22.8%
│   estimated_sypd = 19.337
│   instantaneous_sypd = 18.49
│   date_now = 2026-07-05T09:06:44.480
└   estimated_finish_date = 2026-07-05T09:07:03.480
┌ Info: Progress
│   simulation_time = 13 hours, 21 minutes
│   n_steps_completed = 1602
│   wall_time_per_step = 4 milliseconds, 332 microseconds
│   wall_time_total = 24 seconds, 958 milliseconds
│   wall_time_remaining = 18 seconds, 16 milliseconds
│   wall_time_spent = 6 seconds, 941 milliseconds
│   percent_complete = 27.8%
│   estimated_sypd = 18.956
│   instantaneous_sypd = 17.398
│   date_now = 2026-07-05T09:06:45.845
└   estimated_finish_date = 2026-07-05T09:07:04.845
┌ Info: Progress
│   simulation_time = 15 hours, 45 minutes
│   n_steps_completed = 1891
│   wall_time_per_step = 4 milliseconds, 408 microseconds
│   wall_time_total = 25 seconds, 391 milliseconds
│   wall_time_remaining = 17 seconds, 55 milliseconds
│   wall_time_spent = 8 seconds, 336 milliseconds
│   percent_complete = 32.8%
│   estimated_sypd = 18.632
│   instantaneous_sypd = 17.02
│   date_now = 2026-07-05T09:06:47.239
└   estimated_finish_date = 2026-07-05T09:07:05.239
┌ Info: Progress
│   simulation_time = 17 hours, 4 minutes
│   n_steps_completed = 2048
│   wall_time_per_step = 4 milliseconds, 453 microseconds
│   wall_time_total = 25 seconds, 651 milliseconds
│   wall_time_remaining = 16 seconds, 531 milliseconds
│   wall_time_spent = 9 seconds, 120 milliseconds
│   percent_complete = 35.6%
│   estimated_sypd = 18.443
│   instantaneous_sypd = 16.438
│   date_now = 2026-07-05T09:06:48.024
└   estimated_finish_date = 2026-07-05T09:07:05.024
┌ Info: Progress
│   simulation_time = 19 hours, 28 minutes
│   n_steps_completed = 2337
│   wall_time_per_step = 4 milliseconds, 529 microseconds
│   wall_time_total = 26 seconds, 89 milliseconds
│   wall_time_remaining = 15 seconds, 504 milliseconds
│   wall_time_spent = 10 seconds, 585 milliseconds
│   percent_complete = 40.6%
│   estimated_sypd = 18.134
│   instantaneous_sypd = 16.208
│   date_now = 2026-07-05T09:06:49.488
└   estimated_finish_date = 2026-07-05T09:07:05.488
┌ Info: Progress
│   simulation_time = 21 hours, 53 minutes
│   n_steps_completed = 2626
│   wall_time_per_step = 4 milliseconds, 608 microseconds
│   wall_time_total = 26 seconds, 546 milliseconds
│   wall_time_remaining = 14 seconds, 443 milliseconds
│   wall_time_spent = 12 seconds, 102 milliseconds
│   percent_complete = 45.6%
│   estimated_sypd = 17.822
│   instantaneous_sypd = 15.645
│   date_now = 2026-07-05T09:06:51.006
└   estimated_finish_date = 2026-07-05T09:07:06.006
┌ Info: Progress
│   simulation_time = 1 day, 17 minutes
│   n_steps_completed = 2915
│   wall_time_per_step = 4 milliseconds, 730 microseconds
│   wall_time_total = 27 seconds, 246 milliseconds
│   wall_time_remaining = 13 seconds, 457 milliseconds
│   wall_time_spent = 13 seconds, 788 milliseconds
│   percent_complete = 50.6%
│   estimated_sypd = 17.364
│   instantaneous_sypd = 14.077
│   date_now = 2026-07-05T09:06:52.692
└   estimated_finish_date = 2026-07-05T09:07:06.692
┌ Info: Progress
│   simulation_time = 1 day, 2 hours
│   n_steps_completed = 3204
│   wall_time_per_step = 4 milliseconds, 797 microseconds
│   wall_time_total = 27 seconds, 636 milliseconds
│   wall_time_remaining = 12 seconds, 263 milliseconds
│   wall_time_spent = 15 seconds, 372 milliseconds
│   percent_complete = 55.6%
│   estimated_sypd = 17.119
│   instantaneous_sypd = 14.986
│   date_now = 2026-07-05T09:06:54.276
└   estimated_finish_date = 2026-07-05T09:07:07.276
┌ Info: Progress
│   simulation_time = 1 day, 5 hours
│   n_steps_completed = 3493
│   wall_time_per_step = 4 milliseconds, 867 microseconds
│   wall_time_total = 28 seconds, 34 milliseconds
│   wall_time_remaining = 11 seconds, 33 milliseconds
│   wall_time_spent = 17 seconds, 792 microseconds
│   percent_complete = 60.6%
│   estimated_sypd = 16.876
│   instantaneous_sypd = 14.58
│   date_now = 2026-07-05T09:06:55.904
└   estimated_finish_date = 2026-07-05T09:07:07.904
┌ Info: Progress
│   simulation_time = 1 day, 7 hours
│   n_steps_completed = 3782
│   wall_time_per_step = 4 milliseconds, 935 microseconds
│   wall_time_total = 28 seconds, 426 milliseconds
│   wall_time_remaining = 9 seconds, 761 milliseconds
│   wall_time_spent = 18 seconds, 664 milliseconds
│   percent_complete = 65.7%
│   estimated_sypd = 16.643
│   instantaneous_sypd = 14.268
│   date_now = 2026-07-05T09:06:57.568
└   estimated_finish_date = 2026-07-05T09:07:07.568
┌ Info: Progress
│   simulation_time = 1 day, 9 hours
│   n_steps_completed = 4071
│   wall_time_per_step = 5 milliseconds, 31 microseconds
│   wall_time_total = 28 seconds, 983 milliseconds
│   wall_time_remaining = 8 seconds, 498 milliseconds
│   wall_time_spent = 20 seconds, 484 milliseconds
│   percent_complete = 70.7%
│   estimated_sypd = 16.323
│   instantaneous_sypd = 13.042
│   date_now = 2026-07-05T09:06:59.388
└   estimated_finish_date = 2026-07-05T09:07:08.388
┌ Info: Progress
│   simulation_time = 1 day, 10 hours
│   n_steps_completed = 4096
│   wall_time_per_step = 5 milliseconds, 39 microseconds
│   wall_time_total = 29 seconds, 30 milliseconds
│   wall_time_remaining = 8 seconds, 386 milliseconds
│   wall_time_spent = 20 seconds, 643 milliseconds
│   percent_complete = 71.1%
│   estimated_sypd = 16.297
│   instantaneous_sypd = 12.887
│   date_now = 2026-07-05T09:06:59.547
└   estimated_finish_date = 2026-07-05T09:07:08.547
┌ Info: Progress
│   simulation_time = 1 day, 12 hours
│   n_steps_completed = 4385
│   wall_time_per_step = 5 milliseconds, 111 microseconds
│   wall_time_total = 29 seconds, 439 milliseconds
│   wall_time_remaining = 7 seconds, 27 milliseconds
│   wall_time_spent = 22 seconds, 412 milliseconds
│   percent_complete = 76.1%
│   estimated_sypd = 16.07
│   instantaneous_sypd = 13.425
│   date_now = 2026-07-05T09:07:01.315
└   estimated_finish_date = 2026-07-05T09:07:09.315
┌ Info: Progress
│   simulation_time = 1 day, 14 hours
│   n_steps_completed = 4674
│   wall_time_per_step = 5 milliseconds, 184 microseconds
│   wall_time_total = 29 seconds, 862 milliseconds
│   wall_time_remaining = 5 seconds, 630 milliseconds
│   wall_time_spent = 24 seconds, 232 milliseconds
│   percent_complete = 81.1%
│   estimated_sypd = 15.842
│   instantaneous_sypd = 13.038
│   date_now = 2026-07-05T09:07:03.136
└   estimated_finish_date = 2026-07-05T09:07:09.136
┌ Info: Progress
│   simulation_time = 1 day, 17 hours
│   n_steps_completed = 4963
│   wall_time_per_step = 5 milliseconds, 275 microseconds
│   wall_time_total = 30 seconds, 387 milliseconds
│   wall_time_remaining = 4 seconds, 204 milliseconds
│   wall_time_spent = 26 seconds, 183 milliseconds
│   percent_complete = 86.2%
│   estimated_sypd = 15.569
│   instantaneous_sypd = 12.169
│   date_now = 2026-07-05T09:07:05.086
└   estimated_finish_date = 2026-07-05T09:07:10.086
┌ Info: Progress
│   simulation_time = 1 day, 19 hours
│   n_steps_completed = 5252
│   wall_time_per_step = 5 milliseconds, 350 microseconds
│   wall_time_total = 30 seconds, 821 milliseconds
│   wall_time_remaining = 2 seconds, 718 milliseconds
│   wall_time_spent = 28 seconds, 103 milliseconds
│   percent_complete = 91.2%
│   estimated_sypd = 15.35
│   instantaneous_sypd = 12.364
│   date_now = 2026-07-05T09:07:07.006
└   estimated_finish_date = 2026-07-05T09:07:10.006
┌ Info: Progress
│   simulation_time = 1 day, 22 hours
│   n_steps_completed = 5541
│   wall_time_per_step = 5 milliseconds, 429 microseconds
│   wall_time_total = 31 seconds, 275 milliseconds
│   wall_time_remaining = 1 second, 189 milliseconds
│   wall_time_spent = 30 seconds, 86 milliseconds
│   percent_complete = 96.2%
│   estimated_sypd = 15.127
│   instantaneous_sypd = 11.97
│   date_now = 2026-07-05T09:07:08.989
└   estimated_finish_date = 2026-07-05T09:07:10.989
[ Info: solve! walltime = 31.614
[ Info: sypd: 14.975
[ Info: wall_time_per_timestep: 5 milliseconds, 488 microseconds
[ Info: Memory currently used (after solve!) by the process (RSS): 8.8 GiB
[ Info: Completed member 5
┌ Info: Making AtmosConfig with config files: 
│      /home/jeff/larcform1-experiments/ClimaAtmos.jl/src/config/../../config/default_configs/default_config.yml
└   
┌ Info: numerics 
│          `energy_q_tot_upwinding`::`Val{:vanleer_limiter}`
│                `tracer_upwinding`::`Val{:vanleer_limiter}`
│       `edmfx_mse_q_tot_upwinding`::`Val{:first_order}`
│         `edmfx_sgsflux_upwinding`::`Val{:none}`
│          `edmfx_tracer_upwinding`::`Val{:first_order}`
│         `test_dycore_consistency`::`Nothing`
│            `reproducible_restart`::`Nothing`
│                         `limiter`::`Nothing`
│                       `diff_mode`::`ClimaAtmos.Implicit`
│                       `hyperdiff`::`Nothing`
└   
┌ Info: AtmosModel: 
│   
│                               `water`::`ClimaAtmos.AtmosWater{ClimaAtmos.NonEquilibriumMicrophysics1M, ClimaAtmos.QuadratureCloud, ClimaAtmos.Implicit, Nothing, ClimaAtmos.SGSQuadrature{3, StaticArraysCore.SVector{3, Float32}, StaticArraysCore.SVector{3, Float32}, ClimaAtmos.GaussianSGS, Float32}, ClimaAtmos.FixedTerminalVelocity{Float32}}`
│                           `scm_setup`::`ClimaAtmos.SCMSetup{Nothing, Nothing, Nothing, Bool, @NamedTuple{prof_ug::AtmosphericProfilesLibrary.ZProfile{AtmosphericProfilesLibrary.var"#Larcform1_geostrophic_u##0#Larcform1_geostrophic_u##1"{Float32}}, prof_vg::AtmosphericProfilesLibrary.ZProfile{Returns{Float32}}, coriolis_param::Float32}}`
│                           `radiation`::`ClimaAtmos.AtmosRadiation{ClimaAtmos.RRTMGPInterface.AllSkyRadiationWithClearSkyDiagnostics{ClimaAtmos.InteractiveCloudInRadiation}, ClimaAtmos.Larcform1Insolation}`
│                            `turbconv`::`ClimaAtmos.AtmosTurbconv{ClimaAtmos.EDMFXModel{ClimaAtmos.InvZEntrainment, ClimaAtmos.BuoyancyVelocityDetrainment, Val{true}, Val{true}, Val{true}, Val{true}, Val{true}, ClimaAtmos.SmoothMinimumBlending}, ClimaAtmos.PrognosticEDMFX{1, true, Float32}, Nothing, Nothing, Nothing}`
│                     `prescribed_flow`::`Nothing`
│                        `gravity_wave`::`ClimaAtmos.AtmosGravityWave{Nothing, Nothing}`
│                  `vertical_diffusion`::`Nothing`
│                              `sponge`::`ClimaAtmos.AtmosSponge{Nothing, Nothing}`
│                             `surface`::`ClimaAtmos.AtmosSurface{ClimaAtmos.SurfaceConditions.MoninObukhov{Float32, Nothing, Nothing}, ClimaAtmos.SurfaceConditions.SlabOceanTemperature{Float32}, ClimaAtmos.SurfaceConditions.SurfaceBoundaryOverrides{Float32, Float32, Nothing, Nothing, Nothing, Nothing}, ClimaAtmos.ConstantAlbedo{Float32}}`
│                            `numerics`::`ClimaAtmos.AtmosNumerics{Val{:vanleer_limiter}, Val{:vanleer_limiter}, Val{:first_order}, Val{:none}, Val{:first_order}, Nothing, Nothing, Nothing, ClimaAtmos.Implicit, Nothing}`
│                           `chemistry`::`ClimaAtmos.AtmosChem{Nothing}`
└   
┌ Info: Microphysics settings: 
│                          `n_substeps`::`3`
│                     `n_substeps_quad`::`2`
│              `cloud_liquid_formation`::`CloudLiquidFormation`
│                 `cloud_ice_formation`::`TemperatureDependent`
│                      `cloud_ice_melt`::`CloudIceMelt`
│                 `rain_autoconversion`::`Kessler1M`
│                 `snow_autoconversion`::`NoSupersaturation`
│       `rain_condensation_evaporation`::`RainEvaporation`
│         `snow_deposition_sublimation`::`DepositionAndSublimation`
│                           `snow_melt`::`SnowMelt`
│         `cloud_liquid_rain_accretion`::`CloudLiquidRainAccretion`
│         `cloud_liquid_snow_accretion`::`CloudLiquidSnowAccretion`
│            `cloud_ice_rain_accretion`::`CloudIceRainAccretion`
│            `cloud_ice_snow_accretion`::`CloudIceSnowAccretion`
│                 `rain_snow_accretion`::`RainSnowAccretion`
└   
[ Info: Single-process ClimaAtmos run on CPUSingleThreaded
[ Info: Using ODE config: `ClimaTimeSteppers.ARS222`
[ Info: Initialized state (42.951 μs, 7.76 KiB)
[ Info: Built cache (219.307 ms, 172.6 MiB)
[ Info: Assembled callbacks (181.573 μs, 17.42 KiB)
┌ Info: Jacobian algorithm: ManualSparseJacobian(
│     approximate_solve_iters = 2,
└   )
[ Info: Jacobian derivative flags: topography_flag = IgnoreDerivative, diffusion_flag = UseDerivative
[ Info: Built tendency function (286.545 μs, 203.8 KiB)
[ Info: Initialized integrator (8.55 ms, 169.03 KiB)
[ Info: Added 7 user-provided YAML-style diagnostics
[ Info: Saving accumulated diagnostics to disk with frequency: 1 hour
[ Info: Set up diagnostics (480.238 μs, 105.05 KiB)
[ Info: Initialized 7 total diagnostics
