┌ Info: Simulation info
│   job_id = lf1e_clw_cal_member
└   output_dir = /home/jeff/larcform1-experiments/experiments/clw calibration/output/smoke/iteration_001/member_007/output_0000
┌ Info: Running
│   job_id = lf1e_clw_cal_member
│   output_dir = /home/jeff/larcform1-experiments/experiments/clw calibration/output/smoke/iteration_001/member_007/output_0000
└   tspan = (0.0 seconds (2010-01-01T00:00:00) [counter = 0, period = 1 second, epoch = 2010-01-01T00:00:00], 172800.0 seconds (2010-01-03T00:00:00) [counter = 172800, period = 1 second, epoch = 2010-01-01T00:00:00])
┌ Info: Progress
│   simulation_time = 30 seconds
│   n_steps_completed = 1
│   wall_time_per_step = 0 seconds
│   wall_time_total = 0 seconds
│   wall_time_remaining = 0 seconds
│   wall_time_spent = 0 seconds
│   percent_complete = 0.0%
│   estimated_sypd = Inf
│   instantaneous_sypd = 0.0 (sdpd_estimate = 0.0)
│   date_now = 2026-07-05T09:07:45.265
└   estimated_finish_date = 2026-07-05T09:07:45.265
┌ Info: Progress
│   simulation_time = 1 minute
│   n_steps_completed = 2
│   wall_time_per_step = 0 seconds
│   wall_time_total = 0 seconds
│   wall_time_remaining = 0 seconds
│   wall_time_spent = 0 seconds
│   percent_complete = 0.0%
│   estimated_sypd = Inf
│   instantaneous_sypd = 0.032
│   date_now = 2026-07-05T09:07:47.832
└   estimated_finish_date = 2026-07-05T09:07:47.832
┌ Info: Progress
│   simulation_time = 2 minutes
│   n_steps_completed = 4
│   wall_time_per_step = 4 milliseconds, 675 microseconds
│   wall_time_total = 26 seconds, 930 milliseconds
│   wall_time_remaining = 26 seconds, 912 milliseconds
│   wall_time_spent = 18 milliseconds, 702 microseconds
│   percent_complete = 0.1%
│   estimated_sypd = 17.567
│   instantaneous_sypd = 17.567
│   date_now = 2026-07-05T09:07:47.842
└   estimated_finish_date = 2026-07-05T09:08:14.842
┌ Info: Progress
│   simulation_time = 4 minutes
│   n_steps_completed = 8
│   wall_time_per_step = 4 milliseconds, 417 microseconds
│   wall_time_total = 25 seconds, 446 milliseconds
│   wall_time_remaining = 25 seconds, 410 milliseconds
│   wall_time_spent = 35 milliseconds, 341 microseconds
│   percent_complete = 0.1%
│   estimated_sypd = 18.592
│   instantaneous_sypd = 19.744
│   date_now = 2026-07-05T09:07:47.858
└   estimated_finish_date = 2026-07-05T09:08:13.858
┌ Info: Progress
│   simulation_time = 8 minutes
│   n_steps_completed = 16
│   wall_time_per_step = 4 milliseconds, 143 microseconds
│   wall_time_total = 23 seconds, 868 milliseconds
│   wall_time_remaining = 23 seconds, 801 milliseconds
│   wall_time_spent = 66 milliseconds, 300 microseconds
│   percent_complete = 0.3%
│   estimated_sypd = 19.821
│   instantaneous_sypd = 21.225
│   date_now = 2026-07-05T09:07:47.889
└   estimated_finish_date = 2026-07-05T09:08:11.889
┌ Info: Progress
│   simulation_time = 16 minutes
│   n_steps_completed = 32
│   wall_time_per_step = 4 milliseconds, 546 microseconds
│   wall_time_total = 26 seconds, 189 milliseconds
│   wall_time_remaining = 26 seconds, 43 milliseconds
│   wall_time_spent = 145 milliseconds, 496 microseconds
│   percent_complete = 0.6%
│   estimated_sypd = 18.065
│   instantaneous_sypd = 16.594
│   date_now = 2026-07-05T09:07:47.969
└   estimated_finish_date = 2026-07-05T09:08:14.969
┌ Info: Progress
│   simulation_time = 32 minutes
│   n_steps_completed = 64
│   wall_time_per_step = 4 milliseconds, 271 microseconds
│   wall_time_total = 24 seconds, 604 milliseconds
│   wall_time_remaining = 24 seconds, 331 milliseconds
│   wall_time_spent = 273 milliseconds, 384 microseconds
│   percent_complete = 1.1%
│   estimated_sypd = 19.228
│   instantaneous_sypd = 20.552
│   date_now = 2026-07-05T09:07:48.096
└   estimated_finish_date = 2026-07-05T09:08:13.096
┌ Info: Progress
│   simulation_time = 1 hour, 4 minutes
│   n_steps_completed = 128
│   wall_time_per_step = 4 milliseconds, 227 microseconds
│   wall_time_total = 24 seconds, 352 milliseconds
│   wall_time_remaining = 23 seconds, 810 milliseconds
│   wall_time_spent = 541 milliseconds, 157 microseconds
│   percent_complete = 2.2%
│   estimated_sypd = 19.428
│   instantaneous_sypd = 19.631
│   date_now = 2026-07-05T09:07:48.364
└   estimated_finish_date = 2026-07-05T09:08:12.364
┌ Info: Progress
│   simulation_time = 2 hours, 8 minutes
│   n_steps_completed = 256
│   wall_time_per_step = 4 milliseconds, 120 microseconds
│   wall_time_total = 23 seconds, 736 milliseconds
│   wall_time_remaining = 22 seconds, 681 milliseconds
│   wall_time_spent = 1 second, 54 milliseconds
│   percent_complete = 4.4%
│   estimated_sypd = 19.931
│   instantaneous_sypd = 20.461
│   date_now = 2026-07-05T09:07:48.878
└   estimated_finish_date = 2026-07-05T09:08:11.878
┌ Info: Progress
│   simulation_time = 4 hours, 16 minutes
│   n_steps_completed = 512
│   wall_time_per_step = 4 milliseconds, 115 microseconds
│   wall_time_total = 23 seconds, 705 milliseconds
│   wall_time_remaining = 21 seconds, 598 milliseconds
│   wall_time_spent = 2 seconds, 107 milliseconds
│   percent_complete = 8.9%
│   estimated_sypd = 19.958
│   instantaneous_sypd = 19.984
│   date_now = 2026-07-05T09:07:49.930
└   estimated_finish_date = 2026-07-05T09:08:11.930
┌ Info: Progress
│   simulation_time = 6 hours, 40 minutes
│   n_steps_completed = 801
│   wall_time_per_step = 4 milliseconds, 153 microseconds
│   wall_time_total = 23 seconds, 921 milliseconds
│   wall_time_remaining = 20 seconds, 595 milliseconds
│   wall_time_spent = 3 seconds, 326 milliseconds
│   percent_complete = 13.9%
│   estimated_sypd = 19.777
│   instantaneous_sypd = 19.465
│   date_now = 2026-07-05T09:07:51.150
└   estimated_finish_date = 2026-07-05T09:08:12.150
┌ Info: Progress
│   simulation_time = 8 hours, 32 minutes
│   n_steps_completed = 1024
│   wall_time_per_step = 4 milliseconds, 199 microseconds
│   wall_time_total = 24 seconds, 191 milliseconds
│   wall_time_remaining = 19 seconds, 890 milliseconds
│   wall_time_spent = 4 seconds, 300 milliseconds
│   percent_complete = 17.8%
│   estimated_sypd = 19.557
│   instantaneous_sypd = 18.804
│   date_now = 2026-07-05T09:07:52.124
└   estimated_finish_date = 2026-07-05T09:08:12.124
┌ Info: Progress
│   simulation_time = 10 hours, 56 minutes
│   n_steps_completed = 1313
│   wall_time_per_step = 4 milliseconds, 255 microseconds
│   wall_time_total = 24 seconds, 512 milliseconds
│   wall_time_remaining = 18 seconds, 924 milliseconds
│   wall_time_spent = 5 seconds, 587 milliseconds
│   percent_complete = 22.8%
│   estimated_sypd = 19.301
│   instantaneous_sypd = 18.445
│   date_now = 2026-07-05T09:07:53.411
└   estimated_finish_date = 2026-07-05T09:08:12.411
┌ Info: Progress
│   simulation_time = 13 hours, 21 minutes
│   n_steps_completed = 1602
│   wall_time_per_step = 4 milliseconds, 332 microseconds
│   wall_time_total = 24 seconds, 955 milliseconds
│   wall_time_remaining = 18 seconds, 15 milliseconds
│   wall_time_spent = 6 seconds, 940 milliseconds
│   percent_complete = 27.8%
│   estimated_sypd = 18.957
│   instantaneous_sypd = 17.541
│   date_now = 2026-07-05T09:07:54.764
└   estimated_finish_date = 2026-07-05T09:08:13.764
┌ Info: Progress
│   simulation_time = 15 hours, 45 minutes
│   n_steps_completed = 1891
│   wall_time_per_step = 4 milliseconds, 415 microseconds
│   wall_time_total = 25 seconds, 431 milliseconds
│   wall_time_remaining = 17 seconds, 82 milliseconds
│   wall_time_spent = 8 seconds, 349 milliseconds
│   percent_complete = 32.8%
│   estimated_sypd = 18.603
│   instantaneous_sypd = 16.855
│   date_now = 2026-07-05T09:07:56.172
└   estimated_finish_date = 2026-07-05T09:08:14.172
┌ Info: Progress
│   simulation_time = 17 hours, 4 minutes
│   n_steps_completed = 2048
│   wall_time_per_step = 4 milliseconds, 460 microseconds
│   wall_time_total = 25 seconds, 694 milliseconds
│   wall_time_remaining = 16 seconds, 558 milliseconds
│   wall_time_spent = 9 seconds, 135 milliseconds
│   percent_complete = 35.6%
│   estimated_sypd = 18.413
│   instantaneous_sypd = 16.395
│   date_now = 2026-07-05T09:07:56.959
└   estimated_finish_date = 2026-07-05T09:08:13.959
┌ Info: Progress
│   simulation_time = 19 hours, 28 minutes
│   n_steps_completed = 2337
│   wall_time_per_step = 4 milliseconds, 535 microseconds
│   wall_time_total = 26 seconds, 124 milliseconds
│   wall_time_remaining = 15 seconds, 525 milliseconds
│   wall_time_spent = 10 seconds, 599 milliseconds
│   percent_complete = 40.6%
│   estimated_sypd = 18.109
│   instantaneous_sypd = 16.216
│   date_now = 2026-07-05T09:07:58.423
└   estimated_finish_date = 2026-07-05T09:08:14.423
┌ Info: Progress
│   simulation_time = 21 hours, 53 minutes
│   n_steps_completed = 2626
│   wall_time_per_step = 4 milliseconds, 622 microseconds
│   wall_time_total = 26 seconds, 623 milliseconds
│   wall_time_remaining = 14 seconds, 485 milliseconds
│   wall_time_spent = 12 seconds, 137 milliseconds
│   percent_complete = 45.6%
│   estimated_sypd = 17.77
│   instantaneous_sypd = 15.429
│   date_now = 2026-07-05T09:07:59.961
└   estimated_finish_date = 2026-07-05T09:08:14.961
┌ Info: Progress
│   simulation_time = 1 day, 17 minutes
│   n_steps_completed = 2915
│   wall_time_per_step = 4 milliseconds, 741 microseconds
│   wall_time_total = 27 seconds, 310 milliseconds
│   wall_time_remaining = 13 seconds, 489 milliseconds
│   wall_time_spent = 13 seconds, 821 milliseconds
│   percent_complete = 50.6%
│   estimated_sypd = 17.323
│   instantaneous_sypd = 14.103
│   date_now = 2026-07-05T09:08:01.644
└   estimated_finish_date = 2026-07-05T09:08:15.644
┌ Info: Progress
│   simulation_time = 1 day, 2 hours
│   n_steps_completed = 3204
│   wall_time_per_step = 4 milliseconds, 814 microseconds
│   wall_time_total = 27 seconds, 731 milliseconds
│   wall_time_remaining = 12 seconds, 305 milliseconds
│   wall_time_spent = 15 seconds, 425 milliseconds
│   percent_complete = 55.6%
│   estimated_sypd = 17.06
│   instantaneous_sypd = 14.793
│   date_now = 2026-07-05T09:08:03.249
└   estimated_finish_date = 2026-07-05T09:08:16.249
┌ Info: Progress
│   simulation_time = 1 day, 5 hours
│   n_steps_completed = 3493
│   wall_time_per_step = 4 milliseconds, 885 microseconds
│   wall_time_total = 28 seconds, 142 milliseconds
│   wall_time_remaining = 11 seconds, 76 milliseconds
│   wall_time_spent = 17 seconds, 66 milliseconds
│   percent_complete = 60.6%
│   estimated_sypd = 16.811
│   instantaneous_sypd = 14.467
│   date_now = 2026-07-05T09:08:04.890
└   estimated_finish_date = 2026-07-05T09:08:16.890
┌ Info: Progress
│   simulation_time = 1 day, 7 hours
│   n_steps_completed = 3782
│   wall_time_per_step = 4 milliseconds, 955 microseconds
│   wall_time_total = 28 seconds, 544 milliseconds
│   wall_time_remaining = 9 seconds, 802 milliseconds
│   wall_time_spent = 18 seconds, 742 milliseconds
│   percent_complete = 65.7%
│   estimated_sypd = 16.574
│   instantaneous_sypd = 14.164
│   date_now = 2026-07-05T09:08:06.565
└   estimated_finish_date = 2026-07-05T09:08:16.565
┌ Info: Progress
│   simulation_time = 1 day, 9 hours
│   n_steps_completed = 4071
│   wall_time_per_step = 5 milliseconds, 38 microseconds
│   wall_time_total = 29 seconds, 22 milliseconds
│   wall_time_remaining = 8 seconds, 510 milliseconds
│   wall_time_spent = 20 seconds, 512 milliseconds
│   percent_complete = 70.7%
│   estimated_sypd = 16.301
│   instantaneous_sypd = 13.413
│   date_now = 2026-07-05T09:08:08.335
└   estimated_finish_date = 2026-07-05T09:08:17.335
┌ Info: Progress
│   simulation_time = 1 day, 10 hours
│   n_steps_completed = 4096
│   wall_time_per_step = 5 milliseconds, 47 microseconds
│   wall_time_total = 29 seconds, 71 milliseconds
│   wall_time_remaining = 8 seconds, 398 milliseconds
│   wall_time_spent = 20 seconds, 673 milliseconds
│   percent_complete = 71.1%
│   estimated_sypd = 16.274
│   instantaneous_sypd = 12.742
│   date_now = 2026-07-05T09:08:08.496
└   estimated_finish_date = 2026-07-05T09:08:17.496
┌ Info: Progress
│   simulation_time = 1 day, 12 hours
│   n_steps_completed = 4385
│   wall_time_per_step = 5 milliseconds, 127 microseconds
│   wall_time_total = 29 seconds, 536 milliseconds
│   wall_time_remaining = 7 seconds, 50 milliseconds
│   wall_time_spent = 22 seconds, 485 milliseconds
│   percent_complete = 76.1%
│   estimated_sypd = 16.018
│   instantaneous_sypd = 13.097
│   date_now = 2026-07-05T09:08:10.309
└   estimated_finish_date = 2026-07-05T09:08:18.309
┌ Info: Progress
│   simulation_time = 1 day, 14 hours
│   n_steps_completed = 4674
│   wall_time_per_step = 5 milliseconds, 201 microseconds
│   wall_time_total = 29 seconds, 962 milliseconds
│   wall_time_remaining = 5 seconds, 649 milliseconds
│   wall_time_spent = 24 seconds, 313 milliseconds
│   percent_complete = 81.1%
│   estimated_sypd = 15.79
│   instantaneous_sypd = 12.989
│   date_now = 2026-07-05T09:08:12.136
└   estimated_finish_date = 2026-07-05T09:08:18.136
┌ Info: Progress
│   simulation_time = 1 day, 17 hours
│   n_steps_completed = 4963
│   wall_time_per_step = 5 milliseconds, 287 microseconds
│   wall_time_total = 30 seconds, 454 milliseconds
│   wall_time_remaining = 4 seconds, 213 milliseconds
│   wall_time_spent = 26 seconds, 240 milliseconds
│   percent_complete = 86.2%
│   estimated_sypd = 15.535
│   instantaneous_sypd = 12.317
│   date_now = 2026-07-05T09:08:14.064
└   estimated_finish_date = 2026-07-05T09:08:19.064
┌ Info: Progress
│   simulation_time = 1 day, 19 hours
│   n_steps_completed = 5252
│   wall_time_per_step = 5 milliseconds, 363 microseconds
│   wall_time_total = 30 seconds, 893 milliseconds
│   wall_time_remaining = 2 seconds, 724 milliseconds
│   wall_time_spent = 28 seconds, 169 milliseconds
│   percent_complete = 91.2%
│   estimated_sypd = 15.314
│   instantaneous_sypd = 12.307
│   date_now = 2026-07-05T09:08:15.992
└   estimated_finish_date = 2026-07-05T09:08:18.992
┌ Info: Progress
│   simulation_time = 1 day, 22 hours
│   n_steps_completed = 5541
│   wall_time_per_step = 5 milliseconds, 441 microseconds
│   wall_time_total = 31 seconds, 341 milliseconds
│   wall_time_remaining = 1 second, 191 milliseconds
│   wall_time_spent = 30 seconds, 149 milliseconds
│   percent_complete = 96.2%
│   estimated_sypd = 15.095
│   instantaneous_sypd = 11.985
│   date_now = 2026-07-05T09:08:17.973
└   estimated_finish_date = 2026-07-05T09:08:19.973
[ Info: solve! walltime = 31.73
[ Info: sypd: 14.92
[ Info: wall_time_per_timestep: 5 milliseconds, 508 microseconds
[ Info: Memory currently used (after solve!) by the process (RSS): 8.8 GiB
[ Info: Completed member 7
┌ Info: Making AtmosConfig with config files: 
│      /home/jeff/larcform1-experiments/ClimaAtmos.jl/src/config/../../config/default_configs/default_config.yml
└   
┌ Info: numerics 
│          `energy_q_tot_upwinding`::`Val{:vanleer_limiter}`
│                `tracer_upwinding`::`Val{:vanleer_limiter}`
│       `edmfx_mse_q_tot_upwinding`::`Val{:first_order}`
│         `edmfx_sgsflux_upwinding`::`Val{:none}`
│          `edmfx_tracer_upwinding`::`Val{:first_order}`
│         `test_dycore_consistency`::`Nothing`
│            `reproducible_restart`::`Nothing`
│                         `limiter`::`Nothing`
│                       `diff_mode`::`ClimaAtmos.Implicit`
│                       `hyperdiff`::`Nothing`
└   
┌ Info: AtmosModel: 
│   
│                               `water`::`ClimaAtmos.AtmosWater{ClimaAtmos.NonEquilibriumMicrophysics1M, ClimaAtmos.QuadratureCloud, ClimaAtmos.Implicit, Nothing, ClimaAtmos.SGSQuadrature{3, StaticArraysCore.SVector{3, Float32}, StaticArraysCore.SVector{3, Float32}, ClimaAtmos.GaussianSGS, Float32}, ClimaAtmos.FixedTerminalVelocity{Float32}}`
│                           `scm_setup`::`ClimaAtmos.SCMSetup{Nothing, Nothing, Nothing, Bool, @NamedTuple{prof_ug::AtmosphericProfilesLibrary.ZProfile{AtmosphericProfilesLibrary.var"#Larcform1_geostrophic_u##0#Larcform1_geostrophic_u##1"{Float32}}, prof_vg::AtmosphericProfilesLibrary.ZProfile{Returns{Float32}}, coriolis_param::Float32}}`
│                           `radiation`::`ClimaAtmos.AtmosRadiation{ClimaAtmos.RRTMGPInterface.AllSkyRadiationWithClearSkyDiagnostics{ClimaAtmos.InteractiveCloudInRadiation}, ClimaAtmos.Larcform1Insolation}`
│                            `turbconv`::`ClimaAtmos.AtmosTurbconv{ClimaAtmos.EDMFXModel{ClimaAtmos.InvZEntrainment, ClimaAtmos.BuoyancyVelocityDetrainment, Val{true}, Val{true}, Val{true}, Val{true}, Val{true}, ClimaAtmos.SmoothMinimumBlending}, ClimaAtmos.PrognosticEDMFX{1, true, Float32}, Nothing, Nothing, Nothing}`
│                     `prescribed_flow`::`Nothing`
│                        `gravity_wave`::`ClimaAtmos.AtmosGravityWave{Nothing, Nothing}`
│                  `vertical_diffusion`::`Nothing`
│                              `sponge`::`ClimaAtmos.AtmosSponge{Nothing, Nothing}`
│                             `surface`::`ClimaAtmos.AtmosSurface{ClimaAtmos.SurfaceConditions.MoninObukhov{Float32, Nothing, Nothing}, ClimaAtmos.SurfaceConditions.SlabOceanTemperature{Float32}, ClimaAtmos.SurfaceConditions.SurfaceBoundaryOverrides{Float32, Float32, Nothing, Nothing, Nothing, Nothing}, ClimaAtmos.ConstantAlbedo{Float32}}`
│                            `numerics`::`ClimaAtmos.AtmosNumerics{Val{:vanleer_limiter}, Val{:vanleer_limiter}, Val{:first_order}, Val{:none}, Val{:first_order}, Nothing, Nothing, Nothing, ClimaAtmos.Implicit, Nothing}`
│                           `chemistry`::`ClimaAtmos.AtmosChem{Nothing}`
└   
┌ Info: Microphysics settings: 
│                          `n_substeps`::`3`
│                     `n_substeps_quad`::`2`
│              `cloud_liquid_formation`::`CloudLiquidFormation`
│                 `cloud_ice_formation`::`TemperatureDependent`
│                      `cloud_ice_melt`::`CloudIceMelt`
│                 `rain_autoconversion`::`Kessler1M`
│                 `snow_autoconversion`::`NoSupersaturation`
│       `rain_condensation_evaporation`::`RainEvaporation`
│         `snow_deposition_sublimation`::`DepositionAndSublimation`
│                           `snow_melt`::`SnowMelt`
│         `cloud_liquid_rain_accretion`::`CloudLiquidRainAccretion`
│         `cloud_liquid_snow_accretion`::`CloudLiquidSnowAccretion`
│            `cloud_ice_rain_accretion`::`CloudIceRainAccretion`
│            `cloud_ice_snow_accretion`::`CloudIceSnowAccretion`
│                 `rain_snow_accretion`::`RainSnowAccretion`
└   
[ Info: Single-process ClimaAtmos run on CPUSingleThreaded
[ Info: Using ODE config: `ClimaTimeSteppers.ARS222`
[ Info: Initialized state (46.55 μs, 7.76 KiB)
[ Info: Built cache (224.71 ms, 172.6 MiB)
[ Info: Assembled callbacks (154.282 μs, 17.42 KiB)
┌ Info: Jacobian algorithm: ManualSparseJacobian(
│     approximate_solve_iters = 2,
└   )
[ Info: Jacobian derivative flags: topography_flag = IgnoreDerivative, diffusion_flag = UseDerivative
[ Info: Built tendency function (281.724 μs, 203.8 KiB)
[ Info: Initialized integrator (8.294 ms, 169.03 KiB)
[ Info: Added 7 user-provided YAML-style diagnostics
[ Info: Saving accumulated diagnostics to disk with frequency: 1 hour
[ Info: Set up diagnostics (487.338 μs, 105.05 KiB)
[ Info: Initialized 7 total diagnostics
