┌ Info: Simulation info
│   job_id = lf1e_clw_cal_member
└   output_dir = /home/jeff/larcform1-experiments/experiments/clw calibration/output/uki_1/iteration_001/member_008/output_0000
┌ Info: Running
│   job_id = lf1e_clw_cal_member
│   output_dir = /home/jeff/larcform1-experiments/experiments/clw calibration/output/uki_1/iteration_001/member_008/output_0000
└   tspan = (0.0 seconds (2010-01-01T00:00:00) [counter = 0, period = 1 second, epoch = 2010-01-01T00:00:00], 172800.0 seconds (2010-01-03T00:00:00) [counter = 172800, period = 1 second, epoch = 2010-01-01T00:00:00])
┌ Info: Progress
│   simulation_time = 30 seconds
│   n_steps_completed = 1
│   wall_time_per_step = 0 seconds
│   wall_time_total = 0 seconds
│   wall_time_remaining = 0 seconds
│   wall_time_spent = 0 seconds
│   percent_complete = 0.0%
│   estimated_sypd = Inf
│   instantaneous_sypd = 0.0 (sdpd_estimate = 0.0)
│   date_now = 2026-07-05T16:18:14.391
└   estimated_finish_date = 2026-07-05T16:18:14.391
┌ Info: Progress
│   simulation_time = 1 minute
│   n_steps_completed = 2
│   wall_time_per_step = 0 seconds
│   wall_time_total = 0 seconds
│   wall_time_remaining = 0 seconds
│   wall_time_spent = 0 seconds
│   percent_complete = 0.0%
│   estimated_sypd = Inf
│   instantaneous_sypd = 0.03
│   date_now = 2026-07-05T16:18:17.108
└   estimated_finish_date = 2026-07-05T16:18:17.108
┌ Info: Progress
│   simulation_time = 2 minutes
│   n_steps_completed = 4
│   wall_time_per_step = 4 milliseconds, 626 microseconds
│   wall_time_total = 26 seconds, 648 milliseconds
│   wall_time_remaining = 26 seconds, 630 milliseconds
│   wall_time_spent = 18 milliseconds, 506 microseconds
│   percent_complete = 0.1%
│   estimated_sypd = 17.753
│   instantaneous_sypd = 17.753
│   date_now = 2026-07-05T16:18:17.117
└   estimated_finish_date = 2026-07-05T16:18:44.117
┌ Info: Progress
│   simulation_time = 4 minutes
│   n_steps_completed = 8
│   wall_time_per_step = 4 milliseconds, 614 microseconds
│   wall_time_total = 26 seconds, 579 milliseconds
│   wall_time_remaining = 26 seconds, 542 milliseconds
│   wall_time_spent = 36 milliseconds, 916 microseconds
│   percent_complete = 0.1%
│   estimated_sypd = 17.799
│   instantaneous_sypd = 17.846
│   date_now = 2026-07-05T16:18:17.136
└   estimated_finish_date = 2026-07-05T16:18:44.136
┌ Info: Progress
│   simulation_time = 8 minutes
│   n_steps_completed = 16
│   wall_time_per_step = 4 milliseconds, 234 microseconds
│   wall_time_total = 24 seconds, 392 milliseconds
│   wall_time_remaining = 24 seconds, 324 milliseconds
│   wall_time_spent = 67 milliseconds, 756 microseconds
│   percent_complete = 0.3%
│   estimated_sypd = 19.395
│   instantaneous_sypd = 21.306
│   date_now = 2026-07-05T16:18:17.166
└   estimated_finish_date = 2026-07-05T16:18:42.166
┌ Info: Progress
│   simulation_time = 16 minutes
│   n_steps_completed = 32
│   wall_time_per_step = 4 milliseconds, 52 microseconds
│   wall_time_total = 23 seconds, 341 milliseconds
│   wall_time_remaining = 23 seconds, 211 milliseconds
│   wall_time_spent = 129 milliseconds, 674 microseconds
│   percent_complete = 0.6%
│   estimated_sypd = 20.269
│   instantaneous_sypd = 21.224
│   date_now = 2026-07-05T16:18:17.228
└   estimated_finish_date = 2026-07-05T16:18:41.228
┌ Info: Progress
│   simulation_time = 32 minutes
│   n_steps_completed = 64
│   wall_time_per_step = 4 milliseconds, 78 microseconds
│   wall_time_total = 23 seconds, 494 milliseconds
│   wall_time_remaining = 23 seconds, 233 milliseconds
│   wall_time_spent = 261 milliseconds, 49 microseconds
│   percent_complete = 1.1%
│   estimated_sypd = 20.137
│   instantaneous_sypd = 20.007
│   date_now = 2026-07-05T16:18:17.360
└   estimated_finish_date = 2026-07-05T16:18:41.360
┌ Info: Progress
│   simulation_time = 1 hour, 4 minutes
│   n_steps_completed = 128
│   wall_time_per_step = 4 milliseconds, 181 microseconds
│   wall_time_total = 24 seconds, 84 milliseconds
│   wall_time_remaining = 23 seconds, 548 milliseconds
│   wall_time_spent = 535 milliseconds, 203 microseconds
│   percent_complete = 2.2%
│   estimated_sypd = 19.644
│   instantaneous_sypd = 19.174
│   date_now = 2026-07-05T16:18:17.634
└   estimated_finish_date = 2026-07-05T16:18:41.634
┌ Info: Progress
│   simulation_time = 2 hours, 8 minutes
│   n_steps_completed = 256
│   wall_time_per_step = 4 milliseconds, 143 microseconds
│   wall_time_total = 23 seconds, 865 milliseconds
│   wall_time_remaining = 22 seconds, 804 milliseconds
│   wall_time_spent = 1 second, 60 milliseconds
│   percent_complete = 4.4%
│   estimated_sypd = 19.824
│   instantaneous_sypd = 20.007
│   date_now = 2026-07-05T16:18:18.159
└   estimated_finish_date = 2026-07-05T16:18:41.159
┌ Info: Progress
│   simulation_time = 4 hours, 16 minutes
│   n_steps_completed = 512
│   wall_time_per_step = 4 milliseconds, 161 microseconds
│   wall_time_total = 23 seconds, 967 milliseconds
│   wall_time_remaining = 21 seconds, 837 milliseconds
│   wall_time_spent = 2 seconds, 130 milliseconds
│   percent_complete = 8.9%
│   estimated_sypd = 19.739
│   instantaneous_sypd = 19.655
│   date_now = 2026-07-05T16:18:19.229
└   estimated_finish_date = 2026-07-05T16:18:41.229
┌ Info: Progress
│   simulation_time = 6 hours, 40 minutes
│   n_steps_completed = 801
│   wall_time_per_step = 4 milliseconds, 224 microseconds
│   wall_time_total = 24 seconds, 332 milliseconds
│   wall_time_remaining = 20 seconds, 948 milliseconds
│   wall_time_spent = 3 seconds, 383 milliseconds
│   percent_complete = 13.9%
│   estimated_sypd = 19.443
│   instantaneous_sypd = 18.94
│   date_now = 2026-07-05T16:18:20.483
└   estimated_finish_date = 2026-07-05T16:18:41.482
┌ Info: Progress
│   simulation_time = 8 hours, 32 minutes
│   n_steps_completed = 1024
│   wall_time_per_step = 4 milliseconds, 278 microseconds
│   wall_time_total = 24 seconds, 646 milliseconds
│   wall_time_remaining = 20 seconds, 265 milliseconds
│   wall_time_spent = 4 seconds, 381 milliseconds
│   percent_complete = 17.8%
│   estimated_sypd = 19.195
│   instantaneous_sypd = 18.355
│   date_now = 2026-07-05T16:18:21.480
└   estimated_finish_date = 2026-07-05T16:18:42.480
┌ Info: Progress
│   simulation_time = 10 hours, 56 minutes
│   n_steps_completed = 1313
│   wall_time_per_step = 4 milliseconds, 369 microseconds
│   wall_time_total = 25 seconds, 165 milliseconds
│   wall_time_remaining = 19 seconds, 429 milliseconds
│   wall_time_spent = 5 seconds, 736 milliseconds
│   percent_complete = 22.8%
│   estimated_sypd = 18.799
│   instantaneous_sypd = 17.518
│   date_now = 2026-07-05T16:18:22.835
└   estimated_finish_date = 2026-07-05T16:18:42.835
┌ Info: Progress
│   simulation_time = 13 hours, 21 minutes
│   n_steps_completed = 1602
│   wall_time_per_step = 4 milliseconds, 447 microseconds
│   wall_time_total = 25 seconds, 617 milliseconds
│   wall_time_remaining = 18 seconds, 492 milliseconds
│   wall_time_spent = 7 seconds, 124 milliseconds
│   percent_complete = 27.8%
│   estimated_sypd = 18.468
│   instantaneous_sypd = 17.098
│   date_now = 2026-07-05T16:18:24.224
└   estimated_finish_date = 2026-07-05T16:18:43.224
┌ Info: Progress
│   simulation_time = 15 hours, 45 minutes
│   n_steps_completed = 1891
│   wall_time_per_step = 4 milliseconds, 519 microseconds
│   wall_time_total = 26 seconds, 32 milliseconds
│   wall_time_remaining = 17 seconds, 485 milliseconds
│   wall_time_spent = 8 seconds, 546 milliseconds
│   percent_complete = 32.8%
│   estimated_sypd = 18.174
│   instantaneous_sypd = 16.7
│   date_now = 2026-07-05T16:18:25.645
└   estimated_finish_date = 2026-07-05T16:18:43.645
┌ Info: Progress
│   simulation_time = 17 hours, 4 minutes
│   n_steps_completed = 2048
│   wall_time_per_step = 4 milliseconds, 564 microseconds
│   wall_time_total = 26 seconds, 288 milliseconds
│   wall_time_remaining = 16 seconds, 941 milliseconds
│   wall_time_spent = 9 seconds, 347 milliseconds
│   percent_complete = 35.6%
│   estimated_sypd = 17.996
│   instantaneous_sypd = 16.103
│   date_now = 2026-07-05T16:18:26.446
└   estimated_finish_date = 2026-07-05T16:18:43.446
┌ Info: Progress
│   simulation_time = 19 hours, 28 minutes
│   n_steps_completed = 2337
│   wall_time_per_step = 4 milliseconds, 634 microseconds
│   wall_time_total = 26 seconds, 696 milliseconds
│   wall_time_remaining = 15 seconds, 864 milliseconds
│   wall_time_spent = 10 seconds, 831 milliseconds
│   percent_complete = 40.6%
│   estimated_sypd = 17.722
│   instantaneous_sypd = 15.992
│   date_now = 2026-07-05T16:18:27.930
└   estimated_finish_date = 2026-07-05T16:18:43.930
┌ Info: Progress
│   simulation_time = 21 hours, 53 minutes
│   n_steps_completed = 2626
│   wall_time_per_step = 4 milliseconds, 710 microseconds
│   wall_time_total = 27 seconds, 134 milliseconds
│   wall_time_remaining = 14 seconds, 763 milliseconds
│   wall_time_spent = 12 seconds, 370 milliseconds
│   percent_complete = 45.6%
│   estimated_sypd = 17.436
│   instantaneous_sypd = 15.422
│   date_now = 2026-07-05T16:18:29.469
└   estimated_finish_date = 2026-07-05T16:18:44.469
┌ Info: Progress
│   simulation_time = 1 day, 17 minutes
│   n_steps_completed = 2915
│   wall_time_per_step = 4 milliseconds, 829 microseconds
│   wall_time_total = 27 seconds, 820 milliseconds
│   wall_time_remaining = 13 seconds, 741 milliseconds
│   wall_time_spent = 14 seconds, 79 milliseconds
│   percent_complete = 50.6%
│   estimated_sypd = 17.005
│   instantaneous_sypd = 13.892
│   date_now = 2026-07-05T16:18:31.178
└   estimated_finish_date = 2026-07-05T16:18:45.178
┌ Info: Progress
│   simulation_time = 1 day, 2 hours
│   n_steps_completed = 3204
│   wall_time_per_step = 4 milliseconds, 897 microseconds
│   wall_time_total = 28 seconds, 209 milliseconds
│   wall_time_remaining = 12 seconds, 518 milliseconds
│   wall_time_spent = 15 seconds, 691 milliseconds
│   percent_complete = 55.6%
│   estimated_sypd = 16.771
│   instantaneous_sypd = 14.723
│   date_now = 2026-07-05T16:18:32.790
└   estimated_finish_date = 2026-07-05T16:18:45.790
┌ Info: Progress
│   simulation_time = 1 day, 5 hours
│   n_steps_completed = 3493
│   wall_time_per_step = 4 milliseconds, 966 microseconds
│   wall_time_total = 28 seconds, 608 milliseconds
│   wall_time_remaining = 11 seconds, 259 milliseconds
│   wall_time_spent = 17 seconds, 349 milliseconds
│   percent_complete = 60.6%
│   estimated_sypd = 16.537
│   instantaneous_sypd = 14.322
│   date_now = 2026-07-05T16:18:34.448
└   estimated_finish_date = 2026-07-05T16:18:46.448
┌ Info: Progress
│   simulation_time = 1 day, 7 hours
│   n_steps_completed = 3782
│   wall_time_per_step = 5 milliseconds, 37 microseconds
│   wall_time_total = 29 seconds, 16 milliseconds
│   wall_time_remaining = 9 seconds, 964 milliseconds
│   wall_time_spent = 19 seconds, 52 milliseconds
│   percent_complete = 65.7%
│   estimated_sypd = 16.304
│   instantaneous_sypd = 13.936
│   date_now = 2026-07-05T16:18:36.151
└   estimated_finish_date = 2026-07-05T16:18:46.151
┌ Info: Progress
│   simulation_time = 1 day, 9 hours
│   n_steps_completed = 4071
│   wall_time_per_step = 5 milliseconds, 123 microseconds
│   wall_time_total = 29 seconds, 511 milliseconds
│   wall_time_remaining = 8 seconds, 653 milliseconds
│   wall_time_spent = 20 seconds, 857 milliseconds
│   percent_complete = 70.7%
│   estimated_sypd = 16.031
│   instantaneous_sypd = 13.146
│   date_now = 2026-07-05T16:18:37.957
└   estimated_finish_date = 2026-07-05T16:18:46.957
┌ Info: Progress
│   simulation_time = 1 day, 10 hours
│   n_steps_completed = 4096
│   wall_time_per_step = 5 milliseconds, 132 microseconds
│   wall_time_total = 29 seconds, 564 milliseconds
│   wall_time_remaining = 8 seconds, 540 milliseconds
│   wall_time_spent = 21 seconds, 23 milliseconds
│   percent_complete = 71.1%
│   estimated_sypd = 16.002
│   instantaneous_sypd = 12.396
│   date_now = 2026-07-05T16:18:38.122
└   estimated_finish_date = 2026-07-05T16:18:47.122
┌ Info: Progress
│   simulation_time = 1 day, 12 hours
│   n_steps_completed = 4385
│   wall_time_per_step = 5 milliseconds, 208 microseconds
│   wall_time_total = 29 seconds, 999 milliseconds
│   wall_time_remaining = 7 seconds, 161 milliseconds
│   wall_time_spent = 22 seconds, 838 milliseconds
│   percent_complete = 76.1%
│   estimated_sypd = 15.77
│   instantaneous_sypd = 13.081
│   date_now = 2026-07-05T16:18:39.937
└   estimated_finish_date = 2026-07-05T16:18:47.937
┌ Info: Progress
│   simulation_time = 1 day, 14 hours
│   n_steps_completed = 4674
│   wall_time_per_step = 5 milliseconds, 285 microseconds
│   wall_time_total = 30 seconds, 444 milliseconds
│   wall_time_remaining = 5 seconds, 739 milliseconds
│   wall_time_spent = 24 seconds, 704 milliseconds
│   percent_complete = 81.1%
│   estimated_sypd = 15.54
│   instantaneous_sypd = 12.722
│   date_now = 2026-07-05T16:18:41.803
└   estimated_finish_date = 2026-07-05T16:18:47.803
┌ Info: Progress
│   simulation_time = 1 day, 17 hours
│   n_steps_completed = 4963
│   wall_time_per_step = 5 milliseconds, 376 microseconds
│   wall_time_total = 30 seconds, 970 milliseconds
│   wall_time_remaining = 4 seconds, 285 milliseconds
│   wall_time_spent = 26 seconds, 685 milliseconds
│   percent_complete = 86.2%
│   estimated_sypd = 15.276
│   instantaneous_sypd = 11.981
│   date_now = 2026-07-05T16:18:43.784
└   estimated_finish_date = 2026-07-05T16:18:48.784
┌ Info: Progress
│   simulation_time = 1 day, 19 hours
│   n_steps_completed = 5252
│   wall_time_per_step = 5 milliseconds, 458 microseconds
│   wall_time_total = 31 seconds, 442 milliseconds
│   wall_time_remaining = 2 seconds, 773 milliseconds
│   wall_time_spent = 28 seconds, 669 milliseconds
│   percent_complete = 91.2%
│   estimated_sypd = 15.046
│   instantaneous_sypd = 11.961
│   date_now = 2026-07-05T16:18:45.769
└   estimated_finish_date = 2026-07-05T16:18:48.769
┌ Info: Progress
│   simulation_time = 1 day, 22 hours
│   n_steps_completed = 5541
│   wall_time_per_step = 5 milliseconds, 543 microseconds
│   wall_time_total = 31 seconds, 928 milliseconds
│   wall_time_remaining = 1 second, 213 milliseconds
│   wall_time_spent = 30 seconds, 714 milliseconds
│   percent_complete = 96.2%
│   estimated_sypd = 14.818
│   instantaneous_sypd = 11.61
│   date_now = 2026-07-05T16:18:47.813
└   estimated_finish_date = 2026-07-05T16:18:49.813
[ Info: solve! walltime = 32.342
[ Info: sypd: 14.638
[ Info: wall_time_per_timestep: 5 milliseconds, 614 microseconds
[ Info: Memory currently used (after solve!) by the process (RSS): 8.68 GiB
[ Info: Completed member 8
┌ Info: Making AtmosConfig with config files: 
│      /home/jeff/larcform1-experiments/ClimaAtmos.jl/src/config/../../config/default_configs/default_config.yml
└   
┌ Info: numerics 
│          `energy_q_tot_upwinding`::`Val{:vanleer_limiter}`
│                `tracer_upwinding`::`Val{:vanleer_limiter}`
│       `edmfx_mse_q_tot_upwinding`::`Val{:first_order}`
│         `edmfx_sgsflux_upwinding`::`Val{:none}`
│          `edmfx_tracer_upwinding`::`Val{:first_order}`
│         `test_dycore_consistency`::`Nothing`
│            `reproducible_restart`::`Nothing`
│                         `limiter`::`Nothing`
│                       `diff_mode`::`ClimaAtmos.Implicit`
│                       `hyperdiff`::`Nothing`
└   
┌ Info: AtmosModel: 
│   
│                               `water`::`ClimaAtmos.AtmosWater{ClimaAtmos.NonEquilibriumMicrophysics1M, ClimaAtmos.QuadratureCloud, ClimaAtmos.Implicit, Nothing, ClimaAtmos.SGSQuadrature{3, StaticArraysCore.SVector{3, Float32}, StaticArraysCore.SVector{3, Float32}, ClimaAtmos.GaussianSGS, Float32}, ClimaAtmos.FixedTerminalVelocity{Float32}}`
│                           `scm_setup`::`ClimaAtmos.SCMSetup{Nothing, Nothing, Nothing, Bool, @NamedTuple{prof_ug::AtmosphericProfilesLibrary.ZProfile{AtmosphericProfilesLibrary.var"#Larcform1_geostrophic_u##0#Larcform1_geostrophic_u##1"{Float32}}, prof_vg::AtmosphericProfilesLibrary.ZProfile{Returns{Float32}}, coriolis_param::Float32}}`
│                           `radiation`::`ClimaAtmos.AtmosRadiation{ClimaAtmos.RRTMGPInterface.AllSkyRadiationWithClearSkyDiagnostics{ClimaAtmos.InteractiveCloudInRadiation}, ClimaAtmos.Larcform1Insolation}`
│                            `turbconv`::`ClimaAtmos.AtmosTurbconv{ClimaAtmos.EDMFXModel{ClimaAtmos.InvZEntrainment, ClimaAtmos.BuoyancyVelocityDetrainment, Val{true}, Val{true}, Val{true}, Val{true}, Val{true}, ClimaAtmos.SmoothMinimumBlending}, ClimaAtmos.PrognosticEDMFX{1, true, Float32}, Nothing, Nothing, Nothing}`
│                     `prescribed_flow`::`Nothing`
│                        `gravity_wave`::`ClimaAtmos.AtmosGravityWave{Nothing, Nothing}`
│                  `vertical_diffusion`::`Nothing`
│                              `sponge`::`ClimaAtmos.AtmosSponge{Nothing, Nothing}`
│                             `surface`::`ClimaAtmos.AtmosSurface{ClimaAtmos.SurfaceConditions.MoninObukhov{Float32, Nothing, Nothing}, ClimaAtmos.SurfaceConditions.SlabOceanTemperature{Float32}, ClimaAtmos.SurfaceConditions.SurfaceBoundaryOverrides{Float32, Float32, Nothing, Nothing, Nothing, Nothing}, ClimaAtmos.ConstantAlbedo{Float32}}`
│                            `numerics`::`ClimaAtmos.AtmosNumerics{Val{:vanleer_limiter}, Val{:vanleer_limiter}, Val{:first_order}, Val{:none}, Val{:first_order}, Nothing, Nothing, Nothing, ClimaAtmos.Implicit, Nothing}`
│                           `chemistry`::`ClimaAtmos.AtmosChem{Nothing}`
└   
┌ Info: Microphysics settings: 
│                          `n_substeps`::`3`
│                     `n_substeps_quad`::`2`
│              `cloud_liquid_formation`::`CloudLiquidFormation`
│                 `cloud_ice_formation`::`TemperatureDependent`
│                      `cloud_ice_melt`::`CloudIceMelt`
│                 `rain_autoconversion`::`Kessler1M`
│                 `snow_autoconversion`::`NoSupersaturation`
│       `rain_condensation_evaporation`::`RainEvaporation`
│         `snow_deposition_sublimation`::`DepositionAndSublimation`
│                           `snow_melt`::`SnowMelt`
│         `cloud_liquid_rain_accretion`::`CloudLiquidRainAccretion`
│         `cloud_liquid_snow_accretion`::`CloudLiquidSnowAccretion`
│            `cloud_ice_rain_accretion`::`CloudIceRainAccretion`
│            `cloud_ice_snow_accretion`::`CloudIceSnowAccretion`
│                 `rain_snow_accretion`::`RainSnowAccretion`
└   
[ Info: Single-process ClimaAtmos run on CPUSingleThreaded
[ Info: Using ODE config: `ClimaTimeSteppers.ARS222`
[ Info: Initialized state (54.601 μs, 7.76 KiB)
[ Info: Built cache (196.292 ms, 172.6 MiB)
[ Info: Assembled callbacks (148.514 μs, 17.42 KiB)
┌ Info: Jacobian algorithm: ManualSparseJacobian(
│     approximate_solve_iters = 2,
└   )
[ Info: Jacobian derivative flags: topography_flag = IgnoreDerivative, diffusion_flag = UseDerivative
[ Info: Built tendency function (203.505 μs, 201.06 KiB)
[ Info: Initialized integrator (8.775 ms, 169.03 KiB)
[ Info: Added 7 user-provided YAML-style diagnostics
[ Info: Saving accumulated diagnostics to disk with frequency: 1 hour
[ Info: Set up diagnostics (438.191 μs, 103.66 KiB)
[ Info: Initialized 7 total diagnostics
