┌ Info: Simulation info
│   job_id = lf1e_clw1_v5_subltime10
└   output_dir = experiments/clw sensitivity experiments/output/lf1e-clw-1/v5_subltime10/output_0001
┌ Info: Running
│   job_id = lf1e_clw1_v5_subltime10
│   output_dir = experiments/clw sensitivity experiments/output/lf1e-clw-1/v5_subltime10/output_0001
└   tspan = (0.0 seconds (2010-01-01T00:00:00) [counter = 0, period = 1 second, epoch = 2010-01-01T00:00:00], 172800.0 seconds (2010-01-03T00:00:00) [counter = 172800, period = 1 second, epoch = 2010-01-01T00:00:00])
┌ Info: Progress
│   simulation_time = 30 seconds
│   n_steps_completed = 1
│   wall_time_per_step = 0 seconds
│   wall_time_total = 0 seconds
│   wall_time_remaining = 0 seconds
│   wall_time_spent = 0 seconds
│   percent_complete = 0.0%
│   estimated_sypd = Inf
│   instantaneous_sypd = 0.0 (sdpd_estimate = 0.0)
│   date_now = 2026-07-04T08:59:54.880
└   estimated_finish_date = 2026-07-04T08:59:54.880
┌ Info: Progress
│   simulation_time = 1 minute
│   n_steps_completed = 2
│   wall_time_per_step = 0 seconds
│   wall_time_total = 0 seconds
│   wall_time_remaining = 0 seconds
│   wall_time_spent = 0 seconds
│   percent_complete = 0.0%
│   estimated_sypd = Inf
│   instantaneous_sypd = 0.03
│   date_now = 2026-07-04T08:59:57.620
└   estimated_finish_date = 2026-07-04T08:59:57.620
┌ Info: Progress
│   simulation_time = 2 minutes
│   n_steps_completed = 4
│   wall_time_per_step = 5 milliseconds, 588 microseconds
│   wall_time_total = 32 seconds, 187 milliseconds
│   wall_time_remaining = 32 seconds, 164 milliseconds
│   wall_time_spent = 22 milliseconds, 352 microseconds
│   percent_complete = 0.1%
│   estimated_sypd = 14.698
│   instantaneous_sypd = 14.698
│   date_now = 2026-07-04T08:59:57.632
└   estimated_finish_date = 2026-07-04T09:00:30.632
┌ Info: Progress
│   simulation_time = 4 minutes
│   n_steps_completed = 8
│   wall_time_per_step = 5 milliseconds, 49 microseconds
│   wall_time_total = 29 seconds, 83 milliseconds
│   wall_time_remaining = 29 seconds, 42 milliseconds
│   wall_time_spent = 40 milliseconds, 393 microseconds
│   percent_complete = 0.1%
│   estimated_sypd = 16.267
│   instantaneous_sypd = 18.211
│   date_now = 2026-07-04T08:59:57.650
└   estimated_finish_date = 2026-07-04T09:00:27.650
┌ Info: Progress
│   simulation_time = 8 minutes
│   n_steps_completed = 16
│   wall_time_per_step = 5 milliseconds, 37 microseconds
│   wall_time_total = 29 seconds, 17 milliseconds
│   wall_time_remaining = 28 seconds, 936 milliseconds
│   wall_time_spent = 80 milliseconds, 604 microseconds
│   percent_complete = 0.3%
│   estimated_sypd = 16.304
│   instantaneous_sypd = 16.341
│   date_now = 2026-07-04T08:59:57.690
└   estimated_finish_date = 2026-07-04T09:00:26.690
┌ Info: Progress
│   simulation_time = 16 minutes
│   n_steps_completed = 32
│   wall_time_per_step = 7 milliseconds, 729 microseconds
│   wall_time_total = 44 seconds, 521 milliseconds
│   wall_time_remaining = 44 seconds, 273 milliseconds
│   wall_time_spent = 247 milliseconds, 339 microseconds
│   percent_complete = 0.6%
│   estimated_sypd = 10.626
│   instantaneous_sypd = 7.882
│   date_now = 2026-07-04T08:59:57.857
└   estimated_finish_date = 2026-07-04T09:00:42.857
┌ Info: Progress
│   simulation_time = 32 minutes
│   n_steps_completed = 64
│   wall_time_per_step = 7 milliseconds, 969 microseconds
│   wall_time_total = 45 seconds, 903 milliseconds
│   wall_time_remaining = 45 seconds, 393 milliseconds
│   wall_time_spent = 510 milliseconds, 38 microseconds
│   percent_complete = 1.1%
│   estimated_sypd = 10.306
│   instantaneous_sypd = 10.005
│   date_now = 2026-07-04T08:59:58.119
└   estimated_finish_date = 2026-07-04T09:00:44.119
┌ Info: Progress
│   simulation_time = 1 hour, 4 minutes
│   n_steps_completed = 128
│   wall_time_per_step = 8 milliseconds, 60 microseconds
│   wall_time_total = 46 seconds, 429 milliseconds
│   wall_time_remaining = 45 seconds, 397 milliseconds
│   wall_time_spent = 1 second, 31 milliseconds
│   percent_complete = 2.2%
│   estimated_sypd = 10.19
│   instantaneous_sypd = 10.076
│   date_now = 2026-07-04T08:59:58.641
└   estimated_finish_date = 2026-07-04T09:00:44.641
┌ Info: Progress
│   simulation_time = 2 hours, 8 minutes
│   n_steps_completed = 256
│   wall_time_per_step = 7 milliseconds, 768 microseconds
│   wall_time_total = 44 seconds, 744 milliseconds
│   wall_time_remaining = 42 seconds, 755 milliseconds
│   wall_time_spent = 1 second, 988 milliseconds
│   percent_complete = 4.4%
│   estimated_sypd = 10.573
│   instantaneous_sypd = 10.987
│   date_now = 2026-07-04T08:59:59.598
└   estimated_finish_date = 2026-07-04T09:00:42.598
┌ Info: Progress
│   simulation_time = 4 hours, 16 minutes
│   n_steps_completed = 512
│   wall_time_per_step = 7 milliseconds, 808 microseconds
│   wall_time_total = 44 seconds, 979 milliseconds
│   wall_time_remaining = 40 seconds, 981 milliseconds
│   wall_time_spent = 3 seconds, 998 milliseconds
│   percent_complete = 8.9%
│   estimated_sypd = 10.518
│   instantaneous_sypd = 10.463
│   date_now = 2026-07-04T09:00:01.607
└   estimated_finish_date = 2026-07-04T09:00:42.607
┌ Info: Progress
│   simulation_time = 6 hours, 40 minutes
│   n_steps_completed = 801
│   wall_time_per_step = 7 milliseconds, 894 microseconds
│   wall_time_total = 45 seconds, 474 milliseconds
│   wall_time_remaining = 39 seconds, 150 milliseconds
│   wall_time_spent = 6 seconds, 323 milliseconds
│   percent_complete = 13.9%
│   estimated_sypd = 10.404
│   instantaneous_sypd = 10.207
│   date_now = 2026-07-04T09:00:03.933
└   estimated_finish_date = 2026-07-04T09:00:43.933
┌ Info: Progress
│   simulation_time = 8 hours, 32 minutes
│   n_steps_completed = 1024
│   wall_time_per_step = 7 milliseconds, 903 microseconds
│   wall_time_total = 45 seconds, 523 milliseconds
│   wall_time_remaining = 37 seconds, 430 milliseconds
│   wall_time_spent = 8 seconds, 93 milliseconds
│   percent_complete = 17.8%
│   estimated_sypd = 10.392
│   instantaneous_sypd = 10.352
│   date_now = 2026-07-04T09:00:05.702
└   estimated_finish_date = 2026-07-04T09:00:43.702
┌ Info: Progress
│   simulation_time = 10 hours, 56 minutes
│   n_steps_completed = 1313
│   wall_time_per_step = 8 milliseconds, 20 microseconds
│   wall_time_total = 46 seconds, 200 milliseconds
│   wall_time_remaining = 35 seconds, 668 milliseconds
│   wall_time_spent = 10 seconds, 531 milliseconds
│   percent_complete = 22.8%
│   estimated_sypd = 10.24
│   instantaneous_sypd = 9.735
│   date_now = 2026-07-04T09:00:08.141
└   estimated_finish_date = 2026-07-04T09:00:44.141
┌ Info: Progress
│   simulation_time = 13 hours, 21 minutes
│   n_steps_completed = 1602
│   wall_time_per_step = 8 milliseconds, 20 microseconds
│   wall_time_total = 46 seconds, 195 milliseconds
│   wall_time_remaining = 33 seconds, 347 milliseconds
│   wall_time_spent = 12 seconds, 848 milliseconds
│   percent_complete = 27.8%
│   estimated_sypd = 10.241
│   instantaneous_sypd = 10.246
│   date_now = 2026-07-04T09:00:10.457
└   estimated_finish_date = 2026-07-04T09:00:44.457
┌ Info: Progress
│   simulation_time = 15 hours, 45 minutes
│   n_steps_completed = 1891
│   wall_time_per_step = 8 milliseconds, 36 microseconds
│   wall_time_total = 46 seconds, 287 milliseconds
│   wall_time_remaining = 31 seconds, 91 milliseconds
│   wall_time_spent = 15 seconds, 196 milliseconds
│   percent_complete = 32.8%
│   estimated_sypd = 10.221
│   instantaneous_sypd = 10.109
│   date_now = 2026-07-04T09:00:12.806
└   estimated_finish_date = 2026-07-04T09:00:44.805
┌ Info: Progress
│   simulation_time = 17 hours, 4 minutes
│   n_steps_completed = 2048
│   wall_time_per_step = 8 milliseconds, 39 microseconds
│   wall_time_total = 46 seconds, 305 milliseconds
│   wall_time_remaining = 29 seconds, 841 milliseconds
│   wall_time_spent = 16 seconds, 464 milliseconds
│   percent_complete = 35.6%
│   estimated_sypd = 10.217
│   instantaneous_sypd = 10.171
│   date_now = 2026-07-04T09:00:14.073
└   estimated_finish_date = 2026-07-04T09:00:44.073
┌ Info: Progress
│   simulation_time = 19 hours, 28 minutes
│   n_steps_completed = 2337
│   wall_time_per_step = 8 milliseconds, 35 microseconds
│   wall_time_total = 46 seconds, 285 milliseconds
│   wall_time_remaining = 27 seconds, 506 milliseconds
│   wall_time_spent = 18 seconds, 779 milliseconds
│   percent_complete = 40.6%
│   estimated_sypd = 10.221
│   instantaneous_sypd = 10.251
│   date_now = 2026-07-04T09:00:16.389
└   estimated_finish_date = 2026-07-04T09:00:44.389
┌ Info: Progress
│   simulation_time = 21 hours, 53 minutes
│   n_steps_completed = 2626
│   wall_time_per_step = 8 milliseconds, 58 microseconds
│   wall_time_total = 46 seconds, 417 milliseconds
│   wall_time_remaining = 25 seconds, 255 milliseconds
│   wall_time_spent = 21 seconds, 161 milliseconds
│   percent_complete = 45.6%
│   estimated_sypd = 10.192
│   instantaneous_sypd = 9.964
│   date_now = 2026-07-04T09:00:18.771
└   estimated_finish_date = 2026-07-04T09:00:44.771
┌ Info: Progress
│   simulation_time = 1 day, 17 minutes
│   n_steps_completed = 2915
│   wall_time_per_step = 8 milliseconds, 57 microseconds
│   wall_time_total = 46 seconds, 412 milliseconds
│   wall_time_remaining = 22 seconds, 924 milliseconds
│   wall_time_spent = 23 seconds, 488 milliseconds
│   percent_complete = 50.6%
│   estimated_sypd = 10.193
│   instantaneous_sypd = 10.203
│   date_now = 2026-07-04T09:00:21.098
└   estimated_finish_date = 2026-07-04T09:00:44.098
┌ Info: Progress
│   simulation_time = 1 day, 2 hours
│   n_steps_completed = 3204
│   wall_time_per_step = 8 milliseconds, 87 microseconds
│   wall_time_total = 46 seconds, 585 milliseconds
│   wall_time_remaining = 20 seconds, 672 milliseconds
│   wall_time_spent = 25 seconds, 913 milliseconds
│   percent_complete = 55.6%
│   estimated_sypd = 10.156
│   instantaneous_sypd = 9.789
│   date_now = 2026-07-04T09:00:23.523
└   estimated_finish_date = 2026-07-04T09:00:44.523
┌ Info: Progress
│   simulation_time = 1 day, 5 hours
│   n_steps_completed = 3493
│   wall_time_per_step = 8 milliseconds, 100 microseconds
│   wall_time_total = 46 seconds, 660 milliseconds
│   wall_time_remaining = 18 seconds, 364 milliseconds
│   wall_time_spent = 28 seconds, 295 milliseconds
│   percent_complete = 60.6%
│   estimated_sypd = 10.139
│   instantaneous_sypd = 9.963
│   date_now = 2026-07-04T09:00:25.905
└   estimated_finish_date = 2026-07-04T09:00:44.905
┌ Info: Progress
│   simulation_time = 1 day, 7 hours
│   n_steps_completed = 3782
│   wall_time_per_step = 8 milliseconds, 130 microseconds
│   wall_time_total = 46 seconds, 830 milliseconds
│   wall_time_remaining = 16 seconds, 81 milliseconds
│   wall_time_spent = 30 seconds, 748 milliseconds
│   percent_complete = 65.7%
│   estimated_sypd = 10.102
│   instantaneous_sypd = 9.678
│   date_now = 2026-07-04T09:00:28.358
└   estimated_finish_date = 2026-07-04T09:00:45.358
┌ Info: Progress
│   simulation_time = 1 day, 9 hours
│   n_steps_completed = 4071
│   wall_time_per_step = 8 milliseconds, 142 microseconds
│   wall_time_total = 46 seconds, 901 milliseconds
│   wall_time_remaining = 13 seconds, 752 milliseconds
│   wall_time_spent = 33 seconds, 148 milliseconds
│   percent_complete = 70.7%
│   estimated_sypd = 10.087
│   instantaneous_sypd = 9.889
│   date_now = 2026-07-04T09:00:30.758
└   estimated_finish_date = 2026-07-04T09:00:44.758
┌ Info: Progress
│   simulation_time = 1 day, 10 hours
│   n_steps_completed = 4096
│   wall_time_per_step = 8 milliseconds, 153 microseconds
│   wall_time_total = 46 seconds, 962 milliseconds
│   wall_time_remaining = 13 seconds, 567 milliseconds
│   wall_time_spent = 33 seconds, 395 milliseconds
│   percent_complete = 71.1%
│   estimated_sypd = 10.074
│   instantaneous_sypd = 8.315
│   date_now = 2026-07-04T09:00:31.005
└   estimated_finish_date = 2026-07-04T09:00:45.005
┌ Info: Progress
│   simulation_time = 1 day, 12 hours
│   n_steps_completed = 4385
│   wall_time_per_step = 8 milliseconds, 172 microseconds
│   wall_time_total = 47 seconds, 75 milliseconds
│   wall_time_remaining = 11 seconds, 237 milliseconds
│   wall_time_spent = 35 seconds, 837 milliseconds
│   percent_complete = 76.1%
│   estimated_sypd = 10.05
│   instantaneous_sypd = 9.721
│   date_now = 2026-07-04T09:00:33.447
└   estimated_finish_date = 2026-07-04T09:00:45.447
┌ Info: Progress
│   simulation_time = 1 day, 14 hours
│   n_steps_completed = 4674
│   wall_time_per_step = 8 milliseconds, 209 microseconds
│   wall_time_total = 47 seconds, 288 milliseconds
│   wall_time_remaining = 8 seconds, 915 milliseconds
│   wall_time_spent = 38 seconds, 372 milliseconds
│   percent_complete = 81.1%
│   estimated_sypd = 10.005
│   instantaneous_sypd = 9.365
│   date_now = 2026-07-04T09:00:35.982
└   estimated_finish_date = 2026-07-04T09:00:44.982
┌ Info: Progress
│   simulation_time = 1 day, 17 hours
│   n_steps_completed = 4963
│   wall_time_per_step = 8 milliseconds, 275 microseconds
│   wall_time_total = 47 seconds, 667 milliseconds
│   wall_time_remaining = 6 seconds, 595 milliseconds
│   wall_time_spent = 41 seconds, 71 milliseconds
│   percent_complete = 86.2%
│   estimated_sypd = 9.925
│   instantaneous_sypd = 8.793
│   date_now = 2026-07-04T09:00:38.681
└   estimated_finish_date = 2026-07-04T09:00:45.681
┌ Info: Progress
│   simulation_time = 1 day, 19 hours
│   n_steps_completed = 5252
│   wall_time_per_step = 8 milliseconds, 315 microseconds
│   wall_time_total = 47 seconds, 897 milliseconds
│   wall_time_remaining = 4 seconds, 224 milliseconds
│   wall_time_spent = 43 seconds, 673 milliseconds
│   percent_complete = 91.2%
│   estimated_sypd = 9.877
│   instantaneous_sypd = 9.124
│   date_now = 2026-07-04T09:00:41.283
└   estimated_finish_date = 2026-07-04T09:00:46.283
┌ Info: Progress
│   simulation_time = 1 day, 22 hours
│   n_steps_completed = 5541
│   wall_time_per_step = 8 milliseconds, 372 microseconds
│   wall_time_total = 48 seconds, 226 milliseconds
│   wall_time_remaining = 1 second, 833 milliseconds
│   wall_time_spent = 46 seconds, 392 milliseconds
│   percent_complete = 96.2%
│   estimated_sypd = 9.81
│   instantaneous_sypd = 8.729
│   date_now = 2026-07-04T09:00:44.002
└   estimated_finish_date = 2026-07-04T09:00:46.002
[ Info: solve! walltime = 48.272
[ Info: sypd: 9.807
[ Info: wall_time_per_timestep: 8 milliseconds, 380 microseconds
[ Info: Memory currently used (after solve!) by the process (RSS): 8.96 GiB
┌ Info: Finished variation [5/9]
│   overlay = experiments/clw sensitivity experiments/configs/v5_subltime10.yml
│   job_id = lf1e_clw1_v5_subltime10
│   ret_code = success
└   walltime = 51.6s
┌ Info: Starting variation [6/9]
└   overlay = experiments/clw sensitivity experiments/configs/v6_subltime400.yml
┌ Info: Making AtmosConfig with config files: 
│      /home/jeff/larcform1-experiments/ClimaAtmos.jl/src/config/../../config/default_configs/default_config.yml
│      /home/jeff/larcform1-experiments/experiments/clw sensitivity experiments/../../ClimaAtmos.jl/config/model_configs/larcform1_1M_prognostic_edmfx.yml
│      experiments/clw sensitivity experiments/configs/v6_subltime400.yml
└   
┌ Info: numerics 
│          `energy_q_tot_upwinding`::`Val{:vanleer_limiter}`
│                `tracer_upwinding`::`Val{:vanleer_limiter}`
│       `edmfx_mse_q_tot_upwinding`::`Val{:first_order}`
│         `edmfx_sgsflux_upwinding`::`Val{:none}`
│          `edmfx_tracer_upwinding`::`Val{:first_order}`
│         `test_dycore_consistency`::`Nothing`
│            `reproducible_restart`::`Nothing`
│                         `limiter`::`Nothing`
│                       `diff_mode`::`ClimaAtmos.Implicit`
│                       `hyperdiff`::`Nothing`
└   
┌ Info: AtmosModel: 
│   
│                               `water`::`ClimaAtmos.AtmosWater{ClimaAtmos.NonEquilibriumMicrophysics1M, ClimaAtmos.QuadratureCloud, ClimaAtmos.Implicit, Nothing, ClimaAtmos.SGSQuadrature{3, StaticArraysCore.SVector{3, Float32}, StaticArraysCore.SVector{3, Float32}, ClimaAtmos.GaussianSGS, Float32}, ClimaAtmos.FixedTerminalVelocity{Float32}}`
│                           `scm_setup`::`ClimaAtmos.SCMSetup{Nothing, Nothing, Nothing, Bool, @NamedTuple{prof_ug::AtmosphericProfilesLibrary.ZProfile{AtmosphericProfilesLibrary.var"#Larcform1_geostrophic_u##0#Larcform1_geostrophic_u##1"{Float32}}, prof_vg::AtmosphericProfilesLibrary.ZProfile{Returns{Float32}}, coriolis_param::Float32}}`
│                           `radiation`::`ClimaAtmos.AtmosRadiation{ClimaAtmos.RRTMGPInterface.AllSkyRadiationWithClearSkyDiagnostics{ClimaAtmos.InteractiveCloudInRadiation}, ClimaAtmos.Larcform1Insolation}`
│                            `turbconv`::`ClimaAtmos.AtmosTurbconv{ClimaAtmos.EDMFXModel{ClimaAtmos.InvZEntrainment, ClimaAtmos.BuoyancyVelocityDetrainment, Val{true}, Val{true}, Val{true}, Val{true}, Val{true}, ClimaAtmos.SmoothMinimumBlending}, ClimaAtmos.PrognosticEDMFX{1, true, Float32}, Nothing, Nothing, Nothing}`
│                     `prescribed_flow`::`Nothing`
│                        `gravity_wave`::`ClimaAtmos.AtmosGravityWave{Nothing, Nothing}`
│                  `vertical_diffusion`::`Nothing`
│                              `sponge`::`ClimaAtmos.AtmosSponge{Nothing, Nothing}`
│                             `surface`::`ClimaAtmos.AtmosSurface{ClimaAtmos.SurfaceConditions.MoninObukhov{Float32, Nothing, Nothing}, ClimaAtmos.SurfaceConditions.SlabOceanTemperature{Float32}, ClimaAtmos.SurfaceConditions.SurfaceBoundaryOverrides{Float32, Float32, Nothing, Nothing, Nothing, Nothing}, ClimaAtmos.ConstantAlbedo{Float32}}`
│                            `numerics`::`ClimaAtmos.AtmosNumerics{Val{:vanleer_limiter}, Val{:vanleer_limiter}, Val{:first_order}, Val{:none}, Val{:first_order}, Nothing, Nothing, Nothing, ClimaAtmos.Implicit, Nothing}`
│                           `chemistry`::`ClimaAtmos.AtmosChem{Nothing}`
└   
┌ Info: Microphysics settings: 
│                          `n_substeps`::`3`
│                     `n_substeps_quad`::`2`
│              `cloud_liquid_formation`::`CloudLiquidFormation`
│                 `cloud_ice_formation`::`ConstantTimescale`
│                      `cloud_ice_melt`::`CloudIceMelt`
│                 `rain_autoconversion`::`Kessler1M`
│                 `snow_autoconversion`::`NoSupersaturation`
│       `rain_condensation_evaporation`::`RainEvaporation`
│         `snow_deposition_sublimation`::`DepositionAndSublimation`
│                           `snow_melt`::`SnowMelt`
│         `cloud_liquid_rain_accretion`::`CloudLiquidRainAccretion`
│         `cloud_liquid_snow_accretion`::`CloudLiquidSnowAccretion`
│            `cloud_ice_rain_accretion`::`CloudIceRainAccretion`
│            `cloud_ice_snow_accretion`::`CloudIceSnowAccretion`
│                 `rain_snow_accretion`::`RainSnowAccretion`
└   
[ Info: Single-process ClimaAtmos run on CPUSingleThreaded
[ Info: Using ODE config: `ClimaTimeSteppers.ARS222`
[ Info: Initialized state (16.921 μs, 6.99 KiB)
[ Info: Built cache (256.917 ms, 141.4 MiB)
[ Info: Assembled callbacks (189.323 μs, 17.42 KiB)
┌ Info: Jacobian algorithm: ManualSparseJacobian(
│     approximate_solve_iters = 2,
└   )
[ Info: Jacobian derivative flags: topography_flag = IgnoreDerivative, diffusion_flag = UseDerivative
[ Info: Built tendency function (292.625 μs, 190.5 KiB)
[ Info: Initialized integrator (7.667 ms, 159.78 KiB)
[ Info: Added 114 user-provided YAML-style diagnostics
[ Info: Saving accumulated diagnostics to disk with frequency: 10 minutes, 1 hour
[ Info: Set up diagnostics (3.278 ms, 1.04 MiB)
[ Info: Initialized 114 total diagnostics
