┌ Info: Simulation info
│   job_id = lf1e_clw1_v4_cloudonly
└   output_dir = experiments/clw sensitivity experiments/output/lf1e-clw-1/v4_cloudonly/output_0000
┌ Info: Running
│   job_id = lf1e_clw1_v4_cloudonly
│   output_dir = experiments/clw sensitivity experiments/output/lf1e-clw-1/v4_cloudonly/output_0000
└   tspan = (0.0 seconds (2010-01-01T00:00:00) [counter = 0, period = 1 second, epoch = 2010-01-01T00:00:00], 172800.0 seconds (2010-01-03T00:00:00) [counter = 172800, period = 1 second, epoch = 2010-01-01T00:00:00])
┌ Info: Progress
│   simulation_time = 30 seconds
│   n_steps_completed = 1
│   wall_time_per_step = 0 seconds
│   wall_time_total = 0 seconds
│   wall_time_remaining = 0 seconds
│   wall_time_spent = 0 seconds
│   percent_complete = 0.0%
│   estimated_sypd = Inf
│   instantaneous_sypd = 0.0 (sdpd_estimate = 0.0)
│   date_now = 2026-07-02T21:36:27.264
└   estimated_finish_date = 2026-07-02T21:36:27.264
┌ Info: Progress
│   simulation_time = 1 minute
│   n_steps_completed = 2
│   wall_time_per_step = 0 seconds
│   wall_time_total = 0 seconds
│   wall_time_remaining = 0 seconds
│   wall_time_spent = 0 seconds
│   percent_complete = 0.0%
│   estimated_sypd = Inf
│   instantaneous_sypd = 0.018
│   date_now = 2026-07-02T21:36:31.949
└   estimated_finish_date = 2026-07-02T21:36:31.949
┌ Info: Progress
│   simulation_time = 2 minutes
│   n_steps_completed = 4
│   wall_time_per_step = 5 milliseconds, 50 microseconds
│   wall_time_total = 29 seconds, 91 milliseconds
│   wall_time_remaining = 29 seconds, 70 milliseconds
│   wall_time_spent = 20 milliseconds, 202 microseconds
│   percent_complete = 0.1%
│   estimated_sypd = 16.263
│   instantaneous_sypd = 16.263
│   date_now = 2026-07-02T21:36:31.959
└   estimated_finish_date = 2026-07-02T21:37:01.959
┌ Info: Progress
│   simulation_time = 4 minutes
│   n_steps_completed = 8
│   wall_time_per_step = 4 milliseconds, 961 microseconds
│   wall_time_total = 28 seconds, 575 milliseconds
│   wall_time_remaining = 28 seconds, 535 milliseconds
│   wall_time_spent = 39 milliseconds, 688 microseconds
│   percent_complete = 0.1%
│   estimated_sypd = 16.556
│   instantaneous_sypd = 16.86
│   date_now = 2026-07-02T21:36:31.978
└   estimated_finish_date = 2026-07-02T21:37:00.978
┌ Info: Progress
│   simulation_time = 8 minutes
│   n_steps_completed = 16
│   wall_time_per_step = 5 milliseconds, 365 microseconds
│   wall_time_total = 30 seconds, 905 milliseconds
│   wall_time_remaining = 30 seconds, 819 milliseconds
│   wall_time_spent = 85 milliseconds, 848 microseconds
│   percent_complete = 0.3%
│   estimated_sypd = 15.308
│   instantaneous_sypd = 14.235
│   date_now = 2026-07-02T21:36:32.025
└   estimated_finish_date = 2026-07-02T21:37:03.025
┌ Info: Progress
│   simulation_time = 16 minutes
│   n_steps_completed = 32
│   wall_time_per_step = 164 milliseconds, 447 microseconds
│   wall_time_total = 15 minutes, 47 seconds
│   wall_time_remaining = 15 minutes, 41 seconds
│   wall_time_spent = 5 seconds, 262 milliseconds
│   percent_complete = 0.6%
│   estimated_sypd = 0.499
│   instantaneous_sypd = 0.254
│   date_now = 2026-07-02T21:36:37.201
└   estimated_finish_date = 2026-07-02T21:52:19.201
┌ Info: Progress
│   simulation_time = 32 minutes
│   n_steps_completed = 64
│   wall_time_per_step = 85 milliseconds, 960 microseconds
│   wall_time_total = 8 minutes, 15 seconds
│   wall_time_remaining = 8 minutes, 9 seconds
│   wall_time_spent = 5 seconds, 501 milliseconds
│   percent_complete = 1.1%
│   estimated_sypd = 0.956
│   instantaneous_sypd = 10.991
│   date_now = 2026-07-02T21:36:37.440
└   estimated_finish_date = 2026-07-02T21:44:47.440
┌ Info: Progress
│   simulation_time = 1 hour, 4 minutes
│   n_steps_completed = 128
│   wall_time_per_step = 55 milliseconds, 170 microseconds
│   wall_time_total = 5 minutes, 17 seconds
│   wall_time_remaining = 5 minutes, 10 seconds
│   wall_time_spent = 7 seconds, 61 milliseconds
│   percent_complete = 2.2%
│   estimated_sypd = 1.489
│   instantaneous_sypd = 3.369
│   date_now = 2026-07-02T21:36:39.001
└   estimated_finish_date = 2026-07-02T21:41:50.001
┌ Info: Progress
│   simulation_time = 2 hours, 8 minutes
│   n_steps_completed = 256
│   wall_time_per_step = 31 milliseconds, 406 microseconds
│   wall_time_total = 3 minutes, 900 milliseconds
│   wall_time_remaining = 2 minutes, 52 seconds
│   wall_time_spent = 8 seconds, 40 milliseconds
│   percent_complete = 4.4%
│   estimated_sypd = 2.615
│   instantaneous_sypd = 10.748
│   date_now = 2026-07-02T21:36:39.979
└   estimated_finish_date = 2026-07-02T21:39:32.979
┌ Info: Progress
│   simulation_time = 4 hours, 16 minutes
│   n_steps_completed = 512
│   wall_time_per_step = 19 milliseconds, 295 microseconds
│   wall_time_total = 1 minute, 51 seconds
│   wall_time_remaining = 1 minute, 41 seconds
│   wall_time_spent = 9 seconds, 879 milliseconds
│   percent_complete = 8.9%
│   estimated_sypd = 4.257
│   instantaneous_sypd = 11.431
│   date_now = 2026-07-02T21:36:41.818
└   estimated_finish_date = 2026-07-02T21:38:23.818
┌ Info: Progress
│   simulation_time = 6 hours, 40 minutes
│   n_steps_completed = 801
│   wall_time_per_step = 14 milliseconds, 910 microseconds
│   wall_time_total = 1 minute, 25 seconds
│   wall_time_remaining = 1 minute, 13 seconds
│   wall_time_spent = 11 seconds, 943 milliseconds
│   percent_complete = 13.9%
│   estimated_sypd = 5.509
│   instantaneous_sypd = 11.502
│   date_now = 2026-07-02T21:36:43.882
└   estimated_finish_date = 2026-07-02T21:37:57.882
┌ Info: Progress
│   simulation_time = 8 hours, 32 minutes
│   n_steps_completed = 1024
│   wall_time_per_step = 13 milliseconds, 212 microseconds
│   wall_time_total = 1 minute, 16 seconds
│   wall_time_remaining = 1 minute, 2 seconds
│   wall_time_spent = 13 seconds, 529 milliseconds
│   percent_complete = 17.8%
│   estimated_sypd = 6.217
│   instantaneous_sypd = 11.55
│   date_now = 2026-07-02T21:36:45.468
└   estimated_finish_date = 2026-07-02T21:37:48.468
┌ Info: Progress
│   simulation_time = 10 hours, 56 minutes
│   n_steps_completed = 1313
│   wall_time_per_step = 11 milliseconds, 871 microseconds
│   wall_time_total = 1 minute, 8 seconds
│   wall_time_remaining = 52 seconds, 793 milliseconds
│   wall_time_spent = 15 seconds, 587 milliseconds
│   percent_complete = 22.8%
│   estimated_sypd = 6.919
│   instantaneous_sypd = 11.532
│   date_now = 2026-07-02T21:36:47.526
└   estimated_finish_date = 2026-07-02T21:37:40.526
┌ Info: Progress
│   simulation_time = 13 hours, 21 minutes
│   n_steps_completed = 1602
│   wall_time_per_step = 11 milliseconds, 47 microseconds
│   wall_time_total = 1 minute, 3 seconds
│   wall_time_remaining = 45 seconds, 937 milliseconds
│   wall_time_spent = 17 seconds, 698 milliseconds
│   percent_complete = 27.8%
│   estimated_sypd = 7.435
│   instantaneous_sypd = 11.243
│   date_now = 2026-07-02T21:36:49.638
└   estimated_finish_date = 2026-07-02T21:37:35.638
┌ Info: Progress
│   simulation_time = 15 hours, 45 minutes
│   n_steps_completed = 1891
│   wall_time_per_step = 10 milliseconds, 442 microseconds
│   wall_time_total = 1 minute, 147 milliseconds
│   wall_time_remaining = 40 seconds, 400 milliseconds
│   wall_time_spent = 19 seconds, 746 milliseconds
│   percent_complete = 32.8%
│   estimated_sypd = 7.866
│   instantaneous_sypd = 11.593
│   date_now = 2026-07-02T21:36:51.685
└   estimated_finish_date = 2026-07-02T21:37:32.685
┌ Info: Progress
│   simulation_time = 17 hours, 4 minutes
│   n_steps_completed = 2048
│   wall_time_per_step = 10 milliseconds, 206 microseconds
│   wall_time_total = 58 seconds, 788 milliseconds
│   wall_time_remaining = 37 seconds, 885 milliseconds
│   wall_time_spent = 20 seconds, 902 milliseconds
│   percent_complete = 35.6%
│   estimated_sypd = 8.048
│   instantaneous_sypd = 11.153
│   date_now = 2026-07-02T21:36:52.841
└   estimated_finish_date = 2026-07-02T21:37:30.841
┌ Info: Progress
│   simulation_time = 19 hours, 28 minutes
│   n_steps_completed = 2337
│   wall_time_per_step = 9 milliseconds, 833 microseconds
│   wall_time_total = 56 seconds, 638 milliseconds
│   wall_time_remaining = 33 seconds, 658 milliseconds
│   wall_time_spent = 22 seconds, 980 milliseconds
│   percent_complete = 40.6%
│   estimated_sypd = 8.353
│   instantaneous_sypd = 11.425
│   date_now = 2026-07-02T21:36:54.919
└   estimated_finish_date = 2026-07-02T21:37:28.919
┌ Info: Progress
│   simulation_time = 21 hours, 53 minutes
│   n_steps_completed = 2626
│   wall_time_per_step = 9 milliseconds, 550 microseconds
│   wall_time_total = 55 seconds, 8 milliseconds
│   wall_time_remaining = 29 seconds, 929 milliseconds
│   wall_time_spent = 25 seconds, 78 milliseconds
│   percent_complete = 45.6%
│   estimated_sypd = 8.601
│   instantaneous_sypd = 11.312
│   date_now = 2026-07-02T21:36:57.017
└   estimated_finish_date = 2026-07-02T21:37:27.017
┌ Info: Progress
│   simulation_time = 1 day, 17 minutes
│   n_steps_completed = 2915
│   wall_time_per_step = 9 milliseconds, 314 microseconds
│   wall_time_total = 53 seconds, 651 milliseconds
│   wall_time_remaining = 26 seconds, 499 milliseconds
│   wall_time_spent = 27 seconds, 151 milliseconds
│   percent_complete = 50.6%
│   estimated_sypd = 8.818
│   instantaneous_sypd = 11.45
│   date_now = 2026-07-02T21:36:59.090
└   estimated_finish_date = 2026-07-02T21:37:26.090
┌ Info: Progress
│   simulation_time = 1 day, 2 hours
│   n_steps_completed = 3204
│   wall_time_per_step = 9 milliseconds, 128 microseconds
│   wall_time_total = 52 seconds, 581 milliseconds
│   wall_time_remaining = 23 seconds, 333 milliseconds
│   wall_time_spent = 29 seconds, 248 milliseconds
│   percent_complete = 55.6%
│   estimated_sypd = 8.997
│   instantaneous_sypd = 11.32
│   date_now = 2026-07-02T21:37:01.187
└   estimated_finish_date = 2026-07-02T21:37:25.187
┌ Info: Progress
│   simulation_time = 1 day, 5 hours
│   n_steps_completed = 3493
│   wall_time_per_step = 8 milliseconds, 975 microseconds
│   wall_time_total = 51 seconds, 699 milliseconds
│   wall_time_remaining = 20 seconds, 347 milliseconds
│   wall_time_spent = 31 seconds, 351 milliseconds
│   percent_complete = 60.6%
│   estimated_sypd = 9.151
│   instantaneous_sypd = 11.286
│   date_now = 2026-07-02T21:37:03.291
└   estimated_finish_date = 2026-07-02T21:37:24.291
┌ Info: Progress
│   simulation_time = 1 day, 7 hours
│   n_steps_completed = 3782
│   wall_time_per_step = 8 milliseconds, 850 microseconds
│   wall_time_total = 50 seconds, 976 milliseconds
│   wall_time_remaining = 17 seconds, 505 milliseconds
│   wall_time_spent = 33 seconds, 470 milliseconds
│   percent_complete = 65.7%
│   estimated_sypd = 9.281
│   instantaneous_sypd = 11.202
│   date_now = 2026-07-02T21:37:05.410
└   estimated_finish_date = 2026-07-02T21:37:23.410
┌ Info: Progress
│   simulation_time = 1 day, 9 hours
│   n_steps_completed = 4071
│   wall_time_per_step = 8 milliseconds, 730 microseconds
│   wall_time_total = 50 seconds, 287 milliseconds
│   wall_time_remaining = 14 seconds, 745 milliseconds
│   wall_time_spent = 35 seconds, 541 milliseconds
│   percent_complete = 70.7%
│   estimated_sypd = 9.408
│   instantaneous_sypd = 11.463
│   date_now = 2026-07-02T21:37:07.480
└   estimated_finish_date = 2026-07-02T21:37:22.480
┌ Info: Progress
│   simulation_time = 1 day, 10 hours
│   n_steps_completed = 4096
│   wall_time_per_step = 8 milliseconds, 720 microseconds
│   wall_time_total = 50 seconds, 232 milliseconds
│   wall_time_remaining = 14 seconds, 511 milliseconds
│   wall_time_spent = 35 seconds, 720 milliseconds
│   percent_complete = 71.1%
│   estimated_sypd = 9.418
│   instantaneous_sypd = 11.439
│   date_now = 2026-07-02T21:37:07.660
└   estimated_finish_date = 2026-07-02T21:37:22.660
┌ Info: Progress
│   simulation_time = 1 day, 12 hours
│   n_steps_completed = 4385
│   wall_time_per_step = 8 milliseconds, 635 microseconds
│   wall_time_total = 49 seconds, 739 milliseconds
│   wall_time_remaining = 11 seconds, 873 milliseconds
│   wall_time_spent = 37 seconds, 865 milliseconds
│   percent_complete = 76.1%
│   estimated_sypd = 9.512
│   instantaneous_sypd = 11.068
│   date_now = 2026-07-02T21:37:09.805
└   estimated_finish_date = 2026-07-02T21:37:21.805
┌ Info: Progress
│   simulation_time = 1 day, 14 hours
│   n_steps_completed = 4674
│   wall_time_per_step = 8 milliseconds, 549 microseconds
│   wall_time_total = 49 seconds, 247 milliseconds
│   wall_time_remaining = 9 seconds, 285 milliseconds
│   wall_time_spent = 39 seconds, 962 milliseconds
│   percent_complete = 81.1%
│   estimated_sypd = 9.607
│   instantaneous_sypd = 11.322
│   date_now = 2026-07-02T21:37:11.901
└   estimated_finish_date = 2026-07-02T21:37:21.901
┌ Info: Progress
│   simulation_time = 1 day, 17 hours
│   n_steps_completed = 4963
│   wall_time_per_step = 8 milliseconds, 487 microseconds
│   wall_time_total = 48 seconds, 889 milliseconds
│   wall_time_remaining = 6 seconds, 764 milliseconds
│   wall_time_spent = 42 seconds, 124 milliseconds
│   percent_complete = 86.2%
│   estimated_sypd = 9.677
│   instantaneous_sypd = 10.978
│   date_now = 2026-07-02T21:37:14.063
└   estimated_finish_date = 2026-07-02T21:37:21.063
┌ Info: Progress
│   simulation_time = 1 day, 19 hours
│   n_steps_completed = 5252
│   wall_time_per_step = 8 milliseconds, 422 microseconds
│   wall_time_total = 48 seconds, 515 milliseconds
│   wall_time_remaining = 4 seconds, 278 milliseconds
│   wall_time_spent = 44 seconds, 237 milliseconds
│   percent_complete = 91.2%
│   estimated_sypd = 9.751
│   instantaneous_sypd = 11.236
│   date_now = 2026-07-02T21:37:16.176
└   estimated_finish_date = 2026-07-02T21:37:21.176
┌ Info: Progress
│   simulation_time = 1 day, 22 hours
│   n_steps_completed = 5541
│   wall_time_per_step = 8 milliseconds, 380 microseconds
│   wall_time_total = 48 seconds, 271 milliseconds
│   wall_time_remaining = 1 second, 835 milliseconds
│   wall_time_spent = 46 seconds, 435 milliseconds
│   percent_complete = 96.2%
│   estimated_sypd = 9.801
│   instantaneous_sypd = 10.795
│   date_now = 2026-07-02T21:37:18.375
└   estimated_finish_date = 2026-07-02T21:37:20.375
[ Info: solve! walltime = 48.068
[ Info: sypd: 9.849
[ Info: wall_time_per_timestep: 8 milliseconds, 345 microseconds
[ Info: Memory currently used (after solve!) by the process (RSS): 6.57 GiB
┌ Info: Finished variation [4/9]
│   overlay = experiments/clw sensitivity experiments/configs/v4_cloudonly.yml
│   job_id = lf1e_clw1_v4_cloudonly
│   ret_code = success
└   walltime = 9m48s
┌ Info: Starting variation [5/9]
└   overlay = experiments/clw sensitivity experiments/configs/v5_subltime10.yml
┌ Error: Variation failed before/during setup
│   overlay = experiments/clw sensitivity experiments/configs/v5_subltime10.yml
└   exception = (ErrorException("Duplicate TOML entry: sublimation_deposition_timescale"), Union{Ptr{Nothing}, Base.InterpreterIP}[Ptr{Nothing} @0x000000011be159f3, Ptr{Nothing} @0x0000000158ed8c0b, Ptr{Nothing} @0x0000000158ee001b, Ptr{Nothing} @0x0000000158ee0053, Ptr{Nothing} @0x0000000550fb0357, Ptr{Nothing} @0x0000000550fb801f, Ptr{Nothing} @0x0000000550fb805f, Ptr{Nothing} @0x000000014fed842f, Ptr{Nothing} @0x000000014fee88f3, Ptr{Nothing} @0x000000014fef81a7, Ptr{Nothing} @0x000000014fef82db, Ptr{Nothing} @0x0000000117ad80b3, Ptr{Nothing} @0x0000000117ad8103, Ptr{Nothing} @0x000000010733c0f3, Ptr{Nothing} @0x000000010733baf3, Ptr{Nothing} @0x000000010733a7b7, Ptr{Nothing} @0x000000010733adc7, Base.InterpreterIP in top-level CodeInfo for Main at statement 12, Ptr{Nothing} @0x000000010735458f, Ptr{Nothing} @0x000000010735430f, Ptr{Nothing} @0x00000001073552a3, Ptr{Nothing} @0x000000011c16e623, Ptr{Nothing} @0x000000011c16b3fb, Ptr{Nothing} @0x000000011b9a1c3b, Ptr{Nothing} @0x000000011b632b93, Ptr{Nothing} @0x000000011b8fd903, Ptr{Nothing} @0x000000011c019893, Ptr{Nothing} @0x000000011b5a4b67, Ptr{Nothing} @0x0000000107385c37, Ptr{Nothing} @0x0000000107385b43])
┌ Info: Finished variation [5/9]
│   overlay = experiments/clw sensitivity experiments/configs/v5_subltime10.yml
│   job_id = experiments/clw sensitivity experiments/configs/v5_subltime10.yml
│   ret_code = setup_error
└   walltime = 0.2s
┌ Info: Starting variation [6/9]
└   overlay = experiments/clw sensitivity experiments/configs/v6_subltime400.yml
┌ Error: Variation failed before/during setup
│   overlay = experiments/clw sensitivity experiments/configs/v6_subltime400.yml
└   exception = (ErrorException("Duplicate TOML entry: sublimation_deposition_timescale"), Union{Ptr{Nothing}, Base.InterpreterIP}[Ptr{Nothing} @0x000000011be159f3, Ptr{Nothing} @0x0000000158ed8c0b, Ptr{Nothing} @0x0000000158ee001b, Ptr{Nothing} @0x0000000158ee0053, Ptr{Nothing} @0x0000000550fb0357, Ptr{Nothing} @0x0000000550fb801f, Ptr{Nothing} @0x0000000550fb805f, Ptr{Nothing} @0x000000014fed842f, Ptr{Nothing} @0x000000014fee88f3, Ptr{Nothing} @0x000000014fef81a7, Ptr{Nothing} @0x000000014fef82db, Ptr{Nothing} @0x0000000117ad80b3, Ptr{Nothing} @0x0000000117ad8103, Ptr{Nothing} @0x000000010733c0f3, Ptr{Nothing} @0x000000010733baf3, Ptr{Nothing} @0x000000010733a7b7, Ptr{Nothing} @0x000000010733adc7, Base.InterpreterIP in top-level CodeInfo for Main at statement 12, Ptr{Nothing} @0x000000010735458f, Ptr{Nothing} @0x000000010735430f, Ptr{Nothing} @0x00000001073552a3, Ptr{Nothing} @0x000000011c16e623, Ptr{Nothing} @0x000000011c16b3fb, Ptr{Nothing} @0x000000011b9a1c3b, Ptr{Nothing} @0x000000011b632b93, Ptr{Nothing} @0x000000011b8fd903, Ptr{Nothing} @0x000000011c019893, Ptr{Nothing} @0x000000011b5a4b67, Ptr{Nothing} @0x0000000107385c37, Ptr{Nothing} @0x0000000107385b43])
┌ Info: Finished variation [6/9]
│   overlay = experiments/clw sensitivity experiments/configs/v6_subltime400.yml
│   job_id = experiments/clw sensitivity experiments/configs/v6_subltime400.yml
│   ret_code = setup_error
└   walltime = 0.0s
┌ Info: Starting variation [7/9]
└   overlay = experiments/clw sensitivity experiments/configs/v7_subltime1000.yml
┌ Error: Variation failed before/during setup
│   overlay = experiments/clw sensitivity experiments/configs/v7_subltime1000.yml
└   exception = (ErrorException("Duplicate TOML entry: sublimation_deposition_timescale"), Union{Ptr{Nothing}, Base.InterpreterIP}[Ptr{Nothing} @0x000000011be159f3, Ptr{Nothing} @0x0000000158ed8c0b, Ptr{Nothing} @0x0000000158ee001b, Ptr{Nothing} @0x0000000158ee0053, Ptr{Nothing} @0x0000000550fb0357, Ptr{Nothing} @0x0000000550fb801f, Ptr{Nothing} @0x0000000550fb805f, Ptr{Nothing} @0x000000014fed842f, Ptr{Nothing} @0x000000014fee88f3, Ptr{Nothing} @0x000000014fef81a7, Ptr{Nothing} @0x000000014fef82db, Ptr{Nothing} @0x0000000117ad80b3, Ptr{Nothing} @0x0000000117ad8103, Ptr{Nothing} @0x000000010733c0f3, Ptr{Nothing} @0x000000010733baf3, Ptr{Nothing} @0x000000010733a7b7, Ptr{Nothing} @0x000000010733adc7, Base.InterpreterIP in top-level CodeInfo for Main at statement 12, Ptr{Nothing} @0x000000010735458f, Ptr{Nothing} @0x000000010735430f, Ptr{Nothing} @0x00000001073552a3, Ptr{Nothing} @0x000000011c16e623, Ptr{Nothing} @0x000000011c16b3fb, Ptr{Nothing} @0x000000011b9a1c3b, Ptr{Nothing} @0x000000011b632b93, Ptr{Nothing} @0x000000011b8fd903, Ptr{Nothing} @0x000000011c019893, Ptr{Nothing} @0x000000011b5a4b67, Ptr{Nothing} @0x0000000107385c37, Ptr{Nothing} @0x0000000107385b43])
┌ Info: Finished variation [7/9]
│   overlay = experiments/clw sensitivity experiments/configs/v7_subltime1000.yml
│   job_id = experiments/clw sensitivity experiments/configs/v7_subltime1000.yml
│   ret_code = setup_error
└   walltime = 0.0s
┌ Info: Starting variation [8/9]
└   overlay = experiments/clw sensitivity experiments/configs/v8_subltime10000.yml
┌ Error: Variation failed before/during setup
│   overlay = experiments/clw sensitivity experiments/configs/v8_subltime10000.yml
└   exception = (ErrorException("Duplicate TOML entry: sublimation_deposition_timescale"), Union{Ptr{Nothing}, Base.InterpreterIP}[Ptr{Nothing} @0x000000011be159f3, Ptr{Nothing} @0x0000000158ed8c0b, Ptr{Nothing} @0x0000000158ee001b, Ptr{Nothing} @0x0000000158ee0053, Ptr{Nothing} @0x0000000550fb0357, Ptr{Nothing} @0x0000000550fb801f, Ptr{Nothing} @0x0000000550fb805f, Ptr{Nothing} @0x000000014fed842f, Ptr{Nothing} @0x000000014fee88f3, Ptr{Nothing} @0x000000014fef81a7, Ptr{Nothing} @0x000000014fef82db, Ptr{Nothing} @0x0000000117ad80b3, Ptr{Nothing} @0x0000000117ad8103, Ptr{Nothing} @0x000000010733c0f3, Ptr{Nothing} @0x000000010733baf3, Ptr{Nothing} @0x000000010733a7b7, Ptr{Nothing} @0x000000010733adc7, Base.InterpreterIP in top-level CodeInfo for Main at statement 12, Ptr{Nothing} @0x000000010735458f, Ptr{Nothing} @0x000000010735430f, Ptr{Nothing} @0x00000001073552a3, Ptr{Nothing} @0x000000011c16e623, Ptr{Nothing} @0x000000011c16b3fb, Ptr{Nothing} @0x000000011b9a1c3b, Ptr{Nothing} @0x000000011b632b93, Ptr{Nothing} @0x000000011b8fd903, Ptr{Nothing} @0x000000011c019893, Ptr{Nothing} @0x000000011b5a4b67, Ptr{Nothing} @0x0000000107385c37, Ptr{Nothing} @0x0000000107385b43])
┌ Info: Finished variation [8/9]
│   overlay = experiments/clw sensitivity experiments/configs/v8_subltime10000.yml
│   job_id = experiments/clw sensitivity experiments/configs/v8_subltime10000.yml
│   ret_code = setup_error
└   walltime = 0.0s
┌ Info: Starting variation [9/9]
└   overlay = experiments/clw sensitivity experiments/configs/v9_condtime10.yml
┌ Error: Variation failed before/during setup
│   overlay = experiments/clw sensitivity experiments/configs/v9_condtime10.yml
└   exception = (ErrorException("Duplicate TOML entry: condensation_evaporation_timescale"), Union{Ptr{Nothing}, Base.InterpreterIP}[Ptr{Nothing} @0x000000011be159f3, Ptr{Nothing} @0x0000000158ed8c0b, Ptr{Nothing} @0x0000000158ee001b, Ptr{Nothing} @0x0000000158ee0053, Ptr{Nothing} @0x0000000550fb0357, Ptr{Nothing} @0x0000000550fb801f, Ptr{Nothing} @0x0000000550fb805f, Ptr{Nothing} @0x000000014fed842f, Ptr{Nothing} @0x000000014fee88f3, Ptr{Nothing} @0x000000014fef81a7, Ptr{Nothing} @0x000000014fef82db, Ptr{Nothing} @0x0000000117ad80b3, Ptr{Nothing} @0x0000000117ad8103, Ptr{Nothing} @0x000000010733c0f3, Ptr{Nothing} @0x000000010733baf3, Ptr{Nothing} @0x000000010733a7b7, Ptr{Nothing} @0x000000010733adc7, Base.InterpreterIP in top-level CodeInfo for Main at statement 12, Ptr{Nothing} @0x000000010735458f, Ptr{Nothing} @0x000000010735430f, Ptr{Nothing} @0x00000001073552a3, Ptr{Nothing} @0x000000011c16e623, Ptr{Nothing} @0x000000011c16b3fb, Ptr{Nothing} @0x000000011b9a1c3b, Ptr{Nothing} @0x000000011b632b93, Ptr{Nothing} @0x000000011b8fd903, Ptr{Nothing} @0x000000011c019893, Ptr{Nothing} @0x000000011b5a4b67, Ptr{Nothing} @0x0000000107385c37, Ptr{Nothing} @0x0000000107385b43])
┌ Info: Finished variation [9/9]
│   overlay = experiments/clw sensitivity experiments/configs/v9_condtime10.yml
│   job_id = experiments/clw sensitivity experiments/configs/v9_condtime10.yml
│   ret_code = setup_error
└   walltime = 0.0s
[ Warn: 7 / 9 variations failed
