┌ Info: Simulation info
│   job_id = lf1e_clw_cal_member
└   output_dir = /home/jeff/larcform1-experiments/experiments/clw calibration/output/uki_1/iteration_005/member_003/output_0000
┌ Info: Running
│   job_id = lf1e_clw_cal_member
│   output_dir = /home/jeff/larcform1-experiments/experiments/clw calibration/output/uki_1/iteration_005/member_003/output_0000
└   tspan = (0.0 seconds (2010-01-01T00:00:00) [counter = 0, period = 1 second, epoch = 2010-01-01T00:00:00], 172800.0 seconds (2010-01-03T00:00:00) [counter = 172800, period = 1 second, epoch = 2010-01-01T00:00:00])
┌ Info: Progress
│   simulation_time = 30 seconds
│   n_steps_completed = 1
│   wall_time_per_step = 0 seconds
│   wall_time_total = 0 seconds
│   wall_time_remaining = 0 seconds
│   wall_time_spent = 0 seconds
│   percent_complete = 0.0%
│   estimated_sypd = Inf
│   instantaneous_sypd = 0.0 (sdpd_estimate = 0.0)
│   date_now = 2026-07-05T16:45:31
└   estimated_finish_date = 2026-07-05T16:45:31
┌ Info: Progress
│   simulation_time = 1 minute
│   n_steps_completed = 2
│   wall_time_per_step = 0 seconds
│   wall_time_total = 0 seconds
│   wall_time_remaining = 0 seconds
│   wall_time_spent = 0 seconds
│   percent_complete = 0.0%
│   estimated_sypd = Inf
│   instantaneous_sypd = 0.032
│   date_now = 2026-07-05T16:45:33.556
└   estimated_finish_date = 2026-07-05T16:45:33.556
┌ Info: Progress
│   simulation_time = 2 minutes
│   n_steps_completed = 4
│   wall_time_per_step = 4 milliseconds, 642 microseconds
│   wall_time_total = 26 seconds, 737 milliseconds
│   wall_time_remaining = 26 seconds, 719 milliseconds
│   wall_time_spent = 18 milliseconds, 568 microseconds
│   percent_complete = 0.1%
│   estimated_sypd = 17.694
│   instantaneous_sypd = 17.694
│   date_now = 2026-07-05T16:45:33.566
└   estimated_finish_date = 2026-07-05T16:46:00.566
┌ Info: Progress
│   simulation_time = 4 minutes
│   n_steps_completed = 8
│   wall_time_per_step = 4 milliseconds, 359 microseconds
│   wall_time_total = 25 seconds, 112 milliseconds
│   wall_time_remaining = 25 seconds, 77 milliseconds
│   wall_time_spent = 34 milliseconds, 878 microseconds
│   percent_complete = 0.1%
│   estimated_sypd = 18.839
│   instantaneous_sypd = 20.142
│   date_now = 2026-07-05T16:45:33.582
└   estimated_finish_date = 2026-07-05T16:45:59.582
┌ Info: Progress
│   simulation_time = 8 minutes
│   n_steps_completed = 16
│   wall_time_per_step = 4 milliseconds, 103 microseconds
│   wall_time_total = 23 seconds, 638 milliseconds
│   wall_time_remaining = 23 seconds, 573 milliseconds
│   wall_time_spent = 65 milliseconds, 663 microseconds
│   percent_complete = 0.3%
│   estimated_sypd = 20.014
│   instantaneous_sypd = 21.345
│   date_now = 2026-07-05T16:45:33.613
└   estimated_finish_date = 2026-07-05T16:45:57.613
┌ Info: Progress
│   simulation_time = 16 minutes
│   n_steps_completed = 32
│   wall_time_per_step = 3 milliseconds, 924 microseconds
│   wall_time_total = 22 seconds, 605 milliseconds
│   wall_time_remaining = 22 seconds, 479 milliseconds
│   wall_time_spent = 125 milliseconds, 583 microseconds
│   percent_complete = 0.6%
│   estimated_sypd = 20.929
│   instantaneous_sypd = 21.932
│   date_now = 2026-07-05T16:45:33.673
└   estimated_finish_date = 2026-07-05T16:45:56.673
┌ Info: Progress
│   simulation_time = 32 minutes
│   n_steps_completed = 64
│   wall_time_per_step = 3 milliseconds, 989 microseconds
│   wall_time_total = 22 seconds, 978 milliseconds
│   wall_time_remaining = 22 seconds, 723 milliseconds
│   wall_time_spent = 255 milliseconds, 321 microseconds
│   percent_complete = 1.1%
│   estimated_sypd = 20.588
│   instantaneous_sypd = 20.259
│   date_now = 2026-07-05T16:45:33.803
└   estimated_finish_date = 2026-07-05T16:45:56.803
┌ Info: Progress
│   simulation_time = 1 hour, 4 minutes
│   n_steps_completed = 128
│   wall_time_per_step = 4 milliseconds, 97 microseconds
│   wall_time_total = 23 seconds, 599 milliseconds
│   wall_time_remaining = 23 seconds, 74 milliseconds
│   wall_time_spent = 524 milliseconds, 422 microseconds
│   percent_complete = 2.2%
│   estimated_sypd = 20.047
│   instantaneous_sypd = 19.534
│   date_now = 2026-07-05T16:45:34.072
└   estimated_finish_date = 2026-07-05T16:45:58.072
┌ Info: Progress
│   simulation_time = 2 hours, 8 minutes
│   n_steps_completed = 256
│   wall_time_per_step = 4 milliseconds, 62 microseconds
│   wall_time_total = 23 seconds, 401 milliseconds
│   wall_time_remaining = 22 seconds, 361 milliseconds
│   wall_time_spent = 1 second, 40 milliseconds
│   percent_complete = 4.4%
│   estimated_sypd = 20.216
│   instantaneous_sypd = 20.388
│   date_now = 2026-07-05T16:45:34.587
└   estimated_finish_date = 2026-07-05T16:45:57.587
┌ Info: Progress
│   simulation_time = 4 hours, 16 minutes
│   n_steps_completed = 512
│   wall_time_per_step = 4 milliseconds, 93 microseconds
│   wall_time_total = 23 seconds, 577 milliseconds
│   wall_time_remaining = 21 seconds, 481 milliseconds
│   wall_time_spent = 2 seconds, 95 milliseconds
│   percent_complete = 8.9%
│   estimated_sypd = 20.066
│   instantaneous_sypd = 19.918
│   date_now = 2026-07-05T16:45:35.643
└   estimated_finish_date = 2026-07-05T16:45:57.643
┌ Info: Progress
│   simulation_time = 6 hours, 40 minutes
│   n_steps_completed = 801
│   wall_time_per_step = 4 milliseconds, 172 microseconds
│   wall_time_total = 24 seconds, 33 milliseconds
│   wall_time_remaining = 20 seconds, 691 milliseconds
│   wall_time_spent = 3 seconds, 342 milliseconds
│   percent_complete = 13.9%
│   estimated_sypd = 19.685
│   instantaneous_sypd = 19.044
│   date_now = 2026-07-05T16:45:36.890
└   estimated_finish_date = 2026-07-05T16:45:57.890
┌ Info: Progress
│   simulation_time = 8 hours, 32 minutes
│   n_steps_completed = 1024
│   wall_time_per_step = 4 milliseconds, 227 microseconds
│   wall_time_total = 24 seconds, 350 milliseconds
│   wall_time_remaining = 20 seconds, 21 milliseconds
│   wall_time_spent = 4 seconds, 329 milliseconds
│   percent_complete = 17.8%
│   estimated_sypd = 19.428
│   instantaneous_sypd = 18.56
│   date_now = 2026-07-05T16:45:37.876
└   estimated_finish_date = 2026-07-05T16:45:58.876
┌ Info: Progress
│   simulation_time = 10 hours, 56 minutes
│   n_steps_completed = 1313
│   wall_time_per_step = 4 milliseconds, 311 microseconds
│   wall_time_total = 24 seconds, 833 milliseconds
│   wall_time_remaining = 19 seconds, 172 milliseconds
│   wall_time_spent = 5 seconds, 660 milliseconds
│   percent_complete = 22.8%
│   estimated_sypd = 19.051
│   instantaneous_sypd = 17.823
│   date_now = 2026-07-05T16:45:39.208
└   estimated_finish_date = 2026-07-05T16:45:59.208
┌ Info: Progress
│   simulation_time = 13 hours, 21 minutes
│   n_steps_completed = 1602
│   wall_time_per_step = 4 milliseconds, 391 microseconds
│   wall_time_total = 25 seconds, 296 milliseconds
│   wall_time_remaining = 18 seconds, 260 milliseconds
│   wall_time_spent = 7 seconds, 35 milliseconds
│   percent_complete = 27.8%
│   estimated_sypd = 18.702
│   instantaneous_sypd = 17.267
│   date_now = 2026-07-05T16:45:40.583
└   estimated_finish_date = 2026-07-05T16:45:59.583
┌ Info: Progress
│   simulation_time = 15 hours, 45 minutes
│   n_steps_completed = 1891
│   wall_time_per_step = 4 milliseconds, 472 microseconds
│   wall_time_total = 25 seconds, 763 milliseconds
│   wall_time_remaining = 17 seconds, 305 milliseconds
│   wall_time_spent = 8 seconds, 458 milliseconds
│   percent_complete = 32.8%
│   estimated_sypd = 18.363
│   instantaneous_sypd = 16.687
│   date_now = 2026-07-05T16:45:42.005
└   estimated_finish_date = 2026-07-05T16:46:00.005
┌ Info: Progress
│   simulation_time = 17 hours, 4 minutes
│   n_steps_completed = 2048
│   wall_time_per_step = 4 milliseconds, 521 microseconds
│   wall_time_total = 26 seconds, 42 milliseconds
│   wall_time_remaining = 16 seconds, 783 milliseconds
│   wall_time_spent = 9 seconds, 259 milliseconds
│   percent_complete = 35.6%
│   estimated_sypd = 18.166
│   instantaneous_sypd = 16.085
│   date_now = 2026-07-05T16:45:42.807
└   estimated_finish_date = 2026-07-05T16:45:59.807
┌ Info: Progress
│   simulation_time = 19 hours, 28 minutes
│   n_steps_completed = 2337
│   wall_time_per_step = 4 milliseconds, 592 microseconds
│   wall_time_total = 26 seconds, 453 milliseconds
│   wall_time_remaining = 15 seconds, 720 milliseconds
│   wall_time_spent = 10 seconds, 732 milliseconds
│   percent_complete = 40.6%
│   estimated_sypd = 17.884
│   instantaneous_sypd = 16.114
│   date_now = 2026-07-05T16:45:44.280
└   estimated_finish_date = 2026-07-05T16:46:00.280
┌ Info: Progress
│   simulation_time = 21 hours, 53 minutes
│   n_steps_completed = 2626
│   wall_time_per_step = 4 milliseconds, 667 microseconds
│   wall_time_total = 26 seconds, 882 milliseconds
│   wall_time_remaining = 14 seconds, 626 milliseconds
│   wall_time_spent = 12 seconds, 255 milliseconds
│   percent_complete = 45.6%
│   estimated_sypd = 17.599
│   instantaneous_sypd = 15.584
│   date_now = 2026-07-05T16:45:45.803
└   estimated_finish_date = 2026-07-05T16:46:00.803
┌ Info: Progress
│   simulation_time = 1 day, 17 minutes
│   n_steps_completed = 2915
│   wall_time_per_step = 4 milliseconds, 787 microseconds
│   wall_time_total = 27 seconds, 573 milliseconds
│   wall_time_remaining = 13 seconds, 619 milliseconds
│   wall_time_spent = 13 seconds, 954 milliseconds
│   percent_complete = 50.6%
│   estimated_sypd = 17.158
│   instantaneous_sypd = 13.977
│   date_now = 2026-07-05T16:45:47.502
└   estimated_finish_date = 2026-07-05T16:46:01.502
┌ Info: Progress
│   simulation_time = 1 day, 2 hours
│   n_steps_completed = 3204
│   wall_time_per_step = 4 milliseconds, 847 microseconds
│   wall_time_total = 27 seconds, 923 milliseconds
│   wall_time_remaining = 12 seconds, 390 milliseconds
│   wall_time_spent = 15 seconds, 532 milliseconds
│   percent_complete = 55.6%
│   estimated_sypd = 16.943
│   instantaneous_sypd = 15.043
│   date_now = 2026-07-05T16:45:49.080
└   estimated_finish_date = 2026-07-05T16:46:02.080
┌ Info: Progress
│   simulation_time = 1 day, 5 hours
│   n_steps_completed = 3493
│   wall_time_per_step = 4 milliseconds, 913 microseconds
│   wall_time_total = 28 seconds, 298 milliseconds
│   wall_time_remaining = 11 seconds, 137 milliseconds
│   wall_time_spent = 17 seconds, 161 milliseconds
│   percent_complete = 60.6%
│   estimated_sypd = 16.718
│   instantaneous_sypd = 14.573
│   date_now = 2026-07-05T16:45:50.709
└   estimated_finish_date = 2026-07-05T16:46:02.709
┌ Info: Progress
│   simulation_time = 1 day, 7 hours
│   n_steps_completed = 3782
│   wall_time_per_step = 4 milliseconds, 981 microseconds
│   wall_time_total = 28 seconds, 692 milliseconds
│   wall_time_remaining = 9 seconds, 852 milliseconds
│   wall_time_spent = 18 seconds, 839 milliseconds
│   percent_complete = 65.7%
│   estimated_sypd = 16.489
│   instantaneous_sypd = 14.146
│   date_now = 2026-07-05T16:45:52.387
└   estimated_finish_date = 2026-07-05T16:46:02.387
┌ Info: Progress
│   simulation_time = 1 day, 9 hours
│   n_steps_completed = 4071
│   wall_time_per_step = 5 milliseconds, 62 microseconds
│   wall_time_total = 29 seconds, 160 milliseconds
│   wall_time_remaining = 8 seconds, 550 milliseconds
│   wall_time_spent = 20 seconds, 609 milliseconds
│   percent_complete = 70.7%
│   estimated_sypd = 16.224
│   instantaneous_sypd = 13.405
│   date_now = 2026-07-05T16:45:54.157
└   estimated_finish_date = 2026-07-05T16:46:03.157
┌ Info: Progress
│   simulation_time = 1 day, 10 hours
│   n_steps_completed = 4096
│   wall_time_per_step = 5 milliseconds, 70 microseconds
│   wall_time_total = 29 seconds, 206 milliseconds
│   wall_time_remaining = 8 seconds, 437 milliseconds
│   wall_time_spent = 20 seconds, 769 milliseconds
│   percent_complete = 71.1%
│   estimated_sypd = 16.198
│   instantaneous_sypd = 12.895
│   date_now = 2026-07-05T16:45:54.317
└   estimated_finish_date = 2026-07-05T16:46:03.317
┌ Info: Progress
│   simulation_time = 1 day, 12 hours
│   n_steps_completed = 4385
│   wall_time_per_step = 5 milliseconds, 140 microseconds
│   wall_time_total = 29 seconds, 609 milliseconds
│   wall_time_remaining = 7 seconds, 68 milliseconds
│   wall_time_spent = 22 seconds, 541 milliseconds
│   percent_complete = 76.1%
│   estimated_sypd = 15.978
│   instantaneous_sypd = 13.394
│   date_now = 2026-07-05T16:45:56.089
└   estimated_finish_date = 2026-07-05T16:46:04.089
┌ Info: Progress
│   simulation_time = 1 day, 14 hours
│   n_steps_completed = 4674
│   wall_time_per_step = 5 milliseconds, 210 microseconds
│   wall_time_total = 30 seconds, 12 milliseconds
│   wall_time_remaining = 5 seconds, 658 milliseconds
│   wall_time_spent = 24 seconds, 354 milliseconds
│   percent_complete = 81.1%
│   estimated_sypd = 15.763
│   instantaneous_sypd = 13.095
│   date_now = 2026-07-05T16:45:57.902
└   estimated_finish_date = 2026-07-05T16:46:03.902
┌ Info: Progress
│   simulation_time = 1 day, 17 hours
│   n_steps_completed = 4963
│   wall_time_per_step = 5 milliseconds, 293 microseconds
│   wall_time_total = 30 seconds, 487 milliseconds
│   wall_time_remaining = 4 seconds, 218 milliseconds
│   wall_time_spent = 26 seconds, 269 milliseconds
│   percent_complete = 86.2%
│   estimated_sypd = 15.518
│   instantaneous_sypd = 12.395
│   date_now = 2026-07-05T16:45:59.817
└   estimated_finish_date = 2026-07-05T16:46:04.817
┌ Info: Progress
│   simulation_time = 1 day, 19 hours
│   n_steps_completed = 5252
│   wall_time_per_step = 5 milliseconds, 358 microseconds
│   wall_time_total = 30 seconds, 863 milliseconds
│   wall_time_remaining = 2 seconds, 721 milliseconds
│   wall_time_spent = 28 seconds, 141 milliseconds
│   percent_complete = 91.2%
│   estimated_sypd = 15.329
│   instantaneous_sypd = 12.677
│   date_now = 2026-07-05T16:46:01.689
└   estimated_finish_date = 2026-07-05T16:46:04.689
┌ Info: Progress
│   simulation_time = 1 day, 22 hours
│   n_steps_completed = 5541
│   wall_time_per_step = 5 milliseconds, 432 microseconds
│   wall_time_total = 31 seconds, 290 milliseconds
│   wall_time_remaining = 1 second, 189 milliseconds
│   wall_time_spent = 30 seconds, 100 milliseconds
│   percent_complete = 96.2%
│   estimated_sypd = 15.12
│   instantaneous_sypd = 12.117
│   date_now = 2026-07-05T16:46:03.648
└   estimated_finish_date = 2026-07-05T16:46:05.648
[ Info: solve! walltime = 31.569
[ Info: sypd: 14.996
[ Info: wall_time_per_timestep: 5 milliseconds, 480 microseconds
[ Info: Memory currently used (after solve!) by the process (RSS): 8.68 GiB
[ Info: Completed member 3
┌ Info: Making AtmosConfig with config files: 
│      /home/jeff/larcform1-experiments/ClimaAtmos.jl/src/config/../../config/default_configs/default_config.yml
└   
┌ Info: numerics 
│          `energy_q_tot_upwinding`::`Val{:vanleer_limiter}`
│                `tracer_upwinding`::`Val{:vanleer_limiter}`
│       `edmfx_mse_q_tot_upwinding`::`Val{:first_order}`
│         `edmfx_sgsflux_upwinding`::`Val{:none}`
│          `edmfx_tracer_upwinding`::`Val{:first_order}`
│         `test_dycore_consistency`::`Nothing`
│            `reproducible_restart`::`Nothing`
│                         `limiter`::`Nothing`
│                       `diff_mode`::`ClimaAtmos.Implicit`
│                       `hyperdiff`::`Nothing`
└   
┌ Info: AtmosModel: 
│   
│                               `water`::`ClimaAtmos.AtmosWater{ClimaAtmos.NonEquilibriumMicrophysics1M, ClimaAtmos.QuadratureCloud, ClimaAtmos.Implicit, Nothing, ClimaAtmos.SGSQuadrature{3, StaticArraysCore.SVector{3, Float32}, StaticArraysCore.SVector{3, Float32}, ClimaAtmos.GaussianSGS, Float32}, ClimaAtmos.FixedTerminalVelocity{Float32}}`
│                           `scm_setup`::`ClimaAtmos.SCMSetup{Nothing, Nothing, Nothing, Bool, @NamedTuple{prof_ug::AtmosphericProfilesLibrary.ZProfile{AtmosphericProfilesLibrary.var"#Larcform1_geostrophic_u##0#Larcform1_geostrophic_u##1"{Float32}}, prof_vg::AtmosphericProfilesLibrary.ZProfile{Returns{Float32}}, coriolis_param::Float32}}`
│                           `radiation`::`ClimaAtmos.AtmosRadiation{ClimaAtmos.RRTMGPInterface.AllSkyRadiationWithClearSkyDiagnostics{ClimaAtmos.InteractiveCloudInRadiation}, ClimaAtmos.Larcform1Insolation}`
│                            `turbconv`::`ClimaAtmos.AtmosTurbconv{ClimaAtmos.EDMFXModel{ClimaAtmos.InvZEntrainment, ClimaAtmos.BuoyancyVelocityDetrainment, Val{true}, Val{true}, Val{true}, Val{true}, Val{true}, ClimaAtmos.SmoothMinimumBlending}, ClimaAtmos.PrognosticEDMFX{1, true, Float32}, Nothing, Nothing, Nothing}`
│                     `prescribed_flow`::`Nothing`
│                        `gravity_wave`::`ClimaAtmos.AtmosGravityWave{Nothing, Nothing}`
│                  `vertical_diffusion`::`Nothing`
│                              `sponge`::`ClimaAtmos.AtmosSponge{Nothing, Nothing}`
│                             `surface`::`ClimaAtmos.AtmosSurface{ClimaAtmos.SurfaceConditions.MoninObukhov{Float32, Nothing, Nothing}, ClimaAtmos.SurfaceConditions.SlabOceanTemperature{Float32}, ClimaAtmos.SurfaceConditions.SurfaceBoundaryOverrides{Float32, Float32, Nothing, Nothing, Nothing, Nothing}, ClimaAtmos.ConstantAlbedo{Float32}}`
│                            `numerics`::`ClimaAtmos.AtmosNumerics{Val{:vanleer_limiter}, Val{:vanleer_limiter}, Val{:first_order}, Val{:none}, Val{:first_order}, Nothing, Nothing, Nothing, ClimaAtmos.Implicit, Nothing}`
│                           `chemistry`::`ClimaAtmos.AtmosChem{Nothing}`
└   
┌ Info: Microphysics settings: 
│                          `n_substeps`::`3`
│                     `n_substeps_quad`::`2`
│              `cloud_liquid_formation`::`CloudLiquidFormation`
│                 `cloud_ice_formation`::`TemperatureDependent`
│                      `cloud_ice_melt`::`CloudIceMelt`
│                 `rain_autoconversion`::`Kessler1M`
│                 `snow_autoconversion`::`NoSupersaturation`
│       `rain_condensation_evaporation`::`RainEvaporation`
│         `snow_deposition_sublimation`::`DepositionAndSublimation`
│                           `snow_melt`::`SnowMelt`
│         `cloud_liquid_rain_accretion`::`CloudLiquidRainAccretion`
│         `cloud_liquid_snow_accretion`::`CloudLiquidSnowAccretion`
│            `cloud_ice_rain_accretion`::`CloudIceRainAccretion`
│            `cloud_ice_snow_accretion`::`CloudIceSnowAccretion`
│                 `rain_snow_accretion`::`RainSnowAccretion`
└   
[ Info: Single-process ClimaAtmos run on CPUSingleThreaded
[ Info: Using ODE config: `ClimaTimeSteppers.ARS222`
[ Info: Initialized state (45.361 μs, 7.76 KiB)
[ Info: Built cache (183.292 ms, 172.6 MiB)
[ Info: Assembled callbacks (140.444 μs, 17.42 KiB)
┌ Info: Jacobian algorithm: ManualSparseJacobian(
│     approximate_solve_iters = 2,
└   )
[ Info: Jacobian derivative flags: topography_flag = IgnoreDerivative, diffusion_flag = UseDerivative
[ Info: Built tendency function (198.255 μs, 201.06 KiB)
[ Info: Initialized integrator (8.375 ms, 169.03 KiB)
[ Info: Added 7 user-provided YAML-style diagnostics
[ Info: Saving accumulated diagnostics to disk with frequency: 1 hour
[ Info: Set up diagnostics (459.792 μs, 103.66 KiB)
[ Info: Initialized 7 total diagnostics
