┌ Info: Simulation info
│   job_id = lf1e_clw_cal_member
└   output_dir = /home/jeff/larcform1-experiments/experiments/clw calibration/output/uki_1/iteration_001/member_003/output_0000
┌ Info: Running
│   job_id = lf1e_clw_cal_member
│   output_dir = /home/jeff/larcform1-experiments/experiments/clw calibration/output/uki_1/iteration_001/member_003/output_0000
└   tspan = (0.0 seconds (2010-01-01T00:00:00) [counter = 0, period = 1 second, epoch = 2010-01-01T00:00:00], 172800.0 seconds (2010-01-03T00:00:00) [counter = 172800, period = 1 second, epoch = 2010-01-01T00:00:00])
┌ Info: Progress
│   simulation_time = 30 seconds
│   n_steps_completed = 1
│   wall_time_per_step = 0 seconds
│   wall_time_total = 0 seconds
│   wall_time_remaining = 0 seconds
│   wall_time_spent = 0 seconds
│   percent_complete = 0.0%
│   estimated_sypd = Inf
│   instantaneous_sypd = 0.0 (sdpd_estimate = 0.0)
│   date_now = 2026-07-05T16:15:19.580
└   estimated_finish_date = 2026-07-05T16:15:19.580
┌ Info: Progress
│   simulation_time = 1 minute
│   n_steps_completed = 2
│   wall_time_per_step = 0 seconds
│   wall_time_total = 0 seconds
│   wall_time_remaining = 0 seconds
│   wall_time_spent = 0 seconds
│   percent_complete = 0.0%
│   estimated_sypd = Inf
│   instantaneous_sypd = 0.03
│   date_now = 2026-07-05T16:15:22.304
└   estimated_finish_date = 2026-07-05T16:15:22.303
┌ Info: Progress
│   simulation_time = 2 minutes
│   n_steps_completed = 4
│   wall_time_per_step = 4 milliseconds, 768 microseconds
│   wall_time_total = 27 seconds, 469 milliseconds
│   wall_time_remaining = 27 seconds, 450 milliseconds
│   wall_time_spent = 19 milliseconds, 75 microseconds
│   percent_complete = 0.1%
│   estimated_sypd = 17.223
│   instantaneous_sypd = 17.223
│   date_now = 2026-07-05T16:15:22.313
└   estimated_finish_date = 2026-07-05T16:15:50.313
┌ Info: Progress
│   simulation_time = 4 minutes
│   n_steps_completed = 8
│   wall_time_per_step = 4 milliseconds, 423 microseconds
│   wall_time_total = 25 seconds, 477 milliseconds
│   wall_time_remaining = 25 seconds, 442 milliseconds
│   wall_time_spent = 35 milliseconds, 385 microseconds
│   percent_complete = 0.1%
│   estimated_sypd = 18.569
│   instantaneous_sypd = 20.144
│   date_now = 2026-07-05T16:15:22.329
└   estimated_finish_date = 2026-07-05T16:15:48.329
┌ Info: Progress
│   simulation_time = 8 minutes
│   n_steps_completed = 16
│   wall_time_per_step = 4 milliseconds, 160 microseconds
│   wall_time_total = 23 seconds, 962 milliseconds
│   wall_time_remaining = 23 seconds, 896 milliseconds
│   wall_time_spent = 66 milliseconds, 563 microseconds
│   percent_complete = 0.3%
│   estimated_sypd = 19.743
│   instantaneous_sypd = 21.075
│   date_now = 2026-07-05T16:15:22.361
└   estimated_finish_date = 2026-07-05T16:15:46.361
┌ Info: Progress
│   simulation_time = 16 minutes
│   n_steps_completed = 32
│   wall_time_per_step = 3 milliseconds, 987 microseconds
│   wall_time_total = 22 seconds, 967 milliseconds
│   wall_time_remaining = 22 seconds, 840 milliseconds
│   wall_time_spent = 127 milliseconds, 599 microseconds
│   percent_complete = 0.6%
│   estimated_sypd = 20.598
│   instantaneous_sypd = 21.531
│   date_now = 2026-07-05T16:15:22.422
└   estimated_finish_date = 2026-07-05T16:15:45.422
┌ Info: Progress
│   simulation_time = 32 minutes
│   n_steps_completed = 64
│   wall_time_per_step = 4 milliseconds, 34 microseconds
│   wall_time_total = 23 seconds, 238 milliseconds
│   wall_time_remaining = 22 seconds, 980 milliseconds
│   wall_time_spent = 258 milliseconds, 204 microseconds
│   percent_complete = 1.1%
│   estimated_sypd = 20.359
│   instantaneous_sypd = 20.124
│   date_now = 2026-07-05T16:15:22.552
└   estimated_finish_date = 2026-07-05T16:15:45.552
┌ Info: Progress
│   simulation_time = 1 hour, 4 minutes
│   n_steps_completed = 128
│   wall_time_per_step = 4 milliseconds, 133 microseconds
│   wall_time_total = 23 seconds, 807 milliseconds
│   wall_time_remaining = 23 seconds, 278 milliseconds
│   wall_time_spent = 529 milliseconds, 51 microseconds
│   percent_complete = 2.2%
│   estimated_sypd = 19.872
│   instantaneous_sypd = 19.408
│   date_now = 2026-07-05T16:15:22.823
└   estimated_finish_date = 2026-07-05T16:15:46.823
┌ Info: Progress
│   simulation_time = 2 hours, 8 minutes
│   n_steps_completed = 256
│   wall_time_per_step = 4 milliseconds, 102 microseconds
│   wall_time_total = 23 seconds, 631 milliseconds
│   wall_time_remaining = 22 seconds, 581 milliseconds
│   wall_time_spent = 1 second, 50 milliseconds
│   percent_complete = 4.4%
│   estimated_sypd = 20.02
│   instantaneous_sypd = 20.17
│   date_now = 2026-07-05T16:15:23.344
└   estimated_finish_date = 2026-07-05T16:15:46.344
┌ Info: Progress
│   simulation_time = 4 hours, 16 minutes
│   n_steps_completed = 512
│   wall_time_per_step = 4 milliseconds, 125 microseconds
│   wall_time_total = 23 seconds, 764 milliseconds
│   wall_time_remaining = 21 seconds, 651 milliseconds
│   wall_time_spent = 2 seconds, 112 milliseconds
│   percent_complete = 8.9%
│   estimated_sypd = 19.908
│   instantaneous_sypd = 19.798
│   date_now = 2026-07-05T16:15:24.406
└   estimated_finish_date = 2026-07-05T16:15:46.406
┌ Info: Progress
│   simulation_time = 6 hours, 40 minutes
│   n_steps_completed = 801
│   wall_time_per_step = 4 milliseconds, 185 microseconds
│   wall_time_total = 24 seconds, 109 milliseconds
│   wall_time_remaining = 20 seconds, 756 milliseconds
│   wall_time_spent = 3 seconds, 352 milliseconds
│   percent_complete = 13.9%
│   estimated_sypd = 19.623
│   instantaneous_sypd = 19.137
│   date_now = 2026-07-05T16:15:25.647
└   estimated_finish_date = 2026-07-05T16:15:46.647
┌ Info: Progress
│   simulation_time = 8 hours, 32 minutes
│   n_steps_completed = 1024
│   wall_time_per_step = 4 milliseconds, 241 microseconds
│   wall_time_total = 24 seconds, 432 milliseconds
│   wall_time_remaining = 20 seconds, 88 milliseconds
│   wall_time_spent = 4 seconds, 343 milliseconds
│   percent_complete = 17.8%
│   estimated_sypd = 19.364
│   instantaneous_sypd = 18.487
│   date_now = 2026-07-05T16:15:26.638
└   estimated_finish_date = 2026-07-05T16:15:47.638
┌ Info: Progress
│   simulation_time = 10 hours, 56 minutes
│   n_steps_completed = 1313
│   wall_time_per_step = 4 milliseconds, 305 microseconds
│   wall_time_total = 24 seconds, 802 milliseconds
│   wall_time_remaining = 19 seconds, 148 milliseconds
│   wall_time_spent = 5 seconds, 653 milliseconds
│   percent_complete = 22.8%
│   estimated_sypd = 19.075
│   instantaneous_sypd = 18.116
│   date_now = 2026-07-05T16:15:27.948
└   estimated_finish_date = 2026-07-05T16:15:47.948
┌ Info: Progress
│   simulation_time = 13 hours, 21 minutes
│   n_steps_completed = 1602
│   wall_time_per_step = 4 milliseconds, 392 microseconds
│   wall_time_total = 25 seconds, 302 milliseconds
│   wall_time_remaining = 18 seconds, 265 milliseconds
│   wall_time_spent = 7 seconds, 37 milliseconds
│   percent_complete = 27.8%
│   estimated_sypd = 18.698
│   instantaneous_sypd = 17.156
│   date_now = 2026-07-05T16:15:29.331
└   estimated_finish_date = 2026-07-05T16:15:48.331
┌ Info: Progress
│   simulation_time = 15 hours, 45 minutes
│   n_steps_completed = 1891
│   wall_time_per_step = 4 milliseconds, 505 microseconds
│   wall_time_total = 25 seconds, 949 milliseconds
│   wall_time_remaining = 17 seconds, 430 milliseconds
│   wall_time_spent = 8 seconds, 519 milliseconds
│   percent_complete = 32.8%
│   estimated_sypd = 18.231
│   instantaneous_sypd = 16.018
│   date_now = 2026-07-05T16:15:30.813
└   estimated_finish_date = 2026-07-05T16:15:48.813
┌ Info: Progress
│   simulation_time = 17 hours, 4 minutes
│   n_steps_completed = 2048
│   wall_time_per_step = 4 milliseconds, 549 microseconds
│   wall_time_total = 26 seconds, 203 milliseconds
│   wall_time_remaining = 16 seconds, 886 milliseconds
│   wall_time_spent = 9 seconds, 316 milliseconds
│   percent_complete = 35.6%
│   estimated_sypd = 18.055
│   instantaneous_sypd = 16.167
│   date_now = 2026-07-05T16:15:31.611
└   estimated_finish_date = 2026-07-05T16:15:48.611
┌ Info: Progress
│   simulation_time = 19 hours, 28 minutes
│   n_steps_completed = 2337
│   wall_time_per_step = 4 milliseconds, 625 microseconds
│   wall_time_total = 26 seconds, 641 milliseconds
│   wall_time_remaining = 15 seconds, 832 milliseconds
│   wall_time_spent = 10 seconds, 809 milliseconds
│   percent_complete = 40.6%
│   estimated_sypd = 17.758
│   instantaneous_sypd = 15.904
│   date_now = 2026-07-05T16:15:33.104
└   estimated_finish_date = 2026-07-05T16:15:49.103
┌ Info: Progress
│   simulation_time = 21 hours, 53 minutes
│   n_steps_completed = 2626
│   wall_time_per_step = 4 milliseconds, 702 microseconds
│   wall_time_total = 27 seconds, 87 milliseconds
│   wall_time_remaining = 14 seconds, 738 milliseconds
│   wall_time_spent = 12 seconds, 349 milliseconds
│   percent_complete = 45.6%
│   estimated_sypd = 17.466
│   instantaneous_sypd = 15.416
│   date_now = 2026-07-05T16:15:34.643
└   estimated_finish_date = 2026-07-05T16:15:49.643
┌ Info: Progress
│   simulation_time = 1 day, 17 minutes
│   n_steps_completed = 2915
│   wall_time_per_step = 4 milliseconds, 783 microseconds
│   wall_time_total = 27 seconds, 551 milliseconds
│   wall_time_remaining = 13 seconds, 608 milliseconds
│   wall_time_spent = 13 seconds, 943 milliseconds
│   percent_complete = 50.6%
│   estimated_sypd = 17.172
│   instantaneous_sypd = 14.892
│   date_now = 2026-07-05T16:15:36.237
└   estimated_finish_date = 2026-07-05T16:15:50.237
┌ Info: Progress
│   simulation_time = 1 day, 2 hours
│   n_steps_completed = 3204
│   wall_time_per_step = 4 milliseconds, 898 microseconds
│   wall_time_total = 28 seconds, 215 milliseconds
│   wall_time_remaining = 12 seconds, 520 milliseconds
│   wall_time_spent = 15 seconds, 694 milliseconds
│   percent_complete = 55.6%
│   estimated_sypd = 16.767
│   instantaneous_sypd = 13.55
│   date_now = 2026-07-05T16:15:37.989
└   estimated_finish_date = 2026-07-05T16:15:50.989
┌ Info: Progress
│   simulation_time = 1 day, 5 hours
│   n_steps_completed = 3493
│   wall_time_per_step = 4 milliseconds, 972 microseconds
│   wall_time_total = 28 seconds, 642 milliseconds
│   wall_time_remaining = 11 seconds, 273 milliseconds
│   wall_time_spent = 17 seconds, 369 milliseconds
│   percent_complete = 60.6%
│   estimated_sypd = 16.517
│   instantaneous_sypd = 14.173
│   date_now = 2026-07-05T16:15:39.664
└   estimated_finish_date = 2026-07-05T16:15:51.664
┌ Info: Progress
│   simulation_time = 1 day, 7 hours
│   n_steps_completed = 3782
│   wall_time_per_step = 5 milliseconds, 52 microseconds
│   wall_time_total = 29 seconds, 101 milliseconds
│   wall_time_remaining = 9 seconds, 993 milliseconds
│   wall_time_spent = 19 seconds, 108 milliseconds
│   percent_complete = 65.7%
│   estimated_sypd = 16.257
│   instantaneous_sypd = 13.654
│   date_now = 2026-07-05T16:15:41.402
└   estimated_finish_date = 2026-07-05T16:15:51.402
┌ Info: Progress
│   simulation_time = 1 day, 9 hours
│   n_steps_completed = 4071
│   wall_time_per_step = 5 milliseconds, 124 microseconds
│   wall_time_total = 29 seconds, 515 milliseconds
│   wall_time_remaining = 8 seconds, 654 milliseconds
│   wall_time_spent = 20 seconds, 860 milliseconds
│   percent_complete = 70.7%
│   estimated_sypd = 16.029
│   instantaneous_sypd = 13.544
│   date_now = 2026-07-05T16:15:43.155
└   estimated_finish_date = 2026-07-05T16:15:52.155
┌ Info: Progress
│   simulation_time = 1 day, 10 hours
│   n_steps_completed = 4096
│   wall_time_per_step = 5 milliseconds, 133 microseconds
│   wall_time_total = 29 seconds, 570 milliseconds
│   wall_time_remaining = 8 seconds, 542 milliseconds
│   wall_time_spent = 21 seconds, 27 milliseconds
│   percent_complete = 71.1%
│   estimated_sypd = 15.999
│   instantaneous_sypd = 12.314
│   date_now = 2026-07-05T16:15:43.322
└   estimated_finish_date = 2026-07-05T16:15:52.322
┌ Info: Progress
│   simulation_time = 1 day, 12 hours
│   n_steps_completed = 4385
│   wall_time_per_step = 5 milliseconds, 222 microseconds
│   wall_time_total = 30 seconds, 83 milliseconds
│   wall_time_remaining = 7 seconds, 181 milliseconds
│   wall_time_spent = 22 seconds, 901 milliseconds
│   percent_complete = 76.1%
│   estimated_sypd = 15.726
│   instantaneous_sypd = 12.664
│   date_now = 2026-07-05T16:15:45.196
└   estimated_finish_date = 2026-07-05T16:15:53.196
┌ Info: Progress
│   simulation_time = 1 day, 14 hours
│   n_steps_completed = 4674
│   wall_time_per_step = 5 milliseconds, 298 microseconds
│   wall_time_total = 30 seconds, 517 milliseconds
│   wall_time_remaining = 5 seconds, 753 milliseconds
│   wall_time_spent = 24 seconds, 763 milliseconds
│   percent_complete = 81.1%
│   estimated_sypd = 15.503
│   instantaneous_sypd = 12.75
│   date_now = 2026-07-05T16:15:47.058
└   estimated_finish_date = 2026-07-05T16:15:53.058
┌ Info: Progress
│   simulation_time = 1 day, 17 hours
│   n_steps_completed = 4963
│   wall_time_per_step = 5 milliseconds, 375 microseconds
│   wall_time_total = 30 seconds, 960 milliseconds
│   wall_time_remaining = 4 seconds, 283 milliseconds
│   wall_time_spent = 26 seconds, 676 milliseconds
│   percent_complete = 86.2%
│   estimated_sypd = 15.281
│   instantaneous_sypd = 12.409
│   date_now = 2026-07-05T16:15:48.971
└   estimated_finish_date = 2026-07-05T16:15:53.971
┌ Info: Progress
│   simulation_time = 1 day, 19 hours
│   n_steps_completed = 5252
│   wall_time_per_step = 5 milliseconds, 461 microseconds
│   wall_time_total = 31 seconds, 458 milliseconds
│   wall_time_remaining = 2 seconds, 774 milliseconds
│   wall_time_spent = 28 seconds, 683 milliseconds
│   percent_complete = 91.2%
│   estimated_sypd = 15.039
│   instantaneous_sypd = 11.826
│   date_now = 2026-07-05T16:15:50.978
└   estimated_finish_date = 2026-07-05T16:15:53.978
┌ Info: Progress
│   simulation_time = 1 day, 22 hours
│   n_steps_completed = 5541
│   wall_time_per_step = 5 milliseconds, 539 microseconds
│   wall_time_total = 31 seconds, 908 milliseconds
│   wall_time_remaining = 1 second, 213 milliseconds
│   wall_time_spent = 30 seconds, 695 milliseconds
│   percent_complete = 96.2%
│   estimated_sypd = 14.827
│   instantaneous_sypd = 11.798
│   date_now = 2026-07-05T16:15:52.990
└   estimated_finish_date = 2026-07-05T16:15:54.990
[ Info: solve! walltime = 32.251
[ Info: sypd: 14.679
[ Info: wall_time_per_timestep: 5 milliseconds, 599 microseconds
[ Info: Memory currently used (after solve!) by the process (RSS): 8.68 GiB
[ Info: Completed member 3
┌ Info: Making AtmosConfig with config files: 
│      /home/jeff/larcform1-experiments/ClimaAtmos.jl/src/config/../../config/default_configs/default_config.yml
└   
┌ Info: numerics 
│          `energy_q_tot_upwinding`::`Val{:vanleer_limiter}`
│                `tracer_upwinding`::`Val{:vanleer_limiter}`
│       `edmfx_mse_q_tot_upwinding`::`Val{:first_order}`
│         `edmfx_sgsflux_upwinding`::`Val{:none}`
│          `edmfx_tracer_upwinding`::`Val{:first_order}`
│         `test_dycore_consistency`::`Nothing`
│            `reproducible_restart`::`Nothing`
│                         `limiter`::`Nothing`
│                       `diff_mode`::`ClimaAtmos.Implicit`
│                       `hyperdiff`::`Nothing`
└   
┌ Info: AtmosModel: 
│   
│                               `water`::`ClimaAtmos.AtmosWater{ClimaAtmos.NonEquilibriumMicrophysics1M, ClimaAtmos.QuadratureCloud, ClimaAtmos.Implicit, Nothing, ClimaAtmos.SGSQuadrature{3, StaticArraysCore.SVector{3, Float32}, StaticArraysCore.SVector{3, Float32}, ClimaAtmos.GaussianSGS, Float32}, ClimaAtmos.FixedTerminalVelocity{Float32}}`
│                           `scm_setup`::`ClimaAtmos.SCMSetup{Nothing, Nothing, Nothing, Bool, @NamedTuple{prof_ug::AtmosphericProfilesLibrary.ZProfile{AtmosphericProfilesLibrary.var"#Larcform1_geostrophic_u##0#Larcform1_geostrophic_u##1"{Float32}}, prof_vg::AtmosphericProfilesLibrary.ZProfile{Returns{Float32}}, coriolis_param::Float32}}`
│                           `radiation`::`ClimaAtmos.AtmosRadiation{ClimaAtmos.RRTMGPInterface.AllSkyRadiationWithClearSkyDiagnostics{ClimaAtmos.InteractiveCloudInRadiation}, ClimaAtmos.Larcform1Insolation}`
│                            `turbconv`::`ClimaAtmos.AtmosTurbconv{ClimaAtmos.EDMFXModel{ClimaAtmos.InvZEntrainment, ClimaAtmos.BuoyancyVelocityDetrainment, Val{true}, Val{true}, Val{true}, Val{true}, Val{true}, ClimaAtmos.SmoothMinimumBlending}, ClimaAtmos.PrognosticEDMFX{1, true, Float32}, Nothing, Nothing, Nothing}`
│                     `prescribed_flow`::`Nothing`
│                        `gravity_wave`::`ClimaAtmos.AtmosGravityWave{Nothing, Nothing}`
│                  `vertical_diffusion`::`Nothing`
│                              `sponge`::`ClimaAtmos.AtmosSponge{Nothing, Nothing}`
│                             `surface`::`ClimaAtmos.AtmosSurface{ClimaAtmos.SurfaceConditions.MoninObukhov{Float32, Nothing, Nothing}, ClimaAtmos.SurfaceConditions.SlabOceanTemperature{Float32}, ClimaAtmos.SurfaceConditions.SurfaceBoundaryOverrides{Float32, Float32, Nothing, Nothing, Nothing, Nothing}, ClimaAtmos.ConstantAlbedo{Float32}}`
│                            `numerics`::`ClimaAtmos.AtmosNumerics{Val{:vanleer_limiter}, Val{:vanleer_limiter}, Val{:first_order}, Val{:none}, Val{:first_order}, Nothing, Nothing, Nothing, ClimaAtmos.Implicit, Nothing}`
│                           `chemistry`::`ClimaAtmos.AtmosChem{Nothing}`
└   
┌ Info: Microphysics settings: 
│                          `n_substeps`::`3`
│                     `n_substeps_quad`::`2`
│              `cloud_liquid_formation`::`CloudLiquidFormation`
│                 `cloud_ice_formation`::`TemperatureDependent`
│                      `cloud_ice_melt`::`CloudIceMelt`
│                 `rain_autoconversion`::`Kessler1M`
│                 `snow_autoconversion`::`NoSupersaturation`
│       `rain_condensation_evaporation`::`RainEvaporation`
│         `snow_deposition_sublimation`::`DepositionAndSublimation`
│                           `snow_melt`::`SnowMelt`
│         `cloud_liquid_rain_accretion`::`CloudLiquidRainAccretion`
│         `cloud_liquid_snow_accretion`::`CloudLiquidSnowAccretion`
│            `cloud_ice_rain_accretion`::`CloudIceRainAccretion`
│            `cloud_ice_snow_accretion`::`CloudIceSnowAccretion`
│                 `rain_snow_accretion`::`RainSnowAccretion`
└   
[ Info: Single-process ClimaAtmos run on CPUSingleThreaded
[ Info: Using ODE config: `ClimaTimeSteppers.ARS222`
[ Info: Initialized state (14.69 μs, 7.76 KiB)
[ Info: Built cache (228.283 ms, 172.6 MiB)
[ Info: Assembled callbacks (135.884 μs, 17.42 KiB)
┌ Info: Jacobian algorithm: ManualSparseJacobian(
│     approximate_solve_iters = 2,
└   )
[ Info: Jacobian derivative flags: topography_flag = IgnoreDerivative, diffusion_flag = UseDerivative
[ Info: Built tendency function (244.277 μs, 201.06 KiB)
[ Info: Initialized integrator (8.392 ms, 169.03 KiB)
[ Info: Added 7 user-provided YAML-style diagnostics
[ Info: Saving accumulated diagnostics to disk with frequency: 1 hour
[ Info: Set up diagnostics (616.386 μs, 103.66 KiB)
[ Info: Initialized 7 total diagnostics
