┌ Info: Simulation info
│   job_id = lf1e_clw_cal_member
└   output_dir = /home/jeff/larcform1-experiments/experiments/clw calibration/output/uki_1/iteration_005/member_009/output_0000
┌ Info: Running
│   job_id = lf1e_clw_cal_member
│   output_dir = /home/jeff/larcform1-experiments/experiments/clw calibration/output/uki_1/iteration_005/member_009/output_0000
└   tspan = (0.0 seconds (2010-01-01T00:00:00) [counter = 0, period = 1 second, epoch = 2010-01-01T00:00:00], 172800.0 seconds (2010-01-03T00:00:00) [counter = 172800, period = 1 second, epoch = 2010-01-01T00:00:00])
┌ Info: Progress
│   simulation_time = 30 seconds
│   n_steps_completed = 1
│   wall_time_per_step = 0 seconds
│   wall_time_total = 0 seconds
│   wall_time_remaining = 0 seconds
│   wall_time_spent = 0 seconds
│   percent_complete = 0.0%
│   estimated_sypd = Inf
│   instantaneous_sypd = 0.0 (sdpd_estimate = 0.0)
│   date_now = 2026-07-05T16:48:57.364
└   estimated_finish_date = 2026-07-05T16:48:57.364
┌ Info: Progress
│   simulation_time = 1 minute
│   n_steps_completed = 2
│   wall_time_per_step = 0 seconds
│   wall_time_total = 0 seconds
│   wall_time_remaining = 0 seconds
│   wall_time_spent = 0 seconds
│   percent_complete = 0.0%
│   estimated_sypd = Inf
│   instantaneous_sypd = 0.031
│   date_now = 2026-07-05T16:49:00.017
└   estimated_finish_date = 2026-07-05T16:49:00.017
┌ Info: Progress
│   simulation_time = 2 minutes
│   n_steps_completed = 4
│   wall_time_per_step = 4 milliseconds, 667 microseconds
│   wall_time_total = 26 seconds, 884 milliseconds
│   wall_time_remaining = 26 seconds, 865 milliseconds
│   wall_time_spent = 18 milliseconds, 669 microseconds
│   percent_complete = 0.1%
│   estimated_sypd = 17.598
│   instantaneous_sypd = 17.598
│   date_now = 2026-07-05T16:49:00.026
└   estimated_finish_date = 2026-07-05T16:49:27.026
┌ Info: Progress
│   simulation_time = 4 minutes
│   n_steps_completed = 8
│   wall_time_per_step = 4 milliseconds, 382 microseconds
│   wall_time_total = 25 seconds, 240 milliseconds
│   wall_time_remaining = 25 seconds, 205 milliseconds
│   wall_time_spent = 35 milliseconds, 56 microseconds
│   percent_complete = 0.1%
│   estimated_sypd = 18.744
│   instantaneous_sypd = 20.049
│   date_now = 2026-07-05T16:49:00.043
└   estimated_finish_date = 2026-07-05T16:49:26.043
┌ Info: Progress
│   simulation_time = 8 minutes
│   n_steps_completed = 16
│   wall_time_per_step = 4 milliseconds, 102 microseconds
│   wall_time_total = 23 seconds, 631 milliseconds
│   wall_time_remaining = 23 seconds, 565 milliseconds
│   wall_time_spent = 65 milliseconds, 642 microseconds
│   percent_complete = 0.3%
│   estimated_sypd = 20.02
│   instantaneous_sypd = 21.483
│   date_now = 2026-07-05T16:49:00.073
└   estimated_finish_date = 2026-07-05T16:49:24.073
┌ Info: Progress
│   simulation_time = 16 minutes
│   n_steps_completed = 32
│   wall_time_per_step = 3 milliseconds, 935 microseconds
│   wall_time_total = 22 seconds, 670 milliseconds
│   wall_time_remaining = 22 seconds, 544 milliseconds
│   wall_time_spent = 125 milliseconds, 949 microseconds
│   percent_complete = 0.6%
│   estimated_sypd = 20.868
│   instantaneous_sypd = 21.791
│   date_now = 2026-07-05T16:49:00.134
└   estimated_finish_date = 2026-07-05T16:49:23.133
┌ Info: Progress
│   simulation_time = 32 minutes
│   n_steps_completed = 64
│   wall_time_per_step = 3 milliseconds, 958 microseconds
│   wall_time_total = 22 seconds, 802 milliseconds
│   wall_time_remaining = 22 seconds, 549 milliseconds
│   wall_time_spent = 253 milliseconds, 360 microseconds
│   percent_complete = 1.1%
│   estimated_sypd = 20.748
│   instantaneous_sypd = 20.629
│   date_now = 2026-07-05T16:49:00.261
└   estimated_finish_date = 2026-07-05T16:49:23.261
┌ Info: Progress
│   simulation_time = 1 hour, 4 minutes
│   n_steps_completed = 128
│   wall_time_per_step = 4 milliseconds, 87 microseconds
│   wall_time_total = 23 seconds, 543 milliseconds
│   wall_time_remaining = 23 seconds, 20 milliseconds
│   wall_time_spent = 523 milliseconds, 194 microseconds
│   percent_complete = 2.2%
│   estimated_sypd = 20.095
│   instantaneous_sypd = 19.481
│   date_now = 2026-07-05T16:49:00.531
└   estimated_finish_date = 2026-07-05T16:49:24.531
┌ Info: Progress
│   simulation_time = 2 hours, 8 minutes
│   n_steps_completed = 256
│   wall_time_per_step = 4 milliseconds, 83 microseconds
│   wall_time_total = 23 seconds, 520 milliseconds
│   wall_time_remaining = 22 seconds, 475 milliseconds
│   wall_time_spent = 1 second, 45 milliseconds
│   percent_complete = 4.4%
│   estimated_sypd = 20.114
│   instantaneous_sypd = 20.134
│   date_now = 2026-07-05T16:49:01.053
└   estimated_finish_date = 2026-07-05T16:49:24.053
┌ Info: Progress
│   simulation_time = 4 hours, 16 minutes
│   n_steps_completed = 512
│   wall_time_per_step = 4 milliseconds, 106 microseconds
│   wall_time_total = 23 seconds, 655 milliseconds
│   wall_time_remaining = 21 seconds, 552 milliseconds
│   wall_time_spent = 2 seconds, 102 milliseconds
│   percent_complete = 8.9%
│   estimated_sypd = 19.999
│   instantaneous_sypd = 19.886
│   date_now = 2026-07-05T16:49:02.110
└   estimated_finish_date = 2026-07-05T16:49:24.110
┌ Info: Progress
│   simulation_time = 6 hours, 40 minutes
│   n_steps_completed = 801
│   wall_time_per_step = 4 milliseconds, 170 microseconds
│   wall_time_total = 24 seconds, 19 milliseconds
│   wall_time_remaining = 20 seconds, 679 milliseconds
│   wall_time_spent = 3 seconds, 340 milliseconds
│   percent_complete = 13.9%
│   estimated_sypd = 19.697
│   instantaneous_sypd = 19.182
│   date_now = 2026-07-05T16:49:03.348
└   estimated_finish_date = 2026-07-05T16:49:24.348
┌ Info: Progress
│   simulation_time = 8 hours, 32 minutes
│   n_steps_completed = 1024
│   wall_time_per_step = 4 milliseconds, 221 microseconds
│   wall_time_total = 24 seconds, 317 milliseconds
│   wall_time_remaining = 19 seconds, 994 milliseconds
│   wall_time_spent = 4 seconds, 323 milliseconds
│   percent_complete = 17.8%
│   estimated_sypd = 19.455
│   instantaneous_sypd = 18.634
│   date_now = 2026-07-05T16:49:04.331
└   estimated_finish_date = 2026-07-05T16:49:24.331
┌ Info: Progress
│   simulation_time = 10 hours, 56 minutes
│   n_steps_completed = 1313
│   wall_time_per_step = 4 milliseconds, 285 microseconds
│   wall_time_total = 24 seconds, 686 milliseconds
│   wall_time_remaining = 19 seconds, 58 milliseconds
│   wall_time_spent = 5 seconds, 627 milliseconds
│   percent_complete = 22.8%
│   estimated_sypd = 19.165
│   instantaneous_sypd = 18.202
│   date_now = 2026-07-05T16:49:05.635
└   estimated_finish_date = 2026-07-05T16:49:25.635
┌ Info: Progress
│   simulation_time = 13 hours, 21 minutes
│   n_steps_completed = 1602
│   wall_time_per_step = 4 milliseconds, 367 microseconds
│   wall_time_total = 25 seconds, 159 milliseconds
│   wall_time_remaining = 18 seconds, 161 milliseconds
│   wall_time_spent = 6 seconds, 997 milliseconds
│   percent_complete = 27.8%
│   estimated_sypd = 18.804
│   instantaneous_sypd = 17.323
│   date_now = 2026-07-05T16:49:07.005
└   estimated_finish_date = 2026-07-05T16:49:26.005
┌ Info: Progress
│   simulation_time = 15 hours, 45 minutes
│   n_steps_completed = 1891
│   wall_time_per_step = 4 milliseconds, 447 microseconds
│   wall_time_total = 25 seconds, 617 milliseconds
│   wall_time_remaining = 17 seconds, 207 milliseconds
│   wall_time_spent = 8 seconds, 410 milliseconds
│   percent_complete = 32.8%
│   estimated_sypd = 18.468
│   instantaneous_sypd = 16.804
│   date_now = 2026-07-05T16:49:08.418
└   estimated_finish_date = 2026-07-05T16:49:26.418
┌ Info: Progress
│   simulation_time = 17 hours, 4 minutes
│   n_steps_completed = 2048
│   wall_time_per_step = 4 milliseconds, 493 microseconds
│   wall_time_total = 25 seconds, 884 milliseconds
│   wall_time_remaining = 16 seconds, 681 milliseconds
│   wall_time_spent = 9 seconds, 203 milliseconds
│   percent_complete = 35.6%
│   estimated_sypd = 18.277
│   instantaneous_sypd = 16.255
│   date_now = 2026-07-05T16:49:09.211
└   estimated_finish_date = 2026-07-05T16:49:26.211
┌ Info: Progress
│   simulation_time = 19 hours, 28 minutes
│   n_steps_completed = 2337
│   wall_time_per_step = 4 milliseconds, 571 microseconds
│   wall_time_total = 26 seconds, 329 milliseconds
│   wall_time_remaining = 15 seconds, 646 milliseconds
│   wall_time_spent = 10 seconds, 682 milliseconds
│   percent_complete = 40.6%
│   estimated_sypd = 17.968
│   instantaneous_sypd = 16.046
│   date_now = 2026-07-05T16:49:10.690
└   estimated_finish_date = 2026-07-05T16:49:26.690
┌ Info: Progress
│   simulation_time = 21 hours, 53 minutes
│   n_steps_completed = 2626
│   wall_time_per_step = 4 milliseconds, 642 microseconds
│   wall_time_total = 26 seconds, 742 milliseconds
│   wall_time_remaining = 14 seconds, 550 milliseconds
│   wall_time_spent = 12 seconds, 191 milliseconds
│   percent_complete = 45.6%
│   estimated_sypd = 17.691
│   instantaneous_sypd = 15.728
│   date_now = 2026-07-05T16:49:12.200
└   estimated_finish_date = 2026-07-05T16:49:27.200
┌ Info: Progress
│   simulation_time = 1 day, 17 minutes
│   n_steps_completed = 2915
│   wall_time_per_step = 4 milliseconds, 767 microseconds
│   wall_time_total = 27 seconds, 458 milliseconds
│   wall_time_remaining = 13 seconds, 562 milliseconds
│   wall_time_spent = 13 seconds, 896 milliseconds
│   percent_complete = 50.6%
│   estimated_sypd = 17.23
│   instantaneous_sypd = 13.929
│   date_now = 2026-07-05T16:49:13.904
└   estimated_finish_date = 2026-07-05T16:49:27.904
┌ Info: Progress
│   simulation_time = 1 day, 2 hours
│   n_steps_completed = 3204
│   wall_time_per_step = 4 milliseconds, 837 microseconds
│   wall_time_total = 27 seconds, 866 milliseconds
│   wall_time_remaining = 12 seconds, 365 milliseconds
│   wall_time_spent = 15 seconds, 500 milliseconds
│   percent_complete = 55.6%
│   estimated_sypd = 16.978
│   instantaneous_sypd = 14.795
│   date_now = 2026-07-05T16:49:15.508
└   estimated_finish_date = 2026-07-05T16:49:28.508
┌ Info: Progress
│   simulation_time = 1 day, 5 hours
│   n_steps_completed = 3493
│   wall_time_per_step = 4 milliseconds, 905 microseconds
│   wall_time_total = 28 seconds, 256 milliseconds
│   wall_time_remaining = 11 seconds, 121 milliseconds
│   wall_time_spent = 17 seconds, 135 milliseconds
│   percent_complete = 60.6%
│   estimated_sypd = 16.743
│   instantaneous_sypd = 14.519
│   date_now = 2026-07-05T16:49:17.143
└   estimated_finish_date = 2026-07-05T16:49:29.143
┌ Info: Progress
│   simulation_time = 1 day, 7 hours
│   n_steps_completed = 3782
│   wall_time_per_step = 4 milliseconds, 969 microseconds
│   wall_time_total = 28 seconds, 627 milliseconds
│   wall_time_remaining = 9 seconds, 830 milliseconds
│   wall_time_spent = 18 seconds, 796 milliseconds
│   percent_complete = 65.7%
│   estimated_sypd = 16.526
│   instantaneous_sypd = 14.291
│   date_now = 2026-07-05T16:49:18.804
└   estimated_finish_date = 2026-07-05T16:49:28.804
┌ Info: Progress
│   simulation_time = 1 day, 9 hours
│   n_steps_completed = 4071
│   wall_time_per_step = 5 milliseconds, 46 microseconds
│   wall_time_total = 29 seconds, 69 milliseconds
│   wall_time_remaining = 8 seconds, 523 milliseconds
│   wall_time_spent = 20 seconds, 545 milliseconds
│   percent_complete = 70.7%
│   estimated_sypd = 16.275
│   instantaneous_sypd = 13.573
│   date_now = 2026-07-05T16:49:20.553
└   estimated_finish_date = 2026-07-05T16:49:29.553
┌ Info: Progress
│   simulation_time = 1 day, 10 hours
│   n_steps_completed = 4096
│   wall_time_per_step = 5 milliseconds, 54 microseconds
│   wall_time_total = 29 seconds, 114 milliseconds
│   wall_time_remaining = 8 seconds, 410 milliseconds
│   wall_time_spent = 20 seconds, 703 milliseconds
│   percent_complete = 71.1%
│   estimated_sypd = 16.25
│   instantaneous_sypd = 12.963
│   date_now = 2026-07-05T16:49:20.711
└   estimated_finish_date = 2026-07-05T16:49:29.711
┌ Info: Progress
│   simulation_time = 1 day, 12 hours
│   n_steps_completed = 4385
│   wall_time_per_step = 5 milliseconds, 122 microseconds
│   wall_time_total = 29 seconds, 504 milliseconds
│   wall_time_remaining = 7 seconds, 43 milliseconds
│   wall_time_spent = 22 seconds, 461 milliseconds
│   percent_complete = 76.1%
│   estimated_sypd = 16.035
│   instantaneous_sypd = 13.503
│   date_now = 2026-07-05T16:49:22.469
└   estimated_finish_date = 2026-07-05T16:49:30.469
┌ Info: Progress
│   simulation_time = 1 day, 14 hours
│   n_steps_completed = 4674
│   wall_time_per_step = 5 milliseconds, 189 microseconds
│   wall_time_total = 29 seconds, 892 milliseconds
│   wall_time_remaining = 5 seconds, 636 milliseconds
│   wall_time_spent = 24 seconds, 256 milliseconds
│   percent_complete = 81.1%
│   estimated_sypd = 15.827
│   instantaneous_sypd = 13.223
│   date_now = 2026-07-05T16:49:24.264
└   estimated_finish_date = 2026-07-05T16:49:30.264
┌ Info: Progress
│   simulation_time = 1 day, 17 hours
│   n_steps_completed = 4963
│   wall_time_per_step = 5 milliseconds, 268 microseconds
│   wall_time_total = 30 seconds, 344 milliseconds
│   wall_time_remaining = 4 seconds, 198 milliseconds
│   wall_time_spent = 26 seconds, 146 milliseconds
│   percent_complete = 86.2%
│   estimated_sypd = 15.591
│   instantaneous_sypd = 12.563
│   date_now = 2026-07-05T16:49:26.154
└   estimated_finish_date = 2026-07-05T16:49:31.154
┌ Info: Progress
│   simulation_time = 1 day, 19 hours
│   n_steps_completed = 5252
│   wall_time_per_step = 5 milliseconds, 332 microseconds
│   wall_time_total = 30 seconds, 714 milliseconds
│   wall_time_remaining = 2 seconds, 708 milliseconds
│   wall_time_spent = 28 seconds, 5 milliseconds
│   percent_complete = 91.2%
│   estimated_sypd = 15.403
│   instantaneous_sypd = 12.766
│   date_now = 2026-07-05T16:49:28.013
└   estimated_finish_date = 2026-07-05T16:49:31.013
┌ Info: Progress
│   simulation_time = 1 day, 22 hours
│   n_steps_completed = 5541
│   wall_time_per_step = 5 milliseconds, 395 microseconds
│   wall_time_total = 31 seconds, 80 milliseconds
│   wall_time_remaining = 1 second, 181 milliseconds
│   wall_time_spent = 29 seconds, 898 milliseconds
│   percent_complete = 96.2%
│   estimated_sypd = 15.222
│   instantaneous_sypd = 12.536
│   date_now = 2026-07-05T16:49:29.907
└   estimated_finish_date = 2026-07-05T16:49:31.907
[ Info: solve! walltime = 31.402
[ Info: sypd: 15.076
[ Info: wall_time_per_timestep: 5 milliseconds, 451 microseconds
[ Info: Memory currently used (after solve!) by the process (RSS): 8.68 GiB
[ Info: Completed member 9
┌ Info: Making AtmosConfig with config files: 
│      /home/jeff/larcform1-experiments/ClimaAtmos.jl/src/config/../../config/default_configs/default_config.yml
└   
┌ Info: numerics 
│          `energy_q_tot_upwinding`::`Val{:vanleer_limiter}`
│                `tracer_upwinding`::`Val{:vanleer_limiter}`
│       `edmfx_mse_q_tot_upwinding`::`Val{:first_order}`
│         `edmfx_sgsflux_upwinding`::`Val{:none}`
│          `edmfx_tracer_upwinding`::`Val{:first_order}`
│         `test_dycore_consistency`::`Nothing`
│            `reproducible_restart`::`Nothing`
│                         `limiter`::`Nothing`
│                       `diff_mode`::`ClimaAtmos.Implicit`
│                       `hyperdiff`::`Nothing`
└   
┌ Info: AtmosModel: 
│   
│                               `water`::`ClimaAtmos.AtmosWater{ClimaAtmos.NonEquilibriumMicrophysics1M, ClimaAtmos.QuadratureCloud, ClimaAtmos.Implicit, Nothing, ClimaAtmos.SGSQuadrature{3, StaticArraysCore.SVector{3, Float32}, StaticArraysCore.SVector{3, Float32}, ClimaAtmos.GaussianSGS, Float32}, ClimaAtmos.FixedTerminalVelocity{Float32}}`
│                           `scm_setup`::`ClimaAtmos.SCMSetup{Nothing, Nothing, Nothing, Bool, @NamedTuple{prof_ug::AtmosphericProfilesLibrary.ZProfile{AtmosphericProfilesLibrary.var"#Larcform1_geostrophic_u##0#Larcform1_geostrophic_u##1"{Float32}}, prof_vg::AtmosphericProfilesLibrary.ZProfile{Returns{Float32}}, coriolis_param::Float32}}`
│                           `radiation`::`ClimaAtmos.AtmosRadiation{ClimaAtmos.RRTMGPInterface.AllSkyRadiationWithClearSkyDiagnostics{ClimaAtmos.InteractiveCloudInRadiation}, ClimaAtmos.Larcform1Insolation}`
│                            `turbconv`::`ClimaAtmos.AtmosTurbconv{ClimaAtmos.EDMFXModel{ClimaAtmos.InvZEntrainment, ClimaAtmos.BuoyancyVelocityDetrainment, Val{true}, Val{true}, Val{true}, Val{true}, Val{true}, ClimaAtmos.SmoothMinimumBlending}, ClimaAtmos.PrognosticEDMFX{1, true, Float32}, Nothing, Nothing, Nothing}`
│                     `prescribed_flow`::`Nothing`
│                        `gravity_wave`::`ClimaAtmos.AtmosGravityWave{Nothing, Nothing}`
│                  `vertical_diffusion`::`Nothing`
│                              `sponge`::`ClimaAtmos.AtmosSponge{Nothing, Nothing}`
│                             `surface`::`ClimaAtmos.AtmosSurface{ClimaAtmos.SurfaceConditions.MoninObukhov{Float32, Nothing, Nothing}, ClimaAtmos.SurfaceConditions.SlabOceanTemperature{Float32}, ClimaAtmos.SurfaceConditions.SurfaceBoundaryOverrides{Float32, Float32, Nothing, Nothing, Nothing, Nothing}, ClimaAtmos.ConstantAlbedo{Float32}}`
│                            `numerics`::`ClimaAtmos.AtmosNumerics{Val{:vanleer_limiter}, Val{:vanleer_limiter}, Val{:first_order}, Val{:none}, Val{:first_order}, Nothing, Nothing, Nothing, ClimaAtmos.Implicit, Nothing}`
│                           `chemistry`::`ClimaAtmos.AtmosChem{Nothing}`
└   
┌ Info: Microphysics settings: 
│                          `n_substeps`::`3`
│                     `n_substeps_quad`::`2`
│              `cloud_liquid_formation`::`CloudLiquidFormation`
│                 `cloud_ice_formation`::`TemperatureDependent`
│                      `cloud_ice_melt`::`CloudIceMelt`
│                 `rain_autoconversion`::`Kessler1M`
│                 `snow_autoconversion`::`NoSupersaturation`
│       `rain_condensation_evaporation`::`RainEvaporation`
│         `snow_deposition_sublimation`::`DepositionAndSublimation`
│                           `snow_melt`::`SnowMelt`
│         `cloud_liquid_rain_accretion`::`CloudLiquidRainAccretion`
│         `cloud_liquid_snow_accretion`::`CloudLiquidSnowAccretion`
│            `cloud_ice_rain_accretion`::`CloudIceRainAccretion`
│            `cloud_ice_snow_accretion`::`CloudIceSnowAccretion`
│                 `rain_snow_accretion`::`RainSnowAccretion`
└   
[ Info: Single-process ClimaAtmos run on CPUSingleThreaded
[ Info: Using ODE config: `ClimaTimeSteppers.ARS222`
[ Info: Initialized state (54.931 μs, 7.76 KiB)
[ Info: Built cache (225.847 ms, 172.6 MiB)
[ Info: Assembled callbacks (138.353 μs, 17.42 KiB)
┌ Info: Jacobian algorithm: ManualSparseJacobian(
│     approximate_solve_iters = 2,
└   )
[ Info: Jacobian derivative flags: topography_flag = IgnoreDerivative, diffusion_flag = UseDerivative
[ Info: Built tendency function (225.446 μs, 201.06 KiB)
[ Info: Initialized integrator (8.594 ms, 169.03 KiB)
[ Info: Added 7 user-provided YAML-style diagnostics
[ Info: Saving accumulated diagnostics to disk with frequency: 1 hour
[ Info: Set up diagnostics (426.861 μs, 103.66 KiB)
[ Info: Initialized 7 total diagnostics
