┌ Info: Simulation info
│   job_id = lf1e_clw_cal_member
└   output_dir = /home/jeff/larcform1-experiments/experiments/clw calibration/output/smoke/iteration_001/member_004/output_0000
┌ Info: Running
│   job_id = lf1e_clw_cal_member
│   output_dir = /home/jeff/larcform1-experiments/experiments/clw calibration/output/smoke/iteration_001/member_004/output_0000
└   tspan = (0.0 seconds (2010-01-01T00:00:00) [counter = 0, period = 1 second, epoch = 2010-01-01T00:00:00], 172800.0 seconds (2010-01-03T00:00:00) [counter = 172800, period = 1 second, epoch = 2010-01-01T00:00:00])
┌ Info: Progress
│   simulation_time = 30 seconds
│   n_steps_completed = 1
│   wall_time_per_step = 0 seconds
│   wall_time_total = 0 seconds
│   wall_time_remaining = 0 seconds
│   wall_time_spent = 0 seconds
│   percent_complete = 0.0%
│   estimated_sypd = Inf
│   instantaneous_sypd = 0.0 (sdpd_estimate = 0.0)
│   date_now = 2026-07-05T09:06:01.951
└   estimated_finish_date = 2026-07-05T09:06:01.951
┌ Info: Progress
│   simulation_time = 1 minute
│   n_steps_completed = 2
│   wall_time_per_step = 0 seconds
│   wall_time_total = 0 seconds
│   wall_time_remaining = 0 seconds
│   wall_time_spent = 0 seconds
│   percent_complete = 0.0%
│   estimated_sypd = Inf
│   instantaneous_sypd = 0.032
│   date_now = 2026-07-05T09:06:04.497
└   estimated_finish_date = 2026-07-05T09:06:04.497
┌ Info: Progress
│   simulation_time = 2 minutes
│   n_steps_completed = 4
│   wall_time_per_step = 4 milliseconds, 528 microseconds
│   wall_time_total = 26 seconds, 84 milliseconds
│   wall_time_remaining = 26 seconds, 66 milliseconds
│   wall_time_spent = 18 milliseconds, 114 microseconds
│   percent_complete = 0.1%
│   estimated_sypd = 18.137
│   instantaneous_sypd = 18.137
│   date_now = 2026-07-05T09:06:04.506
└   estimated_finish_date = 2026-07-05T09:06:31.506
┌ Info: Progress
│   simulation_time = 4 minutes
│   n_steps_completed = 8
│   wall_time_per_step = 4 milliseconds, 264 microseconds
│   wall_time_total = 24 seconds, 561 milliseconds
│   wall_time_remaining = 24 seconds, 527 milliseconds
│   wall_time_spent = 34 milliseconds, 112 microseconds
│   percent_complete = 0.1%
│   estimated_sypd = 19.262
│   instantaneous_sypd = 20.535
│   date_now = 2026-07-05T09:06:04.522
└   estimated_finish_date = 2026-07-05T09:06:29.522
┌ Info: Progress
│   simulation_time = 8 minutes
│   n_steps_completed = 16
│   wall_time_per_step = 4 milliseconds, 35 microseconds
│   wall_time_total = 23 seconds, 244 milliseconds
│   wall_time_remaining = 23 seconds, 179 milliseconds
│   wall_time_spent = 64 milliseconds, 568 microseconds
│   percent_complete = 0.3%
│   estimated_sypd = 20.353
│   instantaneous_sypd = 21.575
│   date_now = 2026-07-05T09:06:04.553
└   estimated_finish_date = 2026-07-05T09:06:28.553
┌ Info: Progress
│   simulation_time = 16 minutes
│   n_steps_completed = 32
│   wall_time_per_step = 3 milliseconds, 913 microseconds
│   wall_time_total = 22 seconds, 540 milliseconds
│   wall_time_remaining = 22 seconds, 415 milliseconds
│   wall_time_spent = 125 milliseconds, 225 microseconds
│   percent_complete = 0.6%
│   estimated_sypd = 20.989
│   instantaneous_sypd = 21.666
│   date_now = 2026-07-05T09:06:04.614
└   estimated_finish_date = 2026-07-05T09:06:27.614
┌ Info: Progress
│   simulation_time = 32 minutes
│   n_steps_completed = 64
│   wall_time_per_step = 4 milliseconds, 198 microseconds
│   wall_time_total = 24 seconds, 184 milliseconds
│   wall_time_remaining = 23 seconds, 915 milliseconds
│   wall_time_spent = 268 milliseconds, 717 microseconds
│   percent_complete = 1.1%
│   estimated_sypd = 19.562
│   instantaneous_sypd = 18.317
│   date_now = 2026-07-05T09:06:04.757
└   estimated_finish_date = 2026-07-05T09:06:28.757
┌ Info: Progress
│   simulation_time = 1 hour, 4 minutes
│   n_steps_completed = 128
│   wall_time_per_step = 4 milliseconds, 202 microseconds
│   wall_time_total = 24 seconds, 205 milliseconds
│   wall_time_remaining = 23 seconds, 667 milliseconds
│   wall_time_spent = 537 milliseconds, 897 microseconds
│   percent_complete = 2.2%
│   estimated_sypd = 19.545
│   instantaneous_sypd = 19.528
│   date_now = 2026-07-05T09:06:05.026
└   estimated_finish_date = 2026-07-05T09:06:29.026
┌ Info: Progress
│   simulation_time = 2 hours, 8 minutes
│   n_steps_completed = 256
│   wall_time_per_step = 4 milliseconds, 107 microseconds
│   wall_time_total = 23 seconds, 661 milliseconds
│   wall_time_remaining = 22 seconds, 609 milliseconds
│   wall_time_spent = 1 second, 51 milliseconds
│   percent_complete = 4.4%
│   estimated_sypd = 19.995
│   instantaneous_sypd = 20.465
│   date_now = 2026-07-05T09:06:05.540
└   estimated_finish_date = 2026-07-05T09:06:28.540
┌ Info: Progress
│   simulation_time = 4 hours, 16 minutes
│   n_steps_completed = 512
│   wall_time_per_step = 4 milliseconds, 84 microseconds
│   wall_time_total = 23 seconds, 524 milliseconds
│   wall_time_remaining = 21 seconds, 433 milliseconds
│   wall_time_spent = 2 seconds, 91 milliseconds
│   percent_complete = 8.9%
│   estimated_sypd = 20.111
│   instantaneous_sypd = 20.229
│   date_now = 2026-07-05T09:06:06.579
└   estimated_finish_date = 2026-07-05T09:06:28.579
┌ Info: Progress
│   simulation_time = 6 hours, 40 minutes
│   n_steps_completed = 801
│   wall_time_per_step = 4 milliseconds, 123 microseconds
│   wall_time_total = 23 seconds, 748 milliseconds
│   wall_time_remaining = 20 seconds, 446 milliseconds
│   wall_time_spent = 3 seconds, 302 milliseconds
│   percent_complete = 13.9%
│   estimated_sypd = 19.921
│   instantaneous_sypd = 19.593
│   date_now = 2026-07-05T09:06:07.791
└   estimated_finish_date = 2026-07-05T09:06:28.791
┌ Info: Progress
│   simulation_time = 8 hours, 32 minutes
│   n_steps_completed = 1024
│   wall_time_per_step = 4 milliseconds, 178 microseconds
│   wall_time_total = 24 seconds, 71 milliseconds
│   wall_time_remaining = 19 seconds, 791 milliseconds
│   wall_time_spent = 4 seconds, 279 milliseconds
│   percent_complete = 17.8%
│   estimated_sypd = 19.654
│   instantaneous_sypd = 18.753
│   date_now = 2026-07-05T09:06:08.768
└   estimated_finish_date = 2026-07-05T09:06:28.768
┌ Info: Progress
│   simulation_time = 10 hours, 56 minutes
│   n_steps_completed = 1313
│   wall_time_per_step = 4 milliseconds, 234 microseconds
│   wall_time_total = 24 seconds, 388 milliseconds
│   wall_time_remaining = 18 seconds, 829 milliseconds
│   wall_time_spent = 5 seconds, 559 milliseconds
│   percent_complete = 22.8%
│   estimated_sypd = 19.398
│   instantaneous_sypd = 18.542
│   date_now = 2026-07-05T09:06:10.048
└   estimated_finish_date = 2026-07-05T09:06:29.048
┌ Info: Progress
│   simulation_time = 13 hours, 21 minutes
│   n_steps_completed = 1602
│   wall_time_per_step = 4 milliseconds, 310 microseconds
│   wall_time_total = 24 seconds, 826 milliseconds
│   wall_time_remaining = 17 seconds, 921 milliseconds
│   wall_time_spent = 6 seconds, 905 milliseconds
│   percent_complete = 27.8%
│   estimated_sypd = 19.056
│   instantaneous_sypd = 17.642
│   date_now = 2026-07-05T09:06:11.393
└   estimated_finish_date = 2026-07-05T09:06:29.393
┌ Info: Progress
│   simulation_time = 15 hours, 45 minutes
│   n_steps_completed = 1891
│   wall_time_per_step = 4 milliseconds, 383 microseconds
│   wall_time_total = 25 seconds, 247 milliseconds
│   wall_time_remaining = 16 seconds, 958 milliseconds
│   wall_time_spent = 8 seconds, 288 milliseconds
│   percent_complete = 32.8%
│   estimated_sypd = 18.738
│   instantaneous_sypd = 17.154
│   date_now = 2026-07-05T09:06:12.777
└   estimated_finish_date = 2026-07-05T09:06:29.777
┌ Info: Progress
│   simulation_time = 17 hours, 4 minutes
│   n_steps_completed = 2048
│   wall_time_per_step = 4 milliseconds, 457 microseconds
│   wall_time_total = 25 seconds, 672 milliseconds
│   wall_time_remaining = 16 seconds, 544 milliseconds
│   wall_time_spent = 9 seconds, 128 milliseconds
│   percent_complete = 35.6%
│   estimated_sypd = 18.428
│   instantaneous_sypd = 15.363
│   date_now = 2026-07-05T09:06:13.617
└   estimated_finish_date = 2026-07-05T09:06:30.617
┌ Info: Progress
│   simulation_time = 19 hours, 28 minutes
│   n_steps_completed = 2337
│   wall_time_per_step = 4 milliseconds, 524 microseconds
│   wall_time_total = 26 seconds, 59 milliseconds
│   wall_time_remaining = 15 seconds, 486 milliseconds
│   wall_time_spent = 10 seconds, 572 milliseconds
│   percent_complete = 40.6%
│   estimated_sypd = 18.155
│   instantaneous_sypd = 16.429
│   date_now = 2026-07-05T09:06:15.061
└   estimated_finish_date = 2026-07-05T09:06:31.061
┌ Info: Progress
│   simulation_time = 21 hours, 53 minutes
│   n_steps_completed = 2626
│   wall_time_per_step = 4 milliseconds, 602 microseconds
│   wall_time_total = 26 seconds, 513 milliseconds
│   wall_time_remaining = 14 seconds, 425 milliseconds
│   wall_time_spent = 12 seconds, 87 milliseconds
│   percent_complete = 45.6%
│   estimated_sypd = 17.844
│   instantaneous_sypd = 15.674
│   date_now = 2026-07-05T09:06:16.576
└   estimated_finish_date = 2026-07-05T09:06:31.576
┌ Info: Progress
│   simulation_time = 1 day, 17 minutes
│   n_steps_completed = 2915
│   wall_time_per_step = 4 milliseconds, 722 microseconds
│   wall_time_total = 27 seconds, 202 milliseconds
│   wall_time_remaining = 13 seconds, 435 milliseconds
│   wall_time_spent = 13 seconds, 766 milliseconds
│   percent_complete = 50.6%
│   estimated_sypd = 17.392
│   instantaneous_sypd = 14.138
│   date_now = 2026-07-05T09:06:18.255
└   estimated_finish_date = 2026-07-05T09:06:32.255
┌ Info: Progress
│   simulation_time = 1 day, 2 hours
│   n_steps_completed = 3204
│   wall_time_per_step = 4 milliseconds, 792 microseconds
│   wall_time_total = 27 seconds, 602 milliseconds
│   wall_time_remaining = 12 seconds, 248 milliseconds
│   wall_time_spent = 15 seconds, 353 milliseconds
│   percent_complete = 55.6%
│   estimated_sypd = 17.14
│   instantaneous_sypd = 14.952
│   date_now = 2026-07-05T09:06:19.842
└   estimated_finish_date = 2026-07-05T09:06:32.842
┌ Info: Progress
│   simulation_time = 1 day, 5 hours
│   n_steps_completed = 3493
│   wall_time_per_step = 4 milliseconds, 860 microseconds
│   wall_time_total = 27 seconds, 997 milliseconds
│   wall_time_remaining = 11 seconds, 19 milliseconds
│   wall_time_spent = 16 seconds, 978 milliseconds
│   percent_complete = 60.6%
│   estimated_sypd = 16.898
│   instantaneous_sypd = 14.614
│   date_now = 2026-07-05T09:06:21.467
└   estimated_finish_date = 2026-07-05T09:06:33.467
┌ Info: Progress
│   simulation_time = 1 day, 7 hours
│   n_steps_completed = 3782
│   wall_time_per_step = 4 milliseconds, 927 microseconds
│   wall_time_total = 28 seconds, 385 milliseconds
│   wall_time_remaining = 9 seconds, 747 milliseconds
│   wall_time_spent = 18 seconds, 637 milliseconds
│   percent_complete = 65.7%
│   estimated_sypd = 16.667
│   instantaneous_sypd = 14.305
│   date_now = 2026-07-05T09:06:23.126
└   estimated_finish_date = 2026-07-05T09:06:33.126
┌ Info: Progress
│   simulation_time = 1 day, 9 hours
│   n_steps_completed = 4071
│   wall_time_per_step = 5 milliseconds, 10 microseconds
│   wall_time_total = 28 seconds, 859 milliseconds
│   wall_time_remaining = 8 seconds, 462 milliseconds
│   wall_time_spent = 20 seconds, 396 milliseconds
│   percent_complete = 70.7%
│   estimated_sypd = 16.393
│   instantaneous_sypd = 13.494
│   date_now = 2026-07-05T09:06:24.885
└   estimated_finish_date = 2026-07-05T09:06:33.885
┌ Info: Progress
│   simulation_time = 1 day, 10 hours
│   n_steps_completed = 4096
│   wall_time_per_step = 5 milliseconds, 18 microseconds
│   wall_time_total = 28 seconds, 908 milliseconds
│   wall_time_remaining = 8 seconds, 351 milliseconds
│   wall_time_spent = 20 seconds, 557 milliseconds
│   percent_complete = 71.1%
│   estimated_sypd = 16.365
│   instantaneous_sypd = 12.788
│   date_now = 2026-07-05T09:06:25.046
└   estimated_finish_date = 2026-07-05T09:06:34.046
┌ Info: Progress
│   simulation_time = 1 day, 12 hours
│   n_steps_completed = 4385
│   wall_time_per_step = 5 milliseconds, 92 microseconds
│   wall_time_total = 29 seconds, 332 milliseconds
│   wall_time_remaining = 7 seconds, 2 milliseconds
│   wall_time_spent = 22 seconds, 330 milliseconds
│   percent_complete = 76.1%
│   estimated_sypd = 16.129
│   instantaneous_sypd = 13.388
│   date_now = 2026-07-05T09:06:26.819
└   estimated_finish_date = 2026-07-05T09:06:34.819
┌ Info: Progress
│   simulation_time = 1 day, 14 hours
│   n_steps_completed = 4674
│   wall_time_per_step = 5 milliseconds, 167 microseconds
│   wall_time_total = 29 seconds, 766 milliseconds
│   wall_time_remaining = 5 seconds, 612 milliseconds
│   wall_time_spent = 24 seconds, 154 milliseconds
│   percent_complete = 81.1%
│   estimated_sypd = 15.894
│   instantaneous_sypd = 13.015
│   date_now = 2026-07-05T09:06:28.643
└   estimated_finish_date = 2026-07-05T09:06:34.643
┌ Info: Progress
│   simulation_time = 1 day, 17 hours
│   n_steps_completed = 4963
│   wall_time_per_step = 5 milliseconds, 247 microseconds
│   wall_time_total = 30 seconds, 228 milliseconds
│   wall_time_remaining = 4 seconds, 182 milliseconds
│   wall_time_spent = 26 seconds, 45 milliseconds
│   percent_complete = 86.2%
│   estimated_sypd = 15.651
│   instantaneous_sypd = 12.55
│   date_now = 2026-07-05T09:06:30.534
└   estimated_finish_date = 2026-07-05T09:06:35.534
┌ Info: Progress
│   simulation_time = 1 day, 19 hours
│   n_steps_completed = 5252
│   wall_time_per_step = 5 milliseconds, 341 microseconds
│   wall_time_total = 30 seconds, 766 milliseconds
│   wall_time_remaining = 2 seconds, 713 milliseconds
│   wall_time_spent = 28 seconds, 52 milliseconds
│   percent_complete = 91.2%
│   estimated_sypd = 15.377
│   instantaneous_sypd = 11.825
│   date_now = 2026-07-05T09:06:32.541
└   estimated_finish_date = 2026-07-05T09:06:35.541
┌ Info: Progress
│   simulation_time = 1 day, 22 hours
│   n_steps_completed = 5541
│   wall_time_per_step = 5 milliseconds, 420 microseconds
│   wall_time_total = 31 seconds, 224 milliseconds
│   wall_time_remaining = 1 second, 187 milliseconds
│   wall_time_spent = 30 seconds, 37 milliseconds
│   percent_complete = 96.2%
│   estimated_sypd = 15.152
│   instantaneous_sypd = 11.963
│   date_now = 2026-07-05T09:06:34.526
└   estimated_finish_date = 2026-07-05T09:06:36.526
[ Info: solve! walltime = 31.563
[ Info: sypd: 15.0
[ Info: wall_time_per_timestep: 5 milliseconds, 479 microseconds
[ Info: Memory currently used (after solve!) by the process (RSS): 8.8 GiB
[ Info: Completed member 4
┌ Info: Making AtmosConfig with config files: 
│      /home/jeff/larcform1-experiments/ClimaAtmos.jl/src/config/../../config/default_configs/default_config.yml
└   
┌ Info: numerics 
│          `energy_q_tot_upwinding`::`Val{:vanleer_limiter}`
│                `tracer_upwinding`::`Val{:vanleer_limiter}`
│       `edmfx_mse_q_tot_upwinding`::`Val{:first_order}`
│         `edmfx_sgsflux_upwinding`::`Val{:none}`
│          `edmfx_tracer_upwinding`::`Val{:first_order}`
│         `test_dycore_consistency`::`Nothing`
│            `reproducible_restart`::`Nothing`
│                         `limiter`::`Nothing`
│                       `diff_mode`::`ClimaAtmos.Implicit`
│                       `hyperdiff`::`Nothing`
└   
┌ Info: AtmosModel: 
│   
│                               `water`::`ClimaAtmos.AtmosWater{ClimaAtmos.NonEquilibriumMicrophysics1M, ClimaAtmos.QuadratureCloud, ClimaAtmos.Implicit, Nothing, ClimaAtmos.SGSQuadrature{3, StaticArraysCore.SVector{3, Float32}, StaticArraysCore.SVector{3, Float32}, ClimaAtmos.GaussianSGS, Float32}, ClimaAtmos.FixedTerminalVelocity{Float32}}`
│                           `scm_setup`::`ClimaAtmos.SCMSetup{Nothing, Nothing, Nothing, Bool, @NamedTuple{prof_ug::AtmosphericProfilesLibrary.ZProfile{AtmosphericProfilesLibrary.var"#Larcform1_geostrophic_u##0#Larcform1_geostrophic_u##1"{Float32}}, prof_vg::AtmosphericProfilesLibrary.ZProfile{Returns{Float32}}, coriolis_param::Float32}}`
│                           `radiation`::`ClimaAtmos.AtmosRadiation{ClimaAtmos.RRTMGPInterface.AllSkyRadiationWithClearSkyDiagnostics{ClimaAtmos.InteractiveCloudInRadiation}, ClimaAtmos.Larcform1Insolation}`
│                            `turbconv`::`ClimaAtmos.AtmosTurbconv{ClimaAtmos.EDMFXModel{ClimaAtmos.InvZEntrainment, ClimaAtmos.BuoyancyVelocityDetrainment, Val{true}, Val{true}, Val{true}, Val{true}, Val{true}, ClimaAtmos.SmoothMinimumBlending}, ClimaAtmos.PrognosticEDMFX{1, true, Float32}, Nothing, Nothing, Nothing}`
│                     `prescribed_flow`::`Nothing`
│                        `gravity_wave`::`ClimaAtmos.AtmosGravityWave{Nothing, Nothing}`
│                  `vertical_diffusion`::`Nothing`
│                              `sponge`::`ClimaAtmos.AtmosSponge{Nothing, Nothing}`
│                             `surface`::`ClimaAtmos.AtmosSurface{ClimaAtmos.SurfaceConditions.MoninObukhov{Float32, Nothing, Nothing}, ClimaAtmos.SurfaceConditions.SlabOceanTemperature{Float32}, ClimaAtmos.SurfaceConditions.SurfaceBoundaryOverrides{Float32, Float32, Nothing, Nothing, Nothing, Nothing}, ClimaAtmos.ConstantAlbedo{Float32}}`
│                            `numerics`::`ClimaAtmos.AtmosNumerics{Val{:vanleer_limiter}, Val{:vanleer_limiter}, Val{:first_order}, Val{:none}, Val{:first_order}, Nothing, Nothing, Nothing, ClimaAtmos.Implicit, Nothing}`
│                           `chemistry`::`ClimaAtmos.AtmosChem{Nothing}`
└   
┌ Info: Microphysics settings: 
│                          `n_substeps`::`3`
│                     `n_substeps_quad`::`2`
│              `cloud_liquid_formation`::`CloudLiquidFormation`
│                 `cloud_ice_formation`::`TemperatureDependent`
│                      `cloud_ice_melt`::`CloudIceMelt`
│                 `rain_autoconversion`::`Kessler1M`
│                 `snow_autoconversion`::`NoSupersaturation`
│       `rain_condensation_evaporation`::`RainEvaporation`
│         `snow_deposition_sublimation`::`DepositionAndSublimation`
│                           `snow_melt`::`SnowMelt`
│         `cloud_liquid_rain_accretion`::`CloudLiquidRainAccretion`
│         `cloud_liquid_snow_accretion`::`CloudLiquidSnowAccretion`
│            `cloud_ice_rain_accretion`::`CloudIceRainAccretion`
│            `cloud_ice_snow_accretion`::`CloudIceSnowAccretion`
│                 `rain_snow_accretion`::`RainSnowAccretion`
└   
[ Info: Single-process ClimaAtmos run on CPUSingleThreaded
[ Info: Using ODE config: `ClimaTimeSteppers.ARS222`
[ Info: Initialized state (18.021 μs, 7.76 KiB)
[ Info: Built cache (237.935 ms, 172.6 MiB)
[ Info: Assembled callbacks (132.952 μs, 17.42 KiB)
┌ Info: Jacobian algorithm: ManualSparseJacobian(
│     approximate_solve_iters = 2,
└   )
[ Info: Jacobian derivative flags: topography_flag = IgnoreDerivative, diffusion_flag = UseDerivative
[ Info: Built tendency function (199.064 μs, 203.8 KiB)
[ Info: Initialized integrator (8.473 ms, 169.03 KiB)
[ Info: Added 7 user-provided YAML-style diagnostics
[ Info: Saving accumulated diagnostics to disk with frequency: 1 hour
[ Info: Set up diagnostics (527.579 μs, 105.05 KiB)
[ Info: Initialized 7 total diagnostics
