┌ Info: Simulation info
│   job_id = lf1e_clw_cal_member
└   output_dir = /home/jeff/larcform1-experiments/experiments/clw calibration/output/uki_1/iteration_006/member_006/output_0000
┌ Info: Running
│   job_id = lf1e_clw_cal_member
│   output_dir = /home/jeff/larcform1-experiments/experiments/clw calibration/output/uki_1/iteration_006/member_006/output_0000
└   tspan = (0.0 seconds (2010-01-01T00:00:00) [counter = 0, period = 1 second, epoch = 2010-01-01T00:00:00], 172800.0 seconds (2010-01-03T00:00:00) [counter = 172800, period = 1 second, epoch = 2010-01-01T00:00:00])
┌ Info: Progress
│   simulation_time = 30 seconds
│   n_steps_completed = 1
│   wall_time_per_step = 0 seconds
│   wall_time_total = 0 seconds
│   wall_time_remaining = 0 seconds
│   wall_time_spent = 0 seconds
│   percent_complete = 0.0%
│   estimated_sypd = Inf
│   instantaneous_sypd = 0.0 (sdpd_estimate = 0.0)
│   date_now = 2026-07-05T16:54:45.515
└   estimated_finish_date = 2026-07-05T16:54:45.515
┌ Info: Progress
│   simulation_time = 1 minute
│   n_steps_completed = 2
│   wall_time_per_step = 0 seconds
│   wall_time_total = 0 seconds
│   wall_time_remaining = 0 seconds
│   wall_time_spent = 0 seconds
│   percent_complete = 0.0%
│   estimated_sypd = Inf
│   instantaneous_sypd = 0.034
│   date_now = 2026-07-05T16:54:47.954
└   estimated_finish_date = 2026-07-05T16:54:47.954
┌ Info: Progress
│   simulation_time = 2 minutes
│   n_steps_completed = 4
│   wall_time_per_step = 4 milliseconds, 815 microseconds
│   wall_time_total = 27 seconds, 737 milliseconds
│   wall_time_remaining = 27 seconds, 718 milliseconds
│   wall_time_spent = 19 milliseconds, 262 microseconds
│   percent_complete = 0.1%
│   estimated_sypd = 17.056
│   instantaneous_sypd = 17.056
│   date_now = 2026-07-05T16:54:47.964
└   estimated_finish_date = 2026-07-05T16:55:15.964
┌ Info: Progress
│   simulation_time = 4 minutes
│   n_steps_completed = 8
│   wall_time_per_step = 4 milliseconds, 427 microseconds
│   wall_time_total = 25 seconds, 504 milliseconds
│   wall_time_remaining = 25 seconds, 468 milliseconds
│   wall_time_spent = 35 milliseconds, 422 microseconds
│   percent_complete = 0.1%
│   estimated_sypd = 18.55
│   instantaneous_sypd = 20.331
│   date_now = 2026-07-05T16:54:47.980
└   estimated_finish_date = 2026-07-05T16:55:13.980
┌ Info: Progress
│   simulation_time = 8 minutes
│   n_steps_completed = 16
│   wall_time_per_step = 4 milliseconds, 91 microseconds
│   wall_time_total = 23 seconds, 564 milliseconds
│   wall_time_remaining = 23 seconds, 498 milliseconds
│   wall_time_spent = 65 milliseconds, 456 microseconds
│   percent_complete = 0.3%
│   estimated_sypd = 20.077
│   instantaneous_sypd = 21.878
│   date_now = 2026-07-05T16:54:48.010
└   estimated_finish_date = 2026-07-05T16:55:12.010
┌ Info: Progress
│   simulation_time = 16 minutes
│   n_steps_completed = 32
│   wall_time_per_step = 3 milliseconds, 896 microseconds
│   wall_time_total = 22 seconds, 442 milliseconds
│   wall_time_remaining = 22 seconds, 317 milliseconds
│   wall_time_spent = 124 milliseconds, 679 microseconds
│   percent_complete = 0.6%
│   estimated_sypd = 21.081
│   instantaneous_sypd = 22.19
│   date_now = 2026-07-05T16:54:48.069
└   estimated_finish_date = 2026-07-05T16:55:11.069
┌ Info: Progress
│   simulation_time = 32 minutes
│   n_steps_completed = 64
│   wall_time_per_step = 3 milliseconds, 933 microseconds
│   wall_time_total = 22 seconds, 657 milliseconds
│   wall_time_remaining = 22 seconds, 405 milliseconds
│   wall_time_spent = 251 milliseconds, 750 microseconds
│   percent_complete = 1.1%
│   estimated_sypd = 20.88
│   instantaneous_sypd = 20.684
│   date_now = 2026-07-05T16:54:48.196
└   estimated_finish_date = 2026-07-05T16:55:11.196
┌ Info: Progress
│   simulation_time = 1 hour, 4 minutes
│   n_steps_completed = 128
│   wall_time_per_step = 4 milliseconds, 33 microseconds
│   wall_time_total = 23 seconds, 234 milliseconds
│   wall_time_remaining = 22 seconds, 718 milliseconds
│   wall_time_spent = 516 milliseconds, 328 microseconds
│   percent_complete = 2.2%
│   estimated_sypd = 20.362
│   instantaneous_sypd = 19.868
│   date_now = 2026-07-05T16:54:48.461
└   estimated_finish_date = 2026-07-05T16:55:11.461
┌ Info: Progress
│   simulation_time = 2 hours, 8 minutes
│   n_steps_completed = 256
│   wall_time_per_step = 3 milliseconds, 998 microseconds
│   wall_time_total = 23 seconds, 29 milliseconds
│   wall_time_remaining = 22 seconds, 6 milliseconds
│   wall_time_spent = 1 second, 23 milliseconds
│   percent_complete = 4.4%
│   estimated_sypd = 20.543
│   instantaneous_sypd = 20.727
│   date_now = 2026-07-05T16:54:48.968
└   estimated_finish_date = 2026-07-05T16:55:11.968
┌ Info: Progress
│   simulation_time = 4 hours, 16 minutes
│   n_steps_completed = 512
│   wall_time_per_step = 4 milliseconds, 22 microseconds
│   wall_time_total = 23 seconds, 169 milliseconds
│   wall_time_remaining = 21 seconds, 109 milliseconds
│   wall_time_spent = 2 seconds, 59 milliseconds
│   percent_complete = 8.9%
│   estimated_sypd = 20.419
│   instantaneous_sypd = 20.297
│   date_now = 2026-07-05T16:54:50.004
└   estimated_finish_date = 2026-07-05T16:55:12.004
┌ Info: Progress
│   simulation_time = 6 hours, 40 minutes
│   n_steps_completed = 801
│   wall_time_per_step = 4 milliseconds, 84 microseconds
│   wall_time_total = 23 seconds, 529 milliseconds
│   wall_time_remaining = 20 seconds, 257 milliseconds
│   wall_time_spent = 3 seconds, 272 milliseconds
│   percent_complete = 13.9%
│   estimated_sypd = 20.107
│   instantaneous_sypd = 19.576
│   date_now = 2026-07-05T16:54:51.217
└   estimated_finish_date = 2026-07-05T16:55:12.217
┌ Info: Progress
│   simulation_time = 8 hours, 32 minutes
│   n_steps_completed = 1024
│   wall_time_per_step = 4 milliseconds, 138 microseconds
│   wall_time_total = 23 seconds, 836 milliseconds
│   wall_time_remaining = 19 seconds, 599 milliseconds
│   wall_time_spent = 4 seconds, 237 milliseconds
│   percent_complete = 17.8%
│   estimated_sypd = 19.847
│   instantaneous_sypd = 18.968
│   date_now = 2026-07-05T16:54:52.182
└   estimated_finish_date = 2026-07-05T16:55:12.182
┌ Info: Progress
│   simulation_time = 10 hours, 56 minutes
│   n_steps_completed = 1313
│   wall_time_per_step = 4 milliseconds, 226 microseconds
│   wall_time_total = 24 seconds, 345 milliseconds
│   wall_time_remaining = 18 seconds, 795 milliseconds
│   wall_time_spent = 5 seconds, 549 milliseconds
│   percent_complete = 22.8%
│   estimated_sypd = 19.433
│   instantaneous_sypd = 18.094
│   date_now = 2026-07-05T16:54:53.494
└   estimated_finish_date = 2026-07-05T16:55:12.494
┌ Info: Progress
│   simulation_time = 13 hours, 21 minutes
│   n_steps_completed = 1602
│   wall_time_per_step = 4 milliseconds, 304 microseconds
│   wall_time_total = 24 seconds, 796 milliseconds
│   wall_time_remaining = 17 seconds, 900 milliseconds
│   wall_time_spent = 6 seconds, 896 milliseconds
│   percent_complete = 27.8%
│   estimated_sypd = 19.079
│   instantaneous_sypd = 17.622
│   date_now = 2026-07-05T16:54:54.841
└   estimated_finish_date = 2026-07-05T16:55:12.841
┌ Info: Progress
│   simulation_time = 15 hours, 45 minutes
│   n_steps_completed = 1891
│   wall_time_per_step = 4 milliseconds, 377 microseconds
│   wall_time_total = 25 seconds, 213 milliseconds
│   wall_time_remaining = 16 seconds, 936 milliseconds
│   wall_time_spent = 8 seconds, 277 milliseconds
│   percent_complete = 32.8%
│   estimated_sypd = 18.764
│   instantaneous_sypd = 17.188
│   date_now = 2026-07-05T16:54:56.222
└   estimated_finish_date = 2026-07-05T16:55:13.222
┌ Info: Progress
│   simulation_time = 17 hours, 4 minutes
│   n_steps_completed = 2048
│   wall_time_per_step = 4 milliseconds, 417 microseconds
│   wall_time_total = 25 seconds, 446 milliseconds
│   wall_time_remaining = 16 seconds, 398 milliseconds
│   wall_time_spent = 9 seconds, 47 milliseconds
│   percent_complete = 35.6%
│   estimated_sypd = 18.592
│   instantaneous_sypd = 16.747
│   date_now = 2026-07-05T16:54:56.992
└   estimated_finish_date = 2026-07-05T16:55:13.992
┌ Info: Progress
│   simulation_time = 19 hours, 28 minutes
│   n_steps_completed = 2337
│   wall_time_per_step = 4 milliseconds, 484 microseconds
│   wall_time_total = 25 seconds, 828 milliseconds
│   wall_time_remaining = 15 seconds, 349 milliseconds
│   wall_time_spent = 10 seconds, 479 milliseconds
│   percent_complete = 40.6%
│   estimated_sypd = 18.317
│   instantaneous_sypd = 16.58
│   date_now = 2026-07-05T16:54:58.424
└   estimated_finish_date = 2026-07-05T16:55:14.424
┌ Info: Progress
│   simulation_time = 21 hours, 53 minutes
│   n_steps_completed = 2626
│   wall_time_per_step = 4 milliseconds, 552 microseconds
│   wall_time_total = 26 seconds, 222 milliseconds
│   wall_time_remaining = 14 seconds, 267 milliseconds
│   wall_time_spent = 11 seconds, 954 milliseconds
│   percent_complete = 45.6%
│   estimated_sypd = 18.042
│   instantaneous_sypd = 16.088
│   date_now = 2026-07-05T16:54:59.899
└   estimated_finish_date = 2026-07-05T16:55:14.899
┌ Info: Progress
│   simulation_time = 1 day, 17 minutes
│   n_steps_completed = 2915
│   wall_time_per_step = 4 milliseconds, 665 microseconds
│   wall_time_total = 26 seconds, 870 milliseconds
│   wall_time_remaining = 13 seconds, 272 milliseconds
│   wall_time_spent = 13 seconds, 598 milliseconds
│   percent_complete = 50.6%
│   estimated_sypd = 17.606
│   instantaneous_sypd = 14.438
│   date_now = 2026-07-05T16:55:01.543
└   estimated_finish_date = 2026-07-05T16:55:15.543
┌ Info: Progress
│   simulation_time = 1 day, 2 hours
│   n_steps_completed = 3204
│   wall_time_per_step = 4 milliseconds, 727 microseconds
│   wall_time_total = 27 seconds, 231 milliseconds
│   wall_time_remaining = 12 seconds, 84 milliseconds
│   wall_time_spent = 15 seconds, 147 milliseconds
│   percent_complete = 55.6%
│   estimated_sypd = 17.373
│   instantaneous_sypd = 15.326
│   date_now = 2026-07-05T16:55:03.092
└   estimated_finish_date = 2026-07-05T16:55:16.092
┌ Info: Progress
│   simulation_time = 1 day, 5 hours
│   n_steps_completed = 3493
│   wall_time_per_step = 4 milliseconds, 796 microseconds
│   wall_time_total = 27 seconds, 628 milliseconds
│   wall_time_remaining = 10 seconds, 873 milliseconds
│   wall_time_spent = 16 seconds, 754 milliseconds
│   percent_complete = 60.6%
│   estimated_sypd = 17.124
│   instantaneous_sypd = 14.771
│   date_now = 2026-07-05T16:55:04.699
└   estimated_finish_date = 2026-07-05T16:55:15.699
┌ Info: Progress
│   simulation_time = 1 day, 7 hours
│   n_steps_completed = 3782
│   wall_time_per_step = 4 milliseconds, 876 microseconds
│   wall_time_total = 28 seconds, 86 milliseconds
│   wall_time_remaining = 9 seconds, 645 milliseconds
│   wall_time_spent = 18 seconds, 441 milliseconds
│   percent_complete = 65.7%
│   estimated_sypd = 16.844
│   instantaneous_sypd = 14.071
│   date_now = 2026-07-05T16:55:06.386
└   estimated_finish_date = 2026-07-05T16:55:16.386
┌ Info: Progress
│   simulation_time = 1 day, 9 hours
│   n_steps_completed = 4071
│   wall_time_per_step = 4 milliseconds, 940 microseconds
│   wall_time_total = 28 seconds, 457 milliseconds
│   wall_time_remaining = 8 seconds, 344 milliseconds
│   wall_time_spent = 20 seconds, 113 milliseconds
│   percent_complete = 70.7%
│   estimated_sypd = 16.625
│   instantaneous_sypd = 14.2
│   date_now = 2026-07-05T16:55:08.058
└   estimated_finish_date = 2026-07-05T16:55:17.058
┌ Info: Progress
│   simulation_time = 1 day, 10 hours
│   n_steps_completed = 4096
│   wall_time_per_step = 4 milliseconds, 948 microseconds
│   wall_time_total = 28 seconds, 502 milliseconds
│   wall_time_remaining = 8 seconds, 234 milliseconds
│   wall_time_spent = 20 seconds, 268 milliseconds
│   percent_complete = 71.1%
│   estimated_sypd = 16.598
│   instantaneous_sypd = 13.217
│   date_now = 2026-07-05T16:55:08.213
└   estimated_finish_date = 2026-07-05T16:55:17.213
┌ Info: Progress
│   simulation_time = 1 day, 12 hours
│   n_steps_completed = 4385
│   wall_time_per_step = 5 milliseconds, 15 microseconds
│   wall_time_total = 28 seconds, 891 milliseconds
│   wall_time_remaining = 6 seconds, 896 milliseconds
│   wall_time_spent = 21 seconds, 994 milliseconds
│   percent_complete = 76.1%
│   estimated_sypd = 16.375
│   instantaneous_sypd = 13.751
│   date_now = 2026-07-05T16:55:09.940
└   estimated_finish_date = 2026-07-05T16:55:16.940
┌ Info: Progress
│   simulation_time = 1 day, 14 hours
│   n_steps_completed = 4674
│   wall_time_per_step = 5 milliseconds, 93 microseconds
│   wall_time_total = 29 seconds, 337 milliseconds
│   wall_time_remaining = 5 seconds, 531 milliseconds
│   wall_time_spent = 23 seconds, 806 milliseconds
│   percent_complete = 81.1%
│   estimated_sypd = 16.126
│   instantaneous_sypd = 13.106
│   date_now = 2026-07-05T16:55:11.751
└   estimated_finish_date = 2026-07-05T16:55:17.751
┌ Info: Progress
│   simulation_time = 1 day, 17 hours
│   n_steps_completed = 4963
│   wall_time_per_step = 5 milliseconds, 160 microseconds
│   wall_time_total = 29 seconds, 727 milliseconds
│   wall_time_remaining = 4 seconds, 113 milliseconds
│   wall_time_spent = 25 seconds, 613 milliseconds
│   percent_complete = 86.2%
│   estimated_sypd = 15.915
│   instantaneous_sypd = 13.13
│   date_now = 2026-07-05T16:55:13.559
└   estimated_finish_date = 2026-07-05T16:55:18.559
┌ Info: Progress
│   simulation_time = 1 day, 19 hours
│   n_steps_completed = 5252
│   wall_time_per_step = 5 milliseconds, 228 microseconds
│   wall_time_total = 30 seconds, 116 milliseconds
│   wall_time_remaining = 2 seconds, 656 milliseconds
│   wall_time_spent = 27 seconds, 460 milliseconds
│   percent_complete = 91.2%
│   estimated_sypd = 15.709
│   instantaneous_sypd = 12.856
│   date_now = 2026-07-05T16:55:15.405
└   estimated_finish_date = 2026-07-05T16:55:18.405
┌ Info: Progress
│   simulation_time = 1 day, 22 hours
│   n_steps_completed = 5541
│   wall_time_per_step = 5 milliseconds, 301 microseconds
│   wall_time_total = 30 seconds, 535 milliseconds
│   wall_time_remaining = 1 second, 160 milliseconds
│   wall_time_spent = 29 seconds, 374 milliseconds
│   percent_complete = 96.2%
│   estimated_sypd = 15.494
│   instantaneous_sypd = 12.403
│   date_now = 2026-07-05T16:55:17.319
└   estimated_finish_date = 2026-07-05T16:55:19.319
[ Info: solve! walltime = 30.805
[ Info: sypd: 15.369
[ Info: wall_time_per_timestep: 5 milliseconds, 348 microseconds
[ Info: Memory currently used (after solve!) by the process (RSS): 8.68 GiB
[ Info: Completed member 6
┌ Info: Making AtmosConfig with config files: 
│      /home/jeff/larcform1-experiments/ClimaAtmos.jl/src/config/../../config/default_configs/default_config.yml
└   
┌ Info: numerics 
│          `energy_q_tot_upwinding`::`Val{:vanleer_limiter}`
│                `tracer_upwinding`::`Val{:vanleer_limiter}`
│       `edmfx_mse_q_tot_upwinding`::`Val{:first_order}`
│         `edmfx_sgsflux_upwinding`::`Val{:none}`
│          `edmfx_tracer_upwinding`::`Val{:first_order}`
│         `test_dycore_consistency`::`Nothing`
│            `reproducible_restart`::`Nothing`
│                         `limiter`::`Nothing`
│                       `diff_mode`::`ClimaAtmos.Implicit`
│                       `hyperdiff`::`Nothing`
└   
┌ Info: AtmosModel: 
│   
│                               `water`::`ClimaAtmos.AtmosWater{ClimaAtmos.NonEquilibriumMicrophysics1M, ClimaAtmos.QuadratureCloud, ClimaAtmos.Implicit, Nothing, ClimaAtmos.SGSQuadrature{3, StaticArraysCore.SVector{3, Float32}, StaticArraysCore.SVector{3, Float32}, ClimaAtmos.GaussianSGS, Float32}, ClimaAtmos.FixedTerminalVelocity{Float32}}`
│                           `scm_setup`::`ClimaAtmos.SCMSetup{Nothing, Nothing, Nothing, Bool, @NamedTuple{prof_ug::AtmosphericProfilesLibrary.ZProfile{AtmosphericProfilesLibrary.var"#Larcform1_geostrophic_u##0#Larcform1_geostrophic_u##1"{Float32}}, prof_vg::AtmosphericProfilesLibrary.ZProfile{Returns{Float32}}, coriolis_param::Float32}}`
│                           `radiation`::`ClimaAtmos.AtmosRadiation{ClimaAtmos.RRTMGPInterface.AllSkyRadiationWithClearSkyDiagnostics{ClimaAtmos.InteractiveCloudInRadiation}, ClimaAtmos.Larcform1Insolation}`
│                            `turbconv`::`ClimaAtmos.AtmosTurbconv{ClimaAtmos.EDMFXModel{ClimaAtmos.InvZEntrainment, ClimaAtmos.BuoyancyVelocityDetrainment, Val{true}, Val{true}, Val{true}, Val{true}, Val{true}, ClimaAtmos.SmoothMinimumBlending}, ClimaAtmos.PrognosticEDMFX{1, true, Float32}, Nothing, Nothing, Nothing}`
│                     `prescribed_flow`::`Nothing`
│                        `gravity_wave`::`ClimaAtmos.AtmosGravityWave{Nothing, Nothing}`
│                  `vertical_diffusion`::`Nothing`
│                              `sponge`::`ClimaAtmos.AtmosSponge{Nothing, Nothing}`
│                             `surface`::`ClimaAtmos.AtmosSurface{ClimaAtmos.SurfaceConditions.MoninObukhov{Float32, Nothing, Nothing}, ClimaAtmos.SurfaceConditions.SlabOceanTemperature{Float32}, ClimaAtmos.SurfaceConditions.SurfaceBoundaryOverrides{Float32, Float32, Nothing, Nothing, Nothing, Nothing}, ClimaAtmos.ConstantAlbedo{Float32}}`
│                            `numerics`::`ClimaAtmos.AtmosNumerics{Val{:vanleer_limiter}, Val{:vanleer_limiter}, Val{:first_order}, Val{:none}, Val{:first_order}, Nothing, Nothing, Nothing, ClimaAtmos.Implicit, Nothing}`
│                           `chemistry`::`ClimaAtmos.AtmosChem{Nothing}`
└   
┌ Info: Microphysics settings: 
│                          `n_substeps`::`3`
│                     `n_substeps_quad`::`2`
│              `cloud_liquid_formation`::`CloudLiquidFormation`
│                 `cloud_ice_formation`::`TemperatureDependent`
│                      `cloud_ice_melt`::`CloudIceMelt`
│                 `rain_autoconversion`::`Kessler1M`
│                 `snow_autoconversion`::`NoSupersaturation`
│       `rain_condensation_evaporation`::`RainEvaporation`
│         `snow_deposition_sublimation`::`DepositionAndSublimation`
│                           `snow_melt`::`SnowMelt`
│         `cloud_liquid_rain_accretion`::`CloudLiquidRainAccretion`
│         `cloud_liquid_snow_accretion`::`CloudLiquidSnowAccretion`
│            `cloud_ice_rain_accretion`::`CloudIceRainAccretion`
│            `cloud_ice_snow_accretion`::`CloudIceSnowAccretion`
│                 `rain_snow_accretion`::`RainSnowAccretion`
└   
[ Info: Single-process ClimaAtmos run on CPUSingleThreaded
[ Info: Using ODE config: `ClimaTimeSteppers.ARS222`
[ Info: Initialized state (25.72 μs, 7.76 KiB)
[ Info: Built cache (229.345 ms, 172.6 MiB)
[ Info: Assembled callbacks (127.073 μs, 17.42 KiB)
┌ Info: Jacobian algorithm: ManualSparseJacobian(
│     approximate_solve_iters = 2,
└   )
[ Info: Jacobian derivative flags: topography_flag = IgnoreDerivative, diffusion_flag = UseDerivative
[ Info: Built tendency function (192.455 μs, 201.06 KiB)
[ Info: Initialized integrator (8.371 ms, 169.03 KiB)
[ Info: Added 7 user-provided YAML-style diagnostics
[ Info: Saving accumulated diagnostics to disk with frequency: 1 hour
[ Info: Set up diagnostics (414.241 μs, 103.66 KiB)
[ Info: Initialized 7 total diagnostics
