┌ Info: Simulation info
│   job_id = lf1e_clw_cal_member
└   output_dir = /home/jeff/larcform1-experiments/experiments/clw calibration/output/uki_1/iteration_004/member_009/output_0000
┌ Info: Running
│   job_id = lf1e_clw_cal_member
│   output_dir = /home/jeff/larcform1-experiments/experiments/clw calibration/output/uki_1/iteration_004/member_009/output_0000
└   tspan = (0.0 seconds (2010-01-01T00:00:00) [counter = 0, period = 1 second, epoch = 2010-01-01T00:00:00], 172800.0 seconds (2010-01-03T00:00:00) [counter = 172800, period = 1 second, epoch = 2010-01-01T00:00:00])
┌ Info: Progress
│   simulation_time = 30 seconds
│   n_steps_completed = 1
│   wall_time_per_step = 0 seconds
│   wall_time_total = 0 seconds
│   wall_time_remaining = 0 seconds
│   wall_time_spent = 0 seconds
│   percent_complete = 0.0%
│   estimated_sypd = Inf
│   instantaneous_sypd = 0.0 (sdpd_estimate = 0.0)
│   date_now = 2026-07-05T16:41:28.960
└   estimated_finish_date = 2026-07-05T16:41:28.960
┌ Info: Progress
│   simulation_time = 1 minute
│   n_steps_completed = 2
│   wall_time_per_step = 0 seconds
│   wall_time_total = 0 seconds
│   wall_time_remaining = 0 seconds
│   wall_time_spent = 0 seconds
│   percent_complete = 0.0%
│   estimated_sypd = Inf
│   instantaneous_sypd = 0.031
│   date_now = 2026-07-05T16:41:31.585
└   estimated_finish_date = 2026-07-05T16:41:31.585
┌ Info: Progress
│   simulation_time = 2 minutes
│   n_steps_completed = 4
│   wall_time_per_step = 4 milliseconds, 655 microseconds
│   wall_time_total = 26 seconds, 812 milliseconds
│   wall_time_remaining = 26 seconds, 794 milliseconds
│   wall_time_spent = 18 milliseconds, 620 microseconds
│   percent_complete = 0.1%
│   estimated_sypd = 17.645
│   instantaneous_sypd = 17.645
│   date_now = 2026-07-05T16:41:31.595
└   estimated_finish_date = 2026-07-05T16:41:58.595
┌ Info: Progress
│   simulation_time = 4 minutes
│   n_steps_completed = 8
│   wall_time_per_step = 4 milliseconds, 414 microseconds
│   wall_time_total = 25 seconds, 430 milliseconds
│   wall_time_remaining = 25 seconds, 394 milliseconds
│   wall_time_spent = 35 milliseconds, 319 microseconds
│   percent_complete = 0.1%
│   estimated_sypd = 18.604
│   instantaneous_sypd = 19.673
│   date_now = 2026-07-05T16:41:31.611
└   estimated_finish_date = 2026-07-05T16:41:57.611
┌ Info: Progress
│   simulation_time = 8 minutes
│   n_steps_completed = 16
│   wall_time_per_step = 4 milliseconds, 171 microseconds
│   wall_time_total = 24 seconds, 26 milliseconds
│   wall_time_remaining = 23 seconds, 960 milliseconds
│   wall_time_spent = 66 milliseconds, 740 microseconds
│   percent_complete = 0.3%
│   estimated_sypd = 19.691
│   instantaneous_sypd = 20.912
│   date_now = 2026-07-05T16:41:31.643
└   estimated_finish_date = 2026-07-05T16:41:55.643
┌ Info: Progress
│   simulation_time = 16 minutes
│   n_steps_completed = 32
│   wall_time_per_step = 4 milliseconds, 18 microseconds
│   wall_time_total = 23 seconds, 147 milliseconds
│   wall_time_remaining = 23 seconds, 19 milliseconds
│   wall_time_spent = 128 milliseconds, 598 microseconds
│   percent_complete = 0.6%
│   estimated_sypd = 20.438
│   instantaneous_sypd = 21.245
│   date_now = 2026-07-05T16:41:31.705
└   estimated_finish_date = 2026-07-05T16:41:55.705
┌ Info: Progress
│   simulation_time = 32 minutes
│   n_steps_completed = 64
│   wall_time_per_step = 4 milliseconds, 62 microseconds
│   wall_time_total = 23 seconds, 401 milliseconds
│   wall_time_remaining = 23 seconds, 141 milliseconds
│   wall_time_spent = 260 milliseconds, 20 microseconds
│   percent_complete = 1.1%
│   estimated_sypd = 20.216
│   instantaneous_sypd = 19.999
│   date_now = 2026-07-05T16:41:31.836
└   estimated_finish_date = 2026-07-05T16:41:55.836
┌ Info: Progress
│   simulation_time = 1 hour, 4 minutes
│   n_steps_completed = 128
│   wall_time_per_step = 4 milliseconds, 183 microseconds
│   wall_time_total = 24 seconds, 94 milliseconds
│   wall_time_remaining = 23 seconds, 559 milliseconds
│   wall_time_spent = 535 milliseconds, 439 microseconds
│   percent_complete = 2.2%
│   estimated_sypd = 19.635
│   instantaneous_sypd = 19.086
│   date_now = 2026-07-05T16:41:32.112
└   estimated_finish_date = 2026-07-05T16:41:56.112
┌ Info: Progress
│   simulation_time = 2 hours, 8 minutes
│   n_steps_completed = 256
│   wall_time_per_step = 4 milliseconds, 154 microseconds
│   wall_time_total = 23 seconds, 928 milliseconds
│   wall_time_remaining = 22 seconds, 864 milliseconds
│   wall_time_spent = 1 second, 63 milliseconds
│   percent_complete = 4.4%
│   estimated_sypd = 19.772
│   instantaneous_sypd = 19.91
│   date_now = 2026-07-05T16:41:32.640
└   estimated_finish_date = 2026-07-05T16:41:55.640
┌ Info: Progress
│   simulation_time = 4 hours, 16 minutes
│   n_steps_completed = 512
│   wall_time_per_step = 4 milliseconds, 160 microseconds
│   wall_time_total = 23 seconds, 962 milliseconds
│   wall_time_remaining = 21 seconds, 832 milliseconds
│   wall_time_spent = 2 seconds, 130 milliseconds
│   percent_complete = 8.9%
│   estimated_sypd = 19.743
│   instantaneous_sypd = 19.715
│   date_now = 2026-07-05T16:41:33.706
└   estimated_finish_date = 2026-07-05T16:41:55.706
┌ Info: Progress
│   simulation_time = 6 hours, 40 minutes
│   n_steps_completed = 801
│   wall_time_per_step = 4 milliseconds, 221 microseconds
│   wall_time_total = 24 seconds, 313 milliseconds
│   wall_time_remaining = 20 seconds, 932 milliseconds
│   wall_time_spent = 3 seconds, 381 milliseconds
│   percent_complete = 13.9%
│   estimated_sypd = 19.458
│   instantaneous_sypd = 18.973
│   date_now = 2026-07-05T16:41:34.957
└   estimated_finish_date = 2026-07-05T16:41:55.957
┌ Info: Progress
│   simulation_time = 8 hours, 32 minutes
│   n_steps_completed = 1024
│   wall_time_per_step = 4 milliseconds, 277 microseconds
│   wall_time_total = 24 seconds, 638 milliseconds
│   wall_time_remaining = 20 seconds, 258 milliseconds
│   wall_time_spent = 4 seconds, 380 milliseconds
│   percent_complete = 17.8%
│   estimated_sypd = 19.202
│   instantaneous_sypd = 18.332
│   date_now = 2026-07-05T16:41:35.956
└   estimated_finish_date = 2026-07-05T16:41:56.956
┌ Info: Progress
│   simulation_time = 10 hours, 56 minutes
│   n_steps_completed = 1313
│   wall_time_per_step = 4 milliseconds, 338 microseconds
│   wall_time_total = 24 seconds, 990 milliseconds
│   wall_time_remaining = 19 seconds, 293 milliseconds
│   wall_time_spent = 5 seconds, 696 milliseconds
│   percent_complete = 22.8%
│   estimated_sypd = 18.931
│   instantaneous_sypd = 18.032
│   date_now = 2026-07-05T16:41:37.273
└   estimated_finish_date = 2026-07-05T16:41:57.273
┌ Info: Progress
│   simulation_time = 13 hours, 21 minutes
│   n_steps_completed = 1602
│   wall_time_per_step = 4 milliseconds, 421 microseconds
│   wall_time_total = 25 seconds, 467 milliseconds
│   wall_time_remaining = 18 seconds, 384 milliseconds
│   wall_time_spent = 7 seconds, 83 milliseconds
│   percent_complete = 27.8%
│   estimated_sypd = 18.576
│   instantaneous_sypd = 17.118
│   date_now = 2026-07-05T16:41:38.659
└   estimated_finish_date = 2026-07-05T16:41:57.659
┌ Info: Progress
│   simulation_time = 15 hours, 45 minutes
│   n_steps_completed = 1891
│   wall_time_per_step = 4 milliseconds, 502 microseconds
│   wall_time_total = 25 seconds, 934 milliseconds
│   wall_time_remaining = 17 seconds, 420 milliseconds
│   wall_time_spent = 8 seconds, 514 milliseconds
│   percent_complete = 32.8%
│   estimated_sypd = 18.242
│   instantaneous_sypd = 16.586
│   date_now = 2026-07-05T16:41:40.090
└   estimated_finish_date = 2026-07-05T16:41:58.090
┌ Info: Progress
│   simulation_time = 17 hours, 4 minutes
│   n_steps_completed = 2048
│   wall_time_per_step = 4 milliseconds, 548 microseconds
│   wall_time_total = 26 seconds, 199 milliseconds
│   wall_time_remaining = 16 seconds, 884 milliseconds
│   wall_time_spent = 9 seconds, 315 milliseconds
│   percent_complete = 35.6%
│   estimated_sypd = 18.058
│   instantaneous_sypd = 16.099
│   date_now = 2026-07-05T16:41:40.892
└   estimated_finish_date = 2026-07-05T16:41:57.891
┌ Info: Progress
│   simulation_time = 19 hours, 28 minutes
│   n_steps_completed = 2337
│   wall_time_per_step = 4 milliseconds, 622 microseconds
│   wall_time_total = 26 seconds, 625 milliseconds
│   wall_time_remaining = 15 seconds, 822 milliseconds
│   wall_time_spent = 10 seconds, 802 milliseconds
│   percent_complete = 40.6%
│   estimated_sypd = 17.769
│   instantaneous_sypd = 15.958
│   date_now = 2026-07-05T16:41:42.379
└   estimated_finish_date = 2026-07-05T16:41:58.379
┌ Info: Progress
│   simulation_time = 21 hours, 53 minutes
│   n_steps_completed = 2626
│   wall_time_per_step = 4 milliseconds, 744 microseconds
│   wall_time_total = 27 seconds, 326 milliseconds
│   wall_time_remaining = 14 seconds, 868 milliseconds
│   wall_time_spent = 12 seconds, 458 milliseconds
│   percent_complete = 45.6%
│   estimated_sypd = 17.313
│   instantaneous_sypd = 14.34
│   date_now = 2026-07-05T16:41:44.034
└   estimated_finish_date = 2026-07-05T16:41:59.034
┌ Info: Progress
│   simulation_time = 1 day, 17 minutes
│   n_steps_completed = 2915
│   wall_time_per_step = 4 milliseconds, 806 microseconds
│   wall_time_total = 27 seconds, 687 milliseconds
│   wall_time_remaining = 13 seconds, 675 milliseconds
│   wall_time_spent = 14 seconds, 12 milliseconds
│   percent_complete = 50.6%
│   estimated_sypd = 17.087
│   instantaneous_sypd = 15.276
│   date_now = 2026-07-05T16:41:45.588
└   estimated_finish_date = 2026-07-05T16:41:59.588
┌ Info: Progress
│   simulation_time = 1 day, 2 hours
│   n_steps_completed = 3204
│   wall_time_per_step = 4 milliseconds, 873 microseconds
│   wall_time_total = 28 seconds, 70 milliseconds
│   wall_time_remaining = 12 seconds, 456 milliseconds
│   wall_time_spent = 15 seconds, 613 milliseconds
│   percent_complete = 55.6%
│   estimated_sypd = 16.854
│   instantaneous_sypd = 14.818
│   date_now = 2026-07-05T16:41:47.190
└   estimated_finish_date = 2026-07-05T16:42:00.190
┌ Info: Progress
│   simulation_time = 1 day, 5 hours
│   n_steps_completed = 3493
│   wall_time_per_step = 4 milliseconds, 937 microseconds
│   wall_time_total = 28 seconds, 442 milliseconds
│   wall_time_remaining = 11 seconds, 194 milliseconds
│   wall_time_spent = 17 seconds, 248 milliseconds
│   percent_complete = 60.6%
│   estimated_sypd = 16.634
│   instantaneous_sypd = 14.526
│   date_now = 2026-07-05T16:41:48.824
└   estimated_finish_date = 2026-07-05T16:42:00.824
┌ Info: Progress
│   simulation_time = 1 day, 7 hours
│   n_steps_completed = 3782
│   wall_time_per_step = 5 milliseconds, 11 microseconds
│   wall_time_total = 28 seconds, 868 milliseconds
│   wall_time_remaining = 9 seconds, 913 milliseconds
│   wall_time_spent = 18 seconds, 954 milliseconds
│   percent_complete = 65.7%
│   estimated_sypd = 16.388
│   instantaneous_sypd = 13.907
│   date_now = 2026-07-05T16:41:50.531
└   estimated_finish_date = 2026-07-05T16:42:00.531
┌ Info: Progress
│   simulation_time = 1 day, 9 hours
│   n_steps_completed = 4071
│   wall_time_per_step = 5 milliseconds, 74 microseconds
│   wall_time_total = 29 seconds, 227 milliseconds
│   wall_time_remaining = 8 seconds, 570 milliseconds
│   wall_time_spent = 20 seconds, 657 milliseconds
│   percent_complete = 70.7%
│   estimated_sypd = 16.187
│   instantaneous_sypd = 13.943
│   date_now = 2026-07-05T16:41:52.234
└   estimated_finish_date = 2026-07-05T16:42:01.234
┌ Info: Progress
│   simulation_time = 1 day, 10 hours
│   n_steps_completed = 4096
│   wall_time_per_step = 5 milliseconds, 81 microseconds
│   wall_time_total = 29 seconds, 271 milliseconds
│   wall_time_remaining = 8 seconds, 456 milliseconds
│   wall_time_spent = 20 seconds, 814 milliseconds
│   percent_complete = 71.1%
│   estimated_sypd = 16.163
│   instantaneous_sypd = 13.025
│   date_now = 2026-07-05T16:41:52.391
└   estimated_finish_date = 2026-07-05T16:42:01.391
┌ Info: Progress
│   simulation_time = 1 day, 12 hours
│   n_steps_completed = 4385
│   wall_time_per_step = 5 milliseconds, 145 microseconds
│   wall_time_total = 29 seconds, 639 milliseconds
│   wall_time_remaining = 7 seconds, 75 milliseconds
│   wall_time_spent = 22 seconds, 563 milliseconds
│   percent_complete = 76.1%
│   estimated_sypd = 15.962
│   instantaneous_sypd = 13.573
│   date_now = 2026-07-05T16:41:54.140
└   estimated_finish_date = 2026-07-05T16:42:02.140
┌ Info: Progress
│   simulation_time = 1 day, 14 hours
│   n_steps_completed = 4674
│   wall_time_per_step = 5 milliseconds, 222 microseconds
│   wall_time_total = 30 seconds, 82 milliseconds
│   wall_time_remaining = 5 seconds, 671 milliseconds
│   wall_time_spent = 24 seconds, 410 milliseconds
│   percent_complete = 81.1%
│   estimated_sypd = 15.727
│   instantaneous_sypd = 12.852
│   date_now = 2026-07-05T16:41:55.987
└   estimated_finish_date = 2026-07-05T16:42:01.987
┌ Info: Progress
│   simulation_time = 1 day, 17 hours
│   n_steps_completed = 4963
│   wall_time_per_step = 5 milliseconds, 289 microseconds
│   wall_time_total = 30 seconds, 469 milliseconds
│   wall_time_remaining = 4 seconds, 216 milliseconds
│   wall_time_spent = 26 seconds, 253 milliseconds
│   percent_complete = 86.2%
│   estimated_sypd = 15.527
│   instantaneous_sypd = 12.882
│   date_now = 2026-07-05T16:41:57.830
└   estimated_finish_date = 2026-07-05T16:42:02.830
┌ Info: Progress
│   simulation_time = 1 day, 19 hours
│   n_steps_completed = 5252
│   wall_time_per_step = 5 milliseconds, 355 microseconds
│   wall_time_total = 30 seconds, 848 milliseconds
│   wall_time_remaining = 2 seconds, 720 milliseconds
│   wall_time_spent = 28 seconds, 127 milliseconds
│   percent_complete = 91.2%
│   estimated_sypd = 15.336
│   instantaneous_sypd = 12.666
│   date_now = 2026-07-05T16:41:59.704
└   estimated_finish_date = 2026-07-05T16:42:02.704
┌ Info: Progress
│   simulation_time = 1 day, 22 hours
│   n_steps_completed = 5541
│   wall_time_per_step = 5 milliseconds, 426 microseconds
│   wall_time_total = 31 seconds, 258 milliseconds
│   wall_time_remaining = 1 second, 188 milliseconds
│   wall_time_spent = 30 seconds, 70 milliseconds
│   percent_complete = 96.2%
│   estimated_sypd = 15.135
│   instantaneous_sypd = 12.22
│   date_now = 2026-07-05T16:42:01.646
└   estimated_finish_date = 2026-07-05T16:42:03.646
[ Info: solve! walltime = 31.51
[ Info: sypd: 15.025
[ Info: wall_time_per_timestep: 5 milliseconds, 470 microseconds
[ Info: Memory currently used (after solve!) by the process (RSS): 8.68 GiB
[ Info: Completed member 9
┌ Info: Making AtmosConfig with config files: 
│      /home/jeff/larcform1-experiments/ClimaAtmos.jl/src/config/../../config/default_configs/default_config.yml
└   
┌ Info: numerics 
│          `energy_q_tot_upwinding`::`Val{:vanleer_limiter}`
│                `tracer_upwinding`::`Val{:vanleer_limiter}`
│       `edmfx_mse_q_tot_upwinding`::`Val{:first_order}`
│         `edmfx_sgsflux_upwinding`::`Val{:none}`
│          `edmfx_tracer_upwinding`::`Val{:first_order}`
│         `test_dycore_consistency`::`Nothing`
│            `reproducible_restart`::`Nothing`
│                         `limiter`::`Nothing`
│                       `diff_mode`::`ClimaAtmos.Implicit`
│                       `hyperdiff`::`Nothing`
└   
┌ Info: AtmosModel: 
│   
│                               `water`::`ClimaAtmos.AtmosWater{ClimaAtmos.NonEquilibriumMicrophysics1M, ClimaAtmos.QuadratureCloud, ClimaAtmos.Implicit, Nothing, ClimaAtmos.SGSQuadrature{3, StaticArraysCore.SVector{3, Float32}, StaticArraysCore.SVector{3, Float32}, ClimaAtmos.GaussianSGS, Float32}, ClimaAtmos.FixedTerminalVelocity{Float32}}`
│                           `scm_setup`::`ClimaAtmos.SCMSetup{Nothing, Nothing, Nothing, Bool, @NamedTuple{prof_ug::AtmosphericProfilesLibrary.ZProfile{AtmosphericProfilesLibrary.var"#Larcform1_geostrophic_u##0#Larcform1_geostrophic_u##1"{Float32}}, prof_vg::AtmosphericProfilesLibrary.ZProfile{Returns{Float32}}, coriolis_param::Float32}}`
│                           `radiation`::`ClimaAtmos.AtmosRadiation{ClimaAtmos.RRTMGPInterface.AllSkyRadiationWithClearSkyDiagnostics{ClimaAtmos.InteractiveCloudInRadiation}, ClimaAtmos.Larcform1Insolation}`
│                            `turbconv`::`ClimaAtmos.AtmosTurbconv{ClimaAtmos.EDMFXModel{ClimaAtmos.InvZEntrainment, ClimaAtmos.BuoyancyVelocityDetrainment, Val{true}, Val{true}, Val{true}, Val{true}, Val{true}, ClimaAtmos.SmoothMinimumBlending}, ClimaAtmos.PrognosticEDMFX{1, true, Float32}, Nothing, Nothing, Nothing}`
│                     `prescribed_flow`::`Nothing`
│                        `gravity_wave`::`ClimaAtmos.AtmosGravityWave{Nothing, Nothing}`
│                  `vertical_diffusion`::`Nothing`
│                              `sponge`::`ClimaAtmos.AtmosSponge{Nothing, Nothing}`
│                             `surface`::`ClimaAtmos.AtmosSurface{ClimaAtmos.SurfaceConditions.MoninObukhov{Float32, Nothing, Nothing}, ClimaAtmos.SurfaceConditions.SlabOceanTemperature{Float32}, ClimaAtmos.SurfaceConditions.SurfaceBoundaryOverrides{Float32, Float32, Nothing, Nothing, Nothing, Nothing}, ClimaAtmos.ConstantAlbedo{Float32}}`
│                            `numerics`::`ClimaAtmos.AtmosNumerics{Val{:vanleer_limiter}, Val{:vanleer_limiter}, Val{:first_order}, Val{:none}, Val{:first_order}, Nothing, Nothing, Nothing, ClimaAtmos.Implicit, Nothing}`
│                           `chemistry`::`ClimaAtmos.AtmosChem{Nothing}`
└   
┌ Info: Microphysics settings: 
│                          `n_substeps`::`3`
│                     `n_substeps_quad`::`2`
│              `cloud_liquid_formation`::`CloudLiquidFormation`
│                 `cloud_ice_formation`::`TemperatureDependent`
│                      `cloud_ice_melt`::`CloudIceMelt`
│                 `rain_autoconversion`::`Kessler1M`
│                 `snow_autoconversion`::`NoSupersaturation`
│       `rain_condensation_evaporation`::`RainEvaporation`
│         `snow_deposition_sublimation`::`DepositionAndSublimation`
│                           `snow_melt`::`SnowMelt`
│         `cloud_liquid_rain_accretion`::`CloudLiquidRainAccretion`
│         `cloud_liquid_snow_accretion`::`CloudLiquidSnowAccretion`
│            `cloud_ice_rain_accretion`::`CloudIceRainAccretion`
│            `cloud_ice_snow_accretion`::`CloudIceSnowAccretion`
│                 `rain_snow_accretion`::`RainSnowAccretion`
└   
[ Info: Single-process ClimaAtmos run on CPUSingleThreaded
[ Info: Using ODE config: `ClimaTimeSteppers.ARS222`
[ Info: Initialized state (43.451 μs, 7.76 KiB)
[ Info: Built cache (211.493 ms, 172.6 MiB)
[ Info: Assembled callbacks (128.304 μs, 17.42 KiB)
┌ Info: Jacobian algorithm: ManualSparseJacobian(
│     approximate_solve_iters = 2,
└   )
[ Info: Jacobian derivative flags: topography_flag = IgnoreDerivative, diffusion_flag = UseDerivative
[ Info: Built tendency function (193.875 μs, 201.06 KiB)
[ Info: Initialized integrator (8.479 ms, 169.03 KiB)
[ Info: Added 7 user-provided YAML-style diagnostics
[ Info: Saving accumulated diagnostics to disk with frequency: 1 hour
[ Info: Set up diagnostics (523.214 μs, 103.66 KiB)
[ Info: Initialized 7 total diagnostics
