┌ Info: Simulation info
│   job_id = lf1e_clw_cal_member
└   output_dir = /home/jeff/larcform1-experiments/experiments/clw calibration/output/smoke/iteration_001/member_008/output_0000
┌ Info: Running
│   job_id = lf1e_clw_cal_member
│   output_dir = /home/jeff/larcform1-experiments/experiments/clw calibration/output/smoke/iteration_001/member_008/output_0000
└   tspan = (0.0 seconds (2010-01-01T00:00:00) [counter = 0, period = 1 second, epoch = 2010-01-01T00:00:00], 172800.0 seconds (2010-01-03T00:00:00) [counter = 172800, period = 1 second, epoch = 2010-01-01T00:00:00])
┌ Info: Progress
│   simulation_time = 30 seconds
│   n_steps_completed = 1
│   wall_time_per_step = 0 seconds
│   wall_time_total = 0 seconds
│   wall_time_remaining = 0 seconds
│   wall_time_spent = 0 seconds
│   percent_complete = 0.0%
│   estimated_sypd = Inf
│   instantaneous_sypd = 0.0 (sdpd_estimate = 0.0)
│   date_now = 2026-07-05T09:08:19.832
└   estimated_finish_date = 2026-07-05T09:08:19.832
┌ Info: Progress
│   simulation_time = 1 minute
│   n_steps_completed = 2
│   wall_time_per_step = 0 seconds
│   wall_time_total = 0 seconds
│   wall_time_remaining = 0 seconds
│   wall_time_spent = 0 seconds
│   percent_complete = 0.0%
│   estimated_sypd = Inf
│   instantaneous_sypd = 0.032
│   date_now = 2026-07-05T09:08:22.403
└   estimated_finish_date = 2026-07-05T09:08:22.403
┌ Info: Progress
│   simulation_time = 2 minutes
│   n_steps_completed = 4
│   wall_time_per_step = 4 milliseconds, 521 microseconds
│   wall_time_total = 26 seconds, 43 milliseconds
│   wall_time_remaining = 26 seconds, 25 milliseconds
│   wall_time_spent = 18 milliseconds, 85 microseconds
│   percent_complete = 0.1%
│   estimated_sypd = 18.166
│   instantaneous_sypd = 18.166
│   date_now = 2026-07-05T09:08:22.412
└   estimated_finish_date = 2026-07-05T09:08:49.412
┌ Info: Progress
│   simulation_time = 4 minutes
│   n_steps_completed = 8
│   wall_time_per_step = 4 milliseconds, 284 microseconds
│   wall_time_total = 24 seconds, 680 milliseconds
│   wall_time_remaining = 24 seconds, 645 milliseconds
│   wall_time_spent = 34 milliseconds, 277 microseconds
│   percent_complete = 0.1%
│   estimated_sypd = 19.169
│   instantaneous_sypd = 20.29
│   date_now = 2026-07-05T09:08:22.429
└   estimated_finish_date = 2026-07-05T09:08:47.429
┌ Info: Progress
│   simulation_time = 8 minutes
│   n_steps_completed = 16
│   wall_time_per_step = 4 milliseconds, 42 microseconds
│   wall_time_total = 23 seconds, 284 milliseconds
│   wall_time_remaining = 23 seconds, 220 milliseconds
│   wall_time_spent = 64 milliseconds, 679 microseconds
│   percent_complete = 0.3%
│   estimated_sypd = 20.318
│   instantaneous_sypd = 21.613
│   date_now = 2026-07-05T09:08:22.459
└   estimated_finish_date = 2026-07-05T09:08:46.459
┌ Info: Progress
│   simulation_time = 16 minutes
│   n_steps_completed = 32
│   wall_time_per_step = 3 milliseconds, 888 microseconds
│   wall_time_total = 22 seconds, 395 milliseconds
│   wall_time_remaining = 22 seconds, 270 milliseconds
│   wall_time_spent = 124 milliseconds, 416 microseconds
│   percent_complete = 0.6%
│   estimated_sypd = 21.125
│   instantaneous_sypd = 21.999
│   date_now = 2026-07-05T09:08:22.519
└   estimated_finish_date = 2026-07-05T09:08:45.519
┌ Info: Progress
│   simulation_time = 32 minutes
│   n_steps_completed = 64
│   wall_time_per_step = 3 milliseconds, 956 microseconds
│   wall_time_total = 22 seconds, 786 milliseconds
│   wall_time_remaining = 22 seconds, 533 milliseconds
│   wall_time_spent = 253 milliseconds, 187 microseconds
│   percent_complete = 1.1%
│   estimated_sypd = 20.762
│   instantaneous_sypd = 20.411
│   date_now = 2026-07-05T09:08:22.648
└   estimated_finish_date = 2026-07-05T09:08:45.647
┌ Info: Progress
│   simulation_time = 1 hour, 4 minutes
│   n_steps_completed = 128
│   wall_time_per_step = 4 milliseconds, 79 microseconds
│   wall_time_total = 23 seconds, 496 milliseconds
│   wall_time_remaining = 22 seconds, 974 milliseconds
│   wall_time_spent = 522 milliseconds, 150 microseconds
│   percent_complete = 2.2%
│   estimated_sypd = 20.135
│   instantaneous_sypd = 19.544
│   date_now = 2026-07-05T09:08:22.917
└   estimated_finish_date = 2026-07-05T09:08:45.916
┌ Info: Progress
│   simulation_time = 2 hours, 8 minutes
│   n_steps_completed = 256
│   wall_time_per_step = 4 milliseconds, 40 microseconds
│   wall_time_total = 23 seconds, 275 milliseconds
│   wall_time_remaining = 22 seconds, 241 milliseconds
│   wall_time_spent = 1 second, 34 milliseconds
│   percent_complete = 4.4%
│   estimated_sypd = 20.326
│   instantaneous_sypd = 20.521
│   date_now = 2026-07-05T09:08:23.429
└   estimated_finish_date = 2026-07-05T09:08:46.429
┌ Info: Progress
│   simulation_time = 4 hours, 16 minutes
│   n_steps_completed = 512
│   wall_time_per_step = 4 milliseconds, 60 microseconds
│   wall_time_total = 23 seconds, 385 milliseconds
│   wall_time_remaining = 21 seconds, 307 milliseconds
│   wall_time_spent = 2 seconds, 78 milliseconds
│   percent_complete = 8.9%
│   estimated_sypd = 20.23
│   instantaneous_sypd = 20.135
│   date_now = 2026-07-05T09:08:24.473
└   estimated_finish_date = 2026-07-05T09:08:46.473
┌ Info: Progress
│   simulation_time = 6 hours, 40 minutes
│   n_steps_completed = 801
│   wall_time_per_step = 4 milliseconds, 170 microseconds
│   wall_time_total = 24 seconds, 21 milliseconds
│   wall_time_remaining = 20 seconds, 681 milliseconds
│   wall_time_spent = 3 seconds, 340 milliseconds
│   percent_complete = 13.9%
│   estimated_sypd = 19.695
│   instantaneous_sypd = 18.812
│   date_now = 2026-07-05T09:08:25.735
└   estimated_finish_date = 2026-07-05T09:08:46.735
┌ Info: Progress
│   simulation_time = 8 hours, 32 minutes
│   n_steps_completed = 1024
│   wall_time_per_step = 4 milliseconds, 211 microseconds
│   wall_time_total = 24 seconds, 258 milliseconds
│   wall_time_remaining = 19 seconds, 945 milliseconds
│   wall_time_spent = 4 seconds, 312 milliseconds
│   percent_complete = 17.8%
│   estimated_sypd = 19.502
│   instantaneous_sypd = 18.842
│   date_now = 2026-07-05T09:08:26.707
└   estimated_finish_date = 2026-07-05T09:08:46.707
┌ Info: Progress
│   simulation_time = 10 hours, 56 minutes
│   n_steps_completed = 1313
│   wall_time_per_step = 4 milliseconds, 262 microseconds
│   wall_time_total = 24 seconds, 550 milliseconds
│   wall_time_remaining = 18 seconds, 954 milliseconds
│   wall_time_spent = 5 seconds, 596 milliseconds
│   percent_complete = 22.8%
│   estimated_sypd = 19.271
│   instantaneous_sypd = 18.492
│   date_now = 2026-07-05T09:08:27.991
└   estimated_finish_date = 2026-07-05T09:08:46.991
┌ Info: Progress
│   simulation_time = 13 hours, 21 minutes
│   n_steps_completed = 1602
│   wall_time_per_step = 4 milliseconds, 337 microseconds
│   wall_time_total = 24 seconds, 983 milliseconds
│   wall_time_remaining = 18 seconds, 34 milliseconds
│   wall_time_spent = 6 seconds, 948 milliseconds
│   percent_complete = 27.8%
│   estimated_sypd = 18.937
│   instantaneous_sypd = 17.554
│   date_now = 2026-07-05T09:08:29.343
└   estimated_finish_date = 2026-07-05T09:08:48.343
┌ Info: Progress
│   simulation_time = 15 hours, 45 minutes
│   n_steps_completed = 1891
│   wall_time_per_step = 4 milliseconds, 420 microseconds
│   wall_time_total = 25 seconds, 461 milliseconds
│   wall_time_remaining = 17 seconds, 102 milliseconds
│   wall_time_spent = 8 seconds, 358 milliseconds
│   percent_complete = 32.8%
│   estimated_sypd = 18.581
│   instantaneous_sypd = 16.831
│   date_now = 2026-07-05T09:08:30.753
└   estimated_finish_date = 2026-07-05T09:08:48.753
┌ Info: Progress
│   simulation_time = 17 hours, 4 minutes
│   n_steps_completed = 2048
│   wall_time_per_step = 4 milliseconds, 467 microseconds
│   wall_time_total = 25 seconds, 733 milliseconds
│   wall_time_remaining = 16 seconds, 583 milliseconds
│   wall_time_spent = 9 seconds, 149 milliseconds
│   percent_complete = 35.6%
│   estimated_sypd = 18.384
│   instantaneous_sypd = 16.305
│   date_now = 2026-07-05T09:08:31.544
└   estimated_finish_date = 2026-07-05T09:08:48.544
┌ Info: Progress
│   simulation_time = 19 hours, 28 minutes
│   n_steps_completed = 2337
│   wall_time_per_step = 4 milliseconds, 544 microseconds
│   wall_time_total = 26 seconds, 173 milliseconds
│   wall_time_remaining = 15 seconds, 554 milliseconds
│   wall_time_spent = 10 seconds, 619 milliseconds
│   percent_complete = 40.6%
│   estimated_sypd = 18.075
│   instantaneous_sypd = 16.152
│   date_now = 2026-07-05T09:08:33.014
└   estimated_finish_date = 2026-07-05T09:08:49.014
┌ Info: Progress
│   simulation_time = 21 hours, 53 minutes
│   n_steps_completed = 2626
│   wall_time_per_step = 4 milliseconds, 632 microseconds
│   wall_time_total = 26 seconds, 684 milliseconds
│   wall_time_remaining = 14 seconds, 519 milliseconds
│   wall_time_spent = 12 seconds, 165 milliseconds
│   percent_complete = 45.6%
│   estimated_sypd = 17.729
│   instantaneous_sypd = 15.35
│   date_now = 2026-07-05T09:08:34.560
└   estimated_finish_date = 2026-07-05T09:08:49.560
┌ Info: Progress
│   simulation_time = 1 day, 17 minutes
│   n_steps_completed = 2915
│   wall_time_per_step = 4 milliseconds, 753 microseconds
│   wall_time_total = 27 seconds, 379 milliseconds
│   wall_time_remaining = 13 seconds, 523 milliseconds
│   wall_time_spent = 13 seconds, 856 milliseconds
│   percent_complete = 50.6%
│   estimated_sypd = 17.279
│   instantaneous_sypd = 14.041
│   date_now = 2026-07-05T09:08:36.251
└   estimated_finish_date = 2026-07-05T09:08:50.251
┌ Info: Progress
│   simulation_time = 1 day, 2 hours
│   n_steps_completed = 3204
│   wall_time_per_step = 4 milliseconds, 824 microseconds
│   wall_time_total = 27 seconds, 791 milliseconds
│   wall_time_remaining = 12 seconds, 332 milliseconds
│   wall_time_spent = 15 seconds, 459 milliseconds
│   percent_complete = 55.6%
│   estimated_sypd = 17.023
│   instantaneous_sypd = 14.809
│   date_now = 2026-07-05T09:08:37.854
└   estimated_finish_date = 2026-07-05T09:08:50.854
┌ Info: Progress
│   simulation_time = 1 day, 5 hours
│   n_steps_completed = 3493
│   wall_time_per_step = 4 milliseconds, 899 microseconds
│   wall_time_total = 28 seconds, 218 milliseconds
│   wall_time_remaining = 11 seconds, 106 milliseconds
│   wall_time_spent = 17 seconds, 112 milliseconds
│   percent_complete = 60.6%
│   estimated_sypd = 16.765
│   instantaneous_sypd = 14.356
│   date_now = 2026-07-05T09:08:39.507
└   estimated_finish_date = 2026-07-05T09:08:51.507
┌ Info: Progress
│   simulation_time = 1 day, 7 hours
│   n_steps_completed = 3782
│   wall_time_per_step = 4 milliseconds, 975 microseconds
│   wall_time_total = 28 seconds, 657 milliseconds
│   wall_time_remaining = 9 seconds, 841 milliseconds
│   wall_time_spent = 18 seconds, 816 milliseconds
│   percent_complete = 65.7%
│   estimated_sypd = 16.509
│   instantaneous_sypd = 13.932
│   date_now = 2026-07-05T09:08:41.211
└   estimated_finish_date = 2026-07-05T09:08:51.211
┌ Info: Progress
│   simulation_time = 1 day, 9 hours
│   n_steps_completed = 4071
│   wall_time_per_step = 5 milliseconds, 61 microseconds
│   wall_time_total = 29 seconds, 154 milliseconds
│   wall_time_remaining = 8 seconds, 548 milliseconds
│   wall_time_spent = 20 seconds, 605 milliseconds
│   percent_complete = 70.7%
│   estimated_sypd = 16.228
│   instantaneous_sypd = 13.27
│   date_now = 2026-07-05T09:08:43
└   estimated_finish_date = 2026-07-05T09:08:52
┌ Info: Progress
│   simulation_time = 1 day, 10 hours
│   n_steps_completed = 4096
│   wall_time_per_step = 5 milliseconds, 69 microseconds
│   wall_time_total = 29 seconds, 203 milliseconds
│   wall_time_remaining = 8 seconds, 436 milliseconds
│   wall_time_spent = 20 seconds, 766 milliseconds
│   percent_complete = 71.1%
│   estimated_sypd = 16.2
│   instantaneous_sypd = 12.72
│   date_now = 2026-07-05T09:08:43.161
└   estimated_finish_date = 2026-07-05T09:08:52.161
┌ Info: Progress
│   simulation_time = 1 day, 12 hours
│   n_steps_completed = 4385
│   wall_time_per_step = 5 milliseconds, 138 microseconds
│   wall_time_total = 29 seconds, 600 milliseconds
│   wall_time_remaining = 7 seconds, 66 milliseconds
│   wall_time_spent = 22 seconds, 534 milliseconds
│   percent_complete = 76.1%
│   estimated_sypd = 15.983
│   instantaneous_sypd = 13.428
│   date_now = 2026-07-05T09:08:44.929
└   estimated_finish_date = 2026-07-05T09:08:52.929
┌ Info: Progress
│   simulation_time = 1 day, 14 hours
│   n_steps_completed = 4674
│   wall_time_per_step = 5 milliseconds, 209 microseconds
│   wall_time_total = 30 seconds, 8 milliseconds
│   wall_time_remaining = 5 seconds, 657 milliseconds
│   wall_time_spent = 24 seconds, 350 milliseconds
│   percent_complete = 81.1%
│   estimated_sypd = 15.766
│   instantaneous_sypd = 13.07
│   date_now = 2026-07-05T09:08:46.745
└   estimated_finish_date = 2026-07-05T09:08:52.745
┌ Info: Progress
│   simulation_time = 1 day, 17 hours
│   n_steps_completed = 4963
│   wall_time_per_step = 5 milliseconds, 289 microseconds
│   wall_time_total = 30 seconds, 466 milliseconds
│   wall_time_remaining = 4 seconds, 215 milliseconds
│   wall_time_spent = 26 seconds, 250 milliseconds
│   percent_complete = 86.2%
│   estimated_sypd = 15.529
│   instantaneous_sypd = 12.492
│   date_now = 2026-07-05T09:08:48.645
└   estimated_finish_date = 2026-07-05T09:08:53.645
┌ Info: Progress
│   simulation_time = 1 day, 19 hours
│   n_steps_completed = 5252
│   wall_time_per_step = 5 milliseconds, 357 microseconds
│   wall_time_total = 30 seconds, 856 milliseconds
│   wall_time_remaining = 2 seconds, 721 milliseconds
│   wall_time_spent = 28 seconds, 135 milliseconds
│   percent_complete = 91.2%
│   estimated_sypd = 15.332
│   instantaneous_sypd = 12.596
│   date_now = 2026-07-05T09:08:50.530
└   estimated_finish_date = 2026-07-05T09:08:53.530
┌ Info: Progress
│   simulation_time = 1 day, 22 hours
│   n_steps_completed = 5541
│   wall_time_per_step = 5 milliseconds, 432 microseconds
│   wall_time_total = 31 seconds, 290 milliseconds
│   wall_time_remaining = 1 second, 189 milliseconds
│   wall_time_spent = 30 seconds, 100 milliseconds
│   percent_complete = 96.2%
│   estimated_sypd = 15.12
│   instantaneous_sypd = 12.078
│   date_now = 2026-07-05T09:08:52.495
└   estimated_finish_date = 2026-07-05T09:08:54.495
[ Info: solve! walltime = 31.568
[ Info: sypd: 14.997
[ Info: wall_time_per_timestep: 5 milliseconds, 480 microseconds
[ Info: Memory currently used (after solve!) by the process (RSS): 8.8 GiB
[ Info: Completed member 8
┌ Info: Making AtmosConfig with config files: 
│      /home/jeff/larcform1-experiments/ClimaAtmos.jl/src/config/../../config/default_configs/default_config.yml
└   
┌ Info: numerics 
│          `energy_q_tot_upwinding`::`Val{:vanleer_limiter}`
│                `tracer_upwinding`::`Val{:vanleer_limiter}`
│       `edmfx_mse_q_tot_upwinding`::`Val{:first_order}`
│         `edmfx_sgsflux_upwinding`::`Val{:none}`
│          `edmfx_tracer_upwinding`::`Val{:first_order}`
│         `test_dycore_consistency`::`Nothing`
│            `reproducible_restart`::`Nothing`
│                         `limiter`::`Nothing`
│                       `diff_mode`::`ClimaAtmos.Implicit`
│                       `hyperdiff`::`Nothing`
└   
┌ Info: AtmosModel: 
│   
│                               `water`::`ClimaAtmos.AtmosWater{ClimaAtmos.NonEquilibriumMicrophysics1M, ClimaAtmos.QuadratureCloud, ClimaAtmos.Implicit, Nothing, ClimaAtmos.SGSQuadrature{3, StaticArraysCore.SVector{3, Float32}, StaticArraysCore.SVector{3, Float32}, ClimaAtmos.GaussianSGS, Float32}, ClimaAtmos.FixedTerminalVelocity{Float32}}`
│                           `scm_setup`::`ClimaAtmos.SCMSetup{Nothing, Nothing, Nothing, Bool, @NamedTuple{prof_ug::AtmosphericProfilesLibrary.ZProfile{AtmosphericProfilesLibrary.var"#Larcform1_geostrophic_u##0#Larcform1_geostrophic_u##1"{Float32}}, prof_vg::AtmosphericProfilesLibrary.ZProfile{Returns{Float32}}, coriolis_param::Float32}}`
│                           `radiation`::`ClimaAtmos.AtmosRadiation{ClimaAtmos.RRTMGPInterface.AllSkyRadiationWithClearSkyDiagnostics{ClimaAtmos.InteractiveCloudInRadiation}, ClimaAtmos.Larcform1Insolation}`
│                            `turbconv`::`ClimaAtmos.AtmosTurbconv{ClimaAtmos.EDMFXModel{ClimaAtmos.InvZEntrainment, ClimaAtmos.BuoyancyVelocityDetrainment, Val{true}, Val{true}, Val{true}, Val{true}, Val{true}, ClimaAtmos.SmoothMinimumBlending}, ClimaAtmos.PrognosticEDMFX{1, true, Float32}, Nothing, Nothing, Nothing}`
│                     `prescribed_flow`::`Nothing`
│                        `gravity_wave`::`ClimaAtmos.AtmosGravityWave{Nothing, Nothing}`
│                  `vertical_diffusion`::`Nothing`
│                              `sponge`::`ClimaAtmos.AtmosSponge{Nothing, Nothing}`
│                             `surface`::`ClimaAtmos.AtmosSurface{ClimaAtmos.SurfaceConditions.MoninObukhov{Float32, Nothing, Nothing}, ClimaAtmos.SurfaceConditions.SlabOceanTemperature{Float32}, ClimaAtmos.SurfaceConditions.SurfaceBoundaryOverrides{Float32, Float32, Nothing, Nothing, Nothing, Nothing}, ClimaAtmos.ConstantAlbedo{Float32}}`
│                            `numerics`::`ClimaAtmos.AtmosNumerics{Val{:vanleer_limiter}, Val{:vanleer_limiter}, Val{:first_order}, Val{:none}, Val{:first_order}, Nothing, Nothing, Nothing, ClimaAtmos.Implicit, Nothing}`
│                           `chemistry`::`ClimaAtmos.AtmosChem{Nothing}`
└   
┌ Info: Microphysics settings: 
│                          `n_substeps`::`3`
│                     `n_substeps_quad`::`2`
│              `cloud_liquid_formation`::`CloudLiquidFormation`
│                 `cloud_ice_formation`::`TemperatureDependent`
│                      `cloud_ice_melt`::`CloudIceMelt`
│                 `rain_autoconversion`::`Kessler1M`
│                 `snow_autoconversion`::`NoSupersaturation`
│       `rain_condensation_evaporation`::`RainEvaporation`
│         `snow_deposition_sublimation`::`DepositionAndSublimation`
│                           `snow_melt`::`SnowMelt`
│         `cloud_liquid_rain_accretion`::`CloudLiquidRainAccretion`
│         `cloud_liquid_snow_accretion`::`CloudLiquidSnowAccretion`
│            `cloud_ice_rain_accretion`::`CloudIceRainAccretion`
│            `cloud_ice_snow_accretion`::`CloudIceSnowAccretion`
│                 `rain_snow_accretion`::`RainSnowAccretion`
└   
[ Info: Single-process ClimaAtmos run on CPUSingleThreaded
[ Info: Using ODE config: `ClimaTimeSteppers.ARS222`
[ Info: Initialized state (37.91 μs, 7.76 KiB)
[ Info: Built cache (183.363 ms, 172.6 MiB)
[ Info: Assembled callbacks (149.132 μs, 17.42 KiB)
┌ Info: Jacobian algorithm: ManualSparseJacobian(
│     approximate_solve_iters = 2,
└   )
[ Info: Jacobian derivative flags: topography_flag = IgnoreDerivative, diffusion_flag = UseDerivative
[ Info: Built tendency function (230.673 μs, 203.8 KiB)
[ Info: Initialized integrator (8.239 ms, 169.03 KiB)
[ Info: Added 7 user-provided YAML-style diagnostics
[ Info: Saving accumulated diagnostics to disk with frequency: 1 hour
[ Info: Set up diagnostics (438.457 μs, 105.05 KiB)
[ Info: Initialized 7 total diagnostics
