┌ Info: Simulation info
│   job_id = lf1e_clw_cal_member
└   output_dir = /home/jeff/larcform1-experiments/experiments/clw calibration/output/uki_1/iteration_003/member_006/output_0000
┌ Info: Running
│   job_id = lf1e_clw_cal_member
│   output_dir = /home/jeff/larcform1-experiments/experiments/clw calibration/output/uki_1/iteration_003/member_006/output_0000
└   tspan = (0.0 seconds (2010-01-01T00:00:00) [counter = 0, period = 1 second, epoch = 2010-01-01T00:00:00], 172800.0 seconds (2010-01-03T00:00:00) [counter = 172800, period = 1 second, epoch = 2010-01-01T00:00:00])
┌ Info: Progress
│   simulation_time = 30 seconds
│   n_steps_completed = 1
│   wall_time_per_step = 0 seconds
│   wall_time_total = 0 seconds
│   wall_time_remaining = 0 seconds
│   wall_time_spent = 0 seconds
│   percent_complete = 0.0%
│   estimated_sypd = Inf
│   instantaneous_sypd = 0.0 (sdpd_estimate = 0.0)
│   date_now = 2026-07-05T16:32:15.502
└   estimated_finish_date = 2026-07-05T16:32:15.502
┌ Info: Progress
│   simulation_time = 1 minute
│   n_steps_completed = 2
│   wall_time_per_step = 0 seconds
│   wall_time_total = 0 seconds
│   wall_time_remaining = 0 seconds
│   wall_time_spent = 0 seconds
│   percent_complete = 0.0%
│   estimated_sypd = Inf
│   instantaneous_sypd = 0.032
│   date_now = 2026-07-05T16:32:18.104
└   estimated_finish_date = 2026-07-05T16:32:18.104
┌ Info: Progress
│   simulation_time = 2 minutes
│   n_steps_completed = 4
│   wall_time_per_step = 4 milliseconds, 513 microseconds
│   wall_time_total = 25 seconds, 997 milliseconds
│   wall_time_remaining = 25 seconds, 979 milliseconds
│   wall_time_spent = 18 milliseconds, 54 microseconds
│   percent_complete = 0.1%
│   estimated_sypd = 18.198
│   instantaneous_sypd = 18.198
│   date_now = 2026-07-05T16:32:18.113
└   estimated_finish_date = 2026-07-05T16:32:44.113
┌ Info: Progress
│   simulation_time = 4 minutes
│   n_steps_completed = 8
│   wall_time_per_step = 4 milliseconds, 296 microseconds
│   wall_time_total = 24 seconds, 745 milliseconds
│   wall_time_remaining = 24 seconds, 711 milliseconds
│   wall_time_spent = 34 milliseconds, 368 microseconds
│   percent_complete = 0.1%
│   estimated_sypd = 19.119
│   instantaneous_sypd = 20.137
│   date_now = 2026-07-05T16:32:18.129
└   estimated_finish_date = 2026-07-05T16:32:43.129
┌ Info: Progress
│   simulation_time = 8 minutes
│   n_steps_completed = 16
│   wall_time_per_step = 4 milliseconds, 52 microseconds
│   wall_time_total = 23 seconds, 341 milliseconds
│   wall_time_remaining = 23 seconds, 277 milliseconds
│   wall_time_spent = 64 milliseconds, 838 microseconds
│   percent_complete = 0.3%
│   estimated_sypd = 20.268
│   instantaneous_sypd = 21.565
│   date_now = 2026-07-05T16:32:18.160
└   estimated_finish_date = 2026-07-05T16:32:42.160
┌ Info: Progress
│   simulation_time = 16 minutes
│   n_steps_completed = 32
│   wall_time_per_step = 3 milliseconds, 926 microseconds
│   wall_time_total = 22 seconds, 614 milliseconds
│   wall_time_remaining = 22 seconds, 488 milliseconds
│   wall_time_spent = 125 milliseconds, 633 microseconds
│   percent_complete = 0.6%
│   estimated_sypd = 20.921
│   instantaneous_sypd = 21.616
│   date_now = 2026-07-05T16:32:18.220
└   estimated_finish_date = 2026-07-05T16:32:41.220
┌ Info: Progress
│   simulation_time = 32 minutes
│   n_steps_completed = 64
│   wall_time_per_step = 3 milliseconds, 995 microseconds
│   wall_time_total = 23 seconds, 16 milliseconds
│   wall_time_remaining = 22 seconds, 760 milliseconds
│   wall_time_spent = 255 milliseconds, 736 microseconds
│   percent_complete = 1.1%
│   estimated_sypd = 20.555
│   instantaneous_sypd = 20.202
│   date_now = 2026-07-05T16:32:18.351
└   estimated_finish_date = 2026-07-05T16:32:41.351
┌ Info: Progress
│   simulation_time = 1 hour, 4 minutes
│   n_steps_completed = 128
│   wall_time_per_step = 4 milliseconds, 106 microseconds
│   wall_time_total = 23 seconds, 653 milliseconds
│   wall_time_remaining = 23 seconds, 127 milliseconds
│   wall_time_spent = 525 milliseconds, 634 microseconds
│   percent_complete = 2.2%
│   estimated_sypd = 20.001
│   instantaneous_sypd = 19.477
│   date_now = 2026-07-05T16:32:18.620
└   estimated_finish_date = 2026-07-05T16:32:42.620
┌ Info: Progress
│   simulation_time = 2 hours, 8 minutes
│   n_steps_completed = 256
│   wall_time_per_step = 4 milliseconds, 103 microseconds
│   wall_time_total = 23 seconds, 636 milliseconds
│   wall_time_remaining = 22 seconds, 585 milliseconds
│   wall_time_spent = 1 second, 50 milliseconds
│   percent_complete = 4.4%
│   estimated_sypd = 20.016
│   instantaneous_sypd = 20.03
│   date_now = 2026-07-05T16:32:19.145
└   estimated_finish_date = 2026-07-05T16:32:42.145
┌ Info: Progress
│   simulation_time = 4 hours, 16 minutes
│   n_steps_completed = 512
│   wall_time_per_step = 4 milliseconds, 139 microseconds
│   wall_time_total = 23 seconds, 845 milliseconds
│   wall_time_remaining = 21 seconds, 725 milliseconds
│   wall_time_spent = 2 seconds, 119 milliseconds
│   percent_complete = 8.9%
│   estimated_sypd = 19.84
│   instantaneous_sypd = 19.668
│   date_now = 2026-07-05T16:32:20.214
└   estimated_finish_date = 2026-07-05T16:32:42.214
┌ Info: Progress
│   simulation_time = 6 hours, 40 minutes
│   n_steps_completed = 801
│   wall_time_per_step = 4 milliseconds, 196 microseconds
│   wall_time_total = 24 seconds, 172 milliseconds
│   wall_time_remaining = 20 seconds, 810 milliseconds
│   wall_time_spent = 3 seconds, 361 milliseconds
│   percent_complete = 13.9%
│   estimated_sypd = 19.572
│   instantaneous_sypd = 19.114
│   date_now = 2026-07-05T16:32:21.456
└   estimated_finish_date = 2026-07-05T16:32:42.456
┌ Info: Progress
│   simulation_time = 8 hours, 32 minutes
│   n_steps_completed = 1024
│   wall_time_per_step = 4 milliseconds, 249 microseconds
│   wall_time_total = 24 seconds, 478 milliseconds
│   wall_time_remaining = 20 seconds, 127 milliseconds
│   wall_time_spent = 4 seconds, 351 milliseconds
│   percent_complete = 17.8%
│   estimated_sypd = 19.327
│   instantaneous_sypd = 18.495
│   date_now = 2026-07-05T16:32:22.447
└   estimated_finish_date = 2026-07-05T16:32:43.447
┌ Info: Progress
│   simulation_time = 10 hours, 56 minutes
│   n_steps_completed = 1313
│   wall_time_per_step = 4 milliseconds, 318 microseconds
│   wall_time_total = 24 seconds, 873 milliseconds
│   wall_time_remaining = 19 seconds, 203 milliseconds
│   wall_time_spent = 5 seconds, 669 milliseconds
│   percent_complete = 22.8%
│   estimated_sypd = 19.02
│   instantaneous_sypd = 18.009
│   date_now = 2026-07-05T16:32:23.765
└   estimated_finish_date = 2026-07-05T16:32:43.765
┌ Info: Progress
│   simulation_time = 13 hours, 21 minutes
│   n_steps_completed = 1602
│   wall_time_per_step = 4 milliseconds, 403 microseconds
│   wall_time_total = 25 seconds, 366 milliseconds
│   wall_time_remaining = 18 seconds, 311 milliseconds
│   wall_time_spent = 7 seconds, 55 milliseconds
│   percent_complete = 27.8%
│   estimated_sypd = 18.651
│   instantaneous_sypd = 17.137
│   date_now = 2026-07-05T16:32:25.150
└   estimated_finish_date = 2026-07-05T16:32:44.150
┌ Info: Progress
│   simulation_time = 15 hours, 45 minutes
│   n_steps_completed = 1891
│   wall_time_per_step = 4 milliseconds, 497 microseconds
│   wall_time_total = 25 seconds, 906 milliseconds
│   wall_time_remaining = 17 seconds, 401 milliseconds
│   wall_time_spent = 8 seconds, 505 milliseconds
│   percent_complete = 32.8%
│   estimated_sypd = 18.262
│   instantaneous_sypd = 16.37
│   date_now = 2026-07-05T16:32:26.600
└   estimated_finish_date = 2026-07-05T16:32:44.600
┌ Info: Progress
│   simulation_time = 17 hours, 4 minutes
│   n_steps_completed = 2048
│   wall_time_per_step = 4 milliseconds, 549 microseconds
│   wall_time_total = 26 seconds, 206 milliseconds
│   wall_time_remaining = 16 seconds, 888 milliseconds
│   wall_time_spent = 9 seconds, 317 milliseconds
│   percent_complete = 35.6%
│   estimated_sypd = 18.053
│   instantaneous_sypd = 15.869
│   date_now = 2026-07-05T16:32:27.413
└   estimated_finish_date = 2026-07-05T16:32:44.413
┌ Info: Progress
│   simulation_time = 19 hours, 28 minutes
│   n_steps_completed = 2337
│   wall_time_per_step = 4 milliseconds, 635 microseconds
│   wall_time_total = 26 seconds, 701 milliseconds
│   wall_time_remaining = 15 seconds, 867 milliseconds
│   wall_time_spent = 10 seconds, 833 milliseconds
│   percent_complete = 40.6%
│   estimated_sypd = 17.718
│   instantaneous_sypd = 15.659
│   date_now = 2026-07-05T16:32:28.928
└   estimated_finish_date = 2026-07-05T16:32:44.928
┌ Info: Progress
│   simulation_time = 21 hours, 53 minutes
│   n_steps_completed = 2626
│   wall_time_per_step = 4 milliseconds, 724 microseconds
│   wall_time_total = 27 seconds, 211 milliseconds
│   wall_time_remaining = 14 seconds, 805 milliseconds
│   wall_time_spent = 12 seconds, 405 milliseconds
│   percent_complete = 45.6%
│   estimated_sypd = 17.386
│   instantaneous_sypd = 15.096
│   date_now = 2026-07-05T16:32:30.501
└   estimated_finish_date = 2026-07-05T16:32:45.501
┌ Info: Progress
│   simulation_time = 1 day, 17 minutes
│   n_steps_completed = 2915
│   wall_time_per_step = 4 milliseconds, 852 microseconds
│   wall_time_total = 27 seconds, 951 milliseconds
│   wall_time_remaining = 13 seconds, 805 milliseconds
│   wall_time_spent = 14 seconds, 145 milliseconds
│   percent_complete = 50.6%
│   estimated_sypd = 16.926
│   instantaneous_sypd = 13.645
│   date_now = 2026-07-05T16:32:32.241
└   estimated_finish_date = 2026-07-05T16:32:46.240
┌ Info: Progress
│   simulation_time = 1 day, 2 hours
│   n_steps_completed = 3204
│   wall_time_per_step = 4 milliseconds, 925 microseconds
│   wall_time_total = 28 seconds, 369 milliseconds
│   wall_time_remaining = 12 seconds, 589 milliseconds
│   wall_time_spent = 15 seconds, 780 milliseconds
│   percent_complete = 55.6%
│   estimated_sypd = 16.676
│   instantaneous_sypd = 14.517
│   date_now = 2026-07-05T16:32:33.876
└   estimated_finish_date = 2026-07-05T16:32:46.876
┌ Info: Progress
│   simulation_time = 1 day, 5 hours
│   n_steps_completed = 3493
│   wall_time_per_step = 5 milliseconds, 1 microsecond
│   wall_time_total = 28 seconds, 808 milliseconds
│   wall_time_remaining = 11 seconds, 338 milliseconds
│   wall_time_spent = 17 seconds, 470 milliseconds
│   percent_complete = 60.6%
│   estimated_sypd = 16.422
│   instantaneous_sypd = 14.049
│   date_now = 2026-07-05T16:32:35.565
└   estimated_finish_date = 2026-07-05T16:32:47.565
┌ Info: Progress
│   simulation_time = 1 day, 7 hours
│   n_steps_completed = 3782
│   wall_time_per_step = 5 milliseconds, 72 microseconds
│   wall_time_total = 29 seconds, 216 milliseconds
│   wall_time_remaining = 10 seconds, 33 milliseconds
│   wall_time_spent = 19 seconds, 183 milliseconds
│   percent_complete = 65.7%
│   estimated_sypd = 16.193
│   instantaneous_sypd = 13.854
│   date_now = 2026-07-05T16:32:37.279
└   estimated_finish_date = 2026-07-05T16:32:48.279
┌ Info: Progress
│   simulation_time = 1 day, 9 hours
│   n_steps_completed = 4071
│   wall_time_per_step = 5 milliseconds, 157 microseconds
│   wall_time_total = 29 seconds, 709 milliseconds
│   wall_time_remaining = 8 seconds, 711 milliseconds
│   wall_time_spent = 20 seconds, 997 milliseconds
│   percent_complete = 70.7%
│   estimated_sypd = 15.924
│   instantaneous_sypd = 13.084
│   date_now = 2026-07-05T16:32:39.093
└   estimated_finish_date = 2026-07-05T16:32:48.093
┌ Info: Progress
│   simulation_time = 1 day, 10 hours
│   n_steps_completed = 4096
│   wall_time_per_step = 5 milliseconds, 165 microseconds
│   wall_time_total = 29 seconds, 755 milliseconds
│   wall_time_remaining = 8 seconds, 596 milliseconds
│   wall_time_spent = 21 seconds, 159 milliseconds
│   percent_complete = 71.1%
│   estimated_sypd = 15.899
│   instantaneous_sypd = 12.68
│   date_now = 2026-07-05T16:32:39.255
└   estimated_finish_date = 2026-07-05T16:32:48.255
┌ Info: Progress
│   simulation_time = 1 day, 12 hours
│   n_steps_completed = 4385
│   wall_time_per_step = 5 milliseconds, 239 microseconds
│   wall_time_total = 30 seconds, 178 milliseconds
│   wall_time_remaining = 7 seconds, 204 milliseconds
│   wall_time_spent = 22 seconds, 974 milliseconds
│   percent_complete = 76.1%
│   estimated_sypd = 15.677
│   instantaneous_sypd = 13.079
│   date_now = 2026-07-05T16:32:41.070
└   estimated_finish_date = 2026-07-05T16:32:49.070
┌ Info: Progress
│   simulation_time = 1 day, 14 hours
│   n_steps_completed = 4674
│   wall_time_per_step = 5 milliseconds, 305 microseconds
│   wall_time_total = 30 seconds, 558 milliseconds
│   wall_time_remaining = 5 seconds, 761 milliseconds
│   wall_time_spent = 24 seconds, 797 milliseconds
│   percent_complete = 81.1%
│   estimated_sypd = 15.482
│   instantaneous_sypd = 13.024
│   date_now = 2026-07-05T16:32:42.892
└   estimated_finish_date = 2026-07-05T16:32:48.892
┌ Info: Progress
│   simulation_time = 1 day, 17 hours
│   n_steps_completed = 4963
│   wall_time_per_step = 5 milliseconds, 385 microseconds
│   wall_time_total = 31 seconds, 22 milliseconds
│   wall_time_remaining = 4 seconds, 292 milliseconds
│   wall_time_spent = 26 seconds, 729 milliseconds
│   percent_complete = 86.2%
│   estimated_sypd = 15.25
│   instantaneous_sypd = 12.284
│   date_now = 2026-07-05T16:32:44.825
└   estimated_finish_date = 2026-07-05T16:32:49.825
┌ Info: Progress
│   simulation_time = 1 day, 19 hours
│   n_steps_completed = 5252
│   wall_time_per_step = 5 milliseconds, 450 microseconds
│   wall_time_total = 31 seconds, 394 milliseconds
│   wall_time_remaining = 2 seconds, 768 milliseconds
│   wall_time_spent = 28 seconds, 625 milliseconds
│   percent_complete = 91.2%
│   estimated_sypd = 15.069
│   instantaneous_sypd = 12.518
│   date_now = 2026-07-05T16:32:46.721
└   estimated_finish_date = 2026-07-05T16:32:49.721
┌ Info: Progress
│   simulation_time = 1 day, 22 hours
│   n_steps_completed = 5541
│   wall_time_per_step = 5 milliseconds, 513 microseconds
│   wall_time_total = 31 seconds, 757 milliseconds
│   wall_time_remaining = 1 second, 207 milliseconds
│   wall_time_spent = 30 seconds, 549 milliseconds
│   percent_complete = 96.2%
│   estimated_sypd = 14.897
│   instantaneous_sypd = 12.338
│   date_now = 2026-07-05T16:32:48.645
└   estimated_finish_date = 2026-07-05T16:32:50.645
[ Info: solve! walltime = 32.069
[ Info: sypd: 14.763
[ Info: wall_time_per_timestep: 5 milliseconds, 567 microseconds
[ Info: Memory currently used (after solve!) by the process (RSS): 8.68 GiB
[ Info: Completed member 6
┌ Info: Making AtmosConfig with config files: 
│      /home/jeff/larcform1-experiments/ClimaAtmos.jl/src/config/../../config/default_configs/default_config.yml
└   
┌ Info: numerics 
│          `energy_q_tot_upwinding`::`Val{:vanleer_limiter}`
│                `tracer_upwinding`::`Val{:vanleer_limiter}`
│       `edmfx_mse_q_tot_upwinding`::`Val{:first_order}`
│         `edmfx_sgsflux_upwinding`::`Val{:none}`
│          `edmfx_tracer_upwinding`::`Val{:first_order}`
│         `test_dycore_consistency`::`Nothing`
│            `reproducible_restart`::`Nothing`
│                         `limiter`::`Nothing`
│                       `diff_mode`::`ClimaAtmos.Implicit`
│                       `hyperdiff`::`Nothing`
└   
┌ Info: AtmosModel: 
│   
│                               `water`::`ClimaAtmos.AtmosWater{ClimaAtmos.NonEquilibriumMicrophysics1M, ClimaAtmos.QuadratureCloud, ClimaAtmos.Implicit, Nothing, ClimaAtmos.SGSQuadrature{3, StaticArraysCore.SVector{3, Float32}, StaticArraysCore.SVector{3, Float32}, ClimaAtmos.GaussianSGS, Float32}, ClimaAtmos.FixedTerminalVelocity{Float32}}`
│                           `scm_setup`::`ClimaAtmos.SCMSetup{Nothing, Nothing, Nothing, Bool, @NamedTuple{prof_ug::AtmosphericProfilesLibrary.ZProfile{AtmosphericProfilesLibrary.var"#Larcform1_geostrophic_u##0#Larcform1_geostrophic_u##1"{Float32}}, prof_vg::AtmosphericProfilesLibrary.ZProfile{Returns{Float32}}, coriolis_param::Float32}}`
│                           `radiation`::`ClimaAtmos.AtmosRadiation{ClimaAtmos.RRTMGPInterface.AllSkyRadiationWithClearSkyDiagnostics{ClimaAtmos.InteractiveCloudInRadiation}, ClimaAtmos.Larcform1Insolation}`
│                            `turbconv`::`ClimaAtmos.AtmosTurbconv{ClimaAtmos.EDMFXModel{ClimaAtmos.InvZEntrainment, ClimaAtmos.BuoyancyVelocityDetrainment, Val{true}, Val{true}, Val{true}, Val{true}, Val{true}, ClimaAtmos.SmoothMinimumBlending}, ClimaAtmos.PrognosticEDMFX{1, true, Float32}, Nothing, Nothing, Nothing}`
│                     `prescribed_flow`::`Nothing`
│                        `gravity_wave`::`ClimaAtmos.AtmosGravityWave{Nothing, Nothing}`
│                  `vertical_diffusion`::`Nothing`
│                              `sponge`::`ClimaAtmos.AtmosSponge{Nothing, Nothing}`
│                             `surface`::`ClimaAtmos.AtmosSurface{ClimaAtmos.SurfaceConditions.MoninObukhov{Float32, Nothing, Nothing}, ClimaAtmos.SurfaceConditions.SlabOceanTemperature{Float32}, ClimaAtmos.SurfaceConditions.SurfaceBoundaryOverrides{Float32, Float32, Nothing, Nothing, Nothing, Nothing}, ClimaAtmos.ConstantAlbedo{Float32}}`
│                            `numerics`::`ClimaAtmos.AtmosNumerics{Val{:vanleer_limiter}, Val{:vanleer_limiter}, Val{:first_order}, Val{:none}, Val{:first_order}, Nothing, Nothing, Nothing, ClimaAtmos.Implicit, Nothing}`
│                           `chemistry`::`ClimaAtmos.AtmosChem{Nothing}`
└   
┌ Info: Microphysics settings: 
│                          `n_substeps`::`3`
│                     `n_substeps_quad`::`2`
│              `cloud_liquid_formation`::`CloudLiquidFormation`
│                 `cloud_ice_formation`::`TemperatureDependent`
│                      `cloud_ice_melt`::`CloudIceMelt`
│                 `rain_autoconversion`::`Kessler1M`
│                 `snow_autoconversion`::`NoSupersaturation`
│       `rain_condensation_evaporation`::`RainEvaporation`
│         `snow_deposition_sublimation`::`DepositionAndSublimation`
│                           `snow_melt`::`SnowMelt`
│         `cloud_liquid_rain_accretion`::`CloudLiquidRainAccretion`
│         `cloud_liquid_snow_accretion`::`CloudLiquidSnowAccretion`
│            `cloud_ice_rain_accretion`::`CloudIceRainAccretion`
│            `cloud_ice_snow_accretion`::`CloudIceSnowAccretion`
│                 `rain_snow_accretion`::`RainSnowAccretion`
└   
[ Info: Single-process ClimaAtmos run on CPUSingleThreaded
[ Info: Using ODE config: `ClimaTimeSteppers.ARS222`
[ Info: Initialized state (57.101 μs, 7.76 KiB)
[ Info: Built cache (203.297 ms, 172.6 MiB)
[ Info: Assembled callbacks (134.013 μs, 17.42 KiB)
┌ Info: Jacobian algorithm: ManualSparseJacobian(
│     approximate_solve_iters = 2,
└   )
[ Info: Jacobian derivative flags: topography_flag = IgnoreDerivative, diffusion_flag = UseDerivative
[ Info: Built tendency function (240.406 μs, 201.06 KiB)
[ Info: Initialized integrator (8.592 ms, 169.03 KiB)
[ Info: Added 7 user-provided YAML-style diagnostics
[ Info: Saving accumulated diagnostics to disk with frequency: 1 hour
[ Info: Set up diagnostics (493.973 μs, 103.66 KiB)
[ Info: Initialized 7 total diagnostics
