┌ Info: Simulation info
│   job_id = lf1e_clw_cal_member
└   output_dir = /home/jeff/larcform1-experiments/experiments/clw calibration/output/uki_1/iteration_005/member_007/output_0000
┌ Info: Running
│   job_id = lf1e_clw_cal_member
│   output_dir = /home/jeff/larcform1-experiments/experiments/clw calibration/output/uki_1/iteration_005/member_007/output_0000
└   tspan = (0.0 seconds (2010-01-01T00:00:00) [counter = 0, period = 1 second, epoch = 2010-01-01T00:00:00], 172800.0 seconds (2010-01-03T00:00:00) [counter = 172800, period = 1 second, epoch = 2010-01-01T00:00:00])
┌ Info: Progress
│   simulation_time = 30 seconds
│   n_steps_completed = 1
│   wall_time_per_step = 0 seconds
│   wall_time_total = 0 seconds
│   wall_time_remaining = 0 seconds
│   wall_time_spent = 0 seconds
│   percent_complete = 0.0%
│   estimated_sypd = Inf
│   instantaneous_sypd = 0.0 (sdpd_estimate = 0.0)
│   date_now = 2026-07-05T16:47:48.377
└   estimated_finish_date = 2026-07-05T16:47:48.377
┌ Info: Progress
│   simulation_time = 1 minute
│   n_steps_completed = 2
│   wall_time_per_step = 0 seconds
│   wall_time_total = 0 seconds
│   wall_time_remaining = 0 seconds
│   wall_time_spent = 0 seconds
│   percent_complete = 0.0%
│   estimated_sypd = Inf
│   instantaneous_sypd = 0.031
│   date_now = 2026-07-05T16:47:51.010
└   estimated_finish_date = 2026-07-05T16:47:51.010
┌ Info: Progress
│   simulation_time = 2 minutes
│   n_steps_completed = 4
│   wall_time_per_step = 4 milliseconds, 623 microseconds
│   wall_time_total = 26 seconds, 628 milliseconds
│   wall_time_remaining = 26 seconds, 610 milliseconds
│   wall_time_spent = 18 milliseconds, 492 microseconds
│   percent_complete = 0.1%
│   estimated_sypd = 17.767
│   instantaneous_sypd = 17.767
│   date_now = 2026-07-05T16:47:51.020
└   estimated_finish_date = 2026-07-05T16:48:18.020
┌ Info: Progress
│   simulation_time = 4 minutes
│   n_steps_completed = 8
│   wall_time_per_step = 4 milliseconds, 395 microseconds
│   wall_time_total = 25 seconds, 319 milliseconds
│   wall_time_remaining = 25 seconds, 284 milliseconds
│   wall_time_spent = 35 milliseconds, 166 microseconds
│   percent_complete = 0.1%
│   estimated_sypd = 18.685
│   instantaneous_sypd = 19.704
│   date_now = 2026-07-05T16:47:51.036
└   estimated_finish_date = 2026-07-05T16:48:17.036
┌ Info: Progress
│   simulation_time = 8 minutes
│   n_steps_completed = 16
│   wall_time_per_step = 4 milliseconds, 146 microseconds
│   wall_time_total = 23 seconds, 886 milliseconds
│   wall_time_remaining = 23 seconds, 819 milliseconds
│   wall_time_spent = 66 milliseconds, 350 microseconds
│   percent_complete = 0.3%
│   estimated_sypd = 19.807
│   instantaneous_sypd = 21.071
│   date_now = 2026-07-05T16:47:51.067
└   estimated_finish_date = 2026-07-05T16:48:15.067
┌ Info: Progress
│   simulation_time = 16 minutes
│   n_steps_completed = 32
│   wall_time_per_step = 3 milliseconds, 980 microseconds
│   wall_time_total = 22 seconds, 924 milliseconds
│   wall_time_remaining = 22 seconds, 797 milliseconds
│   wall_time_spent = 127 milliseconds, 360 microseconds
│   percent_complete = 0.6%
│   estimated_sypd = 20.637
│   instantaneous_sypd = 21.54
│   date_now = 2026-07-05T16:47:51.128
└   estimated_finish_date = 2026-07-05T16:48:14.128
┌ Info: Progress
│   simulation_time = 32 minutes
│   n_steps_completed = 64
│   wall_time_per_step = 4 milliseconds, 18 microseconds
│   wall_time_total = 23 seconds, 149 milliseconds
│   wall_time_remaining = 22 seconds, 891 milliseconds
│   wall_time_spent = 257 milliseconds, 211 microseconds
│   percent_complete = 1.1%
│   estimated_sypd = 20.437
│   instantaneous_sypd = 20.241
│   date_now = 2026-07-05T16:47:51.258
└   estimated_finish_date = 2026-07-05T16:48:14.258
┌ Info: Progress
│   simulation_time = 1 hour, 4 minutes
│   n_steps_completed = 128
│   wall_time_per_step = 4 milliseconds, 150 microseconds
│   wall_time_total = 23 seconds, 904 milliseconds
│   wall_time_remaining = 23 seconds, 373 milliseconds
│   wall_time_spent = 531 milliseconds, 209 microseconds
│   percent_complete = 2.2%
│   estimated_sypd = 19.791
│   instantaneous_sypd = 19.185
│   date_now = 2026-07-05T16:47:51.532
└   estimated_finish_date = 2026-07-05T16:48:15.532
┌ Info: Progress
│   simulation_time = 2 hours, 8 minutes
│   n_steps_completed = 256
│   wall_time_per_step = 4 milliseconds, 115 microseconds
│   wall_time_total = 23 seconds, 704 milliseconds
│   wall_time_remaining = 22 seconds, 650 milliseconds
│   wall_time_spent = 1 second, 53 milliseconds
│   percent_complete = 4.4%
│   estimated_sypd = 19.958
│   instantaneous_sypd = 20.128
│   date_now = 2026-07-05T16:47:52.055
└   estimated_finish_date = 2026-07-05T16:48:15.055
┌ Info: Progress
│   simulation_time = 4 hours, 16 minutes
│   n_steps_completed = 512
│   wall_time_per_step = 4 milliseconds, 164 microseconds
│   wall_time_total = 23 seconds, 988 milliseconds
│   wall_time_remaining = 21 seconds, 856 milliseconds
│   wall_time_spent = 2 seconds, 132 milliseconds
│   percent_complete = 8.9%
│   estimated_sypd = 19.722
│   instantaneous_sypd = 19.491
│   date_now = 2026-07-05T16:47:53.133
└   estimated_finish_date = 2026-07-05T16:48:15.133
┌ Info: Progress
│   simulation_time = 6 hours, 40 minutes
│   n_steps_completed = 801
│   wall_time_per_step = 4 milliseconds, 219 microseconds
│   wall_time_total = 24 seconds, 306 milliseconds
│   wall_time_remaining = 20 seconds, 926 milliseconds
│   wall_time_spent = 3 seconds, 380 milliseconds
│   percent_complete = 13.9%
│   estimated_sypd = 19.464
│   instantaneous_sypd = 19.023
│   date_now = 2026-07-05T16:47:54.381
└   estimated_finish_date = 2026-07-05T16:48:15.381
┌ Info: Progress
│   simulation_time = 8 hours, 32 minutes
│   n_steps_completed = 1024
│   wall_time_per_step = 4 milliseconds, 274 microseconds
│   wall_time_total = 24 seconds, 619 milliseconds
│   wall_time_remaining = 20 seconds, 242 milliseconds
│   wall_time_spent = 4 seconds, 376 milliseconds
│   percent_complete = 17.8%
│   estimated_sypd = 19.217
│   instantaneous_sypd = 18.378
│   date_now = 2026-07-05T16:47:55.378
└   estimated_finish_date = 2026-07-05T16:48:16.378
┌ Info: Progress
│   simulation_time = 10 hours, 56 minutes
│   n_steps_completed = 1313
│   wall_time_per_step = 4 milliseconds, 333 microseconds
│   wall_time_total = 24 seconds, 959 milliseconds
│   wall_time_remaining = 19 seconds, 270 milliseconds
│   wall_time_spent = 5 seconds, 689 milliseconds
│   percent_complete = 22.8%
│   estimated_sypd = 18.954
│   instantaneous_sypd = 18.08
│   date_now = 2026-07-05T16:47:56.691
└   estimated_finish_date = 2026-07-05T16:48:16.691
┌ Info: Progress
│   simulation_time = 13 hours, 21 minutes
│   n_steps_completed = 1602
│   wall_time_per_step = 4 milliseconds, 415 microseconds
│   wall_time_total = 25 seconds, 432 milliseconds
│   wall_time_remaining = 18 seconds, 358 milliseconds
│   wall_time_spent = 7 seconds, 73 milliseconds
│   percent_complete = 27.8%
│   estimated_sypd = 18.602
│   instantaneous_sypd = 17.155
│   date_now = 2026-07-05T16:47:58.075
└   estimated_finish_date = 2026-07-05T16:48:17.074
┌ Info: Progress
│   simulation_time = 15 hours, 45 minutes
│   n_steps_completed = 1891
│   wall_time_per_step = 4 milliseconds, 492 microseconds
│   wall_time_total = 25 seconds, 877 milliseconds
│   wall_time_remaining = 17 seconds, 381 milliseconds
│   wall_time_spent = 8 seconds, 495 milliseconds
│   percent_complete = 32.8%
│   estimated_sypd = 18.282
│   instantaneous_sypd = 16.691
│   date_now = 2026-07-05T16:47:59.497
└   estimated_finish_date = 2026-07-05T16:48:17.497
┌ Info: Progress
│   simulation_time = 17 hours, 4 minutes
│   n_steps_completed = 2048
│   wall_time_per_step = 4 milliseconds, 538 microseconds
│   wall_time_total = 26 seconds, 141 milliseconds
│   wall_time_remaining = 16 seconds, 846 milliseconds
│   wall_time_spent = 9 seconds, 294 milliseconds
│   percent_complete = 35.6%
│   estimated_sypd = 18.098
│   instantaneous_sypd = 16.135
│   date_now = 2026-07-05T16:48:00.296
└   estimated_finish_date = 2026-07-05T16:48:17.296
┌ Info: Progress
│   simulation_time = 19 hours, 28 minutes
│   n_steps_completed = 2337
│   wall_time_per_step = 4 milliseconds, 610 microseconds
│   wall_time_total = 26 seconds, 554 milliseconds
│   wall_time_remaining = 15 seconds, 780 milliseconds
│   wall_time_spent = 10 seconds, 773 milliseconds
│   percent_complete = 40.6%
│   estimated_sypd = 17.816
│   instantaneous_sypd = 16.048
│   date_now = 2026-07-05T16:48:01.775
└   estimated_finish_date = 2026-07-05T16:48:17.775
┌ Info: Progress
│   simulation_time = 21 hours, 53 minutes
│   n_steps_completed = 2626
│   wall_time_per_step = 4 milliseconds, 683 microseconds
│   wall_time_total = 26 seconds, 978 milliseconds
│   wall_time_remaining = 14 seconds, 679 milliseconds
│   wall_time_spent = 12 seconds, 299 milliseconds
│   percent_complete = 45.6%
│   estimated_sypd = 17.536
│   instantaneous_sypd = 15.557
│   date_now = 2026-07-05T16:48:03.301
└   estimated_finish_date = 2026-07-05T16:48:18.301
┌ Info: Progress
│   simulation_time = 1 day, 17 minutes
│   n_steps_completed = 2915
│   wall_time_per_step = 4 milliseconds, 801 microseconds
│   wall_time_total = 27 seconds, 654 milliseconds
│   wall_time_remaining = 13 seconds, 659 milliseconds
│   wall_time_spent = 13 seconds, 995 milliseconds
│   percent_complete = 50.6%
│   estimated_sypd = 17.108
│   instantaneous_sypd = 13.999
│   date_now = 2026-07-05T16:48:04.996
└   estimated_finish_date = 2026-07-05T16:48:18.996
┌ Info: Progress
│   simulation_time = 1 day, 2 hours
│   n_steps_completed = 3204
│   wall_time_per_step = 4 milliseconds, 859 microseconds
│   wall_time_total = 27 seconds, 991 milliseconds
│   wall_time_remaining = 12 seconds, 421 milliseconds
│   wall_time_spent = 15 seconds, 570 milliseconds
│   percent_complete = 55.6%
│   estimated_sypd = 16.902
│   instantaneous_sypd = 15.074
│   date_now = 2026-07-05T16:48:06.571
└   estimated_finish_date = 2026-07-05T16:48:19.571
┌ Info: Progress
│   simulation_time = 1 day, 5 hours
│   n_steps_completed = 3493
│   wall_time_per_step = 4 milliseconds, 928 microseconds
│   wall_time_total = 28 seconds, 387 milliseconds
│   wall_time_remaining = 11 seconds, 172 milliseconds
│   wall_time_spent = 17 seconds, 215 milliseconds
│   percent_complete = 60.6%
│   estimated_sypd = 16.666
│   instantaneous_sypd = 14.43
│   date_now = 2026-07-05T16:48:08.216
└   estimated_finish_date = 2026-07-05T16:48:20.216
┌ Info: Progress
│   simulation_time = 1 day, 7 hours
│   n_steps_completed = 3782
│   wall_time_per_step = 4 milliseconds, 991 microseconds
│   wall_time_total = 28 seconds, 753 milliseconds
│   wall_time_remaining = 9 seconds, 873 milliseconds
│   wall_time_spent = 18 seconds, 879 milliseconds
│   percent_complete = 65.7%
│   estimated_sypd = 16.454
│   instantaneous_sypd = 14.263
│   date_now = 2026-07-05T16:48:09.880
└   estimated_finish_date = 2026-07-05T16:48:19.880
┌ Info: Progress
│   simulation_time = 1 day, 9 hours
│   n_steps_completed = 4071
│   wall_time_per_step = 5 milliseconds, 70 microseconds
│   wall_time_total = 29 seconds, 203 milliseconds
│   wall_time_remaining = 8 seconds, 563 milliseconds
│   wall_time_spent = 20 seconds, 640 milliseconds
│   percent_complete = 70.7%
│   estimated_sypd = 16.2
│   instantaneous_sypd = 13.48
│   date_now = 2026-07-05T16:48:11.641
└   estimated_finish_date = 2026-07-05T16:48:20.641
┌ Info: Progress
│   simulation_time = 1 day, 10 hours
│   n_steps_completed = 4096
│   wall_time_per_step = 5 milliseconds, 78 microseconds
│   wall_time_total = 29 seconds, 249 milliseconds
│   wall_time_remaining = 8 seconds, 449 milliseconds
│   wall_time_spent = 20 seconds, 799 milliseconds
│   percent_complete = 71.1%
│   estimated_sypd = 16.175
│   instantaneous_sypd = 12.886
│   date_now = 2026-07-05T16:48:11.801
└   estimated_finish_date = 2026-07-05T16:48:20.801
┌ Info: Progress
│   simulation_time = 1 day, 12 hours
│   n_steps_completed = 4385
│   wall_time_per_step = 5 milliseconds, 143 microseconds
│   wall_time_total = 29 seconds, 625 milliseconds
│   wall_time_remaining = 7 seconds, 72 milliseconds
│   wall_time_spent = 22 seconds, 553 milliseconds
│   percent_complete = 76.1%
│   estimated_sypd = 15.969
│   instantaneous_sypd = 13.534
│   date_now = 2026-07-05T16:48:13.555
└   estimated_finish_date = 2026-07-05T16:48:21.555
┌ Info: Progress
│   simulation_time = 1 day, 14 hours
│   n_steps_completed = 4674
│   wall_time_per_step = 5 milliseconds, 203 microseconds
│   wall_time_total = 29 seconds, 974 milliseconds
│   wall_time_remaining = 5 seconds, 651 milliseconds
│   wall_time_spent = 24 seconds, 322 milliseconds
│   percent_complete = 81.1%
│   estimated_sypd = 15.784
│   instantaneous_sypd = 13.416
│   date_now = 2026-07-05T16:48:15.324
└   estimated_finish_date = 2026-07-05T16:48:21.324
┌ Info: Progress
│   simulation_time = 1 day, 17 hours
│   n_steps_completed = 4963
│   wall_time_per_step = 5 milliseconds, 302 microseconds
│   wall_time_total = 30 seconds, 543 milliseconds
│   wall_time_remaining = 4 seconds, 226 milliseconds
│   wall_time_spent = 26 seconds, 316 milliseconds
│   percent_complete = 86.2%
│   estimated_sypd = 15.49
│   instantaneous_sypd = 11.903
│   date_now = 2026-07-05T16:48:17.318
└   estimated_finish_date = 2026-07-05T16:48:22.318
┌ Info: Progress
│   simulation_time = 1 day, 19 hours
│   n_steps_completed = 5252
│   wall_time_per_step = 5 milliseconds, 376 microseconds
│   wall_time_total = 30 seconds, 966 milliseconds
│   wall_time_remaining = 2 seconds, 731 milliseconds
│   wall_time_spent = 28 seconds, 235 milliseconds
│   percent_complete = 91.2%
│   estimated_sypd = 15.278
│   instantaneous_sypd = 12.375
│   date_now = 2026-07-05T16:48:19.236
└   estimated_finish_date = 2026-07-05T16:48:22.236
┌ Info: Progress
│   simulation_time = 1 day, 22 hours
│   n_steps_completed = 5541
│   wall_time_per_step = 5 milliseconds, 440 microseconds
│   wall_time_total = 31 seconds, 337 milliseconds
│   wall_time_remaining = 1 second, 191 milliseconds
│   wall_time_spent = 30 seconds, 145 milliseconds
│   percent_complete = 96.2%
│   estimated_sypd = 15.097
│   instantaneous_sypd = 12.424
│   date_now = 2026-07-05T16:48:21.147
└   estimated_finish_date = 2026-07-05T16:48:23.147
[ Info: solve! walltime = 31.656
[ Info: sypd: 14.955
[ Info: wall_time_per_timestep: 5 milliseconds, 495 microseconds
[ Info: Memory currently used (after solve!) by the process (RSS): 8.68 GiB
[ Info: Completed member 7
┌ Info: Making AtmosConfig with config files: 
│      /home/jeff/larcform1-experiments/ClimaAtmos.jl/src/config/../../config/default_configs/default_config.yml
└   
┌ Info: numerics 
│          `energy_q_tot_upwinding`::`Val{:vanleer_limiter}`
│                `tracer_upwinding`::`Val{:vanleer_limiter}`
│       `edmfx_mse_q_tot_upwinding`::`Val{:first_order}`
│         `edmfx_sgsflux_upwinding`::`Val{:none}`
│          `edmfx_tracer_upwinding`::`Val{:first_order}`
│         `test_dycore_consistency`::`Nothing`
│            `reproducible_restart`::`Nothing`
│                         `limiter`::`Nothing`
│                       `diff_mode`::`ClimaAtmos.Implicit`
│                       `hyperdiff`::`Nothing`
└   
┌ Info: AtmosModel: 
│   
│                               `water`::`ClimaAtmos.AtmosWater{ClimaAtmos.NonEquilibriumMicrophysics1M, ClimaAtmos.QuadratureCloud, ClimaAtmos.Implicit, Nothing, ClimaAtmos.SGSQuadrature{3, StaticArraysCore.SVector{3, Float32}, StaticArraysCore.SVector{3, Float32}, ClimaAtmos.GaussianSGS, Float32}, ClimaAtmos.FixedTerminalVelocity{Float32}}`
│                           `scm_setup`::`ClimaAtmos.SCMSetup{Nothing, Nothing, Nothing, Bool, @NamedTuple{prof_ug::AtmosphericProfilesLibrary.ZProfile{AtmosphericProfilesLibrary.var"#Larcform1_geostrophic_u##0#Larcform1_geostrophic_u##1"{Float32}}, prof_vg::AtmosphericProfilesLibrary.ZProfile{Returns{Float32}}, coriolis_param::Float32}}`
│                           `radiation`::`ClimaAtmos.AtmosRadiation{ClimaAtmos.RRTMGPInterface.AllSkyRadiationWithClearSkyDiagnostics{ClimaAtmos.InteractiveCloudInRadiation}, ClimaAtmos.Larcform1Insolation}`
│                            `turbconv`::`ClimaAtmos.AtmosTurbconv{ClimaAtmos.EDMFXModel{ClimaAtmos.InvZEntrainment, ClimaAtmos.BuoyancyVelocityDetrainment, Val{true}, Val{true}, Val{true}, Val{true}, Val{true}, ClimaAtmos.SmoothMinimumBlending}, ClimaAtmos.PrognosticEDMFX{1, true, Float32}, Nothing, Nothing, Nothing}`
│                     `prescribed_flow`::`Nothing`
│                        `gravity_wave`::`ClimaAtmos.AtmosGravityWave{Nothing, Nothing}`
│                  `vertical_diffusion`::`Nothing`
│                              `sponge`::`ClimaAtmos.AtmosSponge{Nothing, Nothing}`
│                             `surface`::`ClimaAtmos.AtmosSurface{ClimaAtmos.SurfaceConditions.MoninObukhov{Float32, Nothing, Nothing}, ClimaAtmos.SurfaceConditions.SlabOceanTemperature{Float32}, ClimaAtmos.SurfaceConditions.SurfaceBoundaryOverrides{Float32, Float32, Nothing, Nothing, Nothing, Nothing}, ClimaAtmos.ConstantAlbedo{Float32}}`
│                            `numerics`::`ClimaAtmos.AtmosNumerics{Val{:vanleer_limiter}, Val{:vanleer_limiter}, Val{:first_order}, Val{:none}, Val{:first_order}, Nothing, Nothing, Nothing, ClimaAtmos.Implicit, Nothing}`
│                           `chemistry`::`ClimaAtmos.AtmosChem{Nothing}`
└   
┌ Info: Microphysics settings: 
│                          `n_substeps`::`3`
│                     `n_substeps_quad`::`2`
│              `cloud_liquid_formation`::`CloudLiquidFormation`
│                 `cloud_ice_formation`::`TemperatureDependent`
│                      `cloud_ice_melt`::`CloudIceMelt`
│                 `rain_autoconversion`::`Kessler1M`
│                 `snow_autoconversion`::`NoSupersaturation`
│       `rain_condensation_evaporation`::`RainEvaporation`
│         `snow_deposition_sublimation`::`DepositionAndSublimation`
│                           `snow_melt`::`SnowMelt`
│         `cloud_liquid_rain_accretion`::`CloudLiquidRainAccretion`
│         `cloud_liquid_snow_accretion`::`CloudLiquidSnowAccretion`
│            `cloud_ice_rain_accretion`::`CloudIceRainAccretion`
│            `cloud_ice_snow_accretion`::`CloudIceSnowAccretion`
│                 `rain_snow_accretion`::`RainSnowAccretion`
└   
[ Info: Single-process ClimaAtmos run on CPUSingleThreaded
[ Info: Using ODE config: `ClimaTimeSteppers.ARS222`
[ Info: Initialized state (51.622 μs, 7.76 KiB)
[ Info: Built cache (209.801 ms, 172.6 MiB)
[ Info: Assembled callbacks (137.633 μs, 17.42 KiB)
┌ Info: Jacobian algorithm: ManualSparseJacobian(
│     approximate_solve_iters = 2,
└   )
[ Info: Jacobian derivative flags: topography_flag = IgnoreDerivative, diffusion_flag = UseDerivative
[ Info: Built tendency function (200.485 μs, 201.06 KiB)
[ Info: Initialized integrator (9.331 ms, 169.03 KiB)
[ Info: Added 7 user-provided YAML-style diagnostics
[ Info: Saving accumulated diagnostics to disk with frequency: 1 hour
[ Info: Set up diagnostics (449.641 μs, 103.66 KiB)
[ Info: Initialized 7 total diagnostics
