┌ Info: Simulation info
│   job_id = lf1e_clw_cal_member
└   output_dir = /home/jeff/larcform1-experiments/experiments/clw calibration/output/uki_1/iteration_003/member_011/output_0000
┌ Info: Running
│   job_id = lf1e_clw_cal_member
│   output_dir = /home/jeff/larcform1-experiments/experiments/clw calibration/output/uki_1/iteration_003/member_011/output_0000
└   tspan = (0.0 seconds (2010-01-01T00:00:00) [counter = 0, period = 1 second, epoch = 2010-01-01T00:00:00], 172800.0 seconds (2010-01-03T00:00:00) [counter = 172800, period = 1 second, epoch = 2010-01-01T00:00:00])
┌ Info: Progress
│   simulation_time = 30 seconds
│   n_steps_completed = 1
│   wall_time_per_step = 0 seconds
│   wall_time_total = 0 seconds
│   wall_time_remaining = 0 seconds
│   wall_time_spent = 0 seconds
│   percent_complete = 0.0%
│   estimated_sypd = Inf
│   instantaneous_sypd = 0.0 (sdpd_estimate = 0.0)
│   date_now = 2026-07-05T16:35:07.575
└   estimated_finish_date = 2026-07-05T16:35:07.575
┌ Info: Progress
│   simulation_time = 1 minute
│   n_steps_completed = 2
│   wall_time_per_step = 0 seconds
│   wall_time_total = 0 seconds
│   wall_time_remaining = 0 seconds
│   wall_time_spent = 0 seconds
│   percent_complete = 0.0%
│   estimated_sypd = Inf
│   instantaneous_sypd = 0.032
│   date_now = 2026-07-05T16:35:10.167
└   estimated_finish_date = 2026-07-05T16:35:10.167
┌ Info: Progress
│   simulation_time = 2 minutes
│   n_steps_completed = 4
│   wall_time_per_step = 4 milliseconds, 566 microseconds
│   wall_time_total = 26 seconds, 303 milliseconds
│   wall_time_remaining = 26 seconds, 285 milliseconds
│   wall_time_spent = 18 milliseconds, 266 microseconds
│   percent_complete = 0.1%
│   estimated_sypd = 17.986
│   instantaneous_sypd = 17.986
│   date_now = 2026-07-05T16:35:10.176
└   estimated_finish_date = 2026-07-05T16:35:37.176
┌ Info: Progress
│   simulation_time = 4 minutes
│   n_steps_completed = 8
│   wall_time_per_step = 4 milliseconds, 349 microseconds
│   wall_time_total = 25 seconds, 55 milliseconds
│   wall_time_remaining = 25 seconds, 20 milliseconds
│   wall_time_spent = 34 milliseconds, 799 microseconds
│   percent_complete = 0.1%
│   estimated_sypd = 18.882
│   instantaneous_sypd = 19.872
│   date_now = 2026-07-05T16:35:10.193
└   estimated_finish_date = 2026-07-05T16:35:36.193
┌ Info: Progress
│   simulation_time = 8 minutes
│   n_steps_completed = 16
│   wall_time_per_step = 4 milliseconds, 111 microseconds
│   wall_time_total = 23 seconds, 683 milliseconds
│   wall_time_remaining = 23 seconds, 617 milliseconds
│   wall_time_spent = 65 milliseconds, 787 microseconds
│   percent_complete = 0.3%
│   estimated_sypd = 19.976
│   instantaneous_sypd = 21.204
│   date_now = 2026-07-05T16:35:10.224
└   estimated_finish_date = 2026-07-05T16:35:34.224
┌ Info: Progress
│   simulation_time = 16 minutes
│   n_steps_completed = 32
│   wall_time_per_step = 3 milliseconds, 971 microseconds
│   wall_time_total = 22 seconds, 878 milliseconds
│   wall_time_remaining = 22 seconds, 751 milliseconds
│   wall_time_spent = 127 milliseconds, 103 microseconds
│   percent_complete = 0.6%
│   estimated_sypd = 20.679
│   instantaneous_sypd = 21.433
│   date_now = 2026-07-05T16:35:10.285
└   estimated_finish_date = 2026-07-05T16:35:33.285
┌ Info: Progress
│   simulation_time = 32 minutes
│   n_steps_completed = 64
│   wall_time_per_step = 4 milliseconds, 7 microseconds
│   wall_time_total = 23 seconds, 80 milliseconds
│   wall_time_remaining = 22 seconds, 824 milliseconds
│   wall_time_spent = 256 milliseconds, 450 microseconds
│   percent_complete = 1.1%
│   estimated_sypd = 20.498
│   instantaneous_sypd = 20.32
│   date_now = 2026-07-05T16:35:10.415
└   estimated_finish_date = 2026-07-05T16:35:33.415
┌ Info: Progress
│   simulation_time = 1 hour, 4 minutes
│   n_steps_completed = 128
│   wall_time_per_step = 4 milliseconds, 132 microseconds
│   wall_time_total = 23 seconds, 804 milliseconds
│   wall_time_remaining = 23 seconds, 275 milliseconds
│   wall_time_spent = 528 milliseconds, 997 microseconds
│   percent_complete = 2.2%
│   estimated_sypd = 19.874
│   instantaneous_sypd = 19.287
│   date_now = 2026-07-05T16:35:10.687
└   estimated_finish_date = 2026-07-05T16:35:34.687
┌ Info: Progress
│   simulation_time = 2 hours, 8 minutes
│   n_steps_completed = 256
│   wall_time_per_step = 4 milliseconds, 93 microseconds
│   wall_time_total = 23 seconds, 579 milliseconds
│   wall_time_remaining = 22 seconds, 531 milliseconds
│   wall_time_spent = 1 second, 47 milliseconds
│   percent_complete = 4.4%
│   estimated_sypd = 20.064
│   instantaneous_sypd = 20.257
│   date_now = 2026-07-05T16:35:11.206
└   estimated_finish_date = 2026-07-05T16:35:34.206
┌ Info: Progress
│   simulation_time = 4 hours, 16 minutes
│   n_steps_completed = 512
│   wall_time_per_step = 4 milliseconds, 105 microseconds
│   wall_time_total = 23 seconds, 649 milliseconds
│   wall_time_remaining = 21 seconds, 547 milliseconds
│   wall_time_spent = 2 seconds, 102 milliseconds
│   percent_complete = 8.9%
│   estimated_sypd = 20.005
│   instantaneous_sypd = 19.946
│   date_now = 2026-07-05T16:35:12.260
└   estimated_finish_date = 2026-07-05T16:35:34.260
┌ Info: Progress
│   simulation_time = 6 hours, 40 minutes
│   n_steps_completed = 801
│   wall_time_per_step = 4 milliseconds, 175 microseconds
│   wall_time_total = 24 seconds, 53 milliseconds
│   wall_time_remaining = 20 seconds, 708 milliseconds
│   wall_time_spent = 3 seconds, 344 milliseconds
│   percent_complete = 13.9%
│   estimated_sypd = 19.669
│   instantaneous_sypd = 19.1
│   date_now = 2026-07-05T16:35:13.503
└   estimated_finish_date = 2026-07-05T16:35:34.503
┌ Info: Progress
│   simulation_time = 8 hours, 32 minutes
│   n_steps_completed = 1024
│   wall_time_per_step = 4 milliseconds, 231 microseconds
│   wall_time_total = 24 seconds, 375 milliseconds
│   wall_time_remaining = 20 seconds, 41 milliseconds
│   wall_time_spent = 4 seconds, 333 milliseconds
│   percent_complete = 17.8%
│   estimated_sypd = 19.409
│   instantaneous_sypd = 18.531
│   date_now = 2026-07-05T16:35:14.492
└   estimated_finish_date = 2026-07-05T16:35:35.492
┌ Info: Progress
│   simulation_time = 10 hours, 56 minutes
│   n_steps_completed = 1313
│   wall_time_per_step = 4 milliseconds, 296 microseconds
│   wall_time_total = 24 seconds, 747 milliseconds
│   wall_time_remaining = 19 seconds, 106 milliseconds
│   wall_time_spent = 5 seconds, 641 milliseconds
│   percent_complete = 22.8%
│   estimated_sypd = 19.117
│   instantaneous_sypd = 18.149
│   date_now = 2026-07-05T16:35:15.799
└   estimated_finish_date = 2026-07-05T16:35:35.799
┌ Info: Progress
│   simulation_time = 13 hours, 21 minutes
│   n_steps_completed = 1602
│   wall_time_per_step = 4 milliseconds, 374 microseconds
│   wall_time_total = 25 seconds, 194 milliseconds
│   wall_time_remaining = 18 seconds, 187 milliseconds
│   wall_time_spent = 7 seconds, 7 milliseconds
│   percent_complete = 27.8%
│   estimated_sypd = 18.778
│   instantaneous_sypd = 17.376
│   date_now = 2026-07-05T16:35:17.166
└   estimated_finish_date = 2026-07-05T16:35:36.166
┌ Info: Progress
│   simulation_time = 15 hours, 45 minutes
│   n_steps_completed = 1891
│   wall_time_per_step = 4 milliseconds, 453 microseconds
│   wall_time_total = 25 seconds, 649 milliseconds
│   wall_time_remaining = 17 seconds, 228 milliseconds
│   wall_time_spent = 8 seconds, 420 milliseconds
│   percent_complete = 32.8%
│   estimated_sypd = 18.445
│   instantaneous_sypd = 16.794
│   date_now = 2026-07-05T16:35:18.579
└   estimated_finish_date = 2026-07-05T16:35:36.579
┌ Info: Progress
│   simulation_time = 17 hours, 4 minutes
│   n_steps_completed = 2048
│   wall_time_per_step = 4 milliseconds, 498 microseconds
│   wall_time_total = 25 seconds, 914 milliseconds
│   wall_time_remaining = 16 seconds, 700 milliseconds
│   wall_time_spent = 9 seconds, 213 milliseconds
│   percent_complete = 35.6%
│   estimated_sypd = 18.257
│   instantaneous_sypd = 16.259
│   date_now = 2026-07-05T16:35:19.372
└   estimated_finish_date = 2026-07-05T16:35:36.372
┌ Info: Progress
│   simulation_time = 19 hours, 28 minutes
│   n_steps_completed = 2337
│   wall_time_per_step = 4 milliseconds, 576 microseconds
│   wall_time_total = 26 seconds, 361 milliseconds
│   wall_time_remaining = 15 seconds, 665 milliseconds
│   wall_time_spent = 10 seconds, 695 milliseconds
│   percent_complete = 40.6%
│   estimated_sypd = 17.947
│   instantaneous_sypd = 16.021
│   date_now = 2026-07-05T16:35:20.854
└   estimated_finish_date = 2026-07-05T16:35:36.854
┌ Info: Progress
│   simulation_time = 21 hours, 53 minutes
│   n_steps_completed = 2626
│   wall_time_per_step = 4 milliseconds, 706 microseconds
│   wall_time_total = 27 seconds, 110 milliseconds
│   wall_time_remaining = 14 seconds, 750 milliseconds
│   wall_time_spent = 12 seconds, 359 milliseconds
│   percent_complete = 45.6%
│   estimated_sypd = 17.451
│   instantaneous_sypd = 14.265
│   date_now = 2026-07-05T16:35:22.518
└   estimated_finish_date = 2026-07-05T16:35:37.518
┌ Info: Progress
│   simulation_time = 1 day, 17 minutes
│   n_steps_completed = 2915
│   wall_time_per_step = 4 milliseconds, 777 microseconds
│   wall_time_total = 27 seconds, 515 milliseconds
│   wall_time_remaining = 13 seconds, 590 milliseconds
│   wall_time_spent = 13 seconds, 925 milliseconds
│   percent_complete = 50.6%
│   estimated_sypd = 17.194
│   instantaneous_sypd = 15.163
│   date_now = 2026-07-05T16:35:24.083
└   estimated_finish_date = 2026-07-05T16:35:38.083
┌ Info: Progress
│   simulation_time = 1 day, 2 hours
│   n_steps_completed = 3204
│   wall_time_per_step = 4 milliseconds, 839 microseconds
│   wall_time_total = 27 seconds, 876 milliseconds
│   wall_time_remaining = 12 seconds, 370 milliseconds
│   wall_time_spent = 15 seconds, 506 milliseconds
│   percent_complete = 55.6%
│   estimated_sypd = 16.971
│   instantaneous_sypd = 15.011
│   date_now = 2026-07-05T16:35:25.665
└   estimated_finish_date = 2026-07-05T16:35:38.665
┌ Info: Progress
│   simulation_time = 1 day, 5 hours
│   n_steps_completed = 3493
│   wall_time_per_step = 4 milliseconds, 905 microseconds
│   wall_time_total = 28 seconds, 253 milliseconds
│   wall_time_remaining = 11 seconds, 120 milliseconds
│   wall_time_spent = 17 seconds, 133 milliseconds
│   percent_complete = 60.6%
│   estimated_sypd = 16.745
│   instantaneous_sypd = 14.587
│   date_now = 2026-07-05T16:35:27.292
└   estimated_finish_date = 2026-07-05T16:35:39.292
┌ Info: Progress
│   simulation_time = 1 day, 7 hours
│   n_steps_completed = 3782
│   wall_time_per_step = 4 milliseconds, 989 microseconds
│   wall_time_total = 28 seconds, 739 milliseconds
│   wall_time_remaining = 9 seconds, 869 milliseconds
│   wall_time_spent = 18 seconds, 869 milliseconds
│   percent_complete = 65.7%
│   estimated_sypd = 16.462
│   instantaneous_sypd = 13.672
│   date_now = 2026-07-05T16:35:29.028
└   estimated_finish_date = 2026-07-05T16:35:39.028
┌ Info: Progress
│   simulation_time = 1 day, 9 hours
│   n_steps_completed = 4071
│   wall_time_per_step = 5 milliseconds, 56 microseconds
│   wall_time_total = 29 seconds, 123 milliseconds
│   wall_time_remaining = 8 seconds, 539 milliseconds
│   wall_time_spent = 20 seconds, 583 milliseconds
│   percent_complete = 70.7%
│   estimated_sypd = 16.245
│   instantaneous_sypd = 13.853
│   date_now = 2026-07-05T16:35:30.742
└   estimated_finish_date = 2026-07-05T16:35:39.742
┌ Info: Progress
│   simulation_time = 1 day, 10 hours
│   n_steps_completed = 4096
│   wall_time_per_step = 5 milliseconds, 64 microseconds
│   wall_time_total = 29 seconds, 173 milliseconds
│   wall_time_remaining = 8 seconds, 427 milliseconds
│   wall_time_spent = 20 seconds, 745 milliseconds
│   percent_complete = 71.1%
│   estimated_sypd = 16.217
│   instantaneous_sypd = 12.679
│   date_now = 2026-07-05T16:35:30.904
└   estimated_finish_date = 2026-07-05T16:35:39.904
┌ Info: Progress
│   simulation_time = 1 day, 12 hours
│   n_steps_completed = 4385
│   wall_time_per_step = 5 milliseconds, 130 microseconds
│   wall_time_total = 29 seconds, 550 milliseconds
│   wall_time_remaining = 7 seconds, 54 milliseconds
│   wall_time_spent = 22 seconds, 496 milliseconds
│   percent_complete = 76.1%
│   estimated_sypd = 16.01
│   instantaneous_sypd = 13.559
│   date_now = 2026-07-05T16:35:32.654
└   estimated_finish_date = 2026-07-05T16:35:40.654
┌ Info: Progress
│   simulation_time = 1 day, 14 hours
│   n_steps_completed = 4674
│   wall_time_per_step = 5 milliseconds, 201 microseconds
│   wall_time_total = 29 seconds, 960 milliseconds
│   wall_time_remaining = 5 seconds, 648 milliseconds
│   wall_time_spent = 24 seconds, 312 milliseconds
│   percent_complete = 81.1%
│   estimated_sypd = 15.791
│   instantaneous_sypd = 13.071
│   date_now = 2026-07-05T16:35:34.470
└   estimated_finish_date = 2026-07-05T16:35:40.470
┌ Info: Progress
│   simulation_time = 1 day, 17 hours
│   n_steps_completed = 4963
│   wall_time_per_step = 5 milliseconds, 266 microseconds
│   wall_time_total = 30 seconds, 332 milliseconds
│   wall_time_remaining = 4 seconds, 197 milliseconds
│   wall_time_spent = 26 seconds, 135 milliseconds
│   percent_complete = 86.2%
│   estimated_sypd = 15.597
│   instantaneous_sypd = 13.019
│   date_now = 2026-07-05T16:35:36.294
└   estimated_finish_date = 2026-07-05T16:35:41.294
┌ Info: Progress
│   simulation_time = 1 day, 19 hours
│   n_steps_completed = 5252
│   wall_time_per_step = 5 milliseconds, 327 microseconds
│   wall_time_total = 30 seconds, 683 milliseconds
│   wall_time_remaining = 2 seconds, 706 milliseconds
│   wall_time_spent = 27 seconds, 977 milliseconds
│   percent_complete = 91.2%
│   estimated_sypd = 15.419
│   instantaneous_sypd = 12.884
│   date_now = 2026-07-05T16:35:38.136
└   estimated_finish_date = 2026-07-05T16:35:41.136
┌ Info: Progress
│   simulation_time = 1 day, 22 hours
│   n_steps_completed = 5541
│   wall_time_per_step = 5 milliseconds, 393 microseconds
│   wall_time_total = 31 seconds, 64 milliseconds
│   wall_time_remaining = 1 second, 181 milliseconds
│   wall_time_spent = 29 seconds, 883 milliseconds
│   percent_complete = 96.2%
│   estimated_sypd = 15.23
│   instantaneous_sypd = 12.456
│   date_now = 2026-07-05T16:35:40.042
└   estimated_finish_date = 2026-07-05T16:35:42.042
[ Info: solve! walltime = 31.288
[ Info: sypd: 15.131
[ Info: wall_time_per_timestep: 5 milliseconds, 431 microseconds
[ Info: Memory currently used (after solve!) by the process (RSS): 8.68 GiB
[ Info: Completed member 11
┌ Info: Making AtmosConfig with config files: 
│      /home/jeff/larcform1-experiments/ClimaAtmos.jl/src/config/../../config/default_configs/default_config.yml
└   
┌ Info: numerics 
│          `energy_q_tot_upwinding`::`Val{:vanleer_limiter}`
│                `tracer_upwinding`::`Val{:vanleer_limiter}`
│       `edmfx_mse_q_tot_upwinding`::`Val{:first_order}`
│         `edmfx_sgsflux_upwinding`::`Val{:none}`
│          `edmfx_tracer_upwinding`::`Val{:first_order}`
│         `test_dycore_consistency`::`Nothing`
│            `reproducible_restart`::`Nothing`
│                         `limiter`::`Nothing`
│                       `diff_mode`::`ClimaAtmos.Implicit`
│                       `hyperdiff`::`Nothing`
└   
┌ Info: AtmosModel: 
│   
│                               `water`::`ClimaAtmos.AtmosWater{ClimaAtmos.NonEquilibriumMicrophysics1M, ClimaAtmos.QuadratureCloud, ClimaAtmos.Implicit, Nothing, ClimaAtmos.SGSQuadrature{3, StaticArraysCore.SVector{3, Float32}, StaticArraysCore.SVector{3, Float32}, ClimaAtmos.GaussianSGS, Float32}, ClimaAtmos.FixedTerminalVelocity{Float32}}`
│                           `scm_setup`::`ClimaAtmos.SCMSetup{Nothing, Nothing, Nothing, Bool, @NamedTuple{prof_ug::AtmosphericProfilesLibrary.ZProfile{AtmosphericProfilesLibrary.var"#Larcform1_geostrophic_u##0#Larcform1_geostrophic_u##1"{Float32}}, prof_vg::AtmosphericProfilesLibrary.ZProfile{Returns{Float32}}, coriolis_param::Float32}}`
│                           `radiation`::`ClimaAtmos.AtmosRadiation{ClimaAtmos.RRTMGPInterface.AllSkyRadiationWithClearSkyDiagnostics{ClimaAtmos.InteractiveCloudInRadiation}, ClimaAtmos.Larcform1Insolation}`
│                            `turbconv`::`ClimaAtmos.AtmosTurbconv{ClimaAtmos.EDMFXModel{ClimaAtmos.InvZEntrainment, ClimaAtmos.BuoyancyVelocityDetrainment, Val{true}, Val{true}, Val{true}, Val{true}, Val{true}, ClimaAtmos.SmoothMinimumBlending}, ClimaAtmos.PrognosticEDMFX{1, true, Float32}, Nothing, Nothing, Nothing}`
│                     `prescribed_flow`::`Nothing`
│                        `gravity_wave`::`ClimaAtmos.AtmosGravityWave{Nothing, Nothing}`
│                  `vertical_diffusion`::`Nothing`
│                              `sponge`::`ClimaAtmos.AtmosSponge{Nothing, Nothing}`
│                             `surface`::`ClimaAtmos.AtmosSurface{ClimaAtmos.SurfaceConditions.MoninObukhov{Float32, Nothing, Nothing}, ClimaAtmos.SurfaceConditions.SlabOceanTemperature{Float32}, ClimaAtmos.SurfaceConditions.SurfaceBoundaryOverrides{Float32, Float32, Nothing, Nothing, Nothing, Nothing}, ClimaAtmos.ConstantAlbedo{Float32}}`
│                            `numerics`::`ClimaAtmos.AtmosNumerics{Val{:vanleer_limiter}, Val{:vanleer_limiter}, Val{:first_order}, Val{:none}, Val{:first_order}, Nothing, Nothing, Nothing, ClimaAtmos.Implicit, Nothing}`
│                           `chemistry`::`ClimaAtmos.AtmosChem{Nothing}`
└   
┌ Info: Microphysics settings: 
│                          `n_substeps`::`3`
│                     `n_substeps_quad`::`2`
│              `cloud_liquid_formation`::`CloudLiquidFormation`
│                 `cloud_ice_formation`::`TemperatureDependent`
│                      `cloud_ice_melt`::`CloudIceMelt`
│                 `rain_autoconversion`::`Kessler1M`
│                 `snow_autoconversion`::`NoSupersaturation`
│       `rain_condensation_evaporation`::`RainEvaporation`
│         `snow_deposition_sublimation`::`DepositionAndSublimation`
│                           `snow_melt`::`SnowMelt`
│         `cloud_liquid_rain_accretion`::`CloudLiquidRainAccretion`
│         `cloud_liquid_snow_accretion`::`CloudLiquidSnowAccretion`
│            `cloud_ice_rain_accretion`::`CloudIceRainAccretion`
│            `cloud_ice_snow_accretion`::`CloudIceSnowAccretion`
│                 `rain_snow_accretion`::`RainSnowAccretion`
└   
[ Info: Single-process ClimaAtmos run on CPUSingleThreaded
[ Info: Using ODE config: `ClimaTimeSteppers.ARS222`
[ Info: Initialized state (36.731 μs, 7.76 KiB)
[ Info: Built cache (214.775 ms, 172.6 MiB)
[ Info: Assembled callbacks (153.764 μs, 17.42 KiB)
┌ Info: Jacobian algorithm: ManualSparseJacobian(
│     approximate_solve_iters = 2,
└   )
[ Info: Jacobian derivative flags: topography_flag = IgnoreDerivative, diffusion_flag = UseDerivative
[ Info: Built tendency function (205.425 μs, 201.06 KiB)
[ Info: Initialized integrator (8.487 ms, 169.03 KiB)
[ Info: Added 7 user-provided YAML-style diagnostics
[ Info: Saving accumulated diagnostics to disk with frequency: 1 hour
[ Info: Set up diagnostics (466.712 μs, 103.66 KiB)
[ Info: Initialized 7 total diagnostics
