┌ Info: Simulation info
│   job_id = lf1e_clw1_v6_subltime400
└   output_dir = experiments/clw sensitivity experiments/output/lf1e-clw-1/v6_subltime400/output_0000
┌ Info: Running
│   job_id = lf1e_clw1_v6_subltime400
│   output_dir = experiments/clw sensitivity experiments/output/lf1e-clw-1/v6_subltime400/output_0000
└   tspan = (0.0 seconds (2010-01-01T00:00:00) [counter = 0, period = 1 second, epoch = 2010-01-01T00:00:00], 172800.0 seconds (2010-01-03T00:00:00) [counter = 172800, period = 1 second, epoch = 2010-01-01T00:00:00])
┌ Info: Progress
│   simulation_time = 30 seconds
│   n_steps_completed = 1
│   wall_time_per_step = 0 seconds
│   wall_time_total = 0 seconds
│   wall_time_remaining = 0 seconds
│   wall_time_spent = 0 seconds
│   percent_complete = 0.0%
│   estimated_sypd = Inf
│   instantaneous_sypd = 0.0 (sdpd_estimate = 0.0)
│   date_now = 2026-07-04T09:00:46.375
└   estimated_finish_date = 2026-07-04T09:00:46.375
┌ Info: Progress
│   simulation_time = 1 minute
│   n_steps_completed = 2
│   wall_time_per_step = 0 seconds
│   wall_time_total = 0 seconds
│   wall_time_remaining = 0 seconds
│   wall_time_spent = 0 seconds
│   percent_complete = 0.0%
│   estimated_sypd = Inf
│   instantaneous_sypd = 0.028
│   date_now = 2026-07-04T09:00:49.307
└   estimated_finish_date = 2026-07-04T09:00:49.307
┌ Info: Progress
│   simulation_time = 2 minutes
│   n_steps_completed = 4
│   wall_time_per_step = 5 milliseconds, 568 microseconds
│   wall_time_total = 32 seconds, 71 milliseconds
│   wall_time_remaining = 32 seconds, 49 milliseconds
│   wall_time_spent = 22 milliseconds, 272 microseconds
│   percent_complete = 0.1%
│   estimated_sypd = 14.751
│   instantaneous_sypd = 14.751
│   date_now = 2026-07-04T09:00:49.318
└   estimated_finish_date = 2026-07-04T09:01:22.318
┌ Info: Progress
│   simulation_time = 4 minutes
│   n_steps_completed = 8
│   wall_time_per_step = 5 milliseconds, 36 microseconds
│   wall_time_total = 29 seconds, 7 milliseconds
│   wall_time_remaining = 28 seconds, 967 milliseconds
│   wall_time_spent = 40 milliseconds, 288 microseconds
│   percent_complete = 0.1%
│   estimated_sypd = 16.31
│   instantaneous_sypd = 18.236
│   date_now = 2026-07-04T09:00:49.336
└   estimated_finish_date = 2026-07-04T09:01:18.336
┌ Info: Progress
│   simulation_time = 8 minutes
│   n_steps_completed = 16
│   wall_time_per_step = 5 milliseconds, 8 microseconds
│   wall_time_total = 28 seconds, 848 milliseconds
│   wall_time_remaining = 28 seconds, 768 milliseconds
│   wall_time_spent = 80 milliseconds, 135 microseconds
│   percent_complete = 0.3%
│   estimated_sypd = 16.399
│   instantaneous_sypd = 16.49
│   date_now = 2026-07-04T09:00:49.376
└   estimated_finish_date = 2026-07-04T09:01:18.376
┌ Info: Progress
│   simulation_time = 16 minutes
│   n_steps_completed = 32
│   wall_time_per_step = 8 milliseconds, 5 microseconds
│   wall_time_total = 46 seconds, 108 milliseconds
│   wall_time_remaining = 45 seconds, 852 milliseconds
│   wall_time_spent = 256 milliseconds, 160 microseconds
│   percent_complete = 0.6%
│   estimated_sypd = 10.261
│   instantaneous_sypd = 7.466
│   date_now = 2026-07-04T09:00:49.552
└   estimated_finish_date = 2026-07-04T09:01:35.552
┌ Info: Progress
│   simulation_time = 32 minutes
│   n_steps_completed = 64
│   wall_time_per_step = 8 milliseconds, 69 microseconds
│   wall_time_total = 46 seconds, 481 milliseconds
│   wall_time_remaining = 45 seconds, 965 milliseconds
│   wall_time_spent = 516 milliseconds, 466 microseconds
│   percent_complete = 1.1%
│   estimated_sypd = 10.178
│   instantaneous_sypd = 10.097
│   date_now = 2026-07-04T09:00:49.813
└   estimated_finish_date = 2026-07-04T09:01:35.813
┌ Info: Progress
│   simulation_time = 1 hour, 4 minutes
│   n_steps_completed = 128
│   wall_time_per_step = 8 milliseconds, 162 microseconds
│   wall_time_total = 47 seconds, 13 milliseconds
│   wall_time_remaining = 45 seconds, 969 milliseconds
│   wall_time_spent = 1 second, 44 milliseconds
│   percent_complete = 2.2%
│   estimated_sypd = 10.063
│   instantaneous_sypd = 9.95
│   date_now = 2026-07-04T09:00:50.341
└   estimated_finish_date = 2026-07-04T09:01:36.341
┌ Info: Progress
│   simulation_time = 2 hours, 8 minutes
│   n_steps_completed = 256
│   wall_time_per_step = 7 milliseconds, 924 microseconds
│   wall_time_total = 45 seconds, 645 milliseconds
│   wall_time_remaining = 43 seconds, 616 milliseconds
│   wall_time_spent = 2 seconds, 28 milliseconds
│   percent_complete = 4.4%
│   estimated_sypd = 10.365
│   instantaneous_sypd = 10.685
│   date_now = 2026-07-04T09:00:51.325
└   estimated_finish_date = 2026-07-04T09:01:35.325
┌ Info: Progress
│   simulation_time = 4 hours, 16 minutes
│   n_steps_completed = 512
│   wall_time_per_step = 8 milliseconds, 641 microseconds
│   wall_time_total = 49 seconds, 772 milliseconds
│   wall_time_remaining = 45 seconds, 348 milliseconds
│   wall_time_spent = 4 seconds, 424 milliseconds
│   percent_complete = 8.9%
│   estimated_sypd = 9.505
│   instantaneous_sypd = 8.777
│   date_now = 2026-07-04T09:00:53.720
└   estimated_finish_date = 2026-07-04T09:01:39.720
┌ Info: Progress
│   simulation_time = 6 hours, 40 minutes
│   n_steps_completed = 801
│   wall_time_per_step = 9 milliseconds, 340 microseconds
│   wall_time_total = 53 seconds, 802 milliseconds
│   wall_time_remaining = 46 seconds, 320 milliseconds
│   wall_time_spent = 7 seconds, 481 milliseconds
│   percent_complete = 13.9%
│   estimated_sypd = 8.793
│   instantaneous_sypd = 7.763
│   date_now = 2026-07-04T09:00:56.778
└   estimated_finish_date = 2026-07-04T09:01:43.778
┌ Info: Progress
│   simulation_time = 8 hours, 32 minutes
│   n_steps_completed = 1024
│   wall_time_per_step = 9 milliseconds, 396 microseconds
│   wall_time_total = 54 seconds, 126 milliseconds
│   wall_time_remaining = 44 seconds, 503 milliseconds
│   wall_time_spent = 9 seconds, 622 milliseconds
│   percent_complete = 17.8%
│   estimated_sypd = 8.741
│   instantaneous_sypd = 8.557
│   date_now = 2026-07-04T09:00:58.919
└   estimated_finish_date = 2026-07-04T09:01:43.919
┌ Info: Progress
│   simulation_time = 10 hours, 56 minutes
│   n_steps_completed = 1313
│   wall_time_per_step = 9 milliseconds, 264 microseconds
│   wall_time_total = 53 seconds, 362 milliseconds
│   wall_time_remaining = 41 seconds, 198 milliseconds
│   wall_time_spent = 12 seconds, 164 milliseconds
│   percent_complete = 22.8%
│   estimated_sypd = 8.866
│   instantaneous_sypd = 9.339
│   date_now = 2026-07-04T09:01:01.460
└   estimated_finish_date = 2026-07-04T09:01:43.460
┌ Info: Progress
│   simulation_time = 13 hours, 21 minutes
│   n_steps_completed = 1602
│   wall_time_per_step = 9 milliseconds, 251 microseconds
│   wall_time_total = 53 seconds, 290 milliseconds
│   wall_time_remaining = 38 seconds, 469 milliseconds
│   wall_time_spent = 14 seconds, 821 milliseconds
│   percent_complete = 27.8%
│   estimated_sypd = 8.878
│   instantaneous_sypd = 8.933
│   date_now = 2026-07-04T09:01:04.118
└   estimated_finish_date = 2026-07-04T09:01:43.118
┌ Info: Progress
│   simulation_time = 15 hours, 45 minutes
│   n_steps_completed = 1891
│   wall_time_per_step = 9 milliseconds, 106 microseconds
│   wall_time_total = 52 seconds, 455 milliseconds
│   wall_time_remaining = 35 seconds, 234 milliseconds
│   wall_time_spent = 17 seconds, 221 milliseconds
│   percent_complete = 32.8%
│   estimated_sypd = 9.019
│   instantaneous_sypd = 9.892
│   date_now = 2026-07-04T09:01:06.517
└   estimated_finish_date = 2026-07-04T09:01:42.517
┌ Info: Progress
│   simulation_time = 17 hours, 4 minutes
│   n_steps_completed = 2048
│   wall_time_per_step = 9 milliseconds, 30 microseconds
│   wall_time_total = 52 seconds, 18 milliseconds
│   wall_time_remaining = 33 seconds, 522 milliseconds
│   wall_time_spent = 18 seconds, 495 milliseconds
│   percent_complete = 35.6%
│   estimated_sypd = 9.095
│   instantaneous_sypd = 10.12
│   date_now = 2026-07-04T09:01:07.792
└   estimated_finish_date = 2026-07-04T09:01:41.792
┌ Info: Progress
│   simulation_time = 19 hours, 28 minutes
│   n_steps_completed = 2337
│   wall_time_per_step = 8 milliseconds, 901 microseconds
│   wall_time_total = 51 seconds, 269 milliseconds
│   wall_time_remaining = 30 seconds, 468 milliseconds
│   wall_time_spent = 20 seconds, 801 milliseconds
│   percent_complete = 40.6%
│   estimated_sypd = 9.228
│   instantaneous_sypd = 10.293
│   date_now = 2026-07-04T09:01:10.098
└   estimated_finish_date = 2026-07-04T09:01:41.098
┌ Info: Progress
│   simulation_time = 21 hours, 53 minutes
│   n_steps_completed = 2626
│   wall_time_per_step = 8 milliseconds, 827 microseconds
│   wall_time_total = 50 seconds, 845 milliseconds
│   wall_time_remaining = 27 seconds, 664 milliseconds
│   wall_time_spent = 23 seconds, 180 milliseconds
│   percent_complete = 45.6%
│   estimated_sypd = 9.305
│   instantaneous_sypd = 9.978
│   date_now = 2026-07-04T09:01:12.477
└   estimated_finish_date = 2026-07-04T09:01:40.477
┌ Info: Progress
│   simulation_time = 1 day, 17 minutes
│   n_steps_completed = 2915
│   wall_time_per_step = 8 milliseconds, 754 microseconds
│   wall_time_total = 50 seconds, 423 milliseconds
│   wall_time_remaining = 24 seconds, 905 milliseconds
│   wall_time_spent = 25 seconds, 518 milliseconds
│   percent_complete = 50.6%
│   estimated_sypd = 9.382
│   instantaneous_sypd = 10.154
│   date_now = 2026-07-04T09:01:14.815
└   estimated_finish_date = 2026-07-04T09:01:39.815
┌ Info: Progress
│   simulation_time = 1 day, 2 hours
│   n_steps_completed = 3204
│   wall_time_per_step = 8 milliseconds, 713 microseconds
│   wall_time_total = 50 seconds, 189 milliseconds
│   wall_time_remaining = 22 seconds, 271 milliseconds
│   wall_time_spent = 27 seconds, 917 milliseconds
│   percent_complete = 55.6%
│   estimated_sypd = 9.426
│   instantaneous_sypd = 9.893
│   date_now = 2026-07-04T09:01:17.214
└   estimated_finish_date = 2026-07-04T09:01:40.214
┌ Info: Progress
│   simulation_time = 1 day, 5 hours
│   n_steps_completed = 3493
│   wall_time_per_step = 8 milliseconds, 662 microseconds
│   wall_time_total = 49 seconds, 896 milliseconds
│   wall_time_remaining = 19 seconds, 638 milliseconds
│   wall_time_spent = 30 seconds, 258 milliseconds
│   percent_complete = 60.6%
│   estimated_sypd = 9.482
│   instantaneous_sypd = 10.14
│   date_now = 2026-07-04T09:01:19.555
└   estimated_finish_date = 2026-07-04T09:01:39.555
┌ Info: Progress
│   simulation_time = 1 day, 7 hours
│   n_steps_completed = 3782
│   wall_time_per_step = 8 milliseconds, 641 microseconds
│   wall_time_total = 49 seconds, 775 milliseconds
│   wall_time_remaining = 17 seconds, 92 milliseconds
│   wall_time_spent = 32 seconds, 682 milliseconds
│   percent_complete = 65.7%
│   estimated_sypd = 9.505
│   instantaneous_sypd = 9.794
│   date_now = 2026-07-04T09:01:21.979
└   estimated_finish_date = 2026-07-04T09:01:39.978
┌ Info: Progress
│   simulation_time = 1 day, 9 hours
│   n_steps_completed = 4071
│   wall_time_per_step = 8 milliseconds, 607 microseconds
│   wall_time_total = 49 seconds, 581 milliseconds
│   wall_time_remaining = 14 seconds, 538 milliseconds
│   wall_time_spent = 35 seconds, 42 milliseconds
│   percent_complete = 70.7%
│   estimated_sypd = 9.542
│   instantaneous_sypd = 10.056
│   date_now = 2026-07-04T09:01:24.339
└   estimated_finish_date = 2026-07-04T09:01:39.339
┌ Info: Progress
│   simulation_time = 1 day, 10 hours
│   n_steps_completed = 4096
│   wall_time_per_step = 8 milliseconds, 603 microseconds
│   wall_time_total = 49 seconds, 557 milliseconds
│   wall_time_remaining = 14 seconds, 316 milliseconds
│   wall_time_spent = 35 seconds, 240 milliseconds
│   percent_complete = 71.1%
│   estimated_sypd = 9.547
│   instantaneous_sypd = 10.372
│   date_now = 2026-07-04T09:01:24.537
└   estimated_finish_date = 2026-07-04T09:01:39.537
┌ Info: Progress
│   simulation_time = 1 day, 12 hours
│   n_steps_completed = 4385
│   wall_time_per_step = 8 milliseconds, 588 microseconds
│   wall_time_total = 49 seconds, 468 milliseconds
│   wall_time_remaining = 11 seconds, 808 milliseconds
│   wall_time_spent = 37 seconds, 659 milliseconds
│   percent_complete = 76.1%
│   estimated_sypd = 9.564
│   instantaneous_sypd = 9.815
│   date_now = 2026-07-04T09:01:26.955
└   estimated_finish_date = 2026-07-04T09:01:38.955
┌ Info: Progress
│   simulation_time = 1 day, 14 hours
│   n_steps_completed = 4674
│   wall_time_per_step = 8 milliseconds, 562 microseconds
│   wall_time_total = 49 seconds, 320 milliseconds
│   wall_time_remaining = 9 seconds, 298 milliseconds
│   wall_time_spent = 40 seconds, 21 milliseconds
│   percent_complete = 81.1%
│   estimated_sypd = 9.592
│   instantaneous_sypd = 10.048
│   date_now = 2026-07-04T09:01:29.318
└   estimated_finish_date = 2026-07-04T09:01:39.318
┌ Info: Progress
│   simulation_time = 1 day, 17 hours
│   n_steps_completed = 4963
│   wall_time_per_step = 8 milliseconds, 558 microseconds
│   wall_time_total = 49 seconds, 299 milliseconds
│   wall_time_remaining = 6 seconds, 821 milliseconds
│   wall_time_spent = 42 seconds, 478 milliseconds
│   percent_complete = 86.2%
│   estimated_sypd = 9.596
│   instantaneous_sypd = 9.663
│   date_now = 2026-07-04T09:01:31.774
└   estimated_finish_date = 2026-07-04T09:01:38.774
┌ Info: Progress
│   simulation_time = 1 day, 19 hours
│   n_steps_completed = 5252
│   wall_time_per_step = 8 milliseconds, 650 microseconds
│   wall_time_total = 49 seconds, 825 milliseconds
│   wall_time_remaining = 4 seconds, 394 milliseconds
│   wall_time_spent = 45 seconds, 431 milliseconds
│   percent_complete = 91.2%
│   estimated_sypd = 9.495
│   instantaneous_sypd = 8.038
│   date_now = 2026-07-04T09:01:34.728
└   estimated_finish_date = 2026-07-04T09:01:39.727
┌ Info: Progress
│   simulation_time = 1 day, 22 hours
│   n_steps_completed = 5541
│   wall_time_per_step = 8 milliseconds, 695 microseconds
│   wall_time_total = 50 seconds, 84 milliseconds
│   wall_time_remaining = 1 second, 904 milliseconds
│   wall_time_spent = 48 seconds, 180 milliseconds
│   percent_complete = 96.2%
│   estimated_sypd = 9.446
│   instantaneous_sypd = 8.635
│   date_now = 2026-07-04T09:01:37.476
└   estimated_finish_date = 2026-07-04T09:01:39.476
[ Info: solve! walltime = 50.128
[ Info: sypd: 9.444
[ Info: wall_time_per_timestep: 8 milliseconds, 702 microseconds
[ Info: Memory currently used (after solve!) by the process (RSS): 8.96 GiB
┌ Info: Finished variation [6/9]
│   overlay = experiments/clw sensitivity experiments/configs/v6_subltime400.yml
│   job_id = lf1e_clw1_v6_subltime400
│   ret_code = success
└   walltime = 53.5s
┌ Info: Starting variation [7/9]
└   overlay = experiments/clw sensitivity experiments/configs/v7_subltime1000.yml
┌ Info: Making AtmosConfig with config files: 
│      /home/jeff/larcform1-experiments/ClimaAtmos.jl/src/config/../../config/default_configs/default_config.yml
│      /home/jeff/larcform1-experiments/experiments/clw sensitivity experiments/../../ClimaAtmos.jl/config/model_configs/larcform1_1M_prognostic_edmfx.yml
│      experiments/clw sensitivity experiments/configs/v7_subltime1000.yml
└   
┌ Info: numerics 
│          `energy_q_tot_upwinding`::`Val{:vanleer_limiter}`
│                `tracer_upwinding`::`Val{:vanleer_limiter}`
│       `edmfx_mse_q_tot_upwinding`::`Val{:first_order}`
│         `edmfx_sgsflux_upwinding`::`Val{:none}`
│          `edmfx_tracer_upwinding`::`Val{:first_order}`
│         `test_dycore_consistency`::`Nothing`
│            `reproducible_restart`::`Nothing`
│                         `limiter`::`Nothing`
│                       `diff_mode`::`ClimaAtmos.Implicit`
│                       `hyperdiff`::`Nothing`
└   
┌ Info: AtmosModel: 
│   
│                               `water`::`ClimaAtmos.AtmosWater{ClimaAtmos.NonEquilibriumMicrophysics1M, ClimaAtmos.QuadratureCloud, ClimaAtmos.Implicit, Nothing, ClimaAtmos.SGSQuadrature{3, StaticArraysCore.SVector{3, Float32}, StaticArraysCore.SVector{3, Float32}, ClimaAtmos.GaussianSGS, Float32}, ClimaAtmos.FixedTerminalVelocity{Float32}}`
│                           `scm_setup`::`ClimaAtmos.SCMSetup{Nothing, Nothing, Nothing, Bool, @NamedTuple{prof_ug::AtmosphericProfilesLibrary.ZProfile{AtmosphericProfilesLibrary.var"#Larcform1_geostrophic_u##0#Larcform1_geostrophic_u##1"{Float32}}, prof_vg::AtmosphericProfilesLibrary.ZProfile{Returns{Float32}}, coriolis_param::Float32}}`
│                           `radiation`::`ClimaAtmos.AtmosRadiation{ClimaAtmos.RRTMGPInterface.AllSkyRadiationWithClearSkyDiagnostics{ClimaAtmos.InteractiveCloudInRadiation}, ClimaAtmos.Larcform1Insolation}`
│                            `turbconv`::`ClimaAtmos.AtmosTurbconv{ClimaAtmos.EDMFXModel{ClimaAtmos.InvZEntrainment, ClimaAtmos.BuoyancyVelocityDetrainment, Val{true}, Val{true}, Val{true}, Val{true}, Val{true}, ClimaAtmos.SmoothMinimumBlending}, ClimaAtmos.PrognosticEDMFX{1, true, Float32}, Nothing, Nothing, Nothing}`
│                     `prescribed_flow`::`Nothing`
│                        `gravity_wave`::`ClimaAtmos.AtmosGravityWave{Nothing, Nothing}`
│                  `vertical_diffusion`::`Nothing`
│                              `sponge`::`ClimaAtmos.AtmosSponge{Nothing, Nothing}`
│                             `surface`::`ClimaAtmos.AtmosSurface{ClimaAtmos.SurfaceConditions.MoninObukhov{Float32, Nothing, Nothing}, ClimaAtmos.SurfaceConditions.SlabOceanTemperature{Float32}, ClimaAtmos.SurfaceConditions.SurfaceBoundaryOverrides{Float32, Float32, Nothing, Nothing, Nothing, Nothing}, ClimaAtmos.ConstantAlbedo{Float32}}`
│                            `numerics`::`ClimaAtmos.AtmosNumerics{Val{:vanleer_limiter}, Val{:vanleer_limiter}, Val{:first_order}, Val{:none}, Val{:first_order}, Nothing, Nothing, Nothing, ClimaAtmos.Implicit, Nothing}`
│                           `chemistry`::`ClimaAtmos.AtmosChem{Nothing}`
└   
┌ Info: Microphysics settings: 
│                          `n_substeps`::`3`
│                     `n_substeps_quad`::`2`
│              `cloud_liquid_formation`::`CloudLiquidFormation`
│                 `cloud_ice_formation`::`ConstantTimescale`
│                      `cloud_ice_melt`::`CloudIceMelt`
│                 `rain_autoconversion`::`Kessler1M`
│                 `snow_autoconversion`::`NoSupersaturation`
│       `rain_condensation_evaporation`::`RainEvaporation`
│         `snow_deposition_sublimation`::`DepositionAndSublimation`
│                           `snow_melt`::`SnowMelt`
│         `cloud_liquid_rain_accretion`::`CloudLiquidRainAccretion`
│         `cloud_liquid_snow_accretion`::`CloudLiquidSnowAccretion`
│            `cloud_ice_rain_accretion`::`CloudIceRainAccretion`
│            `cloud_ice_snow_accretion`::`CloudIceSnowAccretion`
│                 `rain_snow_accretion`::`RainSnowAccretion`
└   
[ Info: Single-process ClimaAtmos run on CPUSingleThreaded
[ Info: Using ODE config: `ClimaTimeSteppers.ARS222`
[ Info: Initialized state (63.411 μs, 6.99 KiB)
[ Info: Built cache (232.851 ms, 141.4 MiB)
[ Info: Assembled callbacks (186.683 μs, 17.42 KiB)
┌ Info: Jacobian algorithm: ManualSparseJacobian(
│     approximate_solve_iters = 2,
└   )
[ Info: Jacobian derivative flags: topography_flag = IgnoreDerivative, diffusion_flag = UseDerivative
[ Info: Built tendency function (301.355 μs, 190.22 KiB)
[ Info: Initialized integrator (7.578 ms, 159.78 KiB)
[ Info: Added 114 user-provided YAML-style diagnostics
[ Info: Saving accumulated diagnostics to disk with frequency: 10 minutes, 1 hour
[ Info: Set up diagnostics (3.515 ms, 1.04 MiB)
[ Info: Initialized 114 total diagnostics
