┌ Info: Simulation info
│   job_id = lf1e_clw_cal_member
└   output_dir = /home/jeff/larcform1-experiments/experiments/clw calibration/output/uki_1/iteration_005/member_008/output_0000
┌ Info: Running
│   job_id = lf1e_clw_cal_member
│   output_dir = /home/jeff/larcform1-experiments/experiments/clw calibration/output/uki_1/iteration_005/member_008/output_0000
└   tspan = (0.0 seconds (2010-01-01T00:00:00) [counter = 0, period = 1 second, epoch = 2010-01-01T00:00:00], 172800.0 seconds (2010-01-03T00:00:00) [counter = 172800, period = 1 second, epoch = 2010-01-01T00:00:00])
┌ Info: Progress
│   simulation_time = 30 seconds
│   n_steps_completed = 1
│   wall_time_per_step = 0 seconds
│   wall_time_total = 0 seconds
│   wall_time_remaining = 0 seconds
│   wall_time_spent = 0 seconds
│   percent_complete = 0.0%
│   estimated_sypd = Inf
│   instantaneous_sypd = 0.0 (sdpd_estimate = 0.0)
│   date_now = 2026-07-05T16:48:22.922
└   estimated_finish_date = 2026-07-05T16:48:22.922
┌ Info: Progress
│   simulation_time = 1 minute
│   n_steps_completed = 2
│   wall_time_per_step = 0 seconds
│   wall_time_total = 0 seconds
│   wall_time_remaining = 0 seconds
│   wall_time_spent = 0 seconds
│   percent_complete = 0.0%
│   estimated_sypd = Inf
│   instantaneous_sypd = 0.031
│   date_now = 2026-07-05T16:48:25.567
└   estimated_finish_date = 2026-07-05T16:48:25.567
┌ Info: Progress
│   simulation_time = 2 minutes
│   n_steps_completed = 4
│   wall_time_per_step = 4 milliseconds, 696 microseconds
│   wall_time_total = 27 seconds, 49 milliseconds
│   wall_time_remaining = 27 seconds, 30 milliseconds
│   wall_time_spent = 18 milliseconds, 784 microseconds
│   percent_complete = 0.1%
│   estimated_sypd = 17.49
│   instantaneous_sypd = 17.49
│   date_now = 2026-07-05T16:48:25.576
└   estimated_finish_date = 2026-07-05T16:48:53.576
┌ Info: Progress
│   simulation_time = 4 minutes
│   n_steps_completed = 8
│   wall_time_per_step = 4 milliseconds, 386 microseconds
│   wall_time_total = 25 seconds, 265 milliseconds
│   wall_time_remaining = 25 seconds, 230 milliseconds
│   wall_time_spent = 35 milliseconds, 90 microseconds
│   percent_complete = 0.1%
│   estimated_sypd = 18.725
│   instantaneous_sypd = 20.147
│   date_now = 2026-07-05T16:48:25.593
└   estimated_finish_date = 2026-07-05T16:48:51.593
┌ Info: Progress
│   simulation_time = 8 minutes
│   n_steps_completed = 16
│   wall_time_per_step = 4 milliseconds, 119 microseconds
│   wall_time_total = 23 seconds, 725 milliseconds
│   wall_time_remaining = 23 seconds, 659 milliseconds
│   wall_time_spent = 65 milliseconds, 904 microseconds
│   percent_complete = 0.3%
│   estimated_sypd = 19.94
│   instantaneous_sypd = 21.324
│   date_now = 2026-07-05T16:48:25.624
└   estimated_finish_date = 2026-07-05T16:48:49.624
┌ Info: Progress
│   simulation_time = 16 minutes
│   n_steps_completed = 32
│   wall_time_per_step = 3 milliseconds, 975 microseconds
│   wall_time_total = 22 seconds, 896 milliseconds
│   wall_time_remaining = 22 seconds, 769 milliseconds
│   wall_time_spent = 127 milliseconds, 202 microseconds
│   percent_complete = 0.6%
│   estimated_sypd = 20.663
│   instantaneous_sypd = 21.439
│   date_now = 2026-07-05T16:48:25.685
└   estimated_finish_date = 2026-07-05T16:48:48.685
┌ Info: Progress
│   simulation_time = 32 minutes
│   n_steps_completed = 64
│   wall_time_per_step = 4 milliseconds, 31 microseconds
│   wall_time_total = 23 seconds, 220 milliseconds
│   wall_time_remaining = 22 seconds, 962 milliseconds
│   wall_time_spent = 258 milliseconds, 3 microseconds
│   percent_complete = 1.1%
│   estimated_sypd = 20.374
│   instantaneous_sypd = 20.094
│   date_now = 2026-07-05T16:48:25.816
└   estimated_finish_date = 2026-07-05T16:48:48.816
┌ Info: Progress
│   simulation_time = 1 hour, 4 minutes
│   n_steps_completed = 128
│   wall_time_per_step = 4 milliseconds, 173 microseconds
│   wall_time_total = 24 seconds, 40 milliseconds
│   wall_time_remaining = 23 seconds, 506 milliseconds
│   wall_time_spent = 534 milliseconds, 240 microseconds
│   percent_complete = 2.2%
│   estimated_sypd = 19.679
│   instantaneous_sypd = 19.03
│   date_now = 2026-07-05T16:48:26.092
└   estimated_finish_date = 2026-07-05T16:48:50.092
┌ Info: Progress
│   simulation_time = 2 hours, 8 minutes
│   n_steps_completed = 256
│   wall_time_per_step = 4 milliseconds, 150 microseconds
│   wall_time_total = 23 seconds, 904 milliseconds
│   wall_time_remaining = 22 seconds, 841 milliseconds
│   wall_time_spent = 1 second, 62 milliseconds
│   percent_complete = 4.4%
│   estimated_sypd = 19.792
│   instantaneous_sypd = 19.905
│   date_now = 2026-07-05T16:48:26.620
└   estimated_finish_date = 2026-07-05T16:48:49.620
┌ Info: Progress
│   simulation_time = 4 hours, 16 minutes
│   n_steps_completed = 512
│   wall_time_per_step = 4 milliseconds, 165 microseconds
│   wall_time_total = 23 seconds, 993 milliseconds
│   wall_time_remaining = 21 seconds, 861 milliseconds
│   wall_time_spent = 2 seconds, 132 milliseconds
│   percent_complete = 8.9%
│   estimated_sypd = 19.717
│   instantaneous_sypd = 19.644
│   date_now = 2026-07-05T16:48:27.691
└   estimated_finish_date = 2026-07-05T16:48:49.691
┌ Info: Progress
│   simulation_time = 6 hours, 40 minutes
│   n_steps_completed = 801
│   wall_time_per_step = 4 milliseconds, 247 microseconds
│   wall_time_total = 24 seconds, 464 milliseconds
│   wall_time_remaining = 21 seconds, 61 milliseconds
│   wall_time_spent = 3 seconds, 402 milliseconds
│   percent_complete = 13.9%
│   estimated_sypd = 19.339
│   instantaneous_sypd = 18.702
│   date_now = 2026-07-05T16:48:28.960
└   estimated_finish_date = 2026-07-05T16:48:50.960
┌ Info: Progress
│   simulation_time = 8 hours, 32 minutes
│   n_steps_completed = 1024
│   wall_time_per_step = 4 milliseconds, 297 microseconds
│   wall_time_total = 24 seconds, 755 milliseconds
│   wall_time_remaining = 20 seconds, 354 milliseconds
│   wall_time_spent = 4 seconds, 400 milliseconds
│   percent_complete = 17.8%
│   estimated_sypd = 19.111
│   instantaneous_sypd = 18.337
│   date_now = 2026-07-05T16:48:29.959
└   estimated_finish_date = 2026-07-05T16:48:50.959
┌ Info: Progress
│   simulation_time = 10 hours, 56 minutes
│   n_steps_completed = 1313
│   wall_time_per_step = 4 milliseconds, 358 microseconds
│   wall_time_total = 25 seconds, 103 milliseconds
│   wall_time_remaining = 19 seconds, 380 milliseconds
│   wall_time_spent = 5 seconds, 722 milliseconds
│   percent_complete = 22.8%
│   estimated_sypd = 18.846
│   instantaneous_sypd = 17.964
│   date_now = 2026-07-05T16:48:31.280
└   estimated_finish_date = 2026-07-05T16:48:51.280
┌ Info: Progress
│   simulation_time = 13 hours, 21 minutes
│   n_steps_completed = 1602
│   wall_time_per_step = 4 milliseconds, 436 microseconds
│   wall_time_total = 25 seconds, 555 milliseconds
│   wall_time_remaining = 18 seconds, 447 milliseconds
│   wall_time_spent = 7 seconds, 107 milliseconds
│   percent_complete = 27.8%
│   estimated_sypd = 18.513
│   instantaneous_sypd = 17.136
│   date_now = 2026-07-05T16:48:32.665
└   estimated_finish_date = 2026-07-05T16:48:51.665
┌ Info: Progress
│   simulation_time = 15 hours, 45 minutes
│   n_steps_completed = 1891
│   wall_time_per_step = 4 milliseconds, 511 microseconds
│   wall_time_total = 25 seconds, 983 milliseconds
│   wall_time_remaining = 17 seconds, 453 milliseconds
│   wall_time_spent = 8 seconds, 530 milliseconds
│   percent_complete = 32.8%
│   estimated_sypd = 18.208
│   instantaneous_sypd = 16.684
│   date_now = 2026-07-05T16:48:34.088
└   estimated_finish_date = 2026-07-05T16:48:52.088
┌ Info: Progress
│   simulation_time = 17 hours, 4 minutes
│   n_steps_completed = 2048
│   wall_time_per_step = 4 milliseconds, 549 microseconds
│   wall_time_total = 26 seconds, 205 milliseconds
│   wall_time_remaining = 16 seconds, 887 milliseconds
│   wall_time_spent = 9 seconds, 317 milliseconds
│   percent_complete = 35.6%
│   estimated_sypd = 18.054
│   instantaneous_sypd = 16.385
│   date_now = 2026-07-05T16:48:34.875
└   estimated_finish_date = 2026-07-05T16:48:51.875
┌ Info: Progress
│   simulation_time = 19 hours, 28 minutes
│   n_steps_completed = 2337
│   wall_time_per_step = 4 milliseconds, 614 microseconds
│   wall_time_total = 26 seconds, 578 milliseconds
│   wall_time_remaining = 15 seconds, 794 milliseconds
│   wall_time_spent = 10 seconds, 783 milliseconds
│   percent_complete = 40.6%
│   estimated_sypd = 17.8
│   instantaneous_sypd = 16.187
│   date_now = 2026-07-05T16:48:36.342
└   estimated_finish_date = 2026-07-05T16:48:52.342
┌ Info: Progress
│   simulation_time = 21 hours, 53 minutes
│   n_steps_completed = 2626
│   wall_time_per_step = 4 milliseconds, 730 microseconds
│   wall_time_total = 27 seconds, 246 milliseconds
│   wall_time_remaining = 14 seconds, 824 milliseconds
│   wall_time_spent = 12 seconds, 421 milliseconds
│   percent_complete = 45.6%
│   estimated_sypd = 17.364
│   instantaneous_sypd = 14.493
│   date_now = 2026-07-05T16:48:37.979
└   estimated_finish_date = 2026-07-05T16:48:52.979
┌ Info: Progress
│   simulation_time = 1 day, 17 minutes
│   n_steps_completed = 2915
│   wall_time_per_step = 4 milliseconds, 794 microseconds
│   wall_time_total = 27 seconds, 617 milliseconds
│   wall_time_remaining = 13 seconds, 640 milliseconds
│   wall_time_spent = 13 seconds, 976 milliseconds
│   percent_complete = 50.6%
│   estimated_sypd = 17.131
│   instantaneous_sypd = 15.267
│   date_now = 2026-07-05T16:48:39.534
└   estimated_finish_date = 2026-07-05T16:48:53.534
┌ Info: Progress
│   simulation_time = 1 day, 2 hours
│   n_steps_completed = 3204
│   wall_time_per_step = 4 milliseconds, 857 microseconds
│   wall_time_total = 27 seconds, 979 milliseconds
│   wall_time_remaining = 12 seconds, 416 milliseconds
│   wall_time_spent = 15 seconds, 563 milliseconds
│   percent_complete = 55.6%
│   estimated_sypd = 16.909
│   instantaneous_sypd = 14.953
│   date_now = 2026-07-05T16:48:41.122
└   estimated_finish_date = 2026-07-05T16:48:54.122
┌ Info: Progress
│   simulation_time = 1 day, 5 hours
│   n_steps_completed = 3493
│   wall_time_per_step = 4 milliseconds, 925 microseconds
│   wall_time_total = 28 seconds, 370 milliseconds
│   wall_time_remaining = 11 seconds, 165 milliseconds
│   wall_time_spent = 17 seconds, 204 milliseconds
│   percent_complete = 60.6%
│   estimated_sypd = 16.676
│   instantaneous_sypd = 14.469
│   date_now = 2026-07-05T16:48:42.762
└   estimated_finish_date = 2026-07-05T16:48:54.762
┌ Info: Progress
│   simulation_time = 1 day, 7 hours
│   n_steps_completed = 3782
│   wall_time_per_step = 5 milliseconds, 7 microseconds
│   wall_time_total = 28 seconds, 841 milliseconds
│   wall_time_remaining = 9 seconds, 904 milliseconds
│   wall_time_spent = 18 seconds, 937 milliseconds
│   percent_complete = 65.7%
│   estimated_sypd = 16.403
│   instantaneous_sypd = 13.697
│   date_now = 2026-07-05T16:48:44.495
└   estimated_finish_date = 2026-07-05T16:48:54.495
┌ Info: Progress
│   simulation_time = 1 day, 9 hours
│   n_steps_completed = 4071
│   wall_time_per_step = 5 milliseconds, 72 microseconds
│   wall_time_total = 29 seconds, 220 milliseconds
│   wall_time_remaining = 8 seconds, 568 milliseconds
│   wall_time_spent = 20 seconds, 651 milliseconds
│   percent_complete = 70.7%
│   estimated_sypd = 16.191
│   instantaneous_sypd = 13.845
│   date_now = 2026-07-05T16:48:46.210
└   estimated_finish_date = 2026-07-05T16:48:55.210
┌ Info: Progress
│   simulation_time = 1 day, 10 hours
│   n_steps_completed = 4096
│   wall_time_per_step = 5 milliseconds, 80 microseconds
│   wall_time_total = 29 seconds, 266 milliseconds
│   wall_time_remaining = 8 seconds, 454 milliseconds
│   wall_time_spent = 20 seconds, 811 milliseconds
│   percent_complete = 71.1%
│   estimated_sypd = 16.165
│   instantaneous_sypd = 12.854
│   date_now = 2026-07-05T16:48:46.370
└   estimated_finish_date = 2026-07-05T16:48:55.370
┌ Info: Progress
│   simulation_time = 1 day, 12 hours
│   n_steps_completed = 4385
│   wall_time_per_step = 5 milliseconds, 148 microseconds
│   wall_time_total = 29 seconds, 654 milliseconds
│   wall_time_remaining = 7 seconds, 78 milliseconds
│   wall_time_spent = 22 seconds, 575 milliseconds
│   percent_complete = 76.1%
│   estimated_sypd = 15.954
│   instantaneous_sypd = 13.459
│   date_now = 2026-07-05T16:48:48.133
└   estimated_finish_date = 2026-07-05T16:48:56.133
┌ Info: Progress
│   simulation_time = 1 day, 14 hours
│   n_steps_completed = 4674
│   wall_time_per_step = 5 milliseconds, 223 microseconds
│   wall_time_total = 30 seconds, 88 milliseconds
│   wall_time_remaining = 5 seconds, 672 milliseconds
│   wall_time_spent = 24 seconds, 415 milliseconds
│   percent_complete = 81.1%
│   estimated_sypd = 15.724
│   instantaneous_sypd = 12.9
│   date_now = 2026-07-05T16:48:49.973
└   estimated_finish_date = 2026-07-05T16:48:55.973
┌ Info: Progress
│   simulation_time = 1 day, 17 hours
│   n_steps_completed = 4963
│   wall_time_per_step = 5 milliseconds, 293 microseconds
│   wall_time_total = 30 seconds, 489 milliseconds
│   wall_time_remaining = 4 seconds, 218 milliseconds
│   wall_time_spent = 26 seconds, 270 milliseconds
│   percent_complete = 86.2%
│   estimated_sypd = 15.517
│   instantaneous_sypd = 12.793
│   date_now = 2026-07-05T16:48:51.829
└   estimated_finish_date = 2026-07-05T16:48:56.829
┌ Info: Progress
│   simulation_time = 1 day, 19 hours
│   n_steps_completed = 5252
│   wall_time_per_step = 5 milliseconds, 356 microseconds
│   wall_time_total = 30 seconds, 853 milliseconds
│   wall_time_remaining = 2 seconds, 721 milliseconds
│   wall_time_spent = 28 seconds, 132 milliseconds
│   percent_complete = 91.2%
│   estimated_sypd = 15.334
│   instantaneous_sypd = 12.753
│   date_now = 2026-07-05T16:48:53.690
└   estimated_finish_date = 2026-07-05T16:48:56.690
┌ Info: Progress
│   simulation_time = 1 day, 22 hours
│   n_steps_completed = 5541
│   wall_time_per_step = 5 milliseconds, 427 microseconds
│   wall_time_total = 31 seconds, 260 milliseconds
│   wall_time_remaining = 1 second, 188 milliseconds
│   wall_time_spent = 30 seconds, 71 milliseconds
│   percent_complete = 96.2%
│   estimated_sypd = 15.134
│   instantaneous_sypd = 12.238
│   date_now = 2026-07-05T16:48:55.630
└   estimated_finish_date = 2026-07-05T16:48:57.630
[ Info: solve! walltime = 31.516
[ Info: sypd: 15.022
[ Info: wall_time_per_timestep: 5 milliseconds, 471 microseconds
[ Info: Memory currently used (after solve!) by the process (RSS): 8.68 GiB
[ Info: Completed member 8
┌ Info: Making AtmosConfig with config files: 
│      /home/jeff/larcform1-experiments/ClimaAtmos.jl/src/config/../../config/default_configs/default_config.yml
└   
┌ Info: numerics 
│          `energy_q_tot_upwinding`::`Val{:vanleer_limiter}`
│                `tracer_upwinding`::`Val{:vanleer_limiter}`
│       `edmfx_mse_q_tot_upwinding`::`Val{:first_order}`
│         `edmfx_sgsflux_upwinding`::`Val{:none}`
│          `edmfx_tracer_upwinding`::`Val{:first_order}`
│         `test_dycore_consistency`::`Nothing`
│            `reproducible_restart`::`Nothing`
│                         `limiter`::`Nothing`
│                       `diff_mode`::`ClimaAtmos.Implicit`
│                       `hyperdiff`::`Nothing`
└   
┌ Info: AtmosModel: 
│   
│                               `water`::`ClimaAtmos.AtmosWater{ClimaAtmos.NonEquilibriumMicrophysics1M, ClimaAtmos.QuadratureCloud, ClimaAtmos.Implicit, Nothing, ClimaAtmos.SGSQuadrature{3, StaticArraysCore.SVector{3, Float32}, StaticArraysCore.SVector{3, Float32}, ClimaAtmos.GaussianSGS, Float32}, ClimaAtmos.FixedTerminalVelocity{Float32}}`
│                           `scm_setup`::`ClimaAtmos.SCMSetup{Nothing, Nothing, Nothing, Bool, @NamedTuple{prof_ug::AtmosphericProfilesLibrary.ZProfile{AtmosphericProfilesLibrary.var"#Larcform1_geostrophic_u##0#Larcform1_geostrophic_u##1"{Float32}}, prof_vg::AtmosphericProfilesLibrary.ZProfile{Returns{Float32}}, coriolis_param::Float32}}`
│                           `radiation`::`ClimaAtmos.AtmosRadiation{ClimaAtmos.RRTMGPInterface.AllSkyRadiationWithClearSkyDiagnostics{ClimaAtmos.InteractiveCloudInRadiation}, ClimaAtmos.Larcform1Insolation}`
│                            `turbconv`::`ClimaAtmos.AtmosTurbconv{ClimaAtmos.EDMFXModel{ClimaAtmos.InvZEntrainment, ClimaAtmos.BuoyancyVelocityDetrainment, Val{true}, Val{true}, Val{true}, Val{true}, Val{true}, ClimaAtmos.SmoothMinimumBlending}, ClimaAtmos.PrognosticEDMFX{1, true, Float32}, Nothing, Nothing, Nothing}`
│                     `prescribed_flow`::`Nothing`
│                        `gravity_wave`::`ClimaAtmos.AtmosGravityWave{Nothing, Nothing}`
│                  `vertical_diffusion`::`Nothing`
│                              `sponge`::`ClimaAtmos.AtmosSponge{Nothing, Nothing}`
│                             `surface`::`ClimaAtmos.AtmosSurface{ClimaAtmos.SurfaceConditions.MoninObukhov{Float32, Nothing, Nothing}, ClimaAtmos.SurfaceConditions.SlabOceanTemperature{Float32}, ClimaAtmos.SurfaceConditions.SurfaceBoundaryOverrides{Float32, Float32, Nothing, Nothing, Nothing, Nothing}, ClimaAtmos.ConstantAlbedo{Float32}}`
│                            `numerics`::`ClimaAtmos.AtmosNumerics{Val{:vanleer_limiter}, Val{:vanleer_limiter}, Val{:first_order}, Val{:none}, Val{:first_order}, Nothing, Nothing, Nothing, ClimaAtmos.Implicit, Nothing}`
│                           `chemistry`::`ClimaAtmos.AtmosChem{Nothing}`
└   
┌ Info: Microphysics settings: 
│                          `n_substeps`::`3`
│                     `n_substeps_quad`::`2`
│              `cloud_liquid_formation`::`CloudLiquidFormation`
│                 `cloud_ice_formation`::`TemperatureDependent`
│                      `cloud_ice_melt`::`CloudIceMelt`
│                 `rain_autoconversion`::`Kessler1M`
│                 `snow_autoconversion`::`NoSupersaturation`
│       `rain_condensation_evaporation`::`RainEvaporation`
│         `snow_deposition_sublimation`::`DepositionAndSublimation`
│                           `snow_melt`::`SnowMelt`
│         `cloud_liquid_rain_accretion`::`CloudLiquidRainAccretion`
│         `cloud_liquid_snow_accretion`::`CloudLiquidSnowAccretion`
│            `cloud_ice_rain_accretion`::`CloudIceRainAccretion`
│            `cloud_ice_snow_accretion`::`CloudIceSnowAccretion`
│                 `rain_snow_accretion`::`RainSnowAccretion`
└   
[ Info: Single-process ClimaAtmos run on CPUSingleThreaded
[ Info: Using ODE config: `ClimaTimeSteppers.ARS222`
[ Info: Initialized state (50.311 μs, 7.76 KiB)
[ Info: Built cache (236.775 ms, 172.6 MiB)
[ Info: Assembled callbacks (133.123 μs, 17.42 KiB)
┌ Info: Jacobian algorithm: ManualSparseJacobian(
│     approximate_solve_iters = 2,
└   )
[ Info: Jacobian derivative flags: topography_flag = IgnoreDerivative, diffusion_flag = UseDerivative
[ Info: Built tendency function (196.795 μs, 201.06 KiB)
[ Info: Initialized integrator (8.661 ms, 169.03 KiB)
[ Info: Added 7 user-provided YAML-style diagnostics
[ Info: Saving accumulated diagnostics to disk with frequency: 1 hour
[ Info: Set up diagnostics (481.823 μs, 103.66 KiB)
[ Info: Initialized 7 total diagnostics
