┌ Info: Simulation info
│   job_id = lf1e_clw_cal_member
└   output_dir = /home/jeff/larcform1-experiments/experiments/clw calibration/output/uki_1/iteration_002/member_007/output_0000
┌ Info: Running
│   job_id = lf1e_clw_cal_member
│   output_dir = /home/jeff/larcform1-experiments/experiments/clw calibration/output/uki_1/iteration_002/member_007/output_0000
└   tspan = (0.0 seconds (2010-01-01T00:00:00) [counter = 0, period = 1 second, epoch = 2010-01-01T00:00:00], 172800.0 seconds (2010-01-03T00:00:00) [counter = 172800, period = 1 second, epoch = 2010-01-01T00:00:00])
┌ Info: Progress
│   simulation_time = 30 seconds
│   n_steps_completed = 1
│   wall_time_per_step = 0 seconds
│   wall_time_total = 0 seconds
│   wall_time_remaining = 0 seconds
│   wall_time_spent = 0 seconds
│   percent_complete = 0.0%
│   estimated_sypd = Inf
│   instantaneous_sypd = 0.0 (sdpd_estimate = 0.0)
│   date_now = 2026-07-05T16:25:26.204
└   estimated_finish_date = 2026-07-05T16:25:26.204
┌ Info: Progress
│   simulation_time = 1 minute
│   n_steps_completed = 2
│   wall_time_per_step = 0 seconds
│   wall_time_total = 0 seconds
│   wall_time_remaining = 0 seconds
│   wall_time_spent = 0 seconds
│   percent_complete = 0.0%
│   estimated_sypd = Inf
│   instantaneous_sypd = 0.031
│   date_now = 2026-07-05T16:25:28.839
└   estimated_finish_date = 2026-07-05T16:25:28.839
┌ Info: Progress
│   simulation_time = 2 minutes
│   n_steps_completed = 4
│   wall_time_per_step = 4 milliseconds, 526 microseconds
│   wall_time_total = 26 seconds, 69 milliseconds
│   wall_time_remaining = 26 seconds, 51 milliseconds
│   wall_time_spent = 18 milliseconds, 104 microseconds
│   percent_complete = 0.1%
│   estimated_sypd = 18.147
│   instantaneous_sypd = 18.147
│   date_now = 2026-07-05T16:25:28.848
└   estimated_finish_date = 2026-07-05T16:25:55.848
┌ Info: Progress
│   simulation_time = 4 minutes
│   n_steps_completed = 8
│   wall_time_per_step = 4 milliseconds, 306 microseconds
│   wall_time_total = 24 seconds, 807 milliseconds
│   wall_time_remaining = 24 seconds, 773 milliseconds
│   wall_time_spent = 34 milliseconds, 455 microseconds
│   percent_complete = 0.1%
│   estimated_sypd = 19.071
│   instantaneous_sypd = 20.093
│   date_now = 2026-07-05T16:25:28.864
└   estimated_finish_date = 2026-07-05T16:25:53.864
┌ Info: Progress
│   simulation_time = 8 minutes
│   n_steps_completed = 16
│   wall_time_per_step = 4 milliseconds, 58 microseconds
│   wall_time_total = 23 seconds, 375 milliseconds
│   wall_time_remaining = 23 seconds, 310 milliseconds
│   wall_time_spent = 64 milliseconds, 931 microseconds
│   percent_complete = 0.3%
│   estimated_sypd = 20.239
│   instantaneous_sypd = 21.561
│   date_now = 2026-07-05T16:25:28.895
└   estimated_finish_date = 2026-07-05T16:25:52.895
┌ Info: Progress
│   simulation_time = 16 minutes
│   n_steps_completed = 32
│   wall_time_per_step = 3 milliseconds, 930 microseconds
│   wall_time_total = 22 seconds, 637 milliseconds
│   wall_time_remaining = 22 seconds, 512 milliseconds
│   wall_time_spent = 125 milliseconds, 766 microseconds
│   percent_complete = 0.6%
│   estimated_sypd = 20.899
│   instantaneous_sypd = 21.602
│   date_now = 2026-07-05T16:25:28.956
└   estimated_finish_date = 2026-07-05T16:25:51.956
┌ Info: Progress
│   simulation_time = 32 minutes
│   n_steps_completed = 64
│   wall_time_per_step = 3 milliseconds, 983 microseconds
│   wall_time_total = 22 seconds, 945 milliseconds
│   wall_time_remaining = 22 seconds, 690 milliseconds
│   wall_time_spent = 254 milliseconds, 955 microseconds
│   percent_complete = 1.1%
│   estimated_sypd = 20.618
│   instantaneous_sypd = 20.345
│   date_now = 2026-07-05T16:25:29.085
└   estimated_finish_date = 2026-07-05T16:25:52.085
┌ Info: Progress
│   simulation_time = 1 hour, 4 minutes
│   n_steps_completed = 128
│   wall_time_per_step = 4 milliseconds, 104 microseconds
│   wall_time_total = 23 seconds, 641 milliseconds
│   wall_time_remaining = 23 seconds, 115 milliseconds
│   wall_time_spent = 525 milliseconds, 361 microseconds
│   percent_complete = 2.2%
│   estimated_sypd = 20.012
│   instantaneous_sypd = 19.44
│   date_now = 2026-07-05T16:25:29.355
└   estimated_finish_date = 2026-07-05T16:25:53.355
┌ Info: Progress
│   simulation_time = 2 hours, 8 minutes
│   n_steps_completed = 256
│   wall_time_per_step = 4 milliseconds, 84 microseconds
│   wall_time_total = 23 seconds, 524 milliseconds
│   wall_time_remaining = 22 seconds, 479 milliseconds
│   wall_time_spent = 1 second, 45 milliseconds
│   percent_complete = 4.4%
│   estimated_sypd = 20.111
│   instantaneous_sypd = 20.211
│   date_now = 2026-07-05T16:25:29.876
└   estimated_finish_date = 2026-07-05T16:25:52.876
┌ Info: Progress
│   simulation_time = 4 hours, 16 minutes
│   n_steps_completed = 512
│   wall_time_per_step = 4 milliseconds, 109 microseconds
│   wall_time_total = 23 seconds, 671 milliseconds
│   wall_time_remaining = 21 seconds, 567 milliseconds
│   wall_time_spent = 2 seconds, 104 milliseconds
│   percent_complete = 8.9%
│   estimated_sypd = 19.986
│   instantaneous_sypd = 19.863
│   date_now = 2026-07-05T16:25:30.934
└   estimated_finish_date = 2026-07-05T16:25:52.934
┌ Info: Progress
│   simulation_time = 6 hours, 40 minutes
│   n_steps_completed = 801
│   wall_time_per_step = 4 milliseconds, 166 microseconds
│   wall_time_total = 23 seconds, 997 milliseconds
│   wall_time_remaining = 20 seconds, 660 milliseconds
│   wall_time_spent = 3 seconds, 337 milliseconds
│   percent_complete = 13.9%
│   estimated_sypd = 19.715
│   instantaneous_sypd = 19.252
│   date_now = 2026-07-05T16:25:32.167
└   estimated_finish_date = 2026-07-05T16:25:53.167
┌ Info: Progress
│   simulation_time = 8 hours, 32 minutes
│   n_steps_completed = 1024
│   wall_time_per_step = 4 milliseconds, 218 microseconds
│   wall_time_total = 24 seconds, 298 milliseconds
│   wall_time_remaining = 19 seconds, 978 milliseconds
│   wall_time_spent = 4 seconds, 319 milliseconds
│   percent_complete = 17.8%
│   estimated_sypd = 19.47
│   instantaneous_sypd = 18.641
│   date_now = 2026-07-05T16:25:33.150
└   estimated_finish_date = 2026-07-05T16:25:53.150
┌ Info: Progress
│   simulation_time = 10 hours, 56 minutes
│   n_steps_completed = 1313
│   wall_time_per_step = 4 milliseconds, 275 microseconds
│   wall_time_total = 24 seconds, 624 milliseconds
│   wall_time_remaining = 19 seconds, 11 milliseconds
│   wall_time_spent = 5 seconds, 613 milliseconds
│   percent_complete = 22.8%
│   estimated_sypd = 19.213
│   instantaneous_sypd = 18.351
│   date_now = 2026-07-05T16:25:34.443
└   estimated_finish_date = 2026-07-05T16:25:54.443
┌ Info: Progress
│   simulation_time = 13 hours, 21 minutes
│   n_steps_completed = 1602
│   wall_time_per_step = 4 milliseconds, 341 microseconds
│   wall_time_total = 25 seconds, 8 milliseconds
│   wall_time_remaining = 18 seconds, 53 milliseconds
│   wall_time_spent = 6 seconds, 955 milliseconds
│   percent_complete = 27.8%
│   estimated_sypd = 18.917
│   instantaneous_sypd = 17.683
│   date_now = 2026-07-05T16:25:35.786
└   estimated_finish_date = 2026-07-05T16:25:54.786
┌ Info: Progress
│   simulation_time = 15 hours, 45 minutes
│   n_steps_completed = 1891
│   wall_time_per_step = 4 milliseconds, 404 microseconds
│   wall_time_total = 25 seconds, 367 milliseconds
│   wall_time_remaining = 17 seconds, 39 milliseconds
│   wall_time_spent = 8 seconds, 328 milliseconds
│   percent_complete = 32.8%
│   estimated_sypd = 18.65
│   instantaneous_sypd = 17.293
│   date_now = 2026-07-05T16:25:37.158
└   estimated_finish_date = 2026-07-05T16:25:55.158
┌ Info: Progress
│   simulation_time = 17 hours, 4 minutes
│   n_steps_completed = 2048
│   wall_time_per_step = 4 milliseconds, 446 microseconds
│   wall_time_total = 25 seconds, 610 milliseconds
│   wall_time_remaining = 16 seconds, 504 milliseconds
│   wall_time_spent = 9 seconds, 105 milliseconds
│   percent_complete = 35.6%
│   estimated_sypd = 18.473
│   instantaneous_sypd = 16.583
│   date_now = 2026-07-05T16:25:37.936
└   estimated_finish_date = 2026-07-05T16:25:54.936
┌ Info: Progress
│   simulation_time = 19 hours, 28 minutes
│   n_steps_completed = 2337
│   wall_time_per_step = 4 milliseconds, 505 microseconds
│   wall_time_total = 25 seconds, 950 milliseconds
│   wall_time_remaining = 15 seconds, 421 milliseconds
│   wall_time_spent = 10 seconds, 528 milliseconds
│   percent_complete = 40.6%
│   estimated_sypd = 18.231
│   instantaneous_sypd = 16.681
│   date_now = 2026-07-05T16:25:39.359
└   estimated_finish_date = 2026-07-05T16:25:55.359
┌ Info: Progress
│   simulation_time = 21 hours, 53 minutes
│   n_steps_completed = 2626
│   wall_time_per_step = 4 milliseconds, 569 microseconds
│   wall_time_total = 26 seconds, 317 milliseconds
│   wall_time_remaining = 14 seconds, 319 milliseconds
│   wall_time_spent = 11 seconds, 998 milliseconds
│   percent_complete = 45.6%
│   estimated_sypd = 17.977
│   instantaneous_sypd = 16.154
│   date_now = 2026-07-05T16:25:40.828
└   estimated_finish_date = 2026-07-05T16:25:55.828
┌ Info: Progress
│   simulation_time = 1 day, 17 minutes
│   n_steps_completed = 2915
│   wall_time_per_step = 4 milliseconds, 675 microseconds
│   wall_time_total = 26 seconds, 931 milliseconds
│   wall_time_remaining = 13 seconds, 301 milliseconds
│   wall_time_spent = 13 seconds, 629 milliseconds
│   percent_complete = 50.6%
│   estimated_sypd = 17.567
│   instantaneous_sypd = 14.554
│   date_now = 2026-07-05T16:25:42.459
└   estimated_finish_date = 2026-07-05T16:25:56.459
┌ Info: Progress
│   simulation_time = 1 day, 2 hours
│   n_steps_completed = 3204
│   wall_time_per_step = 4 milliseconds, 729 microseconds
│   wall_time_total = 27 seconds, 239 milliseconds
│   wall_time_remaining = 12 seconds, 87 milliseconds
│   wall_time_spent = 15 seconds, 152 milliseconds
│   percent_complete = 55.6%
│   estimated_sypd = 17.368
│   instantaneous_sypd = 15.587
│   date_now = 2026-07-05T16:25:43.982
└   estimated_finish_date = 2026-07-05T16:25:56.982
┌ Info: Progress
│   simulation_time = 1 day, 5 hours
│   n_steps_completed = 3493
│   wall_time_per_step = 4 milliseconds, 788 microseconds
│   wall_time_total = 27 seconds, 579 milliseconds
│   wall_time_remaining = 10 seconds, 854 milliseconds
│   wall_time_spent = 16 seconds, 724 milliseconds
│   percent_complete = 60.6%
│   estimated_sypd = 17.154
│   instantaneous_sypd = 15.095
│   date_now = 2026-07-05T16:25:45.555
└   estimated_finish_date = 2026-07-05T16:25:56.555
┌ Info: Progress
│   simulation_time = 1 day, 7 hours
│   n_steps_completed = 3782
│   wall_time_per_step = 4 milliseconds, 845 microseconds
│   wall_time_total = 27 seconds, 907 milliseconds
│   wall_time_remaining = 9 seconds, 583 milliseconds
│   wall_time_spent = 18 seconds, 324 milliseconds
│   percent_complete = 65.7%
│   estimated_sypd = 16.952
│   instantaneous_sypd = 14.839
│   date_now = 2026-07-05T16:25:47.154
└   estimated_finish_date = 2026-07-05T16:25:57.154
┌ Info: Progress
│   simulation_time = 1 day, 9 hours
│   n_steps_completed = 4071
│   wall_time_per_step = 4 milliseconds, 917 microseconds
│   wall_time_total = 28 seconds, 323 milliseconds
│   wall_time_remaining = 8 seconds, 305 milliseconds
│   wall_time_spent = 20 seconds, 17 milliseconds
│   percent_complete = 70.7%
│   estimated_sypd = 16.704
│   instantaneous_sypd = 14.015
│   date_now = 2026-07-05T16:25:48.848
└   estimated_finish_date = 2026-07-05T16:25:57.848
┌ Info: Progress
│   simulation_time = 1 day, 10 hours
│   n_steps_completed = 4096
│   wall_time_per_step = 4 milliseconds, 924 microseconds
│   wall_time_total = 28 seconds, 364 milliseconds
│   wall_time_remaining = 8 seconds, 194 milliseconds
│   wall_time_spent = 20 seconds, 170 milliseconds
│   percent_complete = 71.1%
│   estimated_sypd = 16.679
│   instantaneous_sypd = 13.487
│   date_now = 2026-07-05T16:25:49
└   estimated_finish_date = 2026-07-05T16:25:58
┌ Info: Progress
│   simulation_time = 1 day, 12 hours
│   n_steps_completed = 4385
│   wall_time_per_step = 4 milliseconds, 983 microseconds
│   wall_time_total = 28 seconds, 703 milliseconds
│   wall_time_remaining = 6 seconds, 851 milliseconds
│   wall_time_spent = 21 seconds, 851 milliseconds
│   percent_complete = 76.1%
│   estimated_sypd = 16.482
│   instantaneous_sypd = 14.118
│   date_now = 2026-07-05T16:25:50.682
└   estimated_finish_date = 2026-07-05T16:25:57.682
┌ Info: Progress
│   simulation_time = 1 day, 14 hours
│   n_steps_completed = 4674
│   wall_time_per_step = 5 milliseconds, 39 microseconds
│   wall_time_total = 29 seconds, 28 milliseconds
│   wall_time_remaining = 5 seconds, 473 milliseconds
│   wall_time_spent = 23 seconds, 555 milliseconds
│   percent_complete = 81.1%
│   estimated_sypd = 16.298
│   instantaneous_sypd = 13.933
│   date_now = 2026-07-05T16:25:52.385
└   estimated_finish_date = 2026-07-05T16:25:58.385
┌ Info: Progress
│   simulation_time = 1 day, 17 hours
│   n_steps_completed = 4963
│   wall_time_per_step = 5 milliseconds, 107 microseconds
│   wall_time_total = 29 seconds, 418 milliseconds
│   wall_time_remaining = 4 seconds, 70 milliseconds
│   wall_time_spent = 25 seconds, 348 milliseconds
│   percent_complete = 86.2%
│   estimated_sypd = 16.082
│   instantaneous_sypd = 13.241
│   date_now = 2026-07-05T16:25:54.178
└   estimated_finish_date = 2026-07-05T16:25:59.178
┌ Info: Progress
│   simulation_time = 1 day, 19 hours
│   n_steps_completed = 5252
│   wall_time_per_step = 5 milliseconds, 163 microseconds
│   wall_time_total = 29 seconds, 740 milliseconds
│   wall_time_remaining = 2 seconds, 622 milliseconds
│   wall_time_spent = 27 seconds, 117 milliseconds
│   percent_complete = 91.2%
│   estimated_sypd = 15.908
│   instantaneous_sypd = 13.414
│   date_now = 2026-07-05T16:25:55.948
└   estimated_finish_date = 2026-07-05T16:25:58.948
┌ Info: Progress
│   simulation_time = 1 day, 22 hours
│   n_steps_completed = 5541
│   wall_time_per_step = 5 milliseconds, 223 microseconds
│   wall_time_total = 30 seconds, 87 milliseconds
│   wall_time_remaining = 1 second, 143 milliseconds
│   wall_time_spent = 28 seconds, 943 milliseconds
│   percent_complete = 96.2%
│   estimated_sypd = 15.724
│   instantaneous_sypd = 12.997
│   date_now = 2026-07-05T16:25:57.774
└   estimated_finish_date = 2026-07-05T16:25:59.774
[ Info: solve! walltime = 30.091
[ Info: sypd: 15.733
[ Info: wall_time_per_timestep: 5 milliseconds, 224 microseconds
[ Info: Memory currently used (after solve!) by the process (RSS): 8.68 GiB
[ Info: Completed member 7
┌ Info: Making AtmosConfig with config files: 
│      /home/jeff/larcform1-experiments/ClimaAtmos.jl/src/config/../../config/default_configs/default_config.yml
└   
┌ Info: numerics 
│          `energy_q_tot_upwinding`::`Val{:vanleer_limiter}`
│                `tracer_upwinding`::`Val{:vanleer_limiter}`
│       `edmfx_mse_q_tot_upwinding`::`Val{:first_order}`
│         `edmfx_sgsflux_upwinding`::`Val{:none}`
│          `edmfx_tracer_upwinding`::`Val{:first_order}`
│         `test_dycore_consistency`::`Nothing`
│            `reproducible_restart`::`Nothing`
│                         `limiter`::`Nothing`
│                       `diff_mode`::`ClimaAtmos.Implicit`
│                       `hyperdiff`::`Nothing`
└   
┌ Info: AtmosModel: 
│   
│                               `water`::`ClimaAtmos.AtmosWater{ClimaAtmos.NonEquilibriumMicrophysics1M, ClimaAtmos.QuadratureCloud, ClimaAtmos.Implicit, Nothing, ClimaAtmos.SGSQuadrature{3, StaticArraysCore.SVector{3, Float32}, StaticArraysCore.SVector{3, Float32}, ClimaAtmos.GaussianSGS, Float32}, ClimaAtmos.FixedTerminalVelocity{Float32}}`
│                           `scm_setup`::`ClimaAtmos.SCMSetup{Nothing, Nothing, Nothing, Bool, @NamedTuple{prof_ug::AtmosphericProfilesLibrary.ZProfile{AtmosphericProfilesLibrary.var"#Larcform1_geostrophic_u##0#Larcform1_geostrophic_u##1"{Float32}}, prof_vg::AtmosphericProfilesLibrary.ZProfile{Returns{Float32}}, coriolis_param::Float32}}`
│                           `radiation`::`ClimaAtmos.AtmosRadiation{ClimaAtmos.RRTMGPInterface.AllSkyRadiationWithClearSkyDiagnostics{ClimaAtmos.InteractiveCloudInRadiation}, ClimaAtmos.Larcform1Insolation}`
│                            `turbconv`::`ClimaAtmos.AtmosTurbconv{ClimaAtmos.EDMFXModel{ClimaAtmos.InvZEntrainment, ClimaAtmos.BuoyancyVelocityDetrainment, Val{true}, Val{true}, Val{true}, Val{true}, Val{true}, ClimaAtmos.SmoothMinimumBlending}, ClimaAtmos.PrognosticEDMFX{1, true, Float32}, Nothing, Nothing, Nothing}`
│                     `prescribed_flow`::`Nothing`
│                        `gravity_wave`::`ClimaAtmos.AtmosGravityWave{Nothing, Nothing}`
│                  `vertical_diffusion`::`Nothing`
│                              `sponge`::`ClimaAtmos.AtmosSponge{Nothing, Nothing}`
│                             `surface`::`ClimaAtmos.AtmosSurface{ClimaAtmos.SurfaceConditions.MoninObukhov{Float32, Nothing, Nothing}, ClimaAtmos.SurfaceConditions.SlabOceanTemperature{Float32}, ClimaAtmos.SurfaceConditions.SurfaceBoundaryOverrides{Float32, Float32, Nothing, Nothing, Nothing, Nothing}, ClimaAtmos.ConstantAlbedo{Float32}}`
│                            `numerics`::`ClimaAtmos.AtmosNumerics{Val{:vanleer_limiter}, Val{:vanleer_limiter}, Val{:first_order}, Val{:none}, Val{:first_order}, Nothing, Nothing, Nothing, ClimaAtmos.Implicit, Nothing}`
│                           `chemistry`::`ClimaAtmos.AtmosChem{Nothing}`
└   
┌ Info: Microphysics settings: 
│                          `n_substeps`::`3`
│                     `n_substeps_quad`::`2`
│              `cloud_liquid_formation`::`CloudLiquidFormation`
│                 `cloud_ice_formation`::`TemperatureDependent`
│                      `cloud_ice_melt`::`CloudIceMelt`
│                 `rain_autoconversion`::`Kessler1M`
│                 `snow_autoconversion`::`NoSupersaturation`
│       `rain_condensation_evaporation`::`RainEvaporation`
│         `snow_deposition_sublimation`::`DepositionAndSublimation`
│                           `snow_melt`::`SnowMelt`
│         `cloud_liquid_rain_accretion`::`CloudLiquidRainAccretion`
│         `cloud_liquid_snow_accretion`::`CloudLiquidSnowAccretion`
│            `cloud_ice_rain_accretion`::`CloudIceRainAccretion`
│            `cloud_ice_snow_accretion`::`CloudIceSnowAccretion`
│                 `rain_snow_accretion`::`RainSnowAccretion`
└   
[ Info: Single-process ClimaAtmos run on CPUSingleThreaded
[ Info: Using ODE config: `ClimaTimeSteppers.ARS222`
[ Info: Initialized state (48.601 μs, 7.76 KiB)
[ Info: Built cache (202.872 ms, 172.6 MiB)
[ Info: Assembled callbacks (131.403 μs, 17.42 KiB)
┌ Info: Jacobian algorithm: ManualSparseJacobian(
│     approximate_solve_iters = 2,
└   )
[ Info: Jacobian derivative flags: topography_flag = IgnoreDerivative, diffusion_flag = UseDerivative
[ Info: Built tendency function (201.565 μs, 201.06 KiB)
[ Info: Initialized integrator (8.582 ms, 169.03 KiB)
[ Info: Added 7 user-provided YAML-style diagnostics
[ Info: Saving accumulated diagnostics to disk with frequency: 1 hour
[ Info: Set up diagnostics (450.151 μs, 103.66 KiB)
[ Info: Initialized 7 total diagnostics
