┌ Info: Simulation info
│   job_id = lf1e_clw_cal_verify5d_calibrated
└   output_dir = /home/jeff/larcform1-experiments/experiments/clw calibration/output/verify5d/calibrated/output_0000
┌ Info: Running
│   job_id = lf1e_clw_cal_verify5d_calibrated
│   output_dir = /home/jeff/larcform1-experiments/experiments/clw calibration/output/verify5d/calibrated/output_0000
└   tspan = (0.0 seconds (2010-01-01T00:00:00) [counter = 0, period = 1 second, epoch = 2010-01-01T00:00:00], 432000.0 seconds (2010-01-06T00:00:00) [counter = 432000, period = 1 second, epoch = 2010-01-01T00:00:00])
┌ Info: Progress
│   simulation_time = 30 seconds
│   n_steps_completed = 1
│   wall_time_per_step = 0 seconds
│   wall_time_total = 0 seconds
│   wall_time_remaining = 0 seconds
│   wall_time_spent = 0 seconds
│   percent_complete = 0.0%
│   estimated_sypd = Inf
│   instantaneous_sypd = 0.0 (sdpd_estimate = 0.0)
│   date_now = 2026-07-05T18:32:15.609
└   estimated_finish_date = 2026-07-05T18:32:15.609
┌ Info: Progress
│   simulation_time = 1 minute
│   n_steps_completed = 2
│   wall_time_per_step = 0 seconds
│   wall_time_total = 0 seconds
│   wall_time_remaining = 0 seconds
│   wall_time_spent = 0 seconds
│   percent_complete = 0.0%
│   estimated_sypd = Inf
│   instantaneous_sypd = 0.016
│   date_now = 2026-07-05T18:32:20.675
└   estimated_finish_date = 2026-07-05T18:32:20.675
┌ Info: Progress
│   simulation_time = 2 minutes
│   n_steps_completed = 4
│   wall_time_per_step = 12 milliseconds, 913 microseconds
│   wall_time_total = 3 minutes, 5 seconds
│   wall_time_remaining = 3 minutes, 5 seconds
│   wall_time_spent = 51 milliseconds, 653 microseconds
│   percent_complete = 0.0%
│   estimated_sypd = 6.36
│   instantaneous_sypd = 6.36
│   date_now = 2026-07-05T18:32:20.750
└   estimated_finish_date = 2026-07-05T18:35:26.750
┌ Info: Progress
│   simulation_time = 4 minutes
│   n_steps_completed = 8
│   wall_time_per_step = 16 milliseconds, 881 microseconds
│   wall_time_total = 4 minutes, 3 seconds
│   wall_time_remaining = 4 minutes, 2 seconds
│   wall_time_spent = 135 milliseconds, 48 microseconds
│   percent_complete = 0.1%
│   estimated_sypd = 4.866
│   instantaneous_sypd = 3.94
│   date_now = 2026-07-05T18:32:20.769
└   estimated_finish_date = 2026-07-05T18:36:23.769
┌ Info: Progress
│   simulation_time = 8 minutes
│   n_steps_completed = 16
│   wall_time_per_step = 10 milliseconds, 378 microseconds
│   wall_time_total = 2 minutes, 29 seconds
│   wall_time_remaining = 2 minutes, 29 seconds
│   wall_time_spent = 166 milliseconds, 63 microseconds
│   percent_complete = 0.1%
│   estimated_sypd = 7.914
│   instantaneous_sypd = 21.186
│   date_now = 2026-07-05T18:32:20.800
└   estimated_finish_date = 2026-07-05T18:34:50.800
┌ Info: Progress
│   simulation_time = 16 minutes
│   n_steps_completed = 32
│   wall_time_per_step = 7 milliseconds, 84 microseconds
│   wall_time_total = 1 minute, 42 seconds
│   wall_time_remaining = 1 minute, 41 seconds
│   wall_time_spent = 226 milliseconds, 695 microseconds
│   percent_complete = 0.2%
│   estimated_sypd = 11.594
│   instantaneous_sypd = 21.675
│   date_now = 2026-07-05T18:32:20.860
└   estimated_finish_date = 2026-07-05T18:34:02.860
┌ Info: Progress
│   simulation_time = 32 minutes
│   n_steps_completed = 64
│   wall_time_per_step = 5 milliseconds, 602 microseconds
│   wall_time_total = 1 minute, 20 seconds
│   wall_time_remaining = 1 minute, 20 seconds
│   wall_time_spent = 358 milliseconds, 590 microseconds
│   percent_complete = 0.4%
│   estimated_sypd = 14.659
│   instantaneous_sypd = 19.928
│   date_now = 2026-07-05T18:32:20.992
└   estimated_finish_date = 2026-07-05T18:33:41.992
┌ Info: Progress
│   simulation_time = 1 hour, 4 minutes
│   n_steps_completed = 128
│   wall_time_per_step = 45 milliseconds, 875 microseconds
│   wall_time_total = 11 minutes, 601 milliseconds
│   wall_time_remaining = 10 minutes, 54 seconds
│   wall_time_spent = 5 seconds, 872 milliseconds
│   percent_complete = 0.9%
│   estimated_sypd = 1.79
│   instantaneous_sypd = 0.953
│   date_now = 2026-07-05T18:32:26.514
└   estimated_finish_date = 2026-07-05T18:43:21.514
┌ Info: Progress
│   simulation_time = 2 hours, 8 minutes
│   n_steps_completed = 256
│   wall_time_per_step = 25 milliseconds, 659 microseconds
│   wall_time_total = 6 minutes, 9 seconds
│   wall_time_remaining = 6 minutes, 2 seconds
│   wall_time_spent = 6 seconds, 568 milliseconds
│   percent_complete = 1.8%
│   estimated_sypd = 3.201
│   instantaneous_sypd = 15.086
│   date_now = 2026-07-05T18:32:27.203
└   estimated_finish_date = 2026-07-05T18:38:30.203
┌ Info: Progress
│   simulation_time = 4 hours, 16 minutes
│   n_steps_completed = 512
│   wall_time_per_step = 14 milliseconds, 926 microseconds
│   wall_time_total = 3 minutes, 34 seconds
│   wall_time_remaining = 3 minutes, 27 seconds
│   wall_time_spent = 7 seconds, 642 milliseconds
│   percent_complete = 3.6%
│   estimated_sypd = 5.503
│   instantaneous_sypd = 19.588
│   date_now = 2026-07-05T18:32:28.276
└   estimated_finish_date = 2026-07-05T18:35:56.276
┌ Info: Progress
│   simulation_time = 8 hours, 32 minutes
│   n_steps_completed = 1024
│   wall_time_per_step = 9 milliseconds, 871 microseconds
│   wall_time_total = 2 minutes, 22 seconds
│   wall_time_remaining = 2 minutes, 12 seconds
│   wall_time_spent = 10 seconds, 108 milliseconds
│   percent_complete = 7.1%
│   estimated_sypd = 8.32
│   instantaneous_sypd = 17.053
│   date_now = 2026-07-05T18:32:30.742
└   estimated_finish_date = 2026-07-05T18:34:43.742
┌ Info: Progress
│   simulation_time = 14 hours, 32 minutes
│   n_steps_completed = 1745
│   wall_time_per_step = 7 milliseconds, 704 microseconds
│   wall_time_total = 1 minute, 50 seconds
│   wall_time_remaining = 1 minute, 37 seconds
│   wall_time_spent = 13 seconds, 444 milliseconds
│   percent_complete = 12.1%
│   estimated_sypd = 10.66
│   instantaneous_sypd = 17.749
│   date_now = 2026-07-05T18:32:34.079
└   estimated_finish_date = 2026-07-05T18:34:12.079
┌ Info: Progress
│   simulation_time = 17 hours, 4 minutes
│   n_steps_completed = 2048
│   wall_time_per_step = 7 milliseconds, 288 microseconds
│   wall_time_total = 1 minute, 44 seconds
│   wall_time_remaining = 1 minute, 30 seconds
│   wall_time_spent = 14 seconds, 925 milliseconds
│   percent_complete = 14.2%
│   estimated_sypd = 11.27
│   instantaneous_sypd = 16.803
│   date_now = 2026-07-05T18:32:35.560
└   estimated_finish_date = 2026-07-05T18:34:06.560
┌ Info: Progress
│   simulation_time = 23 hours, 4 minutes
│   n_steps_completed = 2769
│   wall_time_per_step = 6 milliseconds, 778 microseconds
│   wall_time_total = 1 minute, 37 seconds
│   wall_time_remaining = 1 minute, 18 seconds
│   wall_time_spent = 18 seconds, 770 milliseconds
│   percent_complete = 19.2%
│   estimated_sypd = 12.116
│   instantaneous_sypd = 15.402
│   date_now = 2026-07-05T18:32:39.405
└   estimated_finish_date = 2026-07-05T18:33:58.405
┌ Info: Progress
│   simulation_time = 1 day, 5 hours
│   n_steps_completed = 3490
│   wall_time_per_step = 6 milliseconds, 519 microseconds
│   wall_time_total = 1 minute, 33 seconds
│   wall_time_remaining = 1 minute, 11 seconds
│   wall_time_spent = 22 seconds, 751 milliseconds
│   percent_complete = 24.2%
│   estimated_sypd = 12.599
│   instantaneous_sypd = 14.877
│   date_now = 2026-07-05T18:32:43.403
└   estimated_finish_date = 2026-07-05T18:33:55.403
┌ Info: Progress
│   simulation_time = 1 day, 10 hours
│   n_steps_completed = 4096
│   wall_time_per_step = 6 milliseconds, 444 microseconds
│   wall_time_total = 1 minute, 32 seconds
│   wall_time_remaining = 1 minute, 6 seconds
│   wall_time_spent = 26 seconds, 397 milliseconds
│   percent_complete = 28.4%
│   estimated_sypd = 12.745
│   instantaneous_sypd = 13.652
│   date_now = 2026-07-05T18:32:47.031
└   estimated_finish_date = 2026-07-05T18:33:54.031
┌ Info: Progress
│   simulation_time = 1 day, 16 hours
│   n_steps_completed = 4817
│   wall_time_per_step = 6 milliseconds, 425 microseconds
│   wall_time_total = 1 minute, 32 seconds
│   wall_time_remaining = 1 minute, 1 second
│   wall_time_spent = 30 seconds, 953 milliseconds
│   percent_complete = 33.5%
│   estimated_sypd = 12.782
│   instantaneous_sypd = 12.997
│   date_now = 2026-07-05T18:32:51.588
└   estimated_finish_date = 2026-07-05T18:33:53.588
┌ Info: Progress
│   simulation_time = 1 day, 22 hours
│   n_steps_completed = 5538
│   wall_time_per_step = 6 milliseconds, 468 microseconds
│   wall_time_total = 1 minute, 33 seconds
│   wall_time_remaining = 57 seconds, 322 milliseconds
│   wall_time_spent = 35 seconds, 821 milliseconds
│   percent_complete = 38.5%
│   estimated_sypd = 12.698
│   instantaneous_sypd = 12.166
│   date_now = 2026-07-05T18:32:56.455
└   estimated_finish_date = 2026-07-05T18:33:54.455
┌ Info: Progress
│   simulation_time = 2 days, 4 hours
│   n_steps_completed = 6259
│   wall_time_per_step = 6 milliseconds, 511 microseconds
│   wall_time_total = 1 minute, 33 seconds
│   wall_time_remaining = 53 seconds, 6 milliseconds
│   wall_time_spent = 40 seconds, 752 milliseconds
│   percent_complete = 43.5%
│   estimated_sypd = 12.615
│   instantaneous_sypd = 12.009
│   date_now = 2026-07-05T18:33:01.387
└   estimated_finish_date = 2026-07-05T18:33:55.387
┌ Info: Progress
│   simulation_time = 2 days, 10 hours
│   n_steps_completed = 6980
│   wall_time_per_step = 6 milliseconds, 474 microseconds
│   wall_time_total = 1 minute, 33 seconds
│   wall_time_remaining = 48 seconds, 38 milliseconds
│   wall_time_spent = 45 seconds, 190 milliseconds
│   percent_complete = 48.5%
│   estimated_sypd = 12.687
│   instantaneous_sypd = 13.347
│   date_now = 2026-07-05T18:33:05.824
└   estimated_finish_date = 2026-07-05T18:33:54.824
┌ Info: Progress
│   simulation_time = 2 days, 16 hours
│   n_steps_completed = 7701
│   wall_time_per_step = 6 milliseconds, 336 microseconds
│   wall_time_total = 1 minute, 31 seconds
│   wall_time_remaining = 42 seconds, 448 milliseconds
│   wall_time_spent = 48 seconds, 797 milliseconds
│   percent_complete = 53.5%
│   estimated_sypd = 12.962
│   instantaneous_sypd = 16.417
│   date_now = 2026-07-05T18:33:09.431
└   estimated_finish_date = 2026-07-05T18:33:52.431
┌ Info: Progress
│   simulation_time = 2 days, 20 hours
│   n_steps_completed = 8192
│   wall_time_per_step = 6 milliseconds, 276 microseconds
│   wall_time_total = 1 minute, 30 seconds
│   wall_time_remaining = 38 seconds, 963 milliseconds
│   wall_time_spent = 51 seconds, 416 milliseconds
│   percent_complete = 56.9%
│   estimated_sypd = 13.086
│   instantaneous_sypd = 15.398
│   date_now = 2026-07-05T18:33:12.050
└   estimated_finish_date = 2026-07-05T18:33:51.050
┌ Info: Progress
│   simulation_time = 3 days, 2 hours
│   n_steps_completed = 8913
│   wall_time_per_step = 6 milliseconds, 212 microseconds
│   wall_time_total = 1 minute, 29 seconds
│   wall_time_remaining = 34 seconds, 90 milliseconds
│   wall_time_spent = 55 seconds, 376 milliseconds
│   percent_complete = 61.9%
│   estimated_sypd = 13.22
│   instantaneous_sypd = 14.956
│   date_now = 2026-07-05T18:33:16.010
└   estimated_finish_date = 2026-07-05T18:33:51.010
┌ Info: Progress
│   simulation_time = 3 days, 8 hours
│   n_steps_completed = 9634
│   wall_time_per_step = 6 milliseconds, 173 microseconds
│   wall_time_total = 1 minute, 28 seconds
│   wall_time_remaining = 29 seconds, 420 milliseconds
│   wall_time_spent = 59 seconds, 470 milliseconds
│   percent_complete = 66.9%
│   estimated_sypd = 13.306
│   instantaneous_sypd = 14.463
│   date_now = 2026-07-05T18:33:20.104
└   estimated_finish_date = 2026-07-05T18:33:50.104
┌ Info: Progress
│   simulation_time = 3 days, 14 hours
│   n_steps_completed = 10355
│   wall_time_per_step = 6 milliseconds, 103 microseconds
│   wall_time_total = 1 minute, 27 seconds
│   wall_time_remaining = 24 seconds, 688 milliseconds
│   wall_time_spent = 1 minute, 3 seconds
│   percent_complete = 71.9%
│   estimated_sypd = 13.457
│   instantaneous_sypd = 15.876
│   date_now = 2026-07-05T18:33:23.835
└   estimated_finish_date = 2026-07-05T18:33:48.835
┌ Info: Progress
│   simulation_time = 3 days, 20 hours
│   n_steps_completed = 11076
│   wall_time_per_step = 6 milliseconds, 60 microseconds
│   wall_time_total = 1 minute, 27 seconds
│   wall_time_remaining = 20 seconds, 144 milliseconds
│   wall_time_spent = 1 minute, 7 seconds
│   percent_complete = 76.9%
│   estimated_sypd = 13.553
│   instantaneous_sypd = 15.097
│   date_now = 2026-07-05T18:33:27.757
└   estimated_finish_date = 2026-07-05T18:33:48.757
┌ Info: Progress
│   simulation_time = 4 days, 2 hours
│   n_steps_completed = 11797
│   wall_time_per_step = 6 milliseconds, 25 microseconds
│   wall_time_total = 1 minute, 26 seconds
│   wall_time_remaining = 15 seconds, 684 milliseconds
│   wall_time_spent = 1 minute, 11 seconds
│   percent_complete = 81.9%
│   estimated_sypd = 13.631
│   instantaneous_sypd = 14.946
│   date_now = 2026-07-05T18:33:31.719
└   estimated_finish_date = 2026-07-05T18:33:47.719
┌ Info: Progress
│   simulation_time = 4 days, 8 hours
│   n_steps_completed = 12518
│   wall_time_per_step = 5 milliseconds, 985 microseconds
│   wall_time_total = 1 minute, 26 seconds
│   wall_time_remaining = 11 seconds, 264 milliseconds
│   wall_time_spent = 1 minute, 14 seconds
│   percent_complete = 86.9%
│   estimated_sypd = 13.723
│   instantaneous_sypd = 15.427
│   date_now = 2026-07-05T18:33:35.558
└   estimated_finish_date = 2026-07-05T18:33:47.558
┌ Info: Progress
│   simulation_time = 4 days, 14 hours
│   n_steps_completed = 13239
│   wall_time_per_step = 5 milliseconds, 956 microseconds
│   wall_time_total = 1 minute, 25 seconds
│   wall_time_remaining = 6 seconds, 915 milliseconds
│   wall_time_spent = 1 minute, 18 seconds
│   percent_complete = 91.9%
│   estimated_sypd = 13.79
│   instantaneous_sypd = 15.069
│   date_now = 2026-07-05T18:33:39.488
└   estimated_finish_date = 2026-07-05T18:33:46.488
┌ Info: Progress
│   simulation_time = 4 days, 20 hours
│   n_steps_completed = 13960
│   wall_time_per_step = 5 milliseconds, 931 microseconds
│   wall_time_total = 1 minute, 25 seconds
│   wall_time_remaining = 2 seconds, 610 milliseconds
│   wall_time_spent = 1 minute, 22 seconds
│   percent_complete = 96.9%
│   estimated_sypd = 13.846
│   instantaneous_sypd = 14.969
│   date_now = 2026-07-05T18:33:43.444
└   estimated_finish_date = 2026-07-05T18:33:46.444
[ Info: solve! walltime = 85.17
[ Info: sypd: 13.896
[ Info: wall_time_per_timestep: 5 milliseconds, 914 microseconds
[ Info: Memory currently used (after solve!) by the process (RSS): 9.08 GiB
[ Info: Running 5-day baseline
┌ Info: Making AtmosConfig with config files: 
│      /home/jeff/larcform1-experiments/ClimaAtmos.jl/src/config/../../config/default_configs/default_config.yml
└   
┌ Info: numerics 
│          `energy_q_tot_upwinding`::`Val{:vanleer_limiter}`
│                `tracer_upwinding`::`Val{:vanleer_limiter}`
│       `edmfx_mse_q_tot_upwinding`::`Val{:first_order}`
│         `edmfx_sgsflux_upwinding`::`Val{:none}`
│          `edmfx_tracer_upwinding`::`Val{:first_order}`
│         `test_dycore_consistency`::`Nothing`
│            `reproducible_restart`::`Nothing`
│                         `limiter`::`Nothing`
│                       `diff_mode`::`ClimaAtmos.Implicit`
│                       `hyperdiff`::`Nothing`
└   
┌ Info: AtmosModel: 
│   
│                               `water`::`ClimaAtmos.AtmosWater{ClimaAtmos.NonEquilibriumMicrophysics1M, ClimaAtmos.QuadratureCloud, ClimaAtmos.Implicit, Nothing, ClimaAtmos.SGSQuadrature{3, StaticArraysCore.SVector{3, Float32}, StaticArraysCore.SVector{3, Float32}, ClimaAtmos.GaussianSGS, Float32}, ClimaAtmos.FixedTerminalVelocity{Float32}}`
│                           `scm_setup`::`ClimaAtmos.SCMSetup{Nothing, Nothing, Nothing, Bool, @NamedTuple{prof_ug::AtmosphericProfilesLibrary.ZProfile{AtmosphericProfilesLibrary.var"#Larcform1_geostrophic_u##0#Larcform1_geostrophic_u##1"{Float32}}, prof_vg::AtmosphericProfilesLibrary.ZProfile{Returns{Float32}}, coriolis_param::Float32}}`
│                           `radiation`::`ClimaAtmos.AtmosRadiation{ClimaAtmos.RRTMGPInterface.AllSkyRadiationWithClearSkyDiagnostics{ClimaAtmos.InteractiveCloudInRadiation}, ClimaAtmos.Larcform1Insolation}`
│                            `turbconv`::`ClimaAtmos.AtmosTurbconv{ClimaAtmos.EDMFXModel{ClimaAtmos.InvZEntrainment, ClimaAtmos.BuoyancyVelocityDetrainment, Val{true}, Val{true}, Val{true}, Val{true}, Val{true}, ClimaAtmos.SmoothMinimumBlending}, ClimaAtmos.PrognosticEDMFX{1, true, Float32}, Nothing, Nothing, Nothing}`
│                     `prescribed_flow`::`Nothing`
│                        `gravity_wave`::`ClimaAtmos.AtmosGravityWave{Nothing, Nothing}`
│                  `vertical_diffusion`::`Nothing`
│                              `sponge`::`ClimaAtmos.AtmosSponge{Nothing, Nothing}`
│                             `surface`::`ClimaAtmos.AtmosSurface{ClimaAtmos.SurfaceConditions.MoninObukhov{Float32, Nothing, Nothing}, ClimaAtmos.SurfaceConditions.SlabOceanTemperature{Float32}, ClimaAtmos.SurfaceConditions.SurfaceBoundaryOverrides{Float32, Float32, Nothing, Nothing, Nothing, Nothing}, ClimaAtmos.ConstantAlbedo{Float32}}`
│                            `numerics`::`ClimaAtmos.AtmosNumerics{Val{:vanleer_limiter}, Val{:vanleer_limiter}, Val{:first_order}, Val{:none}, Val{:first_order}, Nothing, Nothing, Nothing, ClimaAtmos.Implicit, Nothing}`
│                           `chemistry`::`ClimaAtmos.AtmosChem{Nothing}`
└   
┌ Info: Microphysics settings: 
│                          `n_substeps`::`3`
│                     `n_substeps_quad`::`2`
│              `cloud_liquid_formation`::`CloudLiquidFormation`
│                 `cloud_ice_formation`::`TemperatureDependent`
│                      `cloud_ice_melt`::`CloudIceMelt`
│                 `rain_autoconversion`::`Kessler1M`
│                 `snow_autoconversion`::`NoSupersaturation`
│       `rain_condensation_evaporation`::`RainEvaporation`
│         `snow_deposition_sublimation`::`DepositionAndSublimation`
│                           `snow_melt`::`SnowMelt`
│         `cloud_liquid_rain_accretion`::`CloudLiquidRainAccretion`
│         `cloud_liquid_snow_accretion`::`CloudLiquidSnowAccretion`
│            `cloud_ice_rain_accretion`::`CloudIceRainAccretion`
│            `cloud_ice_snow_accretion`::`CloudIceSnowAccretion`
│                 `rain_snow_accretion`::`RainSnowAccretion`
└   
[ Info: Single-process ClimaAtmos run on CPUSingleThreaded
[ Info: Using ODE config: `ClimaTimeSteppers.ARS222`
[ Info: Initialized state (32.36 μs, 7.76 KiB)
[ Info: Built cache (464.883 ms, 172.6 MiB)
[ Info: Assembled callbacks (152.004 μs, 17.42 KiB)
┌ Info: Jacobian algorithm: ManualSparseJacobian(
│     approximate_solve_iters = 2,
└   )
[ Info: Jacobian derivative flags: topography_flag = IgnoreDerivative, diffusion_flag = UseDerivative
[ Info: Built tendency function (5.648 ms, 207.31 KiB)
[ Info: Initialized integrator (8.33 ms, 169.03 KiB)
[ Info: Added 7 user-provided YAML-style diagnostics
[ Info: Saving accumulated diagnostics to disk with frequency: 1 hour
[ Info: Set up diagnostics (588.205 μs, 105.05 KiB)
[ Info: Initialized 7 total diagnostics
