┌ Info: Simulation info
│   job_id = lf1e_clw_cal_member
└   output_dir = /home/jeff/larcform1-experiments/experiments/clw calibration/output/uki_1/iteration_001/member_004/output_0000
┌ Info: Running
│   job_id = lf1e_clw_cal_member
│   output_dir = /home/jeff/larcform1-experiments/experiments/clw calibration/output/uki_1/iteration_001/member_004/output_0000
└   tspan = (0.0 seconds (2010-01-01T00:00:00) [counter = 0, period = 1 second, epoch = 2010-01-01T00:00:00], 172800.0 seconds (2010-01-03T00:00:00) [counter = 172800, period = 1 second, epoch = 2010-01-01T00:00:00])
┌ Info: Progress
│   simulation_time = 30 seconds
│   n_steps_completed = 1
│   wall_time_per_step = 0 seconds
│   wall_time_total = 0 seconds
│   wall_time_remaining = 0 seconds
│   wall_time_spent = 0 seconds
│   percent_complete = 0.0%
│   estimated_sypd = Inf
│   instantaneous_sypd = 0.0 (sdpd_estimate = 0.0)
│   date_now = 2026-07-05T16:15:54.827
└   estimated_finish_date = 2026-07-05T16:15:54.827
┌ Info: Progress
│   simulation_time = 1 minute
│   n_steps_completed = 2
│   wall_time_per_step = 0 seconds
│   wall_time_total = 0 seconds
│   wall_time_remaining = 0 seconds
│   wall_time_spent = 0 seconds
│   percent_complete = 0.0%
│   estimated_sypd = Inf
│   instantaneous_sypd = 0.03
│   date_now = 2026-07-05T16:15:57.564
└   estimated_finish_date = 2026-07-05T16:15:57.564
┌ Info: Progress
│   simulation_time = 2 minutes
│   n_steps_completed = 4
│   wall_time_per_step = 4 milliseconds, 628 microseconds
│   wall_time_total = 26 seconds, 657 milliseconds
│   wall_time_remaining = 26 seconds, 639 milliseconds
│   wall_time_spent = 18 milliseconds, 512 microseconds
│   percent_complete = 0.1%
│   estimated_sypd = 17.747
│   instantaneous_sypd = 17.747
│   date_now = 2026-07-05T16:15:57.573
└   estimated_finish_date = 2026-07-05T16:16:24.573
┌ Info: Progress
│   simulation_time = 4 minutes
│   n_steps_completed = 8
│   wall_time_per_step = 4 milliseconds, 340 microseconds
│   wall_time_total = 24 seconds, 999 milliseconds
│   wall_time_remaining = 24 seconds, 965 milliseconds
│   wall_time_spent = 34 milliseconds, 722 microseconds
│   percent_complete = 0.1%
│   estimated_sypd = 18.924
│   instantaneous_sypd = 20.268
│   date_now = 2026-07-05T16:15:57.589
└   estimated_finish_date = 2026-07-05T16:16:22.589
┌ Info: Progress
│   simulation_time = 8 minutes
│   n_steps_completed = 16
│   wall_time_per_step = 4 milliseconds, 76 microseconds
│   wall_time_total = 23 seconds, 478 milliseconds
│   wall_time_remaining = 23 seconds, 412 milliseconds
│   wall_time_spent = 65 milliseconds, 217 microseconds
│   percent_complete = 0.3%
│   estimated_sypd = 20.151
│   instantaneous_sypd = 21.547
│   date_now = 2026-07-05T16:15:57.620
└   estimated_finish_date = 2026-07-05T16:16:21.620
┌ Info: Progress
│   simulation_time = 16 minutes
│   n_steps_completed = 32
│   wall_time_per_step = 3 milliseconds, 961 microseconds
│   wall_time_total = 22 seconds, 817 milliseconds
│   wall_time_remaining = 22 seconds, 690 milliseconds
│   wall_time_spent = 126 milliseconds, 764 microseconds
│   percent_complete = 0.6%
│   estimated_sypd = 20.734
│   instantaneous_sypd = 21.352
│   date_now = 2026-07-05T16:15:57.682
└   estimated_finish_date = 2026-07-05T16:16:20.682
┌ Info: Progress
│   simulation_time = 32 minutes
│   n_steps_completed = 64
│   wall_time_per_step = 4 milliseconds, 43 microseconds
│   wall_time_total = 23 seconds, 288 milliseconds
│   wall_time_remaining = 23 seconds, 29 milliseconds
│   wall_time_spent = 258 milliseconds, 761 microseconds
│   percent_complete = 1.1%
│   estimated_sypd = 20.315
│   instantaneous_sypd = 19.912
│   date_now = 2026-07-05T16:15:57.814
└   estimated_finish_date = 2026-07-05T16:16:21.814
┌ Info: Progress
│   simulation_time = 1 hour, 4 minutes
│   n_steps_completed = 128
│   wall_time_per_step = 4 milliseconds, 120 microseconds
│   wall_time_total = 23 seconds, 732 milliseconds
│   wall_time_remaining = 23 seconds, 205 milliseconds
│   wall_time_spent = 527 milliseconds, 387 microseconds
│   percent_complete = 2.2%
│   estimated_sypd = 19.935
│   instantaneous_sypd = 19.569
│   date_now = 2026-07-05T16:15:58.082
└   estimated_finish_date = 2026-07-05T16:16:22.082
┌ Info: Progress
│   simulation_time = 2 hours, 8 minutes
│   n_steps_completed = 256
│   wall_time_per_step = 4 milliseconds, 82 microseconds
│   wall_time_total = 23 seconds, 515 milliseconds
│   wall_time_remaining = 22 seconds, 470 milliseconds
│   wall_time_spent = 1 second, 45 milliseconds
│   percent_complete = 4.4%
│   estimated_sypd = 20.119
│   instantaneous_sypd = 20.306
│   date_now = 2026-07-05T16:15:58.600
└   estimated_finish_date = 2026-07-05T16:16:21.600
┌ Info: Progress
│   simulation_time = 4 hours, 16 minutes
│   n_steps_completed = 512
│   wall_time_per_step = 4 milliseconds, 85 microseconds
│   wall_time_total = 23 seconds, 535 milliseconds
│   wall_time_remaining = 21 seconds, 443 milliseconds
│   wall_time_spent = 2 seconds, 92 milliseconds
│   percent_complete = 8.9%
│   estimated_sypd = 20.102
│   instantaneous_sypd = 20.085
│   date_now = 2026-07-05T16:15:59.647
└   estimated_finish_date = 2026-07-05T16:16:21.647
┌ Info: Progress
│   simulation_time = 6 hours, 40 minutes
│   n_steps_completed = 801
│   wall_time_per_step = 4 milliseconds, 165 microseconds
│   wall_time_total = 23 seconds, 990 milliseconds
│   wall_time_remaining = 20 seconds, 654 milliseconds
│   wall_time_spent = 3 seconds, 336 milliseconds
│   percent_complete = 13.9%
│   estimated_sypd = 19.72
│   instantaneous_sypd = 19.078
│   date_now = 2026-07-05T16:16:00.891
└   estimated_finish_date = 2026-07-05T16:16:21.891
┌ Info: Progress
│   simulation_time = 8 hours, 32 minutes
│   n_steps_completed = 1024
│   wall_time_per_step = 4 milliseconds, 211 microseconds
│   wall_time_total = 24 seconds, 256 milliseconds
│   wall_time_remaining = 19 seconds, 944 milliseconds
│   wall_time_spent = 4 seconds, 312 milliseconds
│   percent_complete = 17.8%
│   estimated_sypd = 19.504
│   instantaneous_sypd = 18.766
│   date_now = 2026-07-05T16:16:01.867
└   estimated_finish_date = 2026-07-05T16:16:21.867
┌ Info: Progress
│   simulation_time = 10 hours, 56 minutes
│   n_steps_completed = 1313
│   wall_time_per_step = 4 milliseconds, 270 microseconds
│   wall_time_total = 24 seconds, 600 milliseconds
│   wall_time_remaining = 18 seconds, 992 milliseconds
│   wall_time_spent = 5 seconds, 607 milliseconds
│   percent_complete = 22.8%
│   estimated_sypd = 19.231
│   instantaneous_sypd = 18.323
│   date_now = 2026-07-05T16:16:03.163
└   estimated_finish_date = 2026-07-05T16:16:22.163
┌ Info: Progress
│   simulation_time = 13 hours, 21 minutes
│   n_steps_completed = 1602
│   wall_time_per_step = 4 milliseconds, 347 microseconds
│   wall_time_total = 25 seconds, 43 milliseconds
│   wall_time_remaining = 18 seconds, 78 milliseconds
│   wall_time_spent = 6 seconds, 965 milliseconds
│   percent_complete = 27.8%
│   estimated_sypd = 18.891
│   instantaneous_sypd = 17.484
│   date_now = 2026-07-05T16:16:04.520
└   estimated_finish_date = 2026-07-05T16:16:23.520
┌ Info: Progress
│   simulation_time = 15 hours, 45 minutes
│   n_steps_completed = 1891
│   wall_time_per_step = 4 milliseconds, 430 microseconds
│   wall_time_total = 25 seconds, 517 milliseconds
│   wall_time_remaining = 17 seconds, 140 milliseconds
│   wall_time_spent = 8 seconds, 377 milliseconds
│   percent_complete = 32.8%
│   estimated_sypd = 18.54
│   instantaneous_sypd = 16.811
│   date_now = 2026-07-05T16:16:05.932
└   estimated_finish_date = 2026-07-05T16:16:23.932
┌ Info: Progress
│   simulation_time = 17 hours, 4 minutes
│   n_steps_completed = 2048
│   wall_time_per_step = 4 milliseconds, 473 microseconds
│   wall_time_total = 25 seconds, 766 milliseconds
│   wall_time_remaining = 16 seconds, 604 milliseconds
│   wall_time_spent = 9 seconds, 161 milliseconds
│   percent_complete = 35.6%
│   estimated_sypd = 18.361
│   instantaneous_sypd = 16.45
│   date_now = 2026-07-05T16:16:06.716
└   estimated_finish_date = 2026-07-05T16:16:23.716
┌ Info: Progress
│   simulation_time = 19 hours, 28 minutes
│   n_steps_completed = 2337
│   wall_time_per_step = 4 milliseconds, 553 microseconds
│   wall_time_total = 26 seconds, 230 milliseconds
│   wall_time_remaining = 15 seconds, 588 milliseconds
│   wall_time_spent = 10 seconds, 642 milliseconds
│   percent_complete = 40.6%
│   estimated_sypd = 18.036
│   instantaneous_sypd = 16.025
│   date_now = 2026-07-05T16:16:08.197
└   estimated_finish_date = 2026-07-05T16:16:24.197
┌ Info: Progress
│   simulation_time = 21 hours, 53 minutes
│   n_steps_completed = 2626
│   wall_time_per_step = 4 milliseconds, 636 microseconds
│   wall_time_total = 26 seconds, 707 milliseconds
│   wall_time_remaining = 14 seconds, 531 milliseconds
│   wall_time_spent = 12 seconds, 176 milliseconds
│   percent_complete = 45.6%
│   estimated_sypd = 17.714
│   instantaneous_sypd = 15.478
│   date_now = 2026-07-05T16:16:09.731
└   estimated_finish_date = 2026-07-05T16:16:24.731
┌ Info: Progress
│   simulation_time = 1 day, 17 minutes
│   n_steps_completed = 2915
│   wall_time_per_step = 4 milliseconds, 721 microseconds
│   wall_time_total = 27 seconds, 193 milliseconds
│   wall_time_remaining = 13 seconds, 431 milliseconds
│   wall_time_spent = 13 seconds, 761 milliseconds
│   percent_complete = 50.6%
│   estimated_sypd = 17.398
│   instantaneous_sypd = 14.969
│   date_now = 2026-07-05T16:16:11.317
└   estimated_finish_date = 2026-07-05T16:16:25.317
┌ Info: Progress
│   simulation_time = 1 day, 2 hours
│   n_steps_completed = 3204
│   wall_time_per_step = 4 milliseconds, 842 microseconds
│   wall_time_total = 27 seconds, 894 milliseconds
│   wall_time_remaining = 12 seconds, 378 milliseconds
│   wall_time_spent = 15 seconds, 516 milliseconds
│   percent_complete = 55.6%
│   estimated_sypd = 16.96
│   instantaneous_sypd = 13.528
│   date_now = 2026-07-05T16:16:13.071
└   estimated_finish_date = 2026-07-05T16:16:26.071
┌ Info: Progress
│   simulation_time = 1 day, 5 hours
│   n_steps_completed = 3493
│   wall_time_per_step = 4 milliseconds, 916 microseconds
│   wall_time_total = 28 seconds, 316 milliseconds
│   wall_time_remaining = 11 seconds, 144 milliseconds
│   wall_time_spent = 17 seconds, 171 milliseconds
│   percent_complete = 60.6%
│   estimated_sypd = 16.708
│   instantaneous_sypd = 14.342
│   date_now = 2026-07-05T16:16:14.727
└   estimated_finish_date = 2026-07-05T16:16:26.727
┌ Info: Progress
│   simulation_time = 1 day, 7 hours
│   n_steps_completed = 3782
│   wall_time_per_step = 4 milliseconds, 989 microseconds
│   wall_time_total = 28 seconds, 742 milliseconds
│   wall_time_remaining = 9 seconds, 870 milliseconds
│   wall_time_spent = 18 seconds, 871 milliseconds
│   percent_complete = 65.7%
│   estimated_sypd = 16.46
│   instantaneous_sypd = 13.961
│   date_now = 2026-07-05T16:16:16.427
└   estimated_finish_date = 2026-07-05T16:16:26.427
┌ Info: Progress
│   simulation_time = 1 day, 9 hours
│   n_steps_completed = 4071
│   wall_time_per_step = 5 milliseconds, 64 microseconds
│   wall_time_total = 29 seconds, 172 milliseconds
│   wall_time_remaining = 8 seconds, 554 milliseconds
│   wall_time_spent = 20 seconds, 618 milliseconds
│   percent_complete = 70.7%
│   estimated_sypd = 16.217
│   instantaneous_sypd = 13.593
│   date_now = 2026-07-05T16:16:18.173
└   estimated_finish_date = 2026-07-05T16:16:27.173
┌ Info: Progress
│   simulation_time = 1 day, 10 hours
│   n_steps_completed = 4096
│   wall_time_per_step = 5 milliseconds, 73 microseconds
│   wall_time_total = 29 seconds, 224 milliseconds
│   wall_time_remaining = 8 seconds, 442 milliseconds
│   wall_time_spent = 20 seconds, 781 milliseconds
│   percent_complete = 71.1%
│   estimated_sypd = 16.189
│   instantaneous_sypd = 12.555
│   date_now = 2026-07-05T16:16:18.337
└   estimated_finish_date = 2026-07-05T16:16:27.337
┌ Info: Progress
│   simulation_time = 1 day, 12 hours
│   n_steps_completed = 4385
│   wall_time_per_step = 5 milliseconds, 164 microseconds
│   wall_time_total = 29 seconds, 745 milliseconds
│   wall_time_remaining = 7 seconds, 100 milliseconds
│   wall_time_spent = 22 seconds, 644 milliseconds
│   percent_complete = 76.1%
│   estimated_sypd = 15.905
│   instantaneous_sypd = 12.741
│   date_now = 2026-07-05T16:16:20.200
└   estimated_finish_date = 2026-07-05T16:16:28.200
┌ Info: Progress
│   simulation_time = 1 day, 14 hours
│   n_steps_completed = 4674
│   wall_time_per_step = 5 milliseconds, 241 microseconds
│   wall_time_total = 30 seconds, 192 milliseconds
│   wall_time_remaining = 5 seconds, 692 milliseconds
│   wall_time_spent = 24 seconds, 499 milliseconds
│   percent_complete = 81.1%
│   estimated_sypd = 15.669
│   instantaneous_sypd = 12.795
│   date_now = 2026-07-05T16:16:22.055
└   estimated_finish_date = 2026-07-05T16:16:28.055
┌ Info: Progress
│   simulation_time = 1 day, 17 hours
│   n_steps_completed = 4963
│   wall_time_per_step = 5 milliseconds, 320 microseconds
│   wall_time_total = 30 seconds, 647 milliseconds
│   wall_time_remaining = 4 seconds, 240 milliseconds
│   wall_time_spent = 26 seconds, 407 milliseconds
│   percent_complete = 86.2%
│   estimated_sypd = 15.437
│   instantaneous_sypd = 12.446
│   date_now = 2026-07-05T16:16:23.962
└   estimated_finish_date = 2026-07-05T16:16:28.962
┌ Info: Progress
│   simulation_time = 1 day, 19 hours
│   n_steps_completed = 5252
│   wall_time_per_step = 5 milliseconds, 414 microseconds
│   wall_time_total = 31 seconds, 186 milliseconds
│   wall_time_remaining = 2 seconds, 750 milliseconds
│   wall_time_spent = 28 seconds, 436 milliseconds
│   percent_complete = 91.2%
│   estimated_sypd = 15.17
│   instantaneous_sypd = 11.697
│   date_now = 2026-07-05T16:16:25.991
└   estimated_finish_date = 2026-07-05T16:16:28.991
┌ Info: Progress
│   simulation_time = 1 day, 22 hours
│   n_steps_completed = 5541
│   wall_time_per_step = 5 milliseconds, 498 microseconds
│   wall_time_total = 31 seconds, 670 milliseconds
│   wall_time_remaining = 1 second, 204 milliseconds
│   wall_time_spent = 30 seconds, 466 milliseconds
│   percent_complete = 96.2%
│   estimated_sypd = 14.938
│   instantaneous_sypd = 11.691
│   date_now = 2026-07-05T16:16:28.022
└   estimated_finish_date = 2026-07-05T16:16:30.022
[ Info: solve! walltime = 32.025
[ Info: sypd: 14.783
[ Info: wall_time_per_timestep: 5 milliseconds, 559 microseconds
[ Info: Memory currently used (after solve!) by the process (RSS): 8.68 GiB
[ Info: Completed member 4
┌ Info: Making AtmosConfig with config files: 
│      /home/jeff/larcform1-experiments/ClimaAtmos.jl/src/config/../../config/default_configs/default_config.yml
└   
┌ Info: numerics 
│          `energy_q_tot_upwinding`::`Val{:vanleer_limiter}`
│                `tracer_upwinding`::`Val{:vanleer_limiter}`
│       `edmfx_mse_q_tot_upwinding`::`Val{:first_order}`
│         `edmfx_sgsflux_upwinding`::`Val{:none}`
│          `edmfx_tracer_upwinding`::`Val{:first_order}`
│         `test_dycore_consistency`::`Nothing`
│            `reproducible_restart`::`Nothing`
│                         `limiter`::`Nothing`
│                       `diff_mode`::`ClimaAtmos.Implicit`
│                       `hyperdiff`::`Nothing`
└   
┌ Info: AtmosModel: 
│   
│                               `water`::`ClimaAtmos.AtmosWater{ClimaAtmos.NonEquilibriumMicrophysics1M, ClimaAtmos.QuadratureCloud, ClimaAtmos.Implicit, Nothing, ClimaAtmos.SGSQuadrature{3, StaticArraysCore.SVector{3, Float32}, StaticArraysCore.SVector{3, Float32}, ClimaAtmos.GaussianSGS, Float32}, ClimaAtmos.FixedTerminalVelocity{Float32}}`
│                           `scm_setup`::`ClimaAtmos.SCMSetup{Nothing, Nothing, Nothing, Bool, @NamedTuple{prof_ug::AtmosphericProfilesLibrary.ZProfile{AtmosphericProfilesLibrary.var"#Larcform1_geostrophic_u##0#Larcform1_geostrophic_u##1"{Float32}}, prof_vg::AtmosphericProfilesLibrary.ZProfile{Returns{Float32}}, coriolis_param::Float32}}`
│                           `radiation`::`ClimaAtmos.AtmosRadiation{ClimaAtmos.RRTMGPInterface.AllSkyRadiationWithClearSkyDiagnostics{ClimaAtmos.InteractiveCloudInRadiation}, ClimaAtmos.Larcform1Insolation}`
│                            `turbconv`::`ClimaAtmos.AtmosTurbconv{ClimaAtmos.EDMFXModel{ClimaAtmos.InvZEntrainment, ClimaAtmos.BuoyancyVelocityDetrainment, Val{true}, Val{true}, Val{true}, Val{true}, Val{true}, ClimaAtmos.SmoothMinimumBlending}, ClimaAtmos.PrognosticEDMFX{1, true, Float32}, Nothing, Nothing, Nothing}`
│                     `prescribed_flow`::`Nothing`
│                        `gravity_wave`::`ClimaAtmos.AtmosGravityWave{Nothing, Nothing}`
│                  `vertical_diffusion`::`Nothing`
│                              `sponge`::`ClimaAtmos.AtmosSponge{Nothing, Nothing}`
│                             `surface`::`ClimaAtmos.AtmosSurface{ClimaAtmos.SurfaceConditions.MoninObukhov{Float32, Nothing, Nothing}, ClimaAtmos.SurfaceConditions.SlabOceanTemperature{Float32}, ClimaAtmos.SurfaceConditions.SurfaceBoundaryOverrides{Float32, Float32, Nothing, Nothing, Nothing, Nothing}, ClimaAtmos.ConstantAlbedo{Float32}}`
│                            `numerics`::`ClimaAtmos.AtmosNumerics{Val{:vanleer_limiter}, Val{:vanleer_limiter}, Val{:first_order}, Val{:none}, Val{:first_order}, Nothing, Nothing, Nothing, ClimaAtmos.Implicit, Nothing}`
│                           `chemistry`::`ClimaAtmos.AtmosChem{Nothing}`
└   
┌ Info: Microphysics settings: 
│                          `n_substeps`::`3`
│                     `n_substeps_quad`::`2`
│              `cloud_liquid_formation`::`CloudLiquidFormation`
│                 `cloud_ice_formation`::`TemperatureDependent`
│                      `cloud_ice_melt`::`CloudIceMelt`
│                 `rain_autoconversion`::`Kessler1M`
│                 `snow_autoconversion`::`NoSupersaturation`
│       `rain_condensation_evaporation`::`RainEvaporation`
│         `snow_deposition_sublimation`::`DepositionAndSublimation`
│                           `snow_melt`::`SnowMelt`
│         `cloud_liquid_rain_accretion`::`CloudLiquidRainAccretion`
│         `cloud_liquid_snow_accretion`::`CloudLiquidSnowAccretion`
│            `cloud_ice_rain_accretion`::`CloudIceRainAccretion`
│            `cloud_ice_snow_accretion`::`CloudIceSnowAccretion`
│                 `rain_snow_accretion`::`RainSnowAccretion`
└   
[ Info: Single-process ClimaAtmos run on CPUSingleThreaded
[ Info: Using ODE config: `ClimaTimeSteppers.ARS222`
[ Info: Initialized state (80.012 μs, 7.76 KiB)
[ Info: Built cache (234.106 ms, 172.6 MiB)
[ Info: Assembled callbacks (121.523 μs, 17.42 KiB)
┌ Info: Jacobian algorithm: ManualSparseJacobian(
│     approximate_solve_iters = 2,
└   )
[ Info: Jacobian derivative flags: topography_flag = IgnoreDerivative, diffusion_flag = UseDerivative
[ Info: Built tendency function (196.405 μs, 201.06 KiB)
[ Info: Initialized integrator (8.668 ms, 169.03 KiB)
[ Info: Added 7 user-provided YAML-style diagnostics
[ Info: Saving accumulated diagnostics to disk with frequency: 1 hour
[ Info: Set up diagnostics (454.782 μs, 103.66 KiB)
[ Info: Initialized 7 total diagnostics
