┌ Info: Simulation info
│   job_id = lf1e_clw_cal_member
└   output_dir = /home/jeff/larcform1-experiments/experiments/clw calibration/output/smoke6/iteration_001/member_005/output_0000
┌ Info: Running
│   job_id = lf1e_clw_cal_member
│   output_dir = /home/jeff/larcform1-experiments/experiments/clw calibration/output/smoke6/iteration_001/member_005/output_0000
└   tspan = (0.0 seconds (2010-01-01T00:00:00) [counter = 0, period = 1 second, epoch = 2010-01-01T00:00:00], 172800.0 seconds (2010-01-03T00:00:00) [counter = 172800, period = 1 second, epoch = 2010-01-01T00:00:00])
┌ Info: Progress
│   simulation_time = 30 seconds
│   n_steps_completed = 1
│   wall_time_per_step = 0 seconds
│   wall_time_total = 0 seconds
│   wall_time_remaining = 0 seconds
│   wall_time_spent = 0 seconds
│   percent_complete = 0.0%
│   estimated_sypd = Inf
│   instantaneous_sypd = 0.0 (sdpd_estimate = 0.0)
│   date_now = 2026-07-05T14:14:37.895
└   estimated_finish_date = 2026-07-05T14:14:37.895
┌ Info: Progress
│   simulation_time = 1 minute
│   n_steps_completed = 2
│   wall_time_per_step = 0 seconds
│   wall_time_total = 0 seconds
│   wall_time_remaining = 0 seconds
│   wall_time_spent = 0 seconds
│   percent_complete = 0.0%
│   estimated_sypd = Inf
│   instantaneous_sypd = 0.029
│   date_now = 2026-07-05T14:14:40.740
└   estimated_finish_date = 2026-07-05T14:14:40.740
┌ Info: Progress
│   simulation_time = 2 minutes
│   n_steps_completed = 4
│   wall_time_per_step = 5 milliseconds, 104 microseconds
│   wall_time_total = 29 seconds, 402 milliseconds
│   wall_time_remaining = 29 seconds, 381 milliseconds
│   wall_time_spent = 20 milliseconds, 418 microseconds
│   percent_complete = 0.1%
│   estimated_sypd = 16.091
│   instantaneous_sypd = 16.091
│   date_now = 2026-07-05T14:14:40.750
└   estimated_finish_date = 2026-07-05T14:15:10.750
┌ Info: Progress
│   simulation_time = 4 minutes
│   n_steps_completed = 8
│   wall_time_per_step = 4 milliseconds, 771 microseconds
│   wall_time_total = 27 seconds, 484 milliseconds
│   wall_time_remaining = 27 seconds, 446 milliseconds
│   wall_time_spent = 38 milliseconds, 173 microseconds
│   percent_complete = 0.1%
│   estimated_sypd = 17.213
│   instantaneous_sypd = 18.504
│   date_now = 2026-07-05T14:14:40.768
└   estimated_finish_date = 2026-07-05T14:15:08.768
┌ Info: Progress
│   simulation_time = 8 minutes
│   n_steps_completed = 16
│   wall_time_per_step = 4 milliseconds, 500 microseconds
│   wall_time_total = 25 seconds, 921 milliseconds
│   wall_time_remaining = 25 seconds, 849 milliseconds
│   wall_time_spent = 72 milliseconds, 3 microseconds
│   percent_complete = 0.3%
│   estimated_sypd = 18.252
│   instantaneous_sypd = 19.423
│   date_now = 2026-07-05T14:14:40.802
└   estimated_finish_date = 2026-07-05T14:15:06.802
┌ Info: Progress
│   simulation_time = 16 minutes
│   n_steps_completed = 32
│   wall_time_per_step = 4 milliseconds, 615 microseconds
│   wall_time_total = 26 seconds, 584 milliseconds
│   wall_time_remaining = 26 seconds, 436 milliseconds
│   wall_time_spent = 147 milliseconds, 689 microseconds
│   percent_complete = 0.6%
│   estimated_sypd = 17.796
│   instantaneous_sypd = 17.363
│   date_now = 2026-07-05T14:14:40.878
└   estimated_finish_date = 2026-07-05T14:15:07.877
┌ Info: Progress
│   simulation_time = 32 minutes
│   n_steps_completed = 64
│   wall_time_per_step = 4 milliseconds, 630 microseconds
│   wall_time_total = 26 seconds, 669 milliseconds
│   wall_time_remaining = 26 seconds, 373 milliseconds
│   wall_time_spent = 296 milliseconds, 328 microseconds
│   percent_complete = 1.1%
│   estimated_sypd = 17.739
│   instantaneous_sypd = 17.683
│   date_now = 2026-07-05T14:14:41.026
└   estimated_finish_date = 2026-07-05T14:15:08.026
┌ Info: Progress
│   simulation_time = 1 hour, 4 minutes
│   n_steps_completed = 128
│   wall_time_per_step = 4 milliseconds, 667 microseconds
│   wall_time_total = 26 seconds, 882 milliseconds
│   wall_time_remaining = 26 seconds, 284 milliseconds
│   wall_time_spent = 597 milliseconds, 383 microseconds
│   percent_complete = 2.2%
│   estimated_sypd = 17.599
│   instantaneous_sypd = 17.461
│   date_now = 2026-07-05T14:14:41.327
└   estimated_finish_date = 2026-07-05T14:15:08.327
┌ Info: Progress
│   simulation_time = 2 hours, 8 minutes
│   n_steps_completed = 256
│   wall_time_per_step = 4 milliseconds, 508 microseconds
│   wall_time_total = 25 seconds, 966 milliseconds
│   wall_time_remaining = 24 seconds, 812 milliseconds
│   wall_time_spent = 1 second, 154 milliseconds
│   percent_complete = 4.4%
│   estimated_sypd = 18.219
│   instantaneous_sypd = 18.885
│   date_now = 2026-07-05T14:14:41.884
└   estimated_finish_date = 2026-07-05T14:15:06.884
┌ Info: Progress
│   simulation_time = 4 hours, 16 minutes
│   n_steps_completed = 512
│   wall_time_per_step = 4 milliseconds, 333 microseconds
│   wall_time_total = 24 seconds, 958 milliseconds
│   wall_time_remaining = 22 seconds, 740 milliseconds
│   wall_time_spent = 2 seconds, 218 milliseconds
│   percent_complete = 8.9%
│   estimated_sypd = 18.955
│   instantaneous_sypd = 19.754
│   date_now = 2026-07-05T14:14:42.948
└   estimated_finish_date = 2026-07-05T14:15:05.948
┌ Info: Progress
│   simulation_time = 6 hours, 40 minutes
│   n_steps_completed = 801
│   wall_time_per_step = 4 milliseconds, 381 microseconds
│   wall_time_total = 25 seconds, 235 milliseconds
│   wall_time_remaining = 21 seconds, 725 milliseconds
│   wall_time_spent = 3 seconds, 509 milliseconds
│   percent_complete = 13.9%
│   estimated_sypd = 18.748
│   instantaneous_sypd = 18.391
│   date_now = 2026-07-05T14:14:44.239
└   estimated_finish_date = 2026-07-05T14:15:06.239
┌ Info: Progress
│   simulation_time = 8 hours, 32 minutes
│   n_steps_completed = 1024
│   wall_time_per_step = 4 milliseconds, 402 microseconds
│   wall_time_total = 25 seconds, 357 milliseconds
│   wall_time_remaining = 20 seconds, 849 milliseconds
│   wall_time_spent = 4 seconds, 507 milliseconds
│   percent_complete = 17.8%
│   estimated_sypd = 18.657
│   instantaneous_sypd = 18.34
│   date_now = 2026-07-05T14:14:45.238
└   estimated_finish_date = 2026-07-05T14:15:06.238
┌ Info: Progress
│   simulation_time = 10 hours, 56 minutes
│   n_steps_completed = 1313
│   wall_time_per_step = 4 milliseconds, 428 microseconds
│   wall_time_total = 25 seconds, 508 milliseconds
│   wall_time_remaining = 19 seconds, 693 milliseconds
│   wall_time_spent = 5 seconds, 814 milliseconds
│   percent_complete = 22.8%
│   estimated_sypd = 18.547
│   instantaneous_sypd = 18.167
│   date_now = 2026-07-05T14:14:46.544
└   estimated_finish_date = 2026-07-05T14:15:06.544
┌ Info: Progress
│   simulation_time = 13 hours, 21 minutes
│   n_steps_completed = 1602
│   wall_time_per_step = 4 milliseconds, 502 microseconds
│   wall_time_total = 25 seconds, 931 milliseconds
│   wall_time_remaining = 18 seconds, 719 milliseconds
│   wall_time_spent = 7 seconds, 212 milliseconds
│   percent_complete = 27.8%
│   estimated_sypd = 18.244
│   instantaneous_sypd = 16.984
│   date_now = 2026-07-05T14:14:47.942
└   estimated_finish_date = 2026-07-05T14:15:06.942
┌ Info: Progress
│   simulation_time = 15 hours, 45 minutes
│   n_steps_completed = 1891
│   wall_time_per_step = 4 milliseconds, 586 microseconds
│   wall_time_total = 26 seconds, 421 milliseconds
│   wall_time_remaining = 17 seconds, 747 milliseconds
│   wall_time_spent = 8 seconds, 674 milliseconds
│   percent_complete = 32.8%
│   estimated_sypd = 17.906
│   instantaneous_sypd = 16.239
│   date_now = 2026-07-05T14:14:49.404
└   estimated_finish_date = 2026-07-05T14:15:07.404
┌ Info: Progress
│   simulation_time = 17 hours, 4 minutes
│   n_steps_completed = 2048
│   wall_time_per_step = 4 milliseconds, 633 microseconds
│   wall_time_total = 26 seconds, 688 milliseconds
│   wall_time_remaining = 17 seconds, 198 milliseconds
│   wall_time_spent = 9 seconds, 489 milliseconds
│   percent_complete = 35.6%
│   estimated_sypd = 17.727
│   instantaneous_sypd = 15.821
│   date_now = 2026-07-05T14:14:50.219
└   estimated_finish_date = 2026-07-05T14:15:08.219
┌ Info: Progress
│   simulation_time = 19 hours, 28 minutes
│   n_steps_completed = 2337
│   wall_time_per_step = 4 milliseconds, 690 microseconds
│   wall_time_total = 27 seconds, 15 milliseconds
│   wall_time_remaining = 16 seconds, 54 milliseconds
│   wall_time_spent = 10 seconds, 961 milliseconds
│   percent_complete = 40.6%
│   estimated_sypd = 17.512
│   instantaneous_sypd = 16.125
│   date_now = 2026-07-05T14:14:51.691
└   estimated_finish_date = 2026-07-05T14:15:08.691
┌ Info: Progress
│   simulation_time = 21 hours, 53 minutes
│   n_steps_completed = 2626
│   wall_time_per_step = 4 milliseconds, 791 microseconds
│   wall_time_total = 27 seconds, 600 milliseconds
│   wall_time_remaining = 15 seconds, 17 milliseconds
│   wall_time_spent = 12 seconds, 583 milliseconds
│   percent_complete = 45.6%
│   estimated_sypd = 17.141
│   instantaneous_sypd = 14.635
│   date_now = 2026-07-05T14:14:53.313
└   estimated_finish_date = 2026-07-05T14:15:09.313
┌ Info: Progress
│   simulation_time = 1 day, 17 minutes
│   n_steps_completed = 2915
│   wall_time_per_step = 4 milliseconds, 885 microseconds
│   wall_time_total = 28 seconds, 141 milliseconds
│   wall_time_remaining = 13 seconds, 899 milliseconds
│   wall_time_spent = 14 seconds, 241 milliseconds
│   percent_complete = 50.6%
│   estimated_sypd = 16.812
│   instantaneous_sypd = 14.313
│   date_now = 2026-07-05T14:14:54.971
└   estimated_finish_date = 2026-07-05T14:15:08.971
┌ Info: Progress
│   simulation_time = 1 day, 2 hours
│   n_steps_completed = 3204
│   wall_time_per_step = 5 milliseconds, 8 microseconds
│   wall_time_total = 28 seconds, 846 milliseconds
│   wall_time_remaining = 12 seconds, 800 milliseconds
│   wall_time_spent = 16 seconds, 46 milliseconds
│   percent_complete = 55.6%
│   estimated_sypd = 16.4
│   instantaneous_sypd = 13.154
│   date_now = 2026-07-05T14:14:56.776
└   estimated_finish_date = 2026-07-05T14:15:09.776
┌ Info: Progress
│   simulation_time = 1 day, 5 hours
│   n_steps_completed = 3493
│   wall_time_per_step = 5 milliseconds, 76 microseconds
│   wall_time_total = 29 seconds, 238 milliseconds
│   wall_time_remaining = 11 seconds, 507 milliseconds
│   wall_time_spent = 17 seconds, 730 milliseconds
│   percent_complete = 60.6%
│   estimated_sypd = 16.181
│   instantaneous_sypd = 14.091
│   date_now = 2026-07-05T14:14:58.461
└   estimated_finish_date = 2026-07-05T14:15:10.461
┌ Info: Progress
│   simulation_time = 1 day, 7 hours
│   n_steps_completed = 3782
│   wall_time_per_step = 5 milliseconds, 144 microseconds
│   wall_time_total = 29 seconds, 630 milliseconds
│   wall_time_remaining = 10 seconds, 175 milliseconds
│   wall_time_spent = 19 seconds, 455 milliseconds
│   percent_complete = 65.7%
│   estimated_sypd = 15.966
│   instantaneous_sypd = 13.761
│   date_now = 2026-07-05T14:15:00.186
└   estimated_finish_date = 2026-07-05T14:15:11.186
┌ Info: Progress
│   simulation_time = 1 day, 9 hours
│   n_steps_completed = 4071
│   wall_time_per_step = 5 milliseconds, 209 microseconds
│   wall_time_total = 30 seconds, 8 milliseconds
│   wall_time_remaining = 8 seconds, 799 milliseconds
│   wall_time_spent = 21 seconds, 209 milliseconds
│   percent_complete = 70.7%
│   estimated_sypd = 15.766
│   instantaneous_sypd = 13.536
│   date_now = 2026-07-05T14:15:01.939
└   estimated_finish_date = 2026-07-05T14:15:10.939
┌ Info: Progress
│   simulation_time = 1 day, 10 hours
│   n_steps_completed = 4096
│   wall_time_per_step = 5 milliseconds, 218 microseconds
│   wall_time_total = 30 seconds, 61 milliseconds
│   wall_time_remaining = 8 seconds, 684 milliseconds
│   wall_time_spent = 21 seconds, 376 milliseconds
│   percent_complete = 71.1%
│   estimated_sypd = 15.738
│   instantaneous_sypd = 12.244
│   date_now = 2026-07-05T14:15:02.107
└   estimated_finish_date = 2026-07-05T14:15:11.107
┌ Info: Progress
│   simulation_time = 1 day, 12 hours
│   n_steps_completed = 4385
│   wall_time_per_step = 5 milliseconds, 332 microseconds
│   wall_time_total = 30 seconds, 716 milliseconds
│   wall_time_remaining = 7 seconds, 332 milliseconds
│   wall_time_spent = 23 seconds, 383 milliseconds
│   percent_complete = 76.1%
│   estimated_sypd = 15.402
│   instantaneous_sypd = 11.827
│   date_now = 2026-07-05T14:15:04.114
└   estimated_finish_date = 2026-07-05T14:15:12.114
┌ Info: Progress
│   simulation_time = 1 day, 14 hours
│   n_steps_completed = 4674
│   wall_time_per_step = 5 milliseconds, 397 microseconds
│   wall_time_total = 31 seconds, 90 milliseconds
│   wall_time_remaining = 5 seconds, 861 milliseconds
│   wall_time_spent = 25 seconds, 228 milliseconds
│   percent_complete = 81.1%
│   estimated_sypd = 15.217
│   instantaneous_sypd = 12.865
│   date_now = 2026-07-05T14:15:05.959
└   estimated_finish_date = 2026-07-05T14:15:11.959
┌ Info: Progress
│   simulation_time = 1 day, 17 hours
│   n_steps_completed = 4963
│   wall_time_per_step = 5 milliseconds, 486 microseconds
│   wall_time_total = 31 seconds, 603 milliseconds
│   wall_time_remaining = 4 seconds, 372 milliseconds
│   wall_time_spent = 27 seconds, 230 milliseconds
│   percent_complete = 86.2%
│   estimated_sypd = 14.97
│   instantaneous_sypd = 11.859
│   date_now = 2026-07-05T14:15:07.961
└   estimated_finish_date = 2026-07-05T14:15:12.961
┌ Info: Progress
│   simulation_time = 1 day, 19 hours
│   n_steps_completed = 5252
│   wall_time_per_step = 5 milliseconds, 576 microseconds
│   wall_time_total = 32 seconds, 119 milliseconds
│   wall_time_remaining = 2 seconds, 832 milliseconds
│   wall_time_spent = 29 seconds, 287 milliseconds
│   percent_complete = 91.2%
│   estimated_sypd = 14.729
│   instantaneous_sypd = 11.542
│   date_now = 2026-07-05T14:15:10.017
└   estimated_finish_date = 2026-07-05T14:15:13.017
┌ Info: Progress
│   simulation_time = 1 day, 22 hours
│   n_steps_completed = 5541
│   wall_time_per_step = 5 milliseconds, 661 microseconds
│   wall_time_total = 32 seconds, 610 milliseconds
│   wall_time_remaining = 1 second, 239 milliseconds
│   wall_time_spent = 31 seconds, 371 milliseconds
│   percent_complete = 96.2%
│   estimated_sypd = 14.507
│   instantaneous_sypd = 11.391
│   date_now = 2026-07-05T14:15:12.101
└   estimated_finish_date = 2026-07-05T14:15:14.101
[ Info: solve! walltime = 33.076
[ Info: sypd: 14.313
[ Info: wall_time_per_timestep: 5 milliseconds, 742 microseconds
[ Info: Memory currently used (after solve!) by the process (RSS): 8.98 GiB
[ Info: Completed member 5
┌ Info: Making AtmosConfig with config files: 
│      /home/jeff/larcform1-experiments/ClimaAtmos.jl/src/config/../../config/default_configs/default_config.yml
└   
┌ Info: numerics 
│          `energy_q_tot_upwinding`::`Val{:vanleer_limiter}`
│                `tracer_upwinding`::`Val{:vanleer_limiter}`
│       `edmfx_mse_q_tot_upwinding`::`Val{:first_order}`
│         `edmfx_sgsflux_upwinding`::`Val{:none}`
│          `edmfx_tracer_upwinding`::`Val{:first_order}`
│         `test_dycore_consistency`::`Nothing`
│            `reproducible_restart`::`Nothing`
│                         `limiter`::`Nothing`
│                       `diff_mode`::`ClimaAtmos.Implicit`
│                       `hyperdiff`::`Nothing`
└   
┌ Info: AtmosModel: 
│   
│                               `water`::`ClimaAtmos.AtmosWater{ClimaAtmos.NonEquilibriumMicrophysics1M, ClimaAtmos.QuadratureCloud, ClimaAtmos.Implicit, Nothing, ClimaAtmos.SGSQuadrature{3, StaticArraysCore.SVector{3, Float32}, StaticArraysCore.SVector{3, Float32}, ClimaAtmos.GaussianSGS, Float32}, ClimaAtmos.FixedTerminalVelocity{Float32}}`
│                           `scm_setup`::`ClimaAtmos.SCMSetup{Nothing, Nothing, Nothing, Bool, @NamedTuple{prof_ug::AtmosphericProfilesLibrary.ZProfile{AtmosphericProfilesLibrary.var"#Larcform1_geostrophic_u##0#Larcform1_geostrophic_u##1"{Float32}}, prof_vg::AtmosphericProfilesLibrary.ZProfile{Returns{Float32}}, coriolis_param::Float32}}`
│                           `radiation`::`ClimaAtmos.AtmosRadiation{ClimaAtmos.RRTMGPInterface.AllSkyRadiationWithClearSkyDiagnostics{ClimaAtmos.InteractiveCloudInRadiation}, ClimaAtmos.Larcform1Insolation}`
│                            `turbconv`::`ClimaAtmos.AtmosTurbconv{ClimaAtmos.EDMFXModel{ClimaAtmos.InvZEntrainment, ClimaAtmos.BuoyancyVelocityDetrainment, Val{true}, Val{true}, Val{true}, Val{true}, Val{true}, ClimaAtmos.SmoothMinimumBlending}, ClimaAtmos.PrognosticEDMFX{1, true, Float32}, Nothing, Nothing, Nothing}`
│                     `prescribed_flow`::`Nothing`
│                        `gravity_wave`::`ClimaAtmos.AtmosGravityWave{Nothing, Nothing}`
│                  `vertical_diffusion`::`Nothing`
│                              `sponge`::`ClimaAtmos.AtmosSponge{Nothing, Nothing}`
│                             `surface`::`ClimaAtmos.AtmosSurface{ClimaAtmos.SurfaceConditions.MoninObukhov{Float32, Nothing, Nothing}, ClimaAtmos.SurfaceConditions.SlabOceanTemperature{Float32}, ClimaAtmos.SurfaceConditions.SurfaceBoundaryOverrides{Float32, Float32, Nothing, Nothing, Nothing, Nothing}, ClimaAtmos.ConstantAlbedo{Float32}}`
│                            `numerics`::`ClimaAtmos.AtmosNumerics{Val{:vanleer_limiter}, Val{:vanleer_limiter}, Val{:first_order}, Val{:none}, Val{:first_order}, Nothing, Nothing, Nothing, ClimaAtmos.Implicit, Nothing}`
│                           `chemistry`::`ClimaAtmos.AtmosChem{Nothing}`
└   
┌ Info: Microphysics settings: 
│                          `n_substeps`::`3`
│                     `n_substeps_quad`::`2`
│              `cloud_liquid_formation`::`CloudLiquidFormation`
│                 `cloud_ice_formation`::`TemperatureDependent`
│                      `cloud_ice_melt`::`CloudIceMelt`
│                 `rain_autoconversion`::`Kessler1M`
│                 `snow_autoconversion`::`NoSupersaturation`
│       `rain_condensation_evaporation`::`RainEvaporation`
│         `snow_deposition_sublimation`::`DepositionAndSublimation`
│                           `snow_melt`::`SnowMelt`
│         `cloud_liquid_rain_accretion`::`CloudLiquidRainAccretion`
│         `cloud_liquid_snow_accretion`::`CloudLiquidSnowAccretion`
│            `cloud_ice_rain_accretion`::`CloudIceRainAccretion`
│            `cloud_ice_snow_accretion`::`CloudIceSnowAccretion`
│                 `rain_snow_accretion`::`RainSnowAccretion`
└   
[ Info: Single-process ClimaAtmos run on CPUSingleThreaded
[ Info: Using ODE config: `ClimaTimeSteppers.ARS222`
[ Info: Initialized state (16.04 μs, 7.76 KiB)
[ Info: Built cache (268.112 ms, 172.6 MiB)
[ Info: Assembled callbacks (140.913 μs, 17.42 KiB)
┌ Info: Jacobian algorithm: ManualSparseJacobian(
│     approximate_solve_iters = 2,
└   )
[ Info: Jacobian derivative flags: topography_flag = IgnoreDerivative, diffusion_flag = UseDerivative
[ Info: Built tendency function (315.306 μs, 201.06 KiB)
[ Info: Initialized integrator (8.68 ms, 169.03 KiB)
[ Info: Added 7 user-provided YAML-style diagnostics
[ Info: Saving accumulated diagnostics to disk with frequency: 1 hour
[ Info: Set up diagnostics (515.603 μs, 103.66 KiB)
[ Info: Initialized 7 total diagnostics
