┌ Info: Simulation info
│   job_id = lf1e_clw_cal_member
└   output_dir = /home/jeff/larcform1-experiments/experiments/clw calibration/output/uki_1/iteration_002/member_008/output_0000
┌ Info: Running
│   job_id = lf1e_clw_cal_member
│   output_dir = /home/jeff/larcform1-experiments/experiments/clw calibration/output/uki_1/iteration_002/member_008/output_0000
└   tspan = (0.0 seconds (2010-01-01T00:00:00) [counter = 0, period = 1 second, epoch = 2010-01-01T00:00:00], 172800.0 seconds (2010-01-03T00:00:00) [counter = 172800, period = 1 second, epoch = 2010-01-01T00:00:00])
┌ Info: Progress
│   simulation_time = 30 seconds
│   n_steps_completed = 1
│   wall_time_per_step = 0 seconds
│   wall_time_total = 0 seconds
│   wall_time_remaining = 0 seconds
│   wall_time_spent = 0 seconds
│   percent_complete = 0.0%
│   estimated_sypd = Inf
│   instantaneous_sypd = 0.0 (sdpd_estimate = 0.0)
│   date_now = 2026-07-05T16:25:59.179
└   estimated_finish_date = 2026-07-05T16:25:59.179
┌ Info: Progress
│   simulation_time = 1 minute
│   n_steps_completed = 2
│   wall_time_per_step = 0 seconds
│   wall_time_total = 0 seconds
│   wall_time_remaining = 0 seconds
│   wall_time_spent = 0 seconds
│   percent_complete = 0.0%
│   estimated_sypd = Inf
│   instantaneous_sypd = 0.031
│   date_now = 2026-07-05T16:26:01.809
└   estimated_finish_date = 2026-07-05T16:26:01.809
┌ Info: Progress
│   simulation_time = 2 minutes
│   n_steps_completed = 4
│   wall_time_per_step = 4 milliseconds, 595 microseconds
│   wall_time_total = 26 seconds, 467 milliseconds
│   wall_time_remaining = 26 seconds, 449 milliseconds
│   wall_time_spent = 18 milliseconds, 380 microseconds
│   percent_complete = 0.1%
│   estimated_sypd = 17.875
│   instantaneous_sypd = 17.875
│   date_now = 2026-07-05T16:26:01.818
└   estimated_finish_date = 2026-07-05T16:26:28.818
┌ Info: Progress
│   simulation_time = 4 minutes
│   n_steps_completed = 8
│   wall_time_per_step = 4 milliseconds, 367 microseconds
│   wall_time_total = 25 seconds, 155 milliseconds
│   wall_time_remaining = 25 seconds, 120 milliseconds
│   wall_time_spent = 34 milliseconds, 938 microseconds
│   percent_complete = 0.1%
│   estimated_sypd = 18.807
│   instantaneous_sypd = 19.842
│   date_now = 2026-07-05T16:26:01.835
└   estimated_finish_date = 2026-07-05T16:26:27.835
┌ Info: Progress
│   simulation_time = 8 minutes
│   n_steps_completed = 16
│   wall_time_per_step = 4 milliseconds, 73 microseconds
│   wall_time_total = 23 seconds, 461 milliseconds
│   wall_time_remaining = 23 seconds, 396 milliseconds
│   wall_time_spent = 65 milliseconds, 170 microseconds
│   percent_complete = 0.3%
│   estimated_sypd = 20.165
│   instantaneous_sypd = 21.735
│   date_now = 2026-07-05T16:26:01.865
└   estimated_finish_date = 2026-07-05T16:26:25.865
┌ Info: Progress
│   simulation_time = 16 minutes
│   n_steps_completed = 32
│   wall_time_per_step = 3 milliseconds, 911 microseconds
│   wall_time_total = 22 seconds, 530 milliseconds
│   wall_time_remaining = 22 seconds, 405 milliseconds
│   wall_time_spent = 125 milliseconds, 169 microseconds
│   percent_complete = 0.6%
│   estimated_sypd = 20.998
│   instantaneous_sypd = 21.903
│   date_now = 2026-07-05T16:26:01.925
└   estimated_finish_date = 2026-07-05T16:26:24.925
┌ Info: Progress
│   simulation_time = 32 minutes
│   n_steps_completed = 64
│   wall_time_per_step = 4 milliseconds, 798 nanoseconds
│   wall_time_total = 23 seconds, 44 milliseconds
│   wall_time_remaining = 22 seconds, 788 milliseconds
│   wall_time_spent = 256 milliseconds, 51 microseconds
│   percent_complete = 1.1%
│   estimated_sypd = 20.53
│   instantaneous_sypd = 20.082
│   date_now = 2026-07-05T16:26:02.056
└   estimated_finish_date = 2026-07-05T16:26:25.056
┌ Info: Progress
│   simulation_time = 1 hour, 4 minutes
│   n_steps_completed = 128
│   wall_time_per_step = 4 milliseconds, 199 microseconds
│   wall_time_total = 24 seconds, 187 milliseconds
│   wall_time_remaining = 23 seconds, 650 milliseconds
│   wall_time_spent = 537 milliseconds, 510 microseconds
│   percent_complete = 2.2%
│   estimated_sypd = 19.559
│   instantaneous_sypd = 18.677
│   date_now = 2026-07-05T16:26:02.337
└   estimated_finish_date = 2026-07-05T16:26:26.337
┌ Info: Progress
│   simulation_time = 2 hours, 8 minutes
│   n_steps_completed = 256
│   wall_time_per_step = 4 milliseconds, 233 microseconds
│   wall_time_total = 24 seconds, 386 milliseconds
│   wall_time_remaining = 23 seconds, 302 milliseconds
│   wall_time_spent = 1 second, 83 milliseconds
│   percent_complete = 4.4%
│   estimated_sypd = 19.4
│   instantaneous_sypd = 19.244
│   date_now = 2026-07-05T16:26:02.884
└   estimated_finish_date = 2026-07-05T16:26:26.884
┌ Info: Progress
│   simulation_time = 4 hours, 16 minutes
│   n_steps_completed = 512
│   wall_time_per_step = 4 milliseconds, 170 microseconds
│   wall_time_total = 24 seconds, 22 milliseconds
│   wall_time_remaining = 21 seconds, 887 milliseconds
│   wall_time_spent = 2 seconds, 135 milliseconds
│   percent_complete = 8.9%
│   estimated_sypd = 19.694
│   instantaneous_sypd = 19.997
│   date_now = 2026-07-05T16:26:03.935
└   estimated_finish_date = 2026-07-05T16:26:25.935
┌ Info: Progress
│   simulation_time = 6 hours, 40 minutes
│   n_steps_completed = 801
│   wall_time_per_step = 4 milliseconds, 205 microseconds
│   wall_time_total = 24 seconds, 223 milliseconds
│   wall_time_remaining = 20 seconds, 855 milliseconds
│   wall_time_spent = 3 seconds, 368 milliseconds
│   percent_complete = 13.9%
│   estimated_sypd = 19.53
│   instantaneous_sypd = 19.247
│   date_now = 2026-07-05T16:26:05.168
└   estimated_finish_date = 2026-07-05T16:26:26.168
┌ Info: Progress
│   simulation_time = 8 hours, 32 minutes
│   n_steps_completed = 1024
│   wall_time_per_step = 4 milliseconds, 247 microseconds
│   wall_time_total = 24 seconds, 468 milliseconds
│   wall_time_remaining = 20 seconds, 118 milliseconds
│   wall_time_spent = 4 seconds, 349 milliseconds
│   percent_complete = 17.8%
│   estimated_sypd = 19.335
│   instantaneous_sypd = 18.665
│   date_now = 2026-07-05T16:26:06.150
└   estimated_finish_date = 2026-07-05T16:26:27.150
┌ Info: Progress
│   simulation_time = 10 hours, 56 minutes
│   n_steps_completed = 1313
│   wall_time_per_step = 4 milliseconds, 307 microseconds
│   wall_time_total = 24 seconds, 809 milliseconds
│   wall_time_remaining = 19 seconds, 154 milliseconds
│   wall_time_spent = 5 seconds, 655 milliseconds
│   percent_complete = 22.8%
│   estimated_sypd = 19.069
│   instantaneous_sypd = 18.184
│   date_now = 2026-07-05T16:26:07.455
└   estimated_finish_date = 2026-07-05T16:26:27.455
┌ Info: Progress
│   simulation_time = 13 hours, 21 minutes
│   n_steps_completed = 1602
│   wall_time_per_step = 4 milliseconds, 391 microseconds
│   wall_time_total = 25 seconds, 296 milliseconds
│   wall_time_remaining = 18 seconds, 260 milliseconds
│   wall_time_spent = 7 seconds, 35 milliseconds
│   percent_complete = 27.8%
│   estimated_sypd = 18.702
│   instantaneous_sypd = 17.199
│   date_now = 2026-07-05T16:26:08.835
└   estimated_finish_date = 2026-07-05T16:26:27.835
┌ Info: Progress
│   simulation_time = 15 hours, 45 minutes
│   n_steps_completed = 1891
│   wall_time_per_step = 4 milliseconds, 470 microseconds
│   wall_time_total = 25 seconds, 749 milliseconds
│   wall_time_remaining = 17 seconds, 295 milliseconds
│   wall_time_spent = 8 seconds, 453 milliseconds
│   percent_complete = 32.8%
│   estimated_sypd = 18.373
│   instantaneous_sypd = 16.74
│   date_now = 2026-07-05T16:26:10.253
└   estimated_finish_date = 2026-07-05T16:26:28.253
┌ Info: Progress
│   simulation_time = 17 hours, 4 minutes
│   n_steps_completed = 2048
│   wall_time_per_step = 4 milliseconds, 517 microseconds
│   wall_time_total = 26 seconds, 19 milliseconds
│   wall_time_remaining = 16 seconds, 768 milliseconds
│   wall_time_spent = 9 seconds, 251 milliseconds
│   percent_complete = 35.6%
│   estimated_sypd = 18.182
│   instantaneous_sypd = 16.16
│   date_now = 2026-07-05T16:26:11.051
└   estimated_finish_date = 2026-07-05T16:26:28.051
┌ Info: Progress
│   simulation_time = 19 hours, 28 minutes
│   n_steps_completed = 2337
│   wall_time_per_step = 4 milliseconds, 585 microseconds
│   wall_time_total = 26 seconds, 413 milliseconds
│   wall_time_remaining = 15 seconds, 696 milliseconds
│   wall_time_spent = 10 seconds, 716 milliseconds
│   percent_complete = 40.6%
│   estimated_sypd = 17.911
│   instantaneous_sypd = 16.2
│   date_now = 2026-07-05T16:26:12.517
└   estimated_finish_date = 2026-07-05T16:26:28.517
┌ Info: Progress
│   simulation_time = 21 hours, 53 minutes
│   n_steps_completed = 2626
│   wall_time_per_step = 4 milliseconds, 703 microseconds
│   wall_time_total = 27 seconds, 94 milliseconds
│   wall_time_remaining = 14 seconds, 741 milliseconds
│   wall_time_spent = 12 seconds, 352 milliseconds
│   percent_complete = 45.6%
│   estimated_sypd = 17.461
│   instantaneous_sypd = 14.513
│   date_now = 2026-07-05T16:26:14.152
└   estimated_finish_date = 2026-07-05T16:26:29.152
┌ Info: Progress
│   simulation_time = 1 day, 17 minutes
│   n_steps_completed = 2915
│   wall_time_per_step = 4 milliseconds, 769 microseconds
│   wall_time_total = 27 seconds, 474 milliseconds
│   wall_time_remaining = 13 seconds, 570 milliseconds
│   wall_time_spent = 13 seconds, 904 milliseconds
│   percent_complete = 50.6%
│   estimated_sypd = 17.22
│   instantaneous_sypd = 15.297
│   date_now = 2026-07-05T16:26:15.704
└   estimated_finish_date = 2026-07-05T16:26:29.704
┌ Info: Progress
│   simulation_time = 1 day, 2 hours
│   n_steps_completed = 3204
│   wall_time_per_step = 4 milliseconds, 829 microseconds
│   wall_time_total = 27 seconds, 820 milliseconds
│   wall_time_remaining = 12 seconds, 345 milliseconds
│   wall_time_spent = 15 seconds, 474 milliseconds
│   percent_complete = 55.6%
│   estimated_sypd = 17.006
│   instantaneous_sypd = 15.111
│   date_now = 2026-07-05T16:26:17.275
└   estimated_finish_date = 2026-07-05T16:26:30.275
┌ Info: Progress
│   simulation_time = 1 day, 5 hours
│   n_steps_completed = 3493
│   wall_time_per_step = 4 milliseconds, 895 microseconds
│   wall_time_total = 28 seconds, 195 milliseconds
│   wall_time_remaining = 11 seconds, 97 milliseconds
│   wall_time_spent = 17 seconds, 98 milliseconds
│   percent_complete = 60.6%
│   estimated_sypd = 16.779
│   instantaneous_sypd = 14.619
│   date_now = 2026-07-05T16:26:18.899
└   estimated_finish_date = 2026-07-05T16:26:30.899
┌ Info: Progress
│   simulation_time = 1 day, 7 hours
│   n_steps_completed = 3782
│   wall_time_per_step = 4 milliseconds, 975 microseconds
│   wall_time_total = 28 seconds, 661 milliseconds
│   wall_time_remaining = 9 seconds, 842 milliseconds
│   wall_time_spent = 18 seconds, 818 milliseconds
│   percent_complete = 65.7%
│   estimated_sypd = 16.507
│   instantaneous_sypd = 13.798
│   date_now = 2026-07-05T16:26:20.619
└   estimated_finish_date = 2026-07-05T16:26:30.619
┌ Info: Progress
│   simulation_time = 1 day, 9 hours
│   n_steps_completed = 4071
│   wall_time_per_step = 5 milliseconds, 36 microseconds
│   wall_time_total = 29 seconds, 11 milliseconds
│   wall_time_remaining = 8 seconds, 506 milliseconds
│   wall_time_spent = 20 seconds, 504 milliseconds
│   percent_complete = 70.7%
│   estimated_sypd = 16.308
│   instantaneous_sypd = 14.085
│   date_now = 2026-07-05T16:26:22.304
└   estimated_finish_date = 2026-07-05T16:26:31.304
┌ Info: Progress
│   simulation_time = 1 day, 10 hours
│   n_steps_completed = 4096
│   wall_time_per_step = 5 milliseconds, 44 microseconds
│   wall_time_total = 29 seconds, 58 milliseconds
│   wall_time_remaining = 8 seconds, 394 milliseconds
│   wall_time_spent = 20 seconds, 663 milliseconds
│   percent_complete = 71.1%
│   estimated_sypd = 16.281
│   instantaneous_sypd = 12.872
│   date_now = 2026-07-05T16:26:22.464
└   estimated_finish_date = 2026-07-05T16:26:31.464
┌ Info: Progress
│   simulation_time = 1 day, 12 hours
│   n_steps_completed = 4385
│   wall_time_per_step = 5 milliseconds, 113 microseconds
│   wall_time_total = 29 seconds, 451 milliseconds
│   wall_time_remaining = 7 seconds, 30 milliseconds
│   wall_time_spent = 22 seconds, 421 milliseconds
│   percent_complete = 76.1%
│   estimated_sypd = 16.063
│   instantaneous_sypd = 13.506
│   date_now = 2026-07-05T16:26:24.221
└   estimated_finish_date = 2026-07-05T16:26:32.221
┌ Info: Progress
│   simulation_time = 1 day, 14 hours
│   n_steps_completed = 4674
│   wall_time_per_step = 5 milliseconds, 186 microseconds
│   wall_time_total = 29 seconds, 873 milliseconds
│   wall_time_remaining = 5 seconds, 632 milliseconds
│   wall_time_spent = 24 seconds, 241 milliseconds
│   percent_complete = 81.1%
│   estimated_sypd = 15.837
│   instantaneous_sypd = 13.043
│   date_now = 2026-07-05T16:26:26.041
└   estimated_finish_date = 2026-07-05T16:26:32.041
┌ Info: Progress
│   simulation_time = 1 day, 17 hours
│   n_steps_completed = 4963
│   wall_time_per_step = 5 milliseconds, 253 microseconds
│   wall_time_total = 30 seconds, 261 milliseconds
│   wall_time_remaining = 4 seconds, 187 milliseconds
│   wall_time_spent = 26 seconds, 73 milliseconds
│   percent_complete = 86.2%
│   estimated_sypd = 15.634
│   instantaneous_sypd = 12.952
│   date_now = 2026-07-05T16:26:27.874
└   estimated_finish_date = 2026-07-05T16:26:32.874
┌ Info: Progress
│   simulation_time = 1 day, 19 hours
│   n_steps_completed = 5252
│   wall_time_per_step = 5 milliseconds, 315 microseconds
│   wall_time_total = 30 seconds, 616 milliseconds
│   wall_time_remaining = 2 seconds, 700 milliseconds
│   wall_time_spent = 27 seconds, 916 milliseconds
│   percent_complete = 91.2%
│   estimated_sypd = 15.453
│   instantaneous_sypd = 12.885
│   date_now = 2026-07-05T16:26:29.716
└   estimated_finish_date = 2026-07-05T16:26:32.716
┌ Info: Progress
│   simulation_time = 1 day, 22 hours
│   n_steps_completed = 5541
│   wall_time_per_step = 5 milliseconds, 384 microseconds
│   wall_time_total = 31 seconds, 13 milliseconds
│   wall_time_remaining = 1 second, 179 milliseconds
│   wall_time_spent = 29 seconds, 834 milliseconds
│   percent_complete = 96.2%
│   estimated_sypd = 15.255
│   instantaneous_sypd = 12.373
│   date_now = 2026-07-05T16:26:31.635
└   estimated_finish_date = 2026-07-05T16:26:33.635
[ Info: solve! walltime = 31.286
[ Info: sypd: 15.132
[ Info: wall_time_per_timestep: 5 milliseconds, 431 microseconds
[ Info: Memory currently used (after solve!) by the process (RSS): 8.68 GiB
[ Info: Completed member 8
┌ Info: Making AtmosConfig with config files: 
│      /home/jeff/larcform1-experiments/ClimaAtmos.jl/src/config/../../config/default_configs/default_config.yml
└   
┌ Info: numerics 
│          `energy_q_tot_upwinding`::`Val{:vanleer_limiter}`
│                `tracer_upwinding`::`Val{:vanleer_limiter}`
│       `edmfx_mse_q_tot_upwinding`::`Val{:first_order}`
│         `edmfx_sgsflux_upwinding`::`Val{:none}`
│          `edmfx_tracer_upwinding`::`Val{:first_order}`
│         `test_dycore_consistency`::`Nothing`
│            `reproducible_restart`::`Nothing`
│                         `limiter`::`Nothing`
│                       `diff_mode`::`ClimaAtmos.Implicit`
│                       `hyperdiff`::`Nothing`
└   
┌ Info: AtmosModel: 
│   
│                               `water`::`ClimaAtmos.AtmosWater{ClimaAtmos.NonEquilibriumMicrophysics1M, ClimaAtmos.QuadratureCloud, ClimaAtmos.Implicit, Nothing, ClimaAtmos.SGSQuadrature{3, StaticArraysCore.SVector{3, Float32}, StaticArraysCore.SVector{3, Float32}, ClimaAtmos.GaussianSGS, Float32}, ClimaAtmos.FixedTerminalVelocity{Float32}}`
│                           `scm_setup`::`ClimaAtmos.SCMSetup{Nothing, Nothing, Nothing, Bool, @NamedTuple{prof_ug::AtmosphericProfilesLibrary.ZProfile{AtmosphericProfilesLibrary.var"#Larcform1_geostrophic_u##0#Larcform1_geostrophic_u##1"{Float32}}, prof_vg::AtmosphericProfilesLibrary.ZProfile{Returns{Float32}}, coriolis_param::Float32}}`
│                           `radiation`::`ClimaAtmos.AtmosRadiation{ClimaAtmos.RRTMGPInterface.AllSkyRadiationWithClearSkyDiagnostics{ClimaAtmos.InteractiveCloudInRadiation}, ClimaAtmos.Larcform1Insolation}`
│                            `turbconv`::`ClimaAtmos.AtmosTurbconv{ClimaAtmos.EDMFXModel{ClimaAtmos.InvZEntrainment, ClimaAtmos.BuoyancyVelocityDetrainment, Val{true}, Val{true}, Val{true}, Val{true}, Val{true}, ClimaAtmos.SmoothMinimumBlending}, ClimaAtmos.PrognosticEDMFX{1, true, Float32}, Nothing, Nothing, Nothing}`
│                     `prescribed_flow`::`Nothing`
│                        `gravity_wave`::`ClimaAtmos.AtmosGravityWave{Nothing, Nothing}`
│                  `vertical_diffusion`::`Nothing`
│                              `sponge`::`ClimaAtmos.AtmosSponge{Nothing, Nothing}`
│                             `surface`::`ClimaAtmos.AtmosSurface{ClimaAtmos.SurfaceConditions.MoninObukhov{Float32, Nothing, Nothing}, ClimaAtmos.SurfaceConditions.SlabOceanTemperature{Float32}, ClimaAtmos.SurfaceConditions.SurfaceBoundaryOverrides{Float32, Float32, Nothing, Nothing, Nothing, Nothing}, ClimaAtmos.ConstantAlbedo{Float32}}`
│                            `numerics`::`ClimaAtmos.AtmosNumerics{Val{:vanleer_limiter}, Val{:vanleer_limiter}, Val{:first_order}, Val{:none}, Val{:first_order}, Nothing, Nothing, Nothing, ClimaAtmos.Implicit, Nothing}`
│                           `chemistry`::`ClimaAtmos.AtmosChem{Nothing}`
└   
┌ Info: Microphysics settings: 
│                          `n_substeps`::`3`
│                     `n_substeps_quad`::`2`
│              `cloud_liquid_formation`::`CloudLiquidFormation`
│                 `cloud_ice_formation`::`TemperatureDependent`
│                      `cloud_ice_melt`::`CloudIceMelt`
│                 `rain_autoconversion`::`Kessler1M`
│                 `snow_autoconversion`::`NoSupersaturation`
│       `rain_condensation_evaporation`::`RainEvaporation`
│         `snow_deposition_sublimation`::`DepositionAndSublimation`
│                           `snow_melt`::`SnowMelt`
│         `cloud_liquid_rain_accretion`::`CloudLiquidRainAccretion`
│         `cloud_liquid_snow_accretion`::`CloudLiquidSnowAccretion`
│            `cloud_ice_rain_accretion`::`CloudIceRainAccretion`
│            `cloud_ice_snow_accretion`::`CloudIceSnowAccretion`
│                 `rain_snow_accretion`::`RainSnowAccretion`
└   
[ Info: Single-process ClimaAtmos run on CPUSingleThreaded
[ Info: Using ODE config: `ClimaTimeSteppers.ARS222`
[ Info: Initialized state (32.191 μs, 7.76 KiB)
[ Info: Built cache (222.636 ms, 172.6 MiB)
[ Info: Assembled callbacks (129.303 μs, 17.42 KiB)
┌ Info: Jacobian algorithm: ManualSparseJacobian(
│     approximate_solve_iters = 2,
└   )
[ Info: Jacobian derivative flags: topography_flag = IgnoreDerivative, diffusion_flag = UseDerivative
[ Info: Built tendency function (194.795 μs, 201.06 KiB)
[ Info: Initialized integrator (8.439 ms, 169.03 KiB)
[ Info: Added 7 user-provided YAML-style diagnostics
[ Info: Saving accumulated diagnostics to disk with frequency: 1 hour
[ Info: Set up diagnostics (472.112 μs, 103.66 KiB)
[ Info: Initialized 7 total diagnostics
