┌ Info: Simulation info
│   job_id = lf1e_clw1_v4_cloudonly
└   output_dir = experiments/clw sensitivity experiments/output/lf1e-clw-1/v4_cloudonly/output_0001
┌ Info: Running
│   job_id = lf1e_clw1_v4_cloudonly
│   output_dir = experiments/clw sensitivity experiments/output/lf1e-clw-1/v4_cloudonly/output_0001
└   tspan = (0.0 seconds (2010-01-01T00:00:00) [counter = 0, period = 1 second, epoch = 2010-01-01T00:00:00], 172800.0 seconds (2010-01-03T00:00:00) [counter = 172800, period = 1 second, epoch = 2010-01-01T00:00:00])
┌ Info: Progress
│   simulation_time = 30 seconds
│   n_steps_completed = 1
│   wall_time_per_step = 0 seconds
│   wall_time_total = 0 seconds
│   wall_time_remaining = 0 seconds
│   wall_time_spent = 0 seconds
│   percent_complete = 0.0%
│   estimated_sypd = Inf
│   instantaneous_sypd = 0.0 (sdpd_estimate = 0.0)
│   date_now = 2026-07-04T08:58:20.681
└   estimated_finish_date = 2026-07-04T08:58:20.681
┌ Info: Progress
│   simulation_time = 1 minute
│   n_steps_completed = 2
│   wall_time_per_step = 0 seconds
│   wall_time_total = 0 seconds
│   wall_time_remaining = 0 seconds
│   wall_time_spent = 0 seconds
│   percent_complete = 0.0%
│   estimated_sypd = Inf
│   instantaneous_sypd = 0.006 (sdpd_estimate = 2.314)
│   date_now = 2026-07-04T08:58:33.648
└   estimated_finish_date = 2026-07-04T08:58:33.648
┌ Info: Progress
│   simulation_time = 2 minutes
│   n_steps_completed = 4
│   wall_time_per_step = 6 milliseconds, 11 microseconds
│   wall_time_total = 34 seconds, 626 milliseconds
│   wall_time_remaining = 34 seconds, 602 milliseconds
│   wall_time_spent = 24 milliseconds, 46 microseconds
│   percent_complete = 0.1%
│   estimated_sypd = 13.663
│   instantaneous_sypd = 13.663
│   date_now = 2026-07-04T08:58:33.660
└   estimated_finish_date = 2026-07-04T08:59:08.660
┌ Info: Progress
│   simulation_time = 4 minutes
│   n_steps_completed = 8
│   wall_time_per_step = 5 milliseconds, 276 microseconds
│   wall_time_total = 30 seconds, 393 milliseconds
│   wall_time_remaining = 30 seconds, 351 milliseconds
│   wall_time_spent = 42 milliseconds, 213 microseconds
│   percent_complete = 0.1%
│   estimated_sypd = 15.566
│   instantaneous_sypd = 18.085
│   date_now = 2026-07-04T08:58:33.678
└   estimated_finish_date = 2026-07-04T08:59:04.678
┌ Info: Progress
│   simulation_time = 8 minutes
│   n_steps_completed = 16
│   wall_time_per_step = 5 milliseconds, 346 microseconds
│   wall_time_total = 30 seconds, 793 milliseconds
│   wall_time_remaining = 30 seconds, 707 milliseconds
│   wall_time_spent = 85 milliseconds, 537 microseconds
│   percent_complete = 0.3%
│   estimated_sypd = 15.364
│   instantaneous_sypd = 15.167
│   date_now = 2026-07-04T08:58:33.721
└   estimated_finish_date = 2026-07-04T08:59:04.721
┌ Info: Progress
│   simulation_time = 16 minutes
│   n_steps_completed = 32
│   wall_time_per_step = 804 milliseconds, 641 microseconds
│   wall_time_total = 1 hour, 17 minutes
│   wall_time_remaining = 1 hour, 16 minutes
│   wall_time_spent = 25 seconds, 748 milliseconds
│   percent_complete = 0.6%
│   estimated_sypd = 0.102
│   instantaneous_sypd = 0.051
│   date_now = 2026-07-04T08:58:59.384
└   estimated_finish_date = 2026-07-04T10:15:48.384
┌ Info: Progress
│   simulation_time = 32 minutes
│   n_steps_completed = 64
│   wall_time_per_step = 406 milliseconds, 691 microseconds
│   wall_time_total = 39 minutes, 2 seconds
│   wall_time_remaining = 38 minutes, 36 seconds
│   wall_time_spent = 26 seconds, 28 milliseconds
│   percent_complete = 1.1%
│   estimated_sypd = 0.202
│   instantaneous_sypd = 9.395
│   date_now = 2026-07-04T08:58:59.664
└   estimated_finish_date = 2026-07-04T09:37:36.664
┌ Info: Progress
│   simulation_time = 1 hour, 4 minutes
│   n_steps_completed = 128
│   wall_time_per_step = 232 milliseconds, 74 microseconds
│   wall_time_total = 22 minutes, 16 seconds
│   wall_time_remaining = 21 minutes, 47 seconds
│   wall_time_spent = 29 seconds, 705 milliseconds
│   percent_complete = 2.2%
│   estimated_sypd = 0.354
│   instantaneous_sypd = 1.43
│   date_now = 2026-07-04T08:59:03.341
└   estimated_finish_date = 2026-07-04T09:20:51.341
┌ Info: Progress
│   simulation_time = 2 hours, 8 minutes
│   n_steps_completed = 256
│   wall_time_per_step = 120 milliseconds, 317 microseconds
│   wall_time_total = 11 minutes, 33 seconds
│   wall_time_remaining = 11 minutes, 2 seconds
│   wall_time_spent = 30 seconds, 801 milliseconds
│   percent_complete = 4.4%
│   estimated_sypd = 0.683
│   instantaneous_sypd = 9.594
│   date_now = 2026-07-04T08:59:04.437
└   estimated_finish_date = 2026-07-04T09:10:07.437
┌ Info: Progress
│   simulation_time = 4 hours, 16 minutes
│   n_steps_completed = 512
│   wall_time_per_step = 64 milliseconds, 912 microseconds
│   wall_time_total = 6 minutes, 13 seconds
│   wall_time_remaining = 5 minutes, 40 seconds
│   wall_time_spent = 33 seconds, 235 milliseconds
│   percent_complete = 8.9%
│   estimated_sypd = 1.265
│   instantaneous_sypd = 8.639
│   date_now = 2026-07-04T08:59:06.871
└   estimated_finish_date = 2026-07-04T09:04:47.871
┌ Info: Progress
│   simulation_time = 6 hours, 40 minutes
│   n_steps_completed = 801
│   wall_time_per_step = 45 milliseconds, 111 microseconds
│   wall_time_total = 4 minutes, 19 seconds
│   wall_time_remaining = 3 minutes, 43 seconds
│   wall_time_spent = 36 seconds, 134 milliseconds
│   percent_complete = 13.9%
│   estimated_sypd = 1.821
│   instantaneous_sypd = 8.189
│   date_now = 2026-07-04T08:59:09.770
└   estimated_finish_date = 2026-07-04T09:02:53.770
┌ Info: Progress
│   simulation_time = 8 hours, 32 minutes
│   n_steps_completed = 1024
│   wall_time_per_step = 37 milliseconds, 632 microseconds
│   wall_time_total = 3 minutes, 36 seconds
│   wall_time_remaining = 2 minutes, 58 seconds
│   wall_time_spent = 38 seconds, 535 milliseconds
│   percent_complete = 17.8%
│   estimated_sypd = 2.183
│   instantaneous_sypd = 7.626
│   date_now = 2026-07-04T08:59:12.172
└   estimated_finish_date = 2026-07-04T09:02:11.171
┌ Info: Progress
│   simulation_time = 10 hours, 56 minutes
│   n_steps_completed = 1313
│   wall_time_per_step = 31 milliseconds, 705 microseconds
│   wall_time_total = 3 minutes, 2 seconds
│   wall_time_remaining = 2 minutes, 20 seconds
│   wall_time_spent = 41 seconds, 629 milliseconds
│   percent_complete = 22.8%
│   estimated_sypd = 2.591
│   instantaneous_sypd = 7.673
│   date_now = 2026-07-04T08:59:15.265
└   estimated_finish_date = 2026-07-04T09:01:36.265
┌ Info: Progress
│   simulation_time = 13 hours, 21 minutes
│   n_steps_completed = 1602
│   wall_time_per_step = 27 milliseconds, 634 microseconds
│   wall_time_total = 2 minutes, 39 seconds
│   wall_time_remaining = 1 minute, 54 seconds
│   wall_time_spent = 44 seconds, 269 milliseconds
│   percent_complete = 27.8%
│   estimated_sypd = 2.972
│   instantaneous_sypd = 8.99
│   date_now = 2026-07-04T08:59:17.905
└   estimated_finish_date = 2026-07-04T09:01:12.905
┌ Info: Progress
│   simulation_time = 15 hours, 45 minutes
│   n_steps_completed = 1891
│   wall_time_per_step = 24 milliseconds, 735 microseconds
│   wall_time_total = 2 minutes, 22 seconds
│   wall_time_remaining = 1 minute, 35 seconds
│   wall_time_spent = 46 seconds, 774 milliseconds
│   percent_complete = 32.8%
│   estimated_sypd = 3.321
│   instantaneous_sypd = 9.478
│   date_now = 2026-07-04T08:59:20.410
└   estimated_finish_date = 2026-07-04T09:00:56.410
┌ Info: Progress
│   simulation_time = 17 hours, 4 minutes
│   n_steps_completed = 2048
│   wall_time_per_step = 23 milliseconds, 570 microseconds
│   wall_time_total = 2 minutes, 15 seconds
│   wall_time_remaining = 1 minute, 27 seconds
│   wall_time_spent = 48 seconds, 273 milliseconds
│   percent_complete = 35.6%
│   estimated_sypd = 3.485
│   instantaneous_sypd = 8.602
│   date_now = 2026-07-04T08:59:21.909
└   estimated_finish_date = 2026-07-04T09:00:49.909
┌ Info: Progress
│   simulation_time = 19 hours, 28 minutes
│   n_steps_completed = 2337
│   wall_time_per_step = 21 milliseconds, 793 microseconds
│   wall_time_total = 2 minutes, 5 seconds
│   wall_time_remaining = 1 minute, 14 seconds
│   wall_time_spent = 50 seconds, 930 milliseconds
│   percent_complete = 40.6%
│   estimated_sypd = 3.769
│   instantaneous_sypd = 8.933
│   date_now = 2026-07-04T08:59:24.566
└   estimated_finish_date = 2026-07-04T09:00:39.566
┌ Info: Progress
│   simulation_time = 21 hours, 53 minutes
│   n_steps_completed = 2626
│   wall_time_per_step = 20 milliseconds, 351 microseconds
│   wall_time_total = 1 minute, 57 seconds
│   wall_time_remaining = 1 minute, 3 seconds
│   wall_time_spent = 53 seconds, 443 milliseconds
│   percent_complete = 45.6%
│   estimated_sypd = 4.036
│   instantaneous_sypd = 9.446
│   date_now = 2026-07-04T08:59:27.079
└   estimated_finish_date = 2026-07-04T09:00:31.079
┌ Info: Progress
│   simulation_time = 1 day, 17 minutes
│   n_steps_completed = 2915
│   wall_time_per_step = 19 milliseconds, 163 microseconds
│   wall_time_total = 1 minute, 50 seconds
│   wall_time_remaining = 54 seconds, 519 milliseconds
│   wall_time_spent = 55 seconds, 861 milliseconds
│   percent_complete = 50.6%
│   estimated_sypd = 4.286
│   instantaneous_sypd = 9.819
│   date_now = 2026-07-04T08:59:29.497
└   estimated_finish_date = 2026-07-04T09:00:24.497
┌ Info: Progress
│   simulation_time = 1 day, 2 hours
│   n_steps_completed = 3204
│   wall_time_per_step = 18 milliseconds, 210 microseconds
│   wall_time_total = 1 minute, 44 seconds
│   wall_time_remaining = 46 seconds, 546 milliseconds
│   wall_time_spent = 58 seconds, 346 milliseconds
│   percent_complete = 55.6%
│   estimated_sypd = 4.51
│   instantaneous_sypd = 9.55
│   date_now = 2026-07-04T08:59:31.982
└   estimated_finish_date = 2026-07-04T09:00:18.982
┌ Info: Progress
│   simulation_time = 1 day, 5 hours
│   n_steps_completed = 3493
│   wall_time_per_step = 17 milliseconds, 414 microseconds
│   wall_time_total = 1 minute, 40 seconds
│   wall_time_remaining = 39 seconds, 477 milliseconds
│   wall_time_spent = 1 minute, 827 milliseconds
│   percent_complete = 60.6%
│   estimated_sypd = 4.717
│   instantaneous_sypd = 9.569
│   date_now = 2026-07-04T08:59:34.463
└   estimated_finish_date = 2026-07-04T09:00:14.463
┌ Info: Progress
│   simulation_time = 1 day, 7 hours
│   n_steps_completed = 3782
│   wall_time_per_step = 16 milliseconds, 754 microseconds
│   wall_time_total = 1 minute, 36 seconds
│   wall_time_remaining = 33 seconds, 140 milliseconds
│   wall_time_spent = 1 minute, 3 seconds
│   percent_complete = 65.7%
│   estimated_sypd = 4.902
│   instantaneous_sypd = 9.348
│   date_now = 2026-07-04T08:59:37.002
└   estimated_finish_date = 2026-07-04T09:00:11.002
┌ Info: Progress
│   simulation_time = 1 day, 9 hours
│   n_steps_completed = 4071
│   wall_time_per_step = 16 milliseconds, 168 microseconds
│   wall_time_total = 1 minute, 33 seconds
│   wall_time_remaining = 27 seconds, 308 milliseconds
│   wall_time_spent = 1 minute, 5 seconds
│   percent_complete = 70.7%
│   estimated_sypd = 5.08
│   instantaneous_sypd = 9.664
│   date_now = 2026-07-04T08:59:39.458
└   estimated_finish_date = 2026-07-04T09:00:07.458
┌ Info: Progress
│   simulation_time = 1 day, 10 hours
│   n_steps_completed = 4096
│   wall_time_per_step = 16 milliseconds, 120 microseconds
│   wall_time_total = 1 minute, 32 seconds
│   wall_time_remaining = 26 seconds, 823 milliseconds
│   wall_time_spent = 1 minute, 6 seconds
│   percent_complete = 71.1%
│   estimated_sypd = 5.095
│   instantaneous_sypd = 10.011
│   date_now = 2026-07-04T08:59:39.664
└   estimated_finish_date = 2026-07-04T09:00:06.664
┌ Info: Progress
│   simulation_time = 1 day, 12 hours
│   n_steps_completed = 4385
│   wall_time_per_step = 15 milliseconds, 626 microseconds
│   wall_time_total = 1 minute, 30 seconds
│   wall_time_remaining = 21 seconds, 486 milliseconds
│   wall_time_spent = 1 minute, 8 seconds
│   percent_complete = 76.1%
│   estimated_sypd = 5.256
│   instantaneous_sypd = 9.52
│   date_now = 2026-07-04T08:59:42.157
└   estimated_finish_date = 2026-07-04T09:00:04.157
┌ Info: Progress
│   simulation_time = 1 day, 14 hours
│   n_steps_completed = 4674
│   wall_time_per_step = 15 milliseconds, 187 microseconds
│   wall_time_total = 1 minute, 27 seconds
│   wall_time_remaining = 16 seconds, 493 milliseconds
│   wall_time_spent = 1 minute, 10 seconds
│   percent_complete = 81.1%
│   estimated_sypd = 5.408
│   instantaneous_sypd = 9.631
│   date_now = 2026-07-04T08:59:44.621
└   estimated_finish_date = 2026-07-04T09:00:01.621
┌ Info: Progress
│   simulation_time = 1 day, 17 hours
│   n_steps_completed = 4963
│   wall_time_per_step = 14 milliseconds, 815 microseconds
│   wall_time_total = 1 minute, 25 seconds
│   wall_time_remaining = 11 seconds, 807 milliseconds
│   wall_time_spent = 1 minute, 13 seconds
│   percent_complete = 86.2%
│   estimated_sypd = 5.544
│   instantaneous_sypd = 9.332
│   date_now = 2026-07-04T08:59:47.165
└   estimated_finish_date = 2026-07-04T08:59:59.165
┌ Info: Progress
│   simulation_time = 1 day, 19 hours
│   n_steps_completed = 5252
│   wall_time_per_step = 14 milliseconds, 466 microseconds
│   wall_time_total = 1 minute, 23 seconds
│   wall_time_remaining = 7 seconds, 348 milliseconds
│   wall_time_spent = 1 minute, 15 seconds
│   percent_complete = 91.2%
│   estimated_sypd = 5.678
│   instantaneous_sypd = 9.698
│   date_now = 2026-07-04T08:59:49.613
└   estimated_finish_date = 2026-07-04T08:59:57.613
┌ Info: Progress
│   simulation_time = 1 day, 22 hours
│   n_steps_completed = 5541
│   wall_time_per_step = 14 milliseconds, 166 microseconds
│   wall_time_total = 1 minute, 21 seconds
│   wall_time_remaining = 3 seconds, 102 milliseconds
│   wall_time_spent = 1 minute, 18 seconds
│   percent_complete = 96.2%
│   estimated_sypd = 5.798
│   instantaneous_sypd = 9.413
│   date_now = 2026-07-04T08:59:52.135
└   estimated_finish_date = 2026-07-04T08:59:56.135
[ Info: solve! walltime = 80.447
[ Info: sypd: 5.885
[ Info: wall_time_per_timestep: 13 milliseconds, 966 microseconds
[ Info: Memory currently used (after solve!) by the process (RSS): 8.96 GiB
┌ Info: Finished variation [4/9]
│   overlay = experiments/clw sensitivity experiments/configs/v4_cloudonly.yml
│   job_id = lf1e_clw1_v4_cloudonly
│   ret_code = success
└   walltime = 4m12s
┌ Info: Starting variation [5/9]
└   overlay = experiments/clw sensitivity experiments/configs/v5_subltime10.yml
┌ Info: Making AtmosConfig with config files: 
│      /home/jeff/larcform1-experiments/ClimaAtmos.jl/src/config/../../config/default_configs/default_config.yml
│      /home/jeff/larcform1-experiments/experiments/clw sensitivity experiments/../../ClimaAtmos.jl/config/model_configs/larcform1_1M_prognostic_edmfx.yml
│      experiments/clw sensitivity experiments/configs/v5_subltime10.yml
└   
┌ Info: numerics 
│          `energy_q_tot_upwinding`::`Val{:vanleer_limiter}`
│                `tracer_upwinding`::`Val{:vanleer_limiter}`
│       `edmfx_mse_q_tot_upwinding`::`Val{:first_order}`
│         `edmfx_sgsflux_upwinding`::`Val{:none}`
│          `edmfx_tracer_upwinding`::`Val{:first_order}`
│         `test_dycore_consistency`::`Nothing`
│            `reproducible_restart`::`Nothing`
│                         `limiter`::`Nothing`
│                       `diff_mode`::`ClimaAtmos.Implicit`
│                       `hyperdiff`::`Nothing`
└   
┌ Info: AtmosModel: 
│   
│                               `water`::`ClimaAtmos.AtmosWater{ClimaAtmos.NonEquilibriumMicrophysics1M, ClimaAtmos.QuadratureCloud, ClimaAtmos.Implicit, Nothing, ClimaAtmos.SGSQuadrature{3, StaticArraysCore.SVector{3, Float32}, StaticArraysCore.SVector{3, Float32}, ClimaAtmos.GaussianSGS, Float32}, ClimaAtmos.FixedTerminalVelocity{Float32}}`
│                           `scm_setup`::`ClimaAtmos.SCMSetup{Nothing, Nothing, Nothing, Bool, @NamedTuple{prof_ug::AtmosphericProfilesLibrary.ZProfile{AtmosphericProfilesLibrary.var"#Larcform1_geostrophic_u##0#Larcform1_geostrophic_u##1"{Float32}}, prof_vg::AtmosphericProfilesLibrary.ZProfile{Returns{Float32}}, coriolis_param::Float32}}`
│                           `radiation`::`ClimaAtmos.AtmosRadiation{ClimaAtmos.RRTMGPInterface.AllSkyRadiationWithClearSkyDiagnostics{ClimaAtmos.InteractiveCloudInRadiation}, ClimaAtmos.Larcform1Insolation}`
│                            `turbconv`::`ClimaAtmos.AtmosTurbconv{ClimaAtmos.EDMFXModel{ClimaAtmos.InvZEntrainment, ClimaAtmos.BuoyancyVelocityDetrainment, Val{true}, Val{true}, Val{true}, Val{true}, Val{true}, ClimaAtmos.SmoothMinimumBlending}, ClimaAtmos.PrognosticEDMFX{1, true, Float32}, Nothing, Nothing, Nothing}`
│                     `prescribed_flow`::`Nothing`
│                        `gravity_wave`::`ClimaAtmos.AtmosGravityWave{Nothing, Nothing}`
│                  `vertical_diffusion`::`Nothing`
│                              `sponge`::`ClimaAtmos.AtmosSponge{Nothing, Nothing}`
│                             `surface`::`ClimaAtmos.AtmosSurface{ClimaAtmos.SurfaceConditions.MoninObukhov{Float32, Nothing, Nothing}, ClimaAtmos.SurfaceConditions.SlabOceanTemperature{Float32}, ClimaAtmos.SurfaceConditions.SurfaceBoundaryOverrides{Float32, Float32, Nothing, Nothing, Nothing, Nothing}, ClimaAtmos.ConstantAlbedo{Float32}}`
│                            `numerics`::`ClimaAtmos.AtmosNumerics{Val{:vanleer_limiter}, Val{:vanleer_limiter}, Val{:first_order}, Val{:none}, Val{:first_order}, Nothing, Nothing, Nothing, ClimaAtmos.Implicit, Nothing}`
│                           `chemistry`::`ClimaAtmos.AtmosChem{Nothing}`
└   
┌ Info: Microphysics settings: 
│                          `n_substeps`::`3`
│                     `n_substeps_quad`::`2`
│              `cloud_liquid_formation`::`CloudLiquidFormation`
│                 `cloud_ice_formation`::`ConstantTimescale`
│                      `cloud_ice_melt`::`CloudIceMelt`
│                 `rain_autoconversion`::`Kessler1M`
│                 `snow_autoconversion`::`NoSupersaturation`
│       `rain_condensation_evaporation`::`RainEvaporation`
│         `snow_deposition_sublimation`::`DepositionAndSublimation`
│                           `snow_melt`::`SnowMelt`
│         `cloud_liquid_rain_accretion`::`CloudLiquidRainAccretion`
│         `cloud_liquid_snow_accretion`::`CloudLiquidSnowAccretion`
│            `cloud_ice_rain_accretion`::`CloudIceRainAccretion`
│            `cloud_ice_snow_accretion`::`CloudIceSnowAccretion`
│                 `rain_snow_accretion`::`RainSnowAccretion`
└   
[ Info: Single-process ClimaAtmos run on CPUSingleThreaded
[ Info: Using ODE config: `ClimaTimeSteppers.ARS222`
[ Info: Initialized state (18.11 μs, 6.99 KiB)
[ Info: Built cache (213.393 ms, 141.4 MiB)
[ Info: Assembled callbacks (192.783 μs, 17.42 KiB)
┌ Info: Jacobian algorithm: ManualSparseJacobian(
│     approximate_solve_iters = 2,
└   )
[ Info: Jacobian derivative flags: topography_flag = IgnoreDerivative, diffusion_flag = UseDerivative
[ Info: Built tendency function (304.375 μs, 190.22 KiB)
[ Info: Initialized integrator (7.717 ms, 159.78 KiB)
[ Info: Added 114 user-provided YAML-style diagnostics
[ Info: Saving accumulated diagnostics to disk with frequency: 10 minutes, 1 hour
[ Info: Set up diagnostics (3.49 ms, 1.04 MiB)
[ Info: Initialized 114 total diagnostics
