┌ Info: Simulation info
│   job_id = lf1e_clw_cal_member
└   output_dir = /home/jeff/larcform1-experiments/experiments/clw calibration/output/smoke6/iteration_001/member_003/output_0000
┌ Info: Running
│   job_id = lf1e_clw_cal_member
│   output_dir = /home/jeff/larcform1-experiments/experiments/clw calibration/output/smoke6/iteration_001/member_003/output_0000
└   tspan = (0.0 seconds (2010-01-01T00:00:00) [counter = 0, period = 1 second, epoch = 2010-01-01T00:00:00], 172800.0 seconds (2010-01-03T00:00:00) [counter = 172800, period = 1 second, epoch = 2010-01-01T00:00:00])
┌ Info: Progress
│   simulation_time = 30 seconds
│   n_steps_completed = 1
│   wall_time_per_step = 0 seconds
│   wall_time_total = 0 seconds
│   wall_time_remaining = 0 seconds
│   wall_time_spent = 0 seconds
│   percent_complete = 0.0%
│   estimated_sypd = Inf
│   instantaneous_sypd = 0.0 (sdpd_estimate = 0.0)
│   date_now = 2026-07-05T14:13:26.235
└   estimated_finish_date = 2026-07-05T14:13:26.235
┌ Info: Progress
│   simulation_time = 1 minute
│   n_steps_completed = 2
│   wall_time_per_step = 0 seconds
│   wall_time_total = 0 seconds
│   wall_time_remaining = 0 seconds
│   wall_time_spent = 0 seconds
│   percent_complete = 0.0%
│   estimated_sypd = Inf
│   instantaneous_sypd = 0.032
│   date_now = 2026-07-05T14:13:28.828
└   estimated_finish_date = 2026-07-05T14:13:28.828
┌ Info: Progress
│   simulation_time = 2 minutes
│   n_steps_completed = 4
│   wall_time_per_step = 4 milliseconds, 576 microseconds
│   wall_time_total = 26 seconds, 363 milliseconds
│   wall_time_remaining = 26 seconds, 344 milliseconds
│   wall_time_spent = 18 milliseconds, 307 microseconds
│   percent_complete = 0.1%
│   estimated_sypd = 17.946
│   instantaneous_sypd = 17.946
│   date_now = 2026-07-05T14:13:28.837
└   estimated_finish_date = 2026-07-05T14:13:55.837
┌ Info: Progress
│   simulation_time = 4 minutes
│   n_steps_completed = 8
│   wall_time_per_step = 4 milliseconds, 339 microseconds
│   wall_time_total = 24 seconds, 998 milliseconds
│   wall_time_remaining = 24 seconds, 963 milliseconds
│   wall_time_spent = 34 milliseconds, 719 microseconds
│   percent_complete = 0.1%
│   estimated_sypd = 18.925
│   instantaneous_sypd = 20.018
│   date_now = 2026-07-05T14:13:28.854
└   estimated_finish_date = 2026-07-05T14:13:53.854
┌ Info: Progress
│   simulation_time = 8 minutes
│   n_steps_completed = 16
│   wall_time_per_step = 4 milliseconds, 69 microseconds
│   wall_time_total = 23 seconds, 443 milliseconds
│   wall_time_remaining = 23 seconds, 377 milliseconds
│   wall_time_spent = 65 milliseconds, 119 microseconds
│   percent_complete = 0.3%
│   estimated_sypd = 20.181
│   instantaneous_sypd = 21.615
│   date_now = 2026-07-05T14:13:28.884
└   estimated_finish_date = 2026-07-05T14:13:52.884
┌ Info: Progress
│   simulation_time = 16 minutes
│   n_steps_completed = 32
│   wall_time_per_step = 3 milliseconds, 908 microseconds
│   wall_time_total = 22 seconds, 514 milliseconds
│   wall_time_remaining = 22 seconds, 389 milliseconds
│   wall_time_spent = 125 milliseconds, 81 microseconds
│   percent_complete = 0.6%
│   estimated_sypd = 21.013
│   instantaneous_sypd = 21.917
│   date_now = 2026-07-05T14:13:28.944
└   estimated_finish_date = 2026-07-05T14:13:51.944
┌ Info: Progress
│   simulation_time = 32 minutes
│   n_steps_completed = 64
│   wall_time_per_step = 3 milliseconds, 946 microseconds
│   wall_time_total = 22 seconds, 730 milliseconds
│   wall_time_remaining = 22 seconds, 477 milliseconds
│   wall_time_spent = 252 milliseconds, 557 microseconds
│   percent_complete = 1.1%
│   estimated_sypd = 20.814
│   instantaneous_sypd = 20.618
│   date_now = 2026-07-05T14:13:29.072
└   estimated_finish_date = 2026-07-05T14:13:52.072
┌ Info: Progress
│   simulation_time = 1 hour, 4 minutes
│   n_steps_completed = 128
│   wall_time_per_step = 4 milliseconds, 62 microseconds
│   wall_time_total = 23 seconds, 402 milliseconds
│   wall_time_remaining = 22 seconds, 882 milliseconds
│   wall_time_spent = 520 milliseconds, 49 microseconds
│   percent_complete = 2.2%
│   estimated_sypd = 20.216
│   instantaneous_sypd = 19.652
│   date_now = 2026-07-05T14:13:29.339
└   estimated_finish_date = 2026-07-05T14:13:52.339
┌ Info: Progress
│   simulation_time = 2 hours, 8 minutes
│   n_steps_completed = 256
│   wall_time_per_step = 4 milliseconds, 35 microseconds
│   wall_time_total = 23 seconds, 241 milliseconds
│   wall_time_remaining = 22 seconds, 208 milliseconds
│   wall_time_spent = 1 second, 32 milliseconds
│   percent_complete = 4.4%
│   estimated_sypd = 20.356
│   instantaneous_sypd = 20.497
│   date_now = 2026-07-05T14:13:29.852
└   estimated_finish_date = 2026-07-05T14:13:52.852
┌ Info: Progress
│   simulation_time = 4 hours, 16 minutes
│   n_steps_completed = 512
│   wall_time_per_step = 4 milliseconds, 43 microseconds
│   wall_time_total = 23 seconds, 290 milliseconds
│   wall_time_remaining = 21 seconds, 220 milliseconds
│   wall_time_spent = 2 seconds, 70 milliseconds
│   percent_complete = 8.9%
│   estimated_sypd = 20.313
│   instantaneous_sypd = 20.271
│   date_now = 2026-07-05T14:13:30.889
└   estimated_finish_date = 2026-07-05T14:13:52.889
┌ Info: Progress
│   simulation_time = 6 hours, 40 minutes
│   n_steps_completed = 801
│   wall_time_per_step = 4 milliseconds, 88 microseconds
│   wall_time_total = 23 seconds, 547 milliseconds
│   wall_time_remaining = 20 seconds, 272 milliseconds
│   wall_time_spent = 3 seconds, 274 milliseconds
│   percent_complete = 13.9%
│   estimated_sypd = 20.092
│   instantaneous_sypd = 19.711
│   date_now = 2026-07-05T14:13:32.094
└   estimated_finish_date = 2026-07-05T14:13:53.094
┌ Info: Progress
│   simulation_time = 8 hours, 32 minutes
│   n_steps_completed = 1024
│   wall_time_per_step = 4 milliseconds, 137 microseconds
│   wall_time_total = 23 seconds, 832 milliseconds
│   wall_time_remaining = 19 seconds, 595 milliseconds
│   wall_time_spent = 4 seconds, 236 milliseconds
│   percent_complete = 17.8%
│   estimated_sypd = 19.851
│   instantaneous_sypd = 19.032
│   date_now = 2026-07-05T14:13:33.056
└   estimated_finish_date = 2026-07-05T14:13:53.056
┌ Info: Progress
│   simulation_time = 10 hours, 56 minutes
│   n_steps_completed = 1313
│   wall_time_per_step = 4 milliseconds, 198 microseconds
│   wall_time_total = 24 seconds, 184 milliseconds
│   wall_time_remaining = 18 seconds, 671 milliseconds
│   wall_time_spent = 5 seconds, 512 milliseconds
│   percent_complete = 22.8%
│   estimated_sypd = 19.562
│   instantaneous_sypd = 18.604
│   date_now = 2026-07-05T14:13:34.332
└   estimated_finish_date = 2026-07-05T14:13:53.332
┌ Info: Progress
│   simulation_time = 13 hours, 21 minutes
│   n_steps_completed = 1602
│   wall_time_per_step = 4 milliseconds, 284 microseconds
│   wall_time_total = 24 seconds, 675 milliseconds
│   wall_time_remaining = 17 seconds, 812 milliseconds
│   wall_time_spent = 6 seconds, 863 milliseconds
│   percent_complete = 27.8%
│   estimated_sypd = 19.173
│   instantaneous_sypd = 17.581
│   date_now = 2026-07-05T14:13:35.682
└   estimated_finish_date = 2026-07-05T14:13:53.682
┌ Info: Progress
│   simulation_time = 15 hours, 45 minutes
│   n_steps_completed = 1891
│   wall_time_per_step = 4 milliseconds, 373 microseconds
│   wall_time_total = 25 seconds, 193 milliseconds
│   wall_time_remaining = 16 seconds, 922 milliseconds
│   wall_time_spent = 8 seconds, 270 milliseconds
│   percent_complete = 32.8%
│   estimated_sypd = 18.779
│   instantaneous_sypd = 16.86
│   date_now = 2026-07-05T14:13:37.090
└   estimated_finish_date = 2026-07-05T14:13:54.090
┌ Info: Progress
│   simulation_time = 17 hours, 4 minutes
│   n_steps_completed = 2048
│   wall_time_per_step = 4 milliseconds, 422 microseconds
│   wall_time_total = 25 seconds, 474 milliseconds
│   wall_time_remaining = 16 seconds, 416 milliseconds
│   wall_time_spent = 9 seconds, 57 milliseconds
│   percent_complete = 35.6%
│   estimated_sypd = 18.571
│   instantaneous_sypd = 16.391
│   date_now = 2026-07-05T14:13:37.877
└   estimated_finish_date = 2026-07-05T14:13:54.877
┌ Info: Progress
│   simulation_time = 19 hours, 28 minutes
│   n_steps_completed = 2337
│   wall_time_per_step = 4 milliseconds, 497 microseconds
│   wall_time_total = 25 seconds, 908 milliseconds
│   wall_time_remaining = 15 seconds, 396 milliseconds
│   wall_time_spent = 10 seconds, 511 milliseconds
│   percent_complete = 40.6%
│   estimated_sypd = 18.261
│   instantaneous_sypd = 16.324
│   date_now = 2026-07-05T14:13:39.331
└   estimated_finish_date = 2026-07-05T14:13:55.331
┌ Info: Progress
│   simulation_time = 21 hours, 53 minutes
│   n_steps_completed = 2626
│   wall_time_per_step = 4 milliseconds, 574 microseconds
│   wall_time_total = 26 seconds, 348 milliseconds
│   wall_time_remaining = 14 seconds, 335 milliseconds
│   wall_time_spent = 12 seconds, 12 milliseconds
│   percent_complete = 45.6%
│   estimated_sypd = 17.956
│   instantaneous_sypd = 15.82
│   date_now = 2026-07-05T14:13:40.831
└   estimated_finish_date = 2026-07-05T14:13:55.831
┌ Info: Progress
│   simulation_time = 1 day, 17 minutes
│   n_steps_completed = 2915
│   wall_time_per_step = 4 milliseconds, 652 microseconds
│   wall_time_total = 26 seconds, 798 milliseconds
│   wall_time_remaining = 13 seconds, 236 milliseconds
│   wall_time_spent = 13 seconds, 562 milliseconds
│   percent_complete = 50.6%
│   estimated_sypd = 17.654
│   instantaneous_sypd = 15.315
│   date_now = 2026-07-05T14:13:42.381
└   estimated_finish_date = 2026-07-05T14:13:56.381
┌ Info: Progress
│   simulation_time = 1 day, 2 hours
│   n_steps_completed = 3204
│   wall_time_per_step = 4 milliseconds, 765 microseconds
│   wall_time_total = 27 seconds, 451 milliseconds
│   wall_time_remaining = 12 seconds, 181 milliseconds
│   wall_time_spent = 15 seconds, 269 milliseconds
│   percent_complete = 55.6%
│   estimated_sypd = 17.234
│   instantaneous_sypd = 13.9
│   date_now = 2026-07-05T14:13:44.089
└   estimated_finish_date = 2026-07-05T14:13:57.089
┌ Info: Progress
│   simulation_time = 1 day, 5 hours
│   n_steps_completed = 3493
│   wall_time_per_step = 4 milliseconds, 838 microseconds
│   wall_time_total = 27 seconds, 870 milliseconds
│   wall_time_remaining = 10 seconds, 969 milliseconds
│   wall_time_spent = 16 seconds, 901 milliseconds
│   percent_complete = 60.6%
│   estimated_sypd = 16.975
│   instantaneous_sypd = 14.548
│   date_now = 2026-07-05T14:13:45.721
└   estimated_finish_date = 2026-07-05T14:13:56.721
┌ Info: Progress
│   simulation_time = 1 day, 7 hours
│   n_steps_completed = 3782
│   wall_time_per_step = 4 milliseconds, 910 microseconds
│   wall_time_total = 28 seconds, 282 milliseconds
│   wall_time_remaining = 9 seconds, 712 milliseconds
│   wall_time_spent = 18 seconds, 569 milliseconds
│   percent_complete = 65.7%
│   estimated_sypd = 16.728
│   instantaneous_sypd = 14.226
│   date_now = 2026-07-05T14:13:47.389
└   estimated_finish_date = 2026-07-05T14:13:57.389
┌ Info: Progress
│   simulation_time = 1 day, 9 hours
│   n_steps_completed = 4071
│   wall_time_per_step = 4 milliseconds, 984 microseconds
│   wall_time_total = 28 seconds, 710 milliseconds
│   wall_time_remaining = 8 seconds, 418 milliseconds
│   wall_time_spent = 20 seconds, 291 milliseconds
│   percent_complete = 70.7%
│   estimated_sypd = 16.478
│   instantaneous_sypd = 13.788
│   date_now = 2026-07-05T14:13:49.111
└   estimated_finish_date = 2026-07-05T14:13:58.111
┌ Info: Progress
│   simulation_time = 1 day, 10 hours
│   n_steps_completed = 4096
│   wall_time_per_step = 4 milliseconds, 994 microseconds
│   wall_time_total = 28 seconds, 766 milliseconds
│   wall_time_remaining = 8 seconds, 310 milliseconds
│   wall_time_spent = 20 seconds, 456 milliseconds
│   percent_complete = 71.1%
│   estimated_sypd = 16.446
│   instantaneous_sypd = 12.475
│   date_now = 2026-07-05T14:13:49.275
└   estimated_finish_date = 2026-07-05T14:13:58.275
┌ Info: Progress
│   simulation_time = 1 day, 12 hours
│   n_steps_completed = 4385
│   wall_time_per_step = 5 milliseconds, 82 microseconds
│   wall_time_total = 29 seconds, 277 milliseconds
│   wall_time_remaining = 6 seconds, 988 milliseconds
│   wall_time_spent = 22 seconds, 288 milliseconds
│   percent_complete = 76.1%
│   estimated_sypd = 16.159
│   instantaneous_sypd = 12.956
│   date_now = 2026-07-05T14:13:51.107
└   estimated_finish_date = 2026-07-05T14:13:58.107
┌ Info: Progress
│   simulation_time = 1 day, 14 hours
│   n_steps_completed = 4674
│   wall_time_per_step = 5 milliseconds, 162 microseconds
│   wall_time_total = 29 seconds, 736 milliseconds
│   wall_time_remaining = 5 seconds, 606 milliseconds
│   wall_time_spent = 24 seconds, 129 milliseconds
│   percent_complete = 81.1%
│   estimated_sypd = 15.91
│   instantaneous_sypd = 12.89
│   date_now = 2026-07-05T14:13:52.949
└   estimated_finish_date = 2026-07-05T14:13:58.949
┌ Info: Progress
│   simulation_time = 1 day, 17 hours
│   n_steps_completed = 4963
│   wall_time_per_step = 5 milliseconds, 240 microseconds
│   wall_time_total = 30 seconds, 187 milliseconds
│   wall_time_remaining = 4 seconds, 177 milliseconds
│   wall_time_spent = 26 seconds, 10 milliseconds
│   percent_complete = 86.2%
│   estimated_sypd = 15.672
│   instantaneous_sypd = 12.62
│   date_now = 2026-07-05T14:13:54.830
└   estimated_finish_date = 2026-07-05T14:13:59.830
┌ Info: Progress
│   simulation_time = 1 day, 19 hours
│   n_steps_completed = 5252
│   wall_time_per_step = 5 milliseconds, 330 microseconds
│   wall_time_total = 30 seconds, 704 milliseconds
│   wall_time_remaining = 2 seconds, 707 milliseconds
│   wall_time_spent = 27 seconds, 996 milliseconds
│   percent_complete = 91.2%
│   estimated_sypd = 15.408
│   instantaneous_sypd = 11.954
│   date_now = 2026-07-05T14:13:56.816
└   estimated_finish_date = 2026-07-05T14:13:59.816
┌ Info: Progress
│   simulation_time = 1 day, 22 hours
│   n_steps_completed = 5541
│   wall_time_per_step = 5 milliseconds, 418 microseconds
│   wall_time_total = 31 seconds, 208 milliseconds
│   wall_time_remaining = 1 second, 186 milliseconds
│   wall_time_spent = 30 seconds, 22 milliseconds
│   percent_complete = 96.2%
│   estimated_sypd = 15.159
│   instantaneous_sypd = 11.719
│   date_now = 2026-07-05T14:13:58.841
└   estimated_finish_date = 2026-07-05T14:14:00.841
[ Info: solve! walltime = 31.585
[ Info: sypd: 14.989
[ Info: wall_time_per_timestep: 5 milliseconds, 483 microseconds
[ Info: Memory currently used (after solve!) by the process (RSS): 8.98 GiB
[ Info: Completed member 3
┌ Info: Making AtmosConfig with config files: 
│      /home/jeff/larcform1-experiments/ClimaAtmos.jl/src/config/../../config/default_configs/default_config.yml
└   
┌ Info: numerics 
│          `energy_q_tot_upwinding`::`Val{:vanleer_limiter}`
│                `tracer_upwinding`::`Val{:vanleer_limiter}`
│       `edmfx_mse_q_tot_upwinding`::`Val{:first_order}`
│         `edmfx_sgsflux_upwinding`::`Val{:none}`
│          `edmfx_tracer_upwinding`::`Val{:first_order}`
│         `test_dycore_consistency`::`Nothing`
│            `reproducible_restart`::`Nothing`
│                         `limiter`::`Nothing`
│                       `diff_mode`::`ClimaAtmos.Implicit`
│                       `hyperdiff`::`Nothing`
└   
┌ Info: AtmosModel: 
│   
│                               `water`::`ClimaAtmos.AtmosWater{ClimaAtmos.NonEquilibriumMicrophysics1M, ClimaAtmos.QuadratureCloud, ClimaAtmos.Implicit, Nothing, ClimaAtmos.SGSQuadrature{3, StaticArraysCore.SVector{3, Float32}, StaticArraysCore.SVector{3, Float32}, ClimaAtmos.GaussianSGS, Float32}, ClimaAtmos.FixedTerminalVelocity{Float32}}`
│                           `scm_setup`::`ClimaAtmos.SCMSetup{Nothing, Nothing, Nothing, Bool, @NamedTuple{prof_ug::AtmosphericProfilesLibrary.ZProfile{AtmosphericProfilesLibrary.var"#Larcform1_geostrophic_u##0#Larcform1_geostrophic_u##1"{Float32}}, prof_vg::AtmosphericProfilesLibrary.ZProfile{Returns{Float32}}, coriolis_param::Float32}}`
│                           `radiation`::`ClimaAtmos.AtmosRadiation{ClimaAtmos.RRTMGPInterface.AllSkyRadiationWithClearSkyDiagnostics{ClimaAtmos.InteractiveCloudInRadiation}, ClimaAtmos.Larcform1Insolation}`
│                            `turbconv`::`ClimaAtmos.AtmosTurbconv{ClimaAtmos.EDMFXModel{ClimaAtmos.InvZEntrainment, ClimaAtmos.BuoyancyVelocityDetrainment, Val{true}, Val{true}, Val{true}, Val{true}, Val{true}, ClimaAtmos.SmoothMinimumBlending}, ClimaAtmos.PrognosticEDMFX{1, true, Float32}, Nothing, Nothing, Nothing}`
│                     `prescribed_flow`::`Nothing`
│                        `gravity_wave`::`ClimaAtmos.AtmosGravityWave{Nothing, Nothing}`
│                  `vertical_diffusion`::`Nothing`
│                              `sponge`::`ClimaAtmos.AtmosSponge{Nothing, Nothing}`
│                             `surface`::`ClimaAtmos.AtmosSurface{ClimaAtmos.SurfaceConditions.MoninObukhov{Float32, Nothing, Nothing}, ClimaAtmos.SurfaceConditions.SlabOceanTemperature{Float32}, ClimaAtmos.SurfaceConditions.SurfaceBoundaryOverrides{Float32, Float32, Nothing, Nothing, Nothing, Nothing}, ClimaAtmos.ConstantAlbedo{Float32}}`
│                            `numerics`::`ClimaAtmos.AtmosNumerics{Val{:vanleer_limiter}, Val{:vanleer_limiter}, Val{:first_order}, Val{:none}, Val{:first_order}, Nothing, Nothing, Nothing, ClimaAtmos.Implicit, Nothing}`
│                           `chemistry`::`ClimaAtmos.AtmosChem{Nothing}`
└   
┌ Info: Microphysics settings: 
│                          `n_substeps`::`3`
│                     `n_substeps_quad`::`2`
│              `cloud_liquid_formation`::`CloudLiquidFormation`
│                 `cloud_ice_formation`::`TemperatureDependent`
│                      `cloud_ice_melt`::`CloudIceMelt`
│                 `rain_autoconversion`::`Kessler1M`
│                 `snow_autoconversion`::`NoSupersaturation`
│       `rain_condensation_evaporation`::`RainEvaporation`
│         `snow_deposition_sublimation`::`DepositionAndSublimation`
│                           `snow_melt`::`SnowMelt`
│         `cloud_liquid_rain_accretion`::`CloudLiquidRainAccretion`
│         `cloud_liquid_snow_accretion`::`CloudLiquidSnowAccretion`
│            `cloud_ice_rain_accretion`::`CloudIceRainAccretion`
│            `cloud_ice_snow_accretion`::`CloudIceSnowAccretion`
│                 `rain_snow_accretion`::`RainSnowAccretion`
└   
[ Info: Single-process ClimaAtmos run on CPUSingleThreaded
[ Info: Using ODE config: `ClimaTimeSteppers.ARS222`
[ Info: Initialized state (79.162 μs, 7.76 KiB)
[ Info: Built cache (227.352 ms, 172.6 MiB)
[ Info: Assembled callbacks (122.793 μs, 17.42 KiB)
┌ Info: Jacobian algorithm: ManualSparseJacobian(
│     approximate_solve_iters = 2,
└   )
[ Info: Jacobian derivative flags: topography_flag = IgnoreDerivative, diffusion_flag = UseDerivative
[ Info: Built tendency function (206.065 μs, 201.06 KiB)
[ Info: Initialized integrator (8.345 ms, 169.03 KiB)
[ Info: Added 7 user-provided YAML-style diagnostics
[ Info: Saving accumulated diagnostics to disk with frequency: 1 hour
[ Info: Set up diagnostics (494.392 μs, 103.66 KiB)
[ Info: Initialized 7 total diagnostics
