┌ Info: Simulation info
│   job_id = lf1e_clw_cal_member
└   output_dir = /home/jeff/larcform1-experiments/experiments/clw calibration/output/uki_1/iteration_006/member_011/output_0000
┌ Info: Running
│   job_id = lf1e_clw_cal_member
│   output_dir = /home/jeff/larcform1-experiments/experiments/clw calibration/output/uki_1/iteration_006/member_011/output_0000
└   tspan = (0.0 seconds (2010-01-01T00:00:00) [counter = 0, period = 1 second, epoch = 2010-01-01T00:00:00], 172800.0 seconds (2010-01-03T00:00:00) [counter = 172800, period = 1 second, epoch = 2010-01-01T00:00:00])
┌ Info: Progress
│   simulation_time = 30 seconds
│   n_steps_completed = 1
│   wall_time_per_step = 0 seconds
│   wall_time_total = 0 seconds
│   wall_time_remaining = 0 seconds
│   wall_time_spent = 0 seconds
│   percent_complete = 0.0%
│   estimated_sypd = Inf
│   instantaneous_sypd = 0.0 (sdpd_estimate = 0.0)
│   date_now = 2026-07-05T16:57:32.835
└   estimated_finish_date = 2026-07-05T16:57:32.835
┌ Info: Progress
│   simulation_time = 1 minute
│   n_steps_completed = 2
│   wall_time_per_step = 0 seconds
│   wall_time_total = 0 seconds
│   wall_time_remaining = 0 seconds
│   wall_time_spent = 0 seconds
│   percent_complete = 0.0%
│   estimated_sypd = Inf
│   instantaneous_sypd = 0.034
│   date_now = 2026-07-05T16:57:35.271
└   estimated_finish_date = 2026-07-05T16:57:35.271
┌ Info: Progress
│   simulation_time = 2 minutes
│   n_steps_completed = 4
│   wall_time_per_step = 4 milliseconds, 441 microseconds
│   wall_time_total = 25 seconds, 583 milliseconds
│   wall_time_remaining = 25 seconds, 565 milliseconds
│   wall_time_spent = 17 milliseconds, 765 microseconds
│   percent_complete = 0.1%
│   estimated_sypd = 18.493
│   instantaneous_sypd = 18.493
│   date_now = 2026-07-05T16:57:35.280
└   estimated_finish_date = 2026-07-05T16:58:01.280
┌ Info: Progress
│   simulation_time = 4 minutes
│   n_steps_completed = 8
│   wall_time_per_step = 4 milliseconds, 206 microseconds
│   wall_time_total = 24 seconds, 230 milliseconds
│   wall_time_remaining = 24 seconds, 197 milliseconds
│   wall_time_spent = 33 milliseconds, 653 microseconds
│   percent_complete = 0.1%
│   estimated_sypd = 19.525
│   instantaneous_sypd = 20.679
│   date_now = 2026-07-05T16:57:35.296
└   estimated_finish_date = 2026-07-05T16:58:00.296
┌ Info: Progress
│   simulation_time = 8 minutes
│   n_steps_completed = 16
│   wall_time_per_step = 3 milliseconds, 970 microseconds
│   wall_time_total = 22 seconds, 869 milliseconds
│   wall_time_remaining = 22 seconds, 805 milliseconds
│   wall_time_spent = 63 milliseconds, 526 microseconds
│   percent_complete = 0.3%
│   estimated_sypd = 20.687
│   instantaneous_sypd = 21.997
│   date_now = 2026-07-05T16:57:35.326
└   estimated_finish_date = 2026-07-05T16:57:58.326
┌ Info: Progress
│   simulation_time = 16 minutes
│   n_steps_completed = 32
│   wall_time_per_step = 3 milliseconds, 844 microseconds
│   wall_time_total = 22 seconds, 142 milliseconds
│   wall_time_remaining = 22 seconds, 19 milliseconds
│   wall_time_spent = 123 milliseconds, 13 microseconds
│   percent_complete = 0.6%
│   estimated_sypd = 21.366
│   instantaneous_sypd = 22.092
│   date_now = 2026-07-05T16:57:35.385
└   estimated_finish_date = 2026-07-05T16:57:58.385
┌ Info: Progress
│   simulation_time = 32 minutes
│   n_steps_completed = 64
│   wall_time_per_step = 3 milliseconds, 917 microseconds
│   wall_time_total = 22 seconds, 564 milliseconds
│   wall_time_remaining = 22 seconds, 314 milliseconds
│   wall_time_spent = 250 milliseconds, 722 microseconds
│   percent_complete = 1.1%
│   estimated_sypd = 20.966
│   instantaneous_sypd = 20.581
│   date_now = 2026-07-05T16:57:35.513
└   estimated_finish_date = 2026-07-05T16:57:58.513
┌ Info: Progress
│   simulation_time = 1 hour, 4 minutes
│   n_steps_completed = 128
│   wall_time_per_step = 4 milliseconds, 43 microseconds
│   wall_time_total = 23 seconds, 289 milliseconds
│   wall_time_remaining = 22 seconds, 771 milliseconds
│   wall_time_spent = 517 milliseconds, 545 microseconds
│   percent_complete = 2.2%
│   estimated_sypd = 20.314
│   instantaneous_sypd = 19.701
│   date_now = 2026-07-05T16:57:35.780
└   estimated_finish_date = 2026-07-05T16:57:58.780
┌ Info: Progress
│   simulation_time = 2 hours, 8 minutes
│   n_steps_completed = 256
│   wall_time_per_step = 4 milliseconds, 2 microseconds
│   wall_time_total = 23 seconds, 54 milliseconds
│   wall_time_remaining = 22 seconds, 29 milliseconds
│   wall_time_spent = 1 second, 24 milliseconds
│   percent_complete = 4.4%
│   estimated_sypd = 20.521
│   instantaneous_sypd = 20.732
│   date_now = 2026-07-05T16:57:36.287
└   estimated_finish_date = 2026-07-05T16:57:59.287
┌ Info: Progress
│   simulation_time = 4 hours, 16 minutes
│   n_steps_completed = 512
│   wall_time_per_step = 4 milliseconds, 22 microseconds
│   wall_time_total = 23 seconds, 167 milliseconds
│   wall_time_remaining = 21 seconds, 108 milliseconds
│   wall_time_spent = 2 seconds, 59 milliseconds
│   percent_complete = 8.9%
│   estimated_sypd = 20.421
│   instantaneous_sypd = 20.322
│   date_now = 2026-07-05T16:57:37.321
└   estimated_finish_date = 2026-07-05T16:57:59.321
┌ Info: Progress
│   simulation_time = 6 hours, 40 minutes
│   n_steps_completed = 801
│   wall_time_per_step = 4 milliseconds, 84 microseconds
│   wall_time_total = 23 seconds, 523 milliseconds
│   wall_time_remaining = 20 seconds, 252 milliseconds
│   wall_time_spent = 3 seconds, 271 milliseconds
│   percent_complete = 13.9%
│   estimated_sypd = 20.111
│   instantaneous_sypd = 19.586
│   date_now = 2026-07-05T16:57:38.534
└   estimated_finish_date = 2026-07-05T16:57:59.533
┌ Info: Progress
│   simulation_time = 8 hours, 32 minutes
│   n_steps_completed = 1024
│   wall_time_per_step = 4 milliseconds, 134 microseconds
│   wall_time_total = 23 seconds, 815 milliseconds
│   wall_time_remaining = 19 seconds, 581 milliseconds
│   wall_time_spent = 4 seconds, 233 milliseconds
│   percent_complete = 17.8%
│   estimated_sypd = 19.865
│   instantaneous_sypd = 19.029
│   date_now = 2026-07-05T16:57:39.496
└   estimated_finish_date = 2026-07-05T16:57:59.496
┌ Info: Progress
│   simulation_time = 10 hours, 56 minutes
│   n_steps_completed = 1313
│   wall_time_per_step = 4 milliseconds, 201 microseconds
│   wall_time_total = 24 seconds, 201 milliseconds
│   wall_time_remaining = 18 seconds, 684 milliseconds
│   wall_time_spent = 5 seconds, 516 milliseconds
│   percent_complete = 22.8%
│   estimated_sypd = 19.549
│   instantaneous_sypd = 18.504
│   date_now = 2026-07-05T16:57:40.779
└   estimated_finish_date = 2026-07-05T16:57:59.779
┌ Info: Progress
│   simulation_time = 13 hours, 21 minutes
│   n_steps_completed = 1602
│   wall_time_per_step = 4 milliseconds, 279 microseconds
│   wall_time_total = 24 seconds, 651 milliseconds
│   wall_time_remaining = 17 seconds, 795 milliseconds
│   wall_time_spent = 6 seconds, 856 milliseconds
│   percent_complete = 27.8%
│   estimated_sypd = 19.191
│   instantaneous_sypd = 17.719
│   date_now = 2026-07-05T16:57:42.118
└   estimated_finish_date = 2026-07-05T16:58:00.118
┌ Info: Progress
│   simulation_time = 15 hours, 45 minutes
│   n_steps_completed = 1891
│   wall_time_per_step = 4 milliseconds, 356 microseconds
│   wall_time_total = 25 seconds, 95 milliseconds
│   wall_time_remaining = 16 seconds, 856 milliseconds
│   wall_time_spent = 8 seconds, 238 milliseconds
│   percent_complete = 32.8%
│   estimated_sypd = 18.852
│   instantaneous_sypd = 17.171
│   date_now = 2026-07-05T16:57:43.501
└   estimated_finish_date = 2026-07-05T16:58:00.501
┌ Info: Progress
│   simulation_time = 17 hours, 4 minutes
│   n_steps_completed = 2048
│   wall_time_per_step = 4 milliseconds, 400 microseconds
│   wall_time_total = 25 seconds, 349 milliseconds
│   wall_time_remaining = 16 seconds, 336 milliseconds
│   wall_time_spent = 9 seconds, 13 milliseconds
│   percent_complete = 35.6%
│   estimated_sypd = 18.663
│   instantaneous_sypd = 16.653
│   date_now = 2026-07-05T16:57:44.275
└   estimated_finish_date = 2026-07-05T16:58:01.275
┌ Info: Progress
│   simulation_time = 19 hours, 28 minutes
│   n_steps_completed = 2337
│   wall_time_per_step = 4 milliseconds, 472 microseconds
│   wall_time_total = 25 seconds, 761 milliseconds
│   wall_time_remaining = 15 seconds, 309 milliseconds
│   wall_time_spent = 10 seconds, 452 milliseconds
│   percent_complete = 40.6%
│   estimated_sypd = 18.364
│   instantaneous_sypd = 16.492
│   date_now = 2026-07-05T16:57:45.714
└   estimated_finish_date = 2026-07-05T16:58:01.714
┌ Info: Progress
│   simulation_time = 21 hours, 53 minutes
│   n_steps_completed = 2626
│   wall_time_per_step = 4 milliseconds, 545 microseconds
│   wall_time_total = 26 seconds, 179 milliseconds
│   wall_time_remaining = 14 seconds, 244 milliseconds
│   wall_time_spent = 11 seconds, 935 milliseconds
│   percent_complete = 45.6%
│   estimated_sypd = 18.071
│   instantaneous_sypd = 16.006
│   date_now = 2026-07-05T16:57:47.197
└   estimated_finish_date = 2026-07-05T16:58:02.197
┌ Info: Progress
│   simulation_time = 1 day, 17 minutes
│   n_steps_completed = 2915
│   wall_time_per_step = 4 milliseconds, 661 microseconds
│   wall_time_total = 26 seconds, 847 milliseconds
│   wall_time_remaining = 13 seconds, 260 milliseconds
│   wall_time_spent = 13 seconds, 586 milliseconds
│   percent_complete = 50.6%
│   estimated_sypd = 17.622
│   instantaneous_sypd = 14.372
│   date_now = 2026-07-05T16:57:48.849
└   estimated_finish_date = 2026-07-05T16:58:02.849
┌ Info: Progress
│   simulation_time = 1 day, 2 hours
│   n_steps_completed = 3204
│   wall_time_per_step = 4 milliseconds, 722 microseconds
│   wall_time_total = 27 seconds, 204 milliseconds
│   wall_time_remaining = 12 seconds, 71 milliseconds
│   wall_time_spent = 15 seconds, 132 milliseconds
│   percent_complete = 55.6%
│   estimated_sypd = 17.391
│   instantaneous_sypd = 15.36
│   date_now = 2026-07-05T16:57:50.394
└   estimated_finish_date = 2026-07-05T16:58:03.394
┌ Info: Progress
│   simulation_time = 1 day, 5 hours
│   n_steps_completed = 3493
│   wall_time_per_step = 4 milliseconds, 788 microseconds
│   wall_time_total = 27 seconds, 579 milliseconds
│   wall_time_remaining = 10 seconds, 854 milliseconds
│   wall_time_spent = 16 seconds, 724 milliseconds
│   percent_complete = 60.6%
│   estimated_sypd = 17.154
│   instantaneous_sypd = 14.907
│   date_now = 2026-07-05T16:57:51.987
└   estimated_finish_date = 2026-07-05T16:58:02.987
┌ Info: Progress
│   simulation_time = 1 day, 7 hours
│   n_steps_completed = 3782
│   wall_time_per_step = 4 milliseconds, 849 microseconds
│   wall_time_total = 27 seconds, 934 milliseconds
│   wall_time_remaining = 9 seconds, 592 milliseconds
│   wall_time_spent = 18 seconds, 341 milliseconds
│   percent_complete = 65.7%
│   estimated_sypd = 16.936
│   instantaneous_sypd = 14.679
│   date_now = 2026-07-05T16:57:53.604
└   estimated_finish_date = 2026-07-05T16:58:03.604
┌ Info: Progress
│   simulation_time = 1 day, 9 hours
│   n_steps_completed = 4071
│   wall_time_per_step = 4 milliseconds, 930 microseconds
│   wall_time_total = 28 seconds, 398 milliseconds
│   wall_time_remaining = 8 seconds, 327 milliseconds
│   wall_time_spent = 20 seconds, 71 milliseconds
│   percent_complete = 70.7%
│   estimated_sypd = 16.659
│   instantaneous_sypd = 13.722
│   date_now = 2026-07-05T16:57:55.334
└   estimated_finish_date = 2026-07-05T16:58:04.334
┌ Info: Progress
│   simulation_time = 1 day, 10 hours
│   n_steps_completed = 4096
│   wall_time_per_step = 4 milliseconds, 937 microseconds
│   wall_time_total = 28 seconds, 441 milliseconds
│   wall_time_remaining = 8 seconds, 216 milliseconds
│   wall_time_spent = 20 seconds, 225 milliseconds
│   percent_complete = 71.1%
│   estimated_sypd = 16.634
│   instantaneous_sypd = 13.356
│   date_now = 2026-07-05T16:57:55.488
└   estimated_finish_date = 2026-07-05T16:58:04.487
┌ Info: Progress
│   simulation_time = 1 day, 12 hours
│   n_steps_completed = 4385
│   wall_time_per_step = 5 milliseconds, 1 microsecond
│   wall_time_total = 28 seconds, 810 milliseconds
│   wall_time_remaining = 6 seconds, 877 milliseconds
│   wall_time_spent = 21 seconds, 932 milliseconds
│   percent_complete = 76.1%
│   estimated_sypd = 16.421
│   instantaneous_sypd = 13.901
│   date_now = 2026-07-05T16:57:57.195
└   estimated_finish_date = 2026-07-05T16:58:04.195
┌ Info: Progress
│   simulation_time = 1 day, 14 hours
│   n_steps_completed = 4674
│   wall_time_per_step = 5 milliseconds, 63 microseconds
│   wall_time_total = 29 seconds, 168 milliseconds
│   wall_time_remaining = 5 seconds, 499 milliseconds
│   wall_time_spent = 23 seconds, 668 milliseconds
│   percent_complete = 81.1%
│   estimated_sypd = 16.22
│   instantaneous_sypd = 13.674
│   date_now = 2026-07-05T16:57:58.931
└   estimated_finish_date = 2026-07-05T16:58:04.931
┌ Info: Progress
│   simulation_time = 1 day, 17 hours
│   n_steps_completed = 4963
│   wall_time_per_step = 5 milliseconds, 139 microseconds
│   wall_time_total = 29 seconds, 601 milliseconds
│   wall_time_remaining = 4 seconds, 95 milliseconds
│   wall_time_spent = 25 seconds, 505 milliseconds
│   percent_complete = 86.2%
│   estimated_sypd = 15.982
│   instantaneous_sypd = 12.925
│   date_now = 2026-07-05T16:58:00.768
└   estimated_finish_date = 2026-07-05T16:58:05.768
┌ Info: Progress
│   simulation_time = 1 day, 19 hours
│   n_steps_completed = 5252
│   wall_time_per_step = 5 milliseconds, 200 microseconds
│   wall_time_total = 29 seconds, 952 milliseconds
│   wall_time_remaining = 2 seconds, 641 milliseconds
│   wall_time_spent = 27 seconds, 310 milliseconds
│   percent_complete = 91.2%
│   estimated_sypd = 15.795
│   instantaneous_sypd = 13.15
│   date_now = 2026-07-05T16:58:02.573
└   estimated_finish_date = 2026-07-05T16:58:05.573
┌ Info: Progress
│   simulation_time = 1 day, 22 hours
│   n_steps_completed = 5541
│   wall_time_per_step = 5 milliseconds, 267 microseconds
│   wall_time_total = 30 seconds, 342 milliseconds
│   wall_time_remaining = 1 second, 153 milliseconds
│   wall_time_spent = 29 seconds, 189 milliseconds
│   percent_complete = 96.2%
│   estimated_sypd = 15.592
│   instantaneous_sypd = 12.634
│   date_now = 2026-07-05T16:58:04.451
└   estimated_finish_date = 2026-07-05T16:58:06.451
[ Info: solve! walltime = 30.596
[ Info: sypd: 15.473
[ Info: wall_time_per_timestep: 5 milliseconds, 311 microseconds
[ Info: Memory currently used (after solve!) by the process (RSS): 8.68 GiB
[ Info: Completed member 11
┌ Info: Making AtmosConfig with config files: 
│      /home/jeff/larcform1-experiments/ClimaAtmos.jl/src/config/../../config/default_configs/default_config.yml
└   
┌ Info: numerics 
│          `energy_q_tot_upwinding`::`Val{:vanleer_limiter}`
│                `tracer_upwinding`::`Val{:vanleer_limiter}`
│       `edmfx_mse_q_tot_upwinding`::`Val{:first_order}`
│         `edmfx_sgsflux_upwinding`::`Val{:none}`
│          `edmfx_tracer_upwinding`::`Val{:first_order}`
│         `test_dycore_consistency`::`Nothing`
│            `reproducible_restart`::`Nothing`
│                         `limiter`::`Nothing`
│                       `diff_mode`::`ClimaAtmos.Implicit`
│                       `hyperdiff`::`Nothing`
└   
┌ Info: AtmosModel: 
│   
│                               `water`::`ClimaAtmos.AtmosWater{ClimaAtmos.NonEquilibriumMicrophysics1M, ClimaAtmos.QuadratureCloud, ClimaAtmos.Implicit, Nothing, ClimaAtmos.SGSQuadrature{3, StaticArraysCore.SVector{3, Float32}, StaticArraysCore.SVector{3, Float32}, ClimaAtmos.GaussianSGS, Float32}, ClimaAtmos.FixedTerminalVelocity{Float32}}`
│                           `scm_setup`::`ClimaAtmos.SCMSetup{Nothing, Nothing, Nothing, Bool, @NamedTuple{prof_ug::AtmosphericProfilesLibrary.ZProfile{AtmosphericProfilesLibrary.var"#Larcform1_geostrophic_u##0#Larcform1_geostrophic_u##1"{Float32}}, prof_vg::AtmosphericProfilesLibrary.ZProfile{Returns{Float32}}, coriolis_param::Float32}}`
│                           `radiation`::`ClimaAtmos.AtmosRadiation{ClimaAtmos.RRTMGPInterface.AllSkyRadiationWithClearSkyDiagnostics{ClimaAtmos.InteractiveCloudInRadiation}, ClimaAtmos.Larcform1Insolation}`
│                            `turbconv`::`ClimaAtmos.AtmosTurbconv{ClimaAtmos.EDMFXModel{ClimaAtmos.InvZEntrainment, ClimaAtmos.BuoyancyVelocityDetrainment, Val{true}, Val{true}, Val{true}, Val{true}, Val{true}, ClimaAtmos.SmoothMinimumBlending}, ClimaAtmos.PrognosticEDMFX{1, true, Float32}, Nothing, Nothing, Nothing}`
│                     `prescribed_flow`::`Nothing`
│                        `gravity_wave`::`ClimaAtmos.AtmosGravityWave{Nothing, Nothing}`
│                  `vertical_diffusion`::`Nothing`
│                              `sponge`::`ClimaAtmos.AtmosSponge{Nothing, Nothing}`
│                             `surface`::`ClimaAtmos.AtmosSurface{ClimaAtmos.SurfaceConditions.MoninObukhov{Float32, Nothing, Nothing}, ClimaAtmos.SurfaceConditions.SlabOceanTemperature{Float32}, ClimaAtmos.SurfaceConditions.SurfaceBoundaryOverrides{Float32, Float32, Nothing, Nothing, Nothing, Nothing}, ClimaAtmos.ConstantAlbedo{Float32}}`
│                            `numerics`::`ClimaAtmos.AtmosNumerics{Val{:vanleer_limiter}, Val{:vanleer_limiter}, Val{:first_order}, Val{:none}, Val{:first_order}, Nothing, Nothing, Nothing, ClimaAtmos.Implicit, Nothing}`
│                           `chemistry`::`ClimaAtmos.AtmosChem{Nothing}`
└   
┌ Info: Microphysics settings: 
│                          `n_substeps`::`3`
│                     `n_substeps_quad`::`2`
│              `cloud_liquid_formation`::`CloudLiquidFormation`
│                 `cloud_ice_formation`::`TemperatureDependent`
│                      `cloud_ice_melt`::`CloudIceMelt`
│                 `rain_autoconversion`::`Kessler1M`
│                 `snow_autoconversion`::`NoSupersaturation`
│       `rain_condensation_evaporation`::`RainEvaporation`
│         `snow_deposition_sublimation`::`DepositionAndSublimation`
│                           `snow_melt`::`SnowMelt`
│         `cloud_liquid_rain_accretion`::`CloudLiquidRainAccretion`
│         `cloud_liquid_snow_accretion`::`CloudLiquidSnowAccretion`
│            `cloud_ice_rain_accretion`::`CloudIceRainAccretion`
│            `cloud_ice_snow_accretion`::`CloudIceSnowAccretion`
│                 `rain_snow_accretion`::`RainSnowAccretion`
└   
[ Info: Single-process ClimaAtmos run on CPUSingleThreaded
[ Info: Using ODE config: `ClimaTimeSteppers.ARS222`
[ Info: Initialized state (51.931 μs, 7.76 KiB)
[ Info: Built cache (192.316 ms, 172.6 MiB)
[ Info: Assembled callbacks (207.456 μs, 17.42 KiB)
┌ Info: Jacobian algorithm: ManualSparseJacobian(
│     approximate_solve_iters = 2,
└   )
[ Info: Jacobian derivative flags: topography_flag = IgnoreDerivative, diffusion_flag = UseDerivative
[ Info: Built tendency function (197.375 μs, 201.06 KiB)
[ Info: Initialized integrator (8.247 ms, 169.03 KiB)
[ Info: Added 7 user-provided YAML-style diagnostics
[ Info: Saving accumulated diagnostics to disk with frequency: 1 hour
[ Info: Set up diagnostics (429.811 μs, 103.66 KiB)
[ Info: Initialized 7 total diagnostics
