┌ Info: Simulation info
│   job_id = lf1e_clw_cal_member
└   output_dir = /home/jeff/larcform1-experiments/experiments/clw calibration/output/uki_1/iteration_003/member_012/output_0000
┌ Info: Running
│   job_id = lf1e_clw_cal_member
│   output_dir = /home/jeff/larcform1-experiments/experiments/clw calibration/output/uki_1/iteration_003/member_012/output_0000
└   tspan = (0.0 seconds (2010-01-01T00:00:00) [counter = 0, period = 1 second, epoch = 2010-01-01T00:00:00], 172800.0 seconds (2010-01-03T00:00:00) [counter = 172800, period = 1 second, epoch = 2010-01-01T00:00:00])
┌ Info: Progress
│   simulation_time = 30 seconds
│   n_steps_completed = 1
│   wall_time_per_step = 0 seconds
│   wall_time_total = 0 seconds
│   wall_time_remaining = 0 seconds
│   wall_time_spent = 0 seconds
│   percent_complete = 0.0%
│   estimated_sypd = Inf
│   instantaneous_sypd = 0.0 (sdpd_estimate = 0.0)
│   date_now = 2026-07-05T16:35:41.713
└   estimated_finish_date = 2026-07-05T16:35:41.713
┌ Info: Progress
│   simulation_time = 1 minute
│   n_steps_completed = 2
│   wall_time_per_step = 0 seconds
│   wall_time_total = 0 seconds
│   wall_time_remaining = 0 seconds
│   wall_time_spent = 0 seconds
│   percent_complete = 0.0%
│   estimated_sypd = Inf
│   instantaneous_sypd = 0.032
│   date_now = 2026-07-05T16:35:44.303
└   estimated_finish_date = 2026-07-05T16:35:44.303
┌ Info: Progress
│   simulation_time = 2 minutes
│   n_steps_completed = 4
│   wall_time_per_step = 4 milliseconds, 734 microseconds
│   wall_time_total = 27 seconds, 273 milliseconds
│   wall_time_remaining = 27 seconds, 254 milliseconds
│   wall_time_spent = 18 milliseconds, 939 microseconds
│   percent_complete = 0.1%
│   estimated_sypd = 17.346
│   instantaneous_sypd = 17.346
│   date_now = 2026-07-05T16:35:44.312
└   estimated_finish_date = 2026-07-05T16:36:12.312
┌ Info: Progress
│   simulation_time = 4 minutes
│   n_steps_completed = 8
│   wall_time_per_step = 4 milliseconds, 437 microseconds
│   wall_time_total = 25 seconds, 557 milliseconds
│   wall_time_remaining = 25 seconds, 522 milliseconds
│   wall_time_spent = 35 milliseconds, 496 microseconds
│   percent_complete = 0.1%
│   estimated_sypd = 18.511
│   instantaneous_sypd = 19.843
│   date_now = 2026-07-05T16:35:44.329
└   estimated_finish_date = 2026-07-05T16:36:10.329
┌ Info: Progress
│   simulation_time = 8 minutes
│   n_steps_completed = 16
│   wall_time_per_step = 4 milliseconds, 138 microseconds
│   wall_time_total = 23 seconds, 839 milliseconds
│   wall_time_remaining = 23 seconds, 773 milliseconds
│   wall_time_spent = 66 milliseconds, 220 microseconds
│   percent_complete = 0.3%
│   estimated_sypd = 19.845
│   instantaneous_sypd = 21.387
│   date_now = 2026-07-05T16:35:44.359
└   estimated_finish_date = 2026-07-05T16:36:08.359
┌ Info: Progress
│   simulation_time = 16 minutes
│   n_steps_completed = 32
│   wall_time_per_step = 4 milliseconds, 29 microseconds
│   wall_time_total = 23 seconds, 212 milliseconds
│   wall_time_remaining = 23 seconds, 83 milliseconds
│   wall_time_spent = 128 milliseconds, 957 microseconds
│   percent_complete = 0.6%
│   estimated_sypd = 20.381
│   instantaneous_sypd = 20.947
│   date_now = 2026-07-05T16:35:44.422
└   estimated_finish_date = 2026-07-05T16:36:08.422
┌ Info: Progress
│   simulation_time = 32 minutes
│   n_steps_completed = 64
│   wall_time_per_step = 4 milliseconds, 27 microseconds
│   wall_time_total = 23 seconds, 200 milliseconds
│   wall_time_remaining = 22 seconds, 942 milliseconds
│   wall_time_spent = 257 milliseconds, 781 microseconds
│   percent_complete = 1.1%
│   estimated_sypd = 20.392
│   instantaneous_sypd = 20.403
│   date_now = 2026-07-05T16:35:44.551
└   estimated_finish_date = 2026-07-05T16:36:07.551
┌ Info: Progress
│   simulation_time = 1 hour, 4 minutes
│   n_steps_completed = 128
│   wall_time_per_step = 4 milliseconds, 139 microseconds
│   wall_time_total = 23 seconds, 845 milliseconds
│   wall_time_remaining = 23 seconds, 315 milliseconds
│   wall_time_spent = 529 milliseconds, 898 microseconds
│   percent_complete = 2.2%
│   estimated_sypd = 19.84
│   instantaneous_sypd = 19.318
│   date_now = 2026-07-05T16:35:44.823
└   estimated_finish_date = 2026-07-05T16:36:08.823
┌ Info: Progress
│   simulation_time = 2 hours, 8 minutes
│   n_steps_completed = 256
│   wall_time_per_step = 4 milliseconds, 92 microseconds
│   wall_time_total = 23 seconds, 573 milliseconds
│   wall_time_remaining = 22 seconds, 525 milliseconds
│   wall_time_spent = 1 second, 47 milliseconds
│   percent_complete = 4.4%
│   estimated_sypd = 20.069
│   instantaneous_sypd = 20.303
│   date_now = 2026-07-05T16:35:45.341
└   estimated_finish_date = 2026-07-05T16:36:08.341
┌ Info: Progress
│   simulation_time = 4 hours, 16 minutes
│   n_steps_completed = 512
│   wall_time_per_step = 4 milliseconds, 143 microseconds
│   wall_time_total = 23 seconds, 865 milliseconds
│   wall_time_remaining = 21 seconds, 744 milliseconds
│   wall_time_spent = 2 seconds, 121 milliseconds
│   percent_complete = 8.9%
│   estimated_sypd = 19.823
│   instantaneous_sypd = 19.584
│   date_now = 2026-07-05T16:35:46.415
└   estimated_finish_date = 2026-07-05T16:36:08.415
┌ Info: Progress
│   simulation_time = 6 hours, 40 minutes
│   n_steps_completed = 801
│   wall_time_per_step = 4 milliseconds, 194 microseconds
│   wall_time_total = 24 seconds, 159 milliseconds
│   wall_time_remaining = 20 seconds, 800 milliseconds
│   wall_time_spent = 3 seconds, 359 milliseconds
│   percent_complete = 13.9%
│   estimated_sypd = 19.582
│   instantaneous_sypd = 19.169
│   date_now = 2026-07-05T16:35:47.653
└   estimated_finish_date = 2026-07-05T16:36:08.653
┌ Info: Progress
│   simulation_time = 8 hours, 32 minutes
│   n_steps_completed = 1024
│   wall_time_per_step = 4 milliseconds, 245 microseconds
│   wall_time_total = 24 seconds, 453 milliseconds
│   wall_time_remaining = 20 seconds, 105 milliseconds
│   wall_time_spent = 4 seconds, 347 milliseconds
│   percent_complete = 17.8%
│   estimated_sypd = 19.347
│   instantaneous_sypd = 18.549
│   date_now = 2026-07-05T16:35:48.641
└   estimated_finish_date = 2026-07-05T16:36:09.641
┌ Info: Progress
│   simulation_time = 10 hours, 56 minutes
│   n_steps_completed = 1313
│   wall_time_per_step = 4 milliseconds, 319 microseconds
│   wall_time_total = 24 seconds, 881 milliseconds
│   wall_time_remaining = 19 seconds, 209 milliseconds
│   wall_time_spent = 5 seconds, 671 milliseconds
│   percent_complete = 22.8%
│   estimated_sypd = 19.014
│   instantaneous_sypd = 17.92
│   date_now = 2026-07-05T16:35:49.965
└   estimated_finish_date = 2026-07-05T16:36:09.965
┌ Info: Progress
│   simulation_time = 13 hours, 21 minutes
│   n_steps_completed = 1602
│   wall_time_per_step = 4 milliseconds, 394 microseconds
│   wall_time_total = 25 seconds, 311 milliseconds
│   wall_time_remaining = 18 seconds, 271 milliseconds
│   wall_time_spent = 7 seconds, 39 milliseconds
│   percent_complete = 27.8%
│   estimated_sypd = 18.691
│   instantaneous_sypd = 17.353
│   date_now = 2026-07-05T16:35:51.333
└   estimated_finish_date = 2026-07-05T16:36:10.333
┌ Info: Progress
│   simulation_time = 15 hours, 45 minutes
│   n_steps_completed = 1891
│   wall_time_per_step = 4 milliseconds, 471 microseconds
│   wall_time_total = 25 seconds, 758 milliseconds
│   wall_time_remaining = 17 seconds, 302 milliseconds
│   wall_time_spent = 8 seconds, 456 milliseconds
│   percent_complete = 32.8%
│   estimated_sypd = 18.367
│   instantaneous_sypd = 16.754
│   date_now = 2026-07-05T16:35:52.750
└   estimated_finish_date = 2026-07-05T16:36:10.750
┌ Info: Progress
│   simulation_time = 17 hours, 4 minutes
│   n_steps_completed = 2048
│   wall_time_per_step = 4 milliseconds, 519 microseconds
│   wall_time_total = 26 seconds, 32 milliseconds
│   wall_time_remaining = 16 seconds, 776 milliseconds
│   wall_time_spent = 9 seconds, 255 milliseconds
│   percent_complete = 35.6%
│   estimated_sypd = 18.174
│   instantaneous_sypd = 16.133
│   date_now = 2026-07-05T16:35:53.549
└   estimated_finish_date = 2026-07-05T16:36:10.549
┌ Info: Progress
│   simulation_time = 19 hours, 28 minutes
│   n_steps_completed = 2337
│   wall_time_per_step = 4 milliseconds, 586 microseconds
│   wall_time_total = 26 seconds, 417 milliseconds
│   wall_time_remaining = 15 seconds, 699 milliseconds
│   wall_time_spent = 10 seconds, 718 milliseconds
│   percent_complete = 40.6%
│   estimated_sypd = 17.908
│   instantaneous_sypd = 16.229
│   date_now = 2026-07-05T16:35:55.012
└   estimated_finish_date = 2026-07-05T16:36:11.012
┌ Info: Progress
│   simulation_time = 21 hours, 53 minutes
│   n_steps_completed = 2626
│   wall_time_per_step = 4 milliseconds, 657 microseconds
│   wall_time_total = 26 seconds, 824 milliseconds
│   wall_time_remaining = 14 seconds, 595 milliseconds
│   wall_time_spent = 12 seconds, 229 milliseconds
│   percent_complete = 45.6%
│   estimated_sypd = 17.637
│   instantaneous_sypd = 15.711
│   date_now = 2026-07-05T16:35:56.523
└   estimated_finish_date = 2026-07-05T16:36:11.523
┌ Info: Progress
│   simulation_time = 1 day, 17 minutes
│   n_steps_completed = 2915
│   wall_time_per_step = 4 milliseconds, 778 microseconds
│   wall_time_total = 27 seconds, 523 milliseconds
│   wall_time_remaining = 13 seconds, 594 milliseconds
│   wall_time_spent = 13 seconds, 929 milliseconds
│   percent_complete = 50.6%
│   estimated_sypd = 17.189
│   instantaneous_sypd = 13.965
│   date_now = 2026-07-05T16:35:58.222
└   estimated_finish_date = 2026-07-05T16:36:12.222
┌ Info: Progress
│   simulation_time = 1 day, 2 hours
│   n_steps_completed = 3204
│   wall_time_per_step = 4 milliseconds, 847 microseconds
│   wall_time_total = 27 seconds, 922 milliseconds
│   wall_time_remaining = 12 seconds, 390 milliseconds
│   wall_time_spent = 15 seconds, 532 milliseconds
│   percent_complete = 55.6%
│   estimated_sypd = 16.943
│   instantaneous_sypd = 14.808
│   date_now = 2026-07-05T16:35:59.826
└   estimated_finish_date = 2026-07-05T16:36:12.825
┌ Info: Progress
│   simulation_time = 1 day, 5 hours
│   n_steps_completed = 3493
│   wall_time_per_step = 4 milliseconds, 916 microseconds
│   wall_time_total = 28 seconds, 321 milliseconds
│   wall_time_remaining = 11 seconds, 146 milliseconds
│   wall_time_spent = 17 seconds, 174 milliseconds
│   percent_complete = 60.6%
│   estimated_sypd = 16.705
│   instantaneous_sypd = 14.453
│   date_now = 2026-07-05T16:36:01.468
└   estimated_finish_date = 2026-07-05T16:36:13.468
┌ Info: Progress
│   simulation_time = 1 day, 7 hours
│   n_steps_completed = 3782
│   wall_time_per_step = 4 milliseconds, 982 microseconds
│   wall_time_total = 28 seconds, 700 milliseconds
│   wall_time_remaining = 9 seconds, 855 milliseconds
│   wall_time_spent = 18 seconds, 844 milliseconds
│   percent_complete = 65.7%
│   estimated_sypd = 16.484
│   instantaneous_sypd = 14.215
│   date_now = 2026-07-05T16:36:03.138
└   estimated_finish_date = 2026-07-05T16:36:13.138
┌ Info: Progress
│   simulation_time = 1 day, 9 hours
│   n_steps_completed = 4071
│   wall_time_per_step = 5 milliseconds, 57 microseconds
│   wall_time_total = 29 seconds, 133 milliseconds
│   wall_time_remaining = 8 seconds, 542 milliseconds
│   wall_time_spent = 20 seconds, 591 milliseconds
│   percent_complete = 70.7%
│   estimated_sypd = 16.239
│   instantaneous_sypd = 13.59
│   date_now = 2026-07-05T16:36:04.884
└   estimated_finish_date = 2026-07-05T16:36:13.884
┌ Info: Progress
│   simulation_time = 1 day, 10 hours
│   n_steps_completed = 4096
│   wall_time_per_step = 5 milliseconds, 66 microseconds
│   wall_time_total = 29 seconds, 181 milliseconds
│   wall_time_remaining = 8 seconds, 430 milliseconds
│   wall_time_spent = 20 seconds, 751 milliseconds
│   percent_complete = 71.1%
│   estimated_sypd = 16.212
│   instantaneous_sypd = 12.812
│   date_now = 2026-07-05T16:36:05.045
└   estimated_finish_date = 2026-07-05T16:36:14.045
┌ Info: Progress
│   simulation_time = 1 day, 12 hours
│   n_steps_completed = 4385
│   wall_time_per_step = 5 milliseconds, 136 microseconds
│   wall_time_total = 29 seconds, 588 milliseconds
│   wall_time_remaining = 7 seconds, 63 milliseconds
│   wall_time_spent = 22 seconds, 525 milliseconds
│   percent_complete = 76.1%
│   estimated_sypd = 15.989
│   instantaneous_sypd = 13.38
│   date_now = 2026-07-05T16:36:06.819
└   estimated_finish_date = 2026-07-05T16:36:14.819
┌ Info: Progress
│   simulation_time = 1 day, 14 hours
│   n_steps_completed = 4674
│   wall_time_per_step = 5 milliseconds, 201 microseconds
│   wall_time_total = 29 seconds, 958 milliseconds
│   wall_time_remaining = 5 seconds, 648 milliseconds
│   wall_time_spent = 24 seconds, 310 milliseconds
│   percent_complete = 81.1%
│   estimated_sypd = 15.792
│   instantaneous_sypd = 13.301
│   date_now = 2026-07-05T16:36:08.603
└   estimated_finish_date = 2026-07-05T16:36:14.603
┌ Info: Progress
│   simulation_time = 1 day, 17 hours
│   n_steps_completed = 4963
│   wall_time_per_step = 5 milliseconds, 278 microseconds
│   wall_time_total = 30 seconds, 405 milliseconds
│   wall_time_remaining = 4 seconds, 207 milliseconds
│   wall_time_spent = 26 seconds, 198 milliseconds
│   percent_complete = 86.2%
│   estimated_sypd = 15.56
│   instantaneous_sypd = 12.569
│   date_now = 2026-07-05T16:36:10.492
└   estimated_finish_date = 2026-07-05T16:36:15.492
┌ Info: Progress
│   simulation_time = 1 day, 19 hours
│   n_steps_completed = 5252
│   wall_time_per_step = 5 milliseconds, 341 microseconds
│   wall_time_total = 30 seconds, 769 milliseconds
│   wall_time_remaining = 2 seconds, 713 milliseconds
│   wall_time_spent = 28 seconds, 55 milliseconds
│   percent_complete = 91.2%
│   estimated_sypd = 15.376
│   instantaneous_sypd = 12.782
│   date_now = 2026-07-05T16:36:12.349
└   estimated_finish_date = 2026-07-05T16:36:15.349
┌ Info: Progress
│   simulation_time = 1 day, 22 hours
│   n_steps_completed = 5541
│   wall_time_per_step = 5 milliseconds, 402 microseconds
│   wall_time_total = 31 seconds, 116 milliseconds
│   wall_time_remaining = 1 second, 183 milliseconds
│   wall_time_spent = 29 seconds, 933 milliseconds
│   percent_complete = 96.2%
│   estimated_sypd = 15.204
│   instantaneous_sypd = 12.64
│   date_now = 2026-07-05T16:36:14.227
└   estimated_finish_date = 2026-07-05T16:36:16.227
[ Info: solve! walltime = 31.424
[ Info: sypd: 15.066
[ Info: wall_time_per_timestep: 5 milliseconds, 455 microseconds
[ Info: Memory currently used (after solve!) by the process (RSS): 8.68 GiB
[ Info: Completed member 12
┌ Info: Making AtmosConfig with config files: 
│      /home/jeff/larcform1-experiments/ClimaAtmos.jl/src/config/../../config/default_configs/default_config.yml
└   
┌ Info: numerics 
│          `energy_q_tot_upwinding`::`Val{:vanleer_limiter}`
│                `tracer_upwinding`::`Val{:vanleer_limiter}`
│       `edmfx_mse_q_tot_upwinding`::`Val{:first_order}`
│         `edmfx_sgsflux_upwinding`::`Val{:none}`
│          `edmfx_tracer_upwinding`::`Val{:first_order}`
│         `test_dycore_consistency`::`Nothing`
│            `reproducible_restart`::`Nothing`
│                         `limiter`::`Nothing`
│                       `diff_mode`::`ClimaAtmos.Implicit`
│                       `hyperdiff`::`Nothing`
└   
┌ Info: AtmosModel: 
│   
│                               `water`::`ClimaAtmos.AtmosWater{ClimaAtmos.NonEquilibriumMicrophysics1M, ClimaAtmos.QuadratureCloud, ClimaAtmos.Implicit, Nothing, ClimaAtmos.SGSQuadrature{3, StaticArraysCore.SVector{3, Float32}, StaticArraysCore.SVector{3, Float32}, ClimaAtmos.GaussianSGS, Float32}, ClimaAtmos.FixedTerminalVelocity{Float32}}`
│                           `scm_setup`::`ClimaAtmos.SCMSetup{Nothing, Nothing, Nothing, Bool, @NamedTuple{prof_ug::AtmosphericProfilesLibrary.ZProfile{AtmosphericProfilesLibrary.var"#Larcform1_geostrophic_u##0#Larcform1_geostrophic_u##1"{Float32}}, prof_vg::AtmosphericProfilesLibrary.ZProfile{Returns{Float32}}, coriolis_param::Float32}}`
│                           `radiation`::`ClimaAtmos.AtmosRadiation{ClimaAtmos.RRTMGPInterface.AllSkyRadiationWithClearSkyDiagnostics{ClimaAtmos.InteractiveCloudInRadiation}, ClimaAtmos.Larcform1Insolation}`
│                            `turbconv`::`ClimaAtmos.AtmosTurbconv{ClimaAtmos.EDMFXModel{ClimaAtmos.InvZEntrainment, ClimaAtmos.BuoyancyVelocityDetrainment, Val{true}, Val{true}, Val{true}, Val{true}, Val{true}, ClimaAtmos.SmoothMinimumBlending}, ClimaAtmos.PrognosticEDMFX{1, true, Float32}, Nothing, Nothing, Nothing}`
│                     `prescribed_flow`::`Nothing`
│                        `gravity_wave`::`ClimaAtmos.AtmosGravityWave{Nothing, Nothing}`
│                  `vertical_diffusion`::`Nothing`
│                              `sponge`::`ClimaAtmos.AtmosSponge{Nothing, Nothing}`
│                             `surface`::`ClimaAtmos.AtmosSurface{ClimaAtmos.SurfaceConditions.MoninObukhov{Float32, Nothing, Nothing}, ClimaAtmos.SurfaceConditions.SlabOceanTemperature{Float32}, ClimaAtmos.SurfaceConditions.SurfaceBoundaryOverrides{Float32, Float32, Nothing, Nothing, Nothing, Nothing}, ClimaAtmos.ConstantAlbedo{Float32}}`
│                            `numerics`::`ClimaAtmos.AtmosNumerics{Val{:vanleer_limiter}, Val{:vanleer_limiter}, Val{:first_order}, Val{:none}, Val{:first_order}, Nothing, Nothing, Nothing, ClimaAtmos.Implicit, Nothing}`
│                           `chemistry`::`ClimaAtmos.AtmosChem{Nothing}`
└   
┌ Info: Microphysics settings: 
│                          `n_substeps`::`3`
│                     `n_substeps_quad`::`2`
│              `cloud_liquid_formation`::`CloudLiquidFormation`
│                 `cloud_ice_formation`::`TemperatureDependent`
│                      `cloud_ice_melt`::`CloudIceMelt`
│                 `rain_autoconversion`::`Kessler1M`
│                 `snow_autoconversion`::`NoSupersaturation`
│       `rain_condensation_evaporation`::`RainEvaporation`
│         `snow_deposition_sublimation`::`DepositionAndSublimation`
│                           `snow_melt`::`SnowMelt`
│         `cloud_liquid_rain_accretion`::`CloudLiquidRainAccretion`
│         `cloud_liquid_snow_accretion`::`CloudLiquidSnowAccretion`
│            `cloud_ice_rain_accretion`::`CloudIceRainAccretion`
│            `cloud_ice_snow_accretion`::`CloudIceSnowAccretion`
│                 `rain_snow_accretion`::`RainSnowAccretion`
└   
[ Info: Single-process ClimaAtmos run on CPUSingleThreaded
[ Info: Using ODE config: `ClimaTimeSteppers.ARS222`
[ Info: Initialized state (60.232 μs, 7.76 KiB)
[ Info: Built cache (214.489 ms, 172.6 MiB)
[ Info: Assembled callbacks (132.373 μs, 17.42 KiB)
┌ Info: Jacobian algorithm: ManualSparseJacobian(
│     approximate_solve_iters = 2,
└   )
[ Info: Jacobian derivative flags: topography_flag = IgnoreDerivative, diffusion_flag = UseDerivative
[ Info: Built tendency function (209.475 μs, 201.06 KiB)
[ Info: Initialized integrator (8.429 ms, 169.03 KiB)
[ Info: Added 7 user-provided YAML-style diagnostics
[ Info: Saving accumulated diagnostics to disk with frequency: 1 hour
[ Info: Set up diagnostics (484.763 μs, 103.66 KiB)
[ Info: Initialized 7 total diagnostics
