┌ Info: Simulation info
│   job_id = lf1e_clw1_v5_subltime10
└   output_dir = experiments/clw sensitivity experiments/output/lf1e-clw-1/v5_subltime10/output_0000
┌ Info: Running
│   job_id = lf1e_clw1_v5_subltime10
│   output_dir = experiments/clw sensitivity experiments/output/lf1e-clw-1/v5_subltime10/output_0000
└   tspan = (0.0 seconds (2010-01-01T00:00:00) [counter = 0, period = 1 second, epoch = 2010-01-01T00:00:00], 172800.0 seconds (2010-01-03T00:00:00) [counter = 172800, period = 1 second, epoch = 2010-01-01T00:00:00])
┌ Info: Progress
│   simulation_time = 30 seconds
│   n_steps_completed = 1
│   wall_time_per_step = 0 seconds
│   wall_time_total = 0 seconds
│   wall_time_remaining = 0 seconds
│   wall_time_spent = 0 seconds
│   percent_complete = 0.0%
│   estimated_sypd = Inf
│   instantaneous_sypd = 0.0 (sdpd_estimate = 0.0)
│   date_now = 2026-07-02T22:19:15.358
└   estimated_finish_date = 2026-07-02T22:19:15.358
┌ Info: Progress
│   simulation_time = 1 minute
│   n_steps_completed = 2
│   wall_time_per_step = 0 seconds
│   wall_time_total = 0 seconds
│   wall_time_remaining = 0 seconds
│   wall_time_spent = 0 seconds
│   percent_complete = 0.0%
│   estimated_sypd = Inf
│   instantaneous_sypd = 0.029
│   date_now = 2026-07-02T22:19:18.167
└   estimated_finish_date = 2026-07-02T22:19:18.167
┌ Info: Progress
│   simulation_time = 2 minutes
│   n_steps_completed = 4
│   wall_time_per_step = 4 milliseconds, 916 microseconds
│   wall_time_total = 28 seconds, 319 milliseconds
│   wall_time_remaining = 28 seconds, 299 milliseconds
│   wall_time_spent = 19 milliseconds, 666 microseconds
│   percent_complete = 0.1%
│   estimated_sypd = 16.706
│   instantaneous_sypd = 16.706
│   date_now = 2026-07-02T22:19:18.177
└   estimated_finish_date = 2026-07-02T22:19:47.177
┌ Info: Progress
│   simulation_time = 4 minutes
│   n_steps_completed = 8
│   wall_time_per_step = 4 milliseconds, 816 microseconds
│   wall_time_total = 27 seconds, 744 milliseconds
│   wall_time_remaining = 27 seconds, 706 milliseconds
│   wall_time_spent = 38 milliseconds, 534 microseconds
│   percent_complete = 0.1%
│   estimated_sypd = 17.052
│   instantaneous_sypd = 17.413
│   date_now = 2026-07-02T22:19:18.196
└   estimated_finish_date = 2026-07-02T22:19:46.196
┌ Info: Progress
│   simulation_time = 8 minutes
│   n_steps_completed = 16
│   wall_time_per_step = 5 milliseconds, 434 microseconds
│   wall_time_total = 31 seconds, 302 milliseconds
│   wall_time_remaining = 31 seconds, 215 milliseconds
│   wall_time_spent = 86 milliseconds, 950 microseconds
│   percent_complete = 0.3%
│   estimated_sypd = 15.114
│   instantaneous_sypd = 13.572
│   date_now = 2026-07-02T22:19:18.244
└   estimated_finish_date = 2026-07-02T22:19:50.244
┌ Info: Progress
│   simulation_time = 16 minutes
│   n_steps_completed = 32
│   wall_time_per_step = 177 milliseconds, 960 microseconds
│   wall_time_total = 17 minutes, 5 seconds
│   wall_time_remaining = 16 minutes, 59 seconds
│   wall_time_spent = 5 seconds, 694 milliseconds
│   percent_complete = 0.6%
│   estimated_sypd = 0.462
│   instantaneous_sypd = 0.234
│   date_now = 2026-07-02T22:19:23.852
└   estimated_finish_date = 2026-07-02T22:36:23.852
┌ Info: Progress
│   simulation_time = 32 minutes
│   n_steps_completed = 64
│   wall_time_per_step = 92 milliseconds, 974 microseconds
│   wall_time_total = 8 minutes, 55 seconds
│   wall_time_remaining = 8 minutes, 49 seconds
│   wall_time_spent = 5 seconds, 950 milliseconds
│   percent_complete = 1.1%
│   estimated_sypd = 0.883
│   instantaneous_sypd = 10.282
│   date_now = 2026-07-02T22:19:24.108
└   estimated_finish_date = 2026-07-02T22:28:14.108
┌ Info: Progress
│   simulation_time = 1 hour, 4 minutes
│   n_steps_completed = 128
│   wall_time_per_step = 63 milliseconds, 218 microseconds
│   wall_time_total = 6 minutes, 4 seconds
│   wall_time_remaining = 5 minutes, 56 seconds
│   wall_time_spent = 8 seconds, 91 milliseconds
│   percent_complete = 2.2%
│   estimated_sypd = 1.299
│   instantaneous_sypd = 2.455
│   date_now = 2026-07-02T22:19:26.250
└   estimated_finish_date = 2026-07-02T22:25:23.250
┌ Info: Progress
│   simulation_time = 2 hours, 8 minutes
│   n_steps_completed = 256
│   wall_time_per_step = 35 milliseconds, 352 microseconds
│   wall_time_total = 3 minutes, 23 seconds
│   wall_time_remaining = 3 minutes, 14 seconds
│   wall_time_spent = 9 seconds, 50 milliseconds
│   percent_complete = 4.4%
│   estimated_sypd = 2.323
│   instantaneous_sypd = 10.971
│   date_now = 2026-07-02T22:19:27.208
└   estimated_finish_date = 2026-07-02T22:22:42.208
┌ Info: Progress
│   simulation_time = 4 hours, 16 minutes
│   n_steps_completed = 512
│   wall_time_per_step = 21 milliseconds, 672 microseconds
│   wall_time_total = 2 minutes, 4 seconds
│   wall_time_remaining = 1 minute, 53 seconds
│   wall_time_spent = 11 seconds, 96 milliseconds
│   percent_complete = 8.9%
│   estimated_sypd = 3.79
│   instantaneous_sypd = 10.276
│   date_now = 2026-07-02T22:19:29.254
└   estimated_finish_date = 2026-07-02T22:21:23.254
┌ Info: Progress
│   simulation_time = 6 hours, 40 minutes
│   n_steps_completed = 801
│   wall_time_per_step = 16 milliseconds, 692 microseconds
│   wall_time_total = 1 minute, 36 seconds
│   wall_time_remaining = 1 minute, 22 seconds
│   wall_time_spent = 13 seconds, 370 milliseconds
│   percent_complete = 13.9%
│   estimated_sypd = 4.921
│   instantaneous_sypd = 10.438
│   date_now = 2026-07-02T22:19:31.528
└   estimated_finish_date = 2026-07-02T22:20:54.528
┌ Info: Progress
│   simulation_time = 8 hours, 32 minutes
│   n_steps_completed = 1024
│   wall_time_per_step = 14 milliseconds, 756 microseconds
│   wall_time_total = 1 minute, 24 seconds
│   wall_time_remaining = 1 minute, 9 seconds
│   wall_time_spent = 15 seconds, 110 milliseconds
│   percent_complete = 17.8%
│   estimated_sypd = 5.566
│   instantaneous_sypd = 10.525
│   date_now = 2026-07-02T22:19:33.268
└   estimated_finish_date = 2026-07-02T22:20:43.268
┌ Info: Progress
│   simulation_time = 10 hours, 56 minutes
│   n_steps_completed = 1313
│   wall_time_per_step = 13 milliseconds, 197 microseconds
│   wall_time_total = 1 minute, 16 seconds
│   wall_time_remaining = 58 seconds, 690 milliseconds
│   wall_time_spent = 17 seconds, 328 milliseconds
│   percent_complete = 22.8%
│   estimated_sypd = 6.223
│   instantaneous_sypd = 10.701
│   date_now = 2026-07-02T22:19:35.486
└   estimated_finish_date = 2026-07-02T22:20:34.486
┌ Info: Progress
│   simulation_time = 13 hours, 21 minutes
│   n_steps_completed = 1602
│   wall_time_per_step = 12 milliseconds, 250 microseconds
│   wall_time_total = 1 minute, 10 seconds
│   wall_time_remaining = 50 seconds, 939 milliseconds
│   wall_time_spent = 19 seconds, 625 milliseconds
│   percent_complete = 27.8%
│   estimated_sypd = 6.704
│   instantaneous_sypd = 10.333
│   date_now = 2026-07-02T22:19:37.783
└   estimated_finish_date = 2026-07-02T22:20:28.783
┌ Info: Progress
│   simulation_time = 15 hours, 45 minutes
│   n_steps_completed = 1891
│   wall_time_per_step = 11 milliseconds, 568 microseconds
│   wall_time_total = 1 minute, 6 seconds
│   wall_time_remaining = 44 seconds, 758 milliseconds
│   wall_time_spent = 21 seconds, 875 milliseconds
│   percent_complete = 32.8%
│   estimated_sypd = 7.1
│   instantaneous_sypd = 10.55
│   date_now = 2026-07-02T22:19:40.033
└   estimated_finish_date = 2026-07-02T22:20:25.033
┌ Info: Progress
│   simulation_time = 17 hours, 4 minutes
│   n_steps_completed = 2048
│   wall_time_per_step = 11 milliseconds, 283 microseconds
│   wall_time_total = 1 minute, 4 seconds
│   wall_time_remaining = 41 seconds, 882 milliseconds
│   wall_time_spent = 23 seconds, 107 milliseconds
│   percent_complete = 35.6%
│   estimated_sypd = 7.28
│   instantaneous_sypd = 10.467
│   date_now = 2026-07-02T22:19:41.265
└   estimated_finish_date = 2026-07-02T22:20:23.265
┌ Info: Progress
│   simulation_time = 19 hours, 28 minutes
│   n_steps_completed = 2337
│   wall_time_per_step = 10 milliseconds, 857 microseconds
│   wall_time_total = 1 minute, 2 seconds
│   wall_time_remaining = 37 seconds, 164 milliseconds
│   wall_time_spent = 25 seconds, 373 milliseconds
│   percent_complete = 40.6%
│   estimated_sypd = 7.565
│   instantaneous_sypd = 10.477
│   date_now = 2026-07-02T22:19:43.531
└   estimated_finish_date = 2026-07-02T22:20:21.531
┌ Info: Progress
│   simulation_time = 21 hours, 53 minutes
│   n_steps_completed = 2626
│   wall_time_per_step = 10 milliseconds, 543 microseconds
│   wall_time_total = 1 minute, 729 milliseconds
│   wall_time_remaining = 33 seconds, 42 milliseconds
│   wall_time_spent = 27 seconds, 686 milliseconds
│   percent_complete = 45.6%
│   estimated_sypd = 7.79
│   instantaneous_sypd = 10.261
│   date_now = 2026-07-02T22:19:45.844
└   estimated_finish_date = 2026-07-02T22:20:19.844
┌ Info: Progress
│   simulation_time = 1 day, 17 minutes
│   n_steps_completed = 2915
│   wall_time_per_step = 10 milliseconds, 279 microseconds
│   wall_time_total = 59 seconds, 208 milliseconds
│   wall_time_remaining = 29 seconds, 244 milliseconds
│   wall_time_spent = 29 seconds, 963 milliseconds
│   percent_complete = 50.6%
│   estimated_sypd = 7.99
│   instantaneous_sypd = 10.424
│   date_now = 2026-07-02T22:19:48.122
└   estimated_finish_date = 2026-07-02T22:20:18.121
┌ Info: Progress
│   simulation_time = 1 day, 2 hours
│   n_steps_completed = 3204
│   wall_time_per_step = 10 milliseconds, 81 microseconds
│   wall_time_total = 58 seconds, 70 milliseconds
│   wall_time_remaining = 25 seconds, 768 milliseconds
│   wall_time_spent = 32 seconds, 301 milliseconds
│   percent_complete = 55.6%
│   estimated_sypd = 8.147
│   instantaneous_sypd = 10.152
│   date_now = 2026-07-02T22:19:50.460
└   estimated_finish_date = 2026-07-02T22:20:16.460
┌ Info: Progress
│   simulation_time = 1 day, 5 hours
│   n_steps_completed = 3493
│   wall_time_per_step = 9 milliseconds, 911 microseconds
│   wall_time_total = 57 seconds, 90 milliseconds
│   wall_time_remaining = 22 seconds, 469 milliseconds
│   wall_time_spent = 34 seconds, 620 milliseconds
│   percent_complete = 60.6%
│   estimated_sypd = 8.287
│   instantaneous_sypd = 10.236
│   date_now = 2026-07-02T22:19:52.779
└   estimated_finish_date = 2026-07-02T22:20:15.778
┌ Info: Progress
│   simulation_time = 1 day, 7 hours
│   n_steps_completed = 3782
│   wall_time_per_step = 9 milliseconds, 793 microseconds
│   wall_time_total = 56 seconds, 412 milliseconds
│   wall_time_remaining = 19 seconds, 372 milliseconds
│   wall_time_spent = 37 seconds, 40 milliseconds
│   percent_complete = 65.7%
│   estimated_sypd = 8.386
│   instantaneous_sypd = 9.811
│   date_now = 2026-07-02T22:19:55.198
└   estimated_finish_date = 2026-07-02T22:20:15.198
┌ Info: Progress
│   simulation_time = 1 day, 9 hours
│   n_steps_completed = 4071
│   wall_time_per_step = 9 milliseconds, 668 microseconds
│   wall_time_total = 55 seconds, 691 milliseconds
│   wall_time_remaining = 16 seconds, 330 milliseconds
│   wall_time_spent = 39 seconds, 361 milliseconds
│   percent_complete = 70.7%
│   estimated_sypd = 8.495
│   instantaneous_sypd = 10.229
│   date_now = 2026-07-02T22:19:57.519
└   estimated_finish_date = 2026-07-02T22:20:14.519
┌ Info: Progress
│   simulation_time = 1 day, 10 hours
│   n_steps_completed = 4096
│   wall_time_per_step = 9 milliseconds, 658 microseconds
│   wall_time_total = 55 seconds, 632 milliseconds
│   wall_time_remaining = 16 seconds, 71 milliseconds
│   wall_time_spent = 39 seconds, 560 milliseconds
│   percent_complete = 71.1%
│   estimated_sypd = 8.504
│   instantaneous_sypd = 10.287
│   date_now = 2026-07-02T22:19:57.718
└   estimated_finish_date = 2026-07-02T22:20:14.718
┌ Info: Progress
│   simulation_time = 1 day, 12 hours
│   n_steps_completed = 4385
│   wall_time_per_step = 9 milliseconds, 573 microseconds
│   wall_time_total = 55 seconds, 146 milliseconds
│   wall_time_remaining = 13 seconds, 164 milliseconds
│   wall_time_spent = 41 seconds, 981 milliseconds
│   percent_complete = 76.1%
│   estimated_sypd = 8.579
│   instantaneous_sypd = 9.803
│   date_now = 2026-07-02T22:20:00.140
└   estimated_finish_date = 2026-07-02T22:20:14.140
┌ Info: Progress
│   simulation_time = 1 day, 14 hours
│   n_steps_completed = 4674
│   wall_time_per_step = 9 milliseconds, 480 microseconds
│   wall_time_total = 54 seconds, 609 milliseconds
│   wall_time_remaining = 10 seconds, 296 milliseconds
│   wall_time_spent = 44 seconds, 313 milliseconds
│   percent_complete = 81.1%
│   estimated_sypd = 8.663
│   instantaneous_sypd = 10.181
│   date_now = 2026-07-02T22:20:02.471
└   estimated_finish_date = 2026-07-02T22:20:13.471
┌ Info: Progress
│   simulation_time = 1 day, 17 hours
│   n_steps_completed = 4963
│   wall_time_per_step = 9 milliseconds, 420 microseconds
│   wall_time_total = 54 seconds, 261 milliseconds
│   wall_time_remaining = 7 seconds, 508 milliseconds
│   wall_time_spent = 46 seconds, 753 milliseconds
│   percent_complete = 86.2%
│   estimated_sypd = 8.719
│   instantaneous_sypd = 9.728
│   date_now = 2026-07-02T22:20:04.911
└   estimated_finish_date = 2026-07-02T22:20:12.911
┌ Info: Progress
│   simulation_time = 1 day, 19 hours
│   n_steps_completed = 5252
│   wall_time_per_step = 9 milliseconds, 352 microseconds
│   wall_time_total = 53 seconds, 869 milliseconds
│   wall_time_remaining = 4 seconds, 750 milliseconds
│   wall_time_spent = 49 seconds, 118 milliseconds
│   percent_complete = 91.2%
│   estimated_sypd = 8.782
│   instantaneous_sypd = 10.038
│   date_now = 2026-07-02T22:20:07.276
└   estimated_finish_date = 2026-07-02T22:20:12.276
┌ Info: Progress
│   simulation_time = 1 day, 22 hours
│   n_steps_completed = 5541
│   wall_time_per_step = 9 milliseconds, 301 microseconds
│   wall_time_total = 53 seconds, 574 milliseconds
│   wall_time_remaining = 2 seconds, 36 milliseconds
│   wall_time_spent = 51 seconds, 537 milliseconds
│   percent_complete = 96.2%
│   estimated_sypd = 8.831
│   instantaneous_sypd = 9.813
│   date_now = 2026-07-02T22:20:09.695
└   estimated_finish_date = 2026-07-02T22:20:12.695
[ Info: solve! walltime = 53.379
[ Info: sypd: 8.869
[ Info: wall_time_per_timestep: 9 milliseconds, 267 microseconds
[ Info: Memory currently used (after solve!) by the process (RSS): 6.48 GiB
┌ Info: Finished variation [2/3]
│   overlay = experiments/clw sensitivity experiments/configs/v5_subltime10.yml
│   job_id = lf1e_clw1_v5_subltime10
│   ret_code = success
└   walltime = 12m0s
┌ Info: Starting variation [3/3]
└   overlay = experiments/clw sensitivity experiments/configs/v9_condtime10.yml
┌ Info: Making AtmosConfig with config files: 
│      /Users/jeff/clima/larcform1-experiments/ClimaAtmos.jl/src/config/../../config/default_configs/default_config.yml
│      /Users/jeff/clima/larcform1-experiments/experiments/clw sensitivity experiments/../../ClimaAtmos.jl/config/model_configs/larcform1_1M_prognostic_edmfx.yml
│      experiments/clw sensitivity experiments/configs/v9_condtime10.yml
└   
┌ Info: numerics 
│          `energy_q_tot_upwinding`::`Val{:vanleer_limiter}`
│                `tracer_upwinding`::`Val{:vanleer_limiter}`
│       `edmfx_mse_q_tot_upwinding`::`Val{:first_order}`
│         `edmfx_sgsflux_upwinding`::`Val{:none}`
│          `edmfx_tracer_upwinding`::`Val{:first_order}`
│         `test_dycore_consistency`::`Nothing`
│            `reproducible_restart`::`Nothing`
│                         `limiter`::`Nothing`
│                       `diff_mode`::`ClimaAtmos.Implicit`
│                       `hyperdiff`::`Nothing`
└   
┌ Info: AtmosModel: 
│   
│                               `water`::`ClimaAtmos.AtmosWater{ClimaAtmos.NonEquilibriumMicrophysics1M, ClimaAtmos.QuadratureCloud, ClimaAtmos.Implicit, Nothing, ClimaAtmos.SGSQuadrature{3, StaticArraysCore.SVector{3, Float32}, StaticArraysCore.SVector{3, Float32}, ClimaAtmos.GaussianSGS, Float32}, ClimaAtmos.FixedTerminalVelocity{Float32}}`
│                           `scm_setup`::`ClimaAtmos.SCMSetup{Nothing, Nothing, Nothing, Bool, @NamedTuple{prof_ug::AtmosphericProfilesLibrary.ZProfile{AtmosphericProfilesLibrary.var"#149#150"{Float32}}, prof_vg::AtmosphericProfilesLibrary.ZProfile{Returns{Float32}}, coriolis_param::Float32}}`
│                           `radiation`::`ClimaAtmos.AtmosRadiation{ClimaAtmos.RRTMGPInterface.AllSkyRadiationWithClearSkyDiagnostics{ClimaAtmos.InteractiveCloudInRadiation}, ClimaAtmos.Larcform1Insolation}`
│                            `turbconv`::`ClimaAtmos.AtmosTurbconv{ClimaAtmos.EDMFXModel{ClimaAtmos.InvZEntrainment, ClimaAtmos.BuoyancyVelocityDetrainment, Val{true}, Val{true}, Val{true}, Val{true}, Val{true}, ClimaAtmos.SmoothMinimumBlending}, ClimaAtmos.PrognosticEDMFX{1, true, Float32}, Nothing, Nothing, Nothing}`
│                     `prescribed_flow`::`Nothing`
│                        `gravity_wave`::`ClimaAtmos.AtmosGravityWave{Nothing, Nothing}`
│                  `vertical_diffusion`::`Nothing`
│                              `sponge`::`ClimaAtmos.AtmosSponge{Nothing, Nothing}`
│                             `surface`::`ClimaAtmos.AtmosSurface{ClimaAtmos.SurfaceConditions.MoninObukhov{Float32, Nothing, Nothing}, ClimaAtmos.SurfaceConditions.SlabOceanTemperature{Float32}, ClimaAtmos.SurfaceConditions.SurfaceBoundaryOverrides{Float32, Float32, Nothing, Nothing, Nothing, Nothing}, ClimaAtmos.ConstantAlbedo{Float32}}`
│                            `numerics`::`ClimaAtmos.AtmosNumerics{Val{:vanleer_limiter}, Val{:vanleer_limiter}, Val{:first_order}, Val{:none}, Val{:first_order}, Nothing, Nothing, Nothing, ClimaAtmos.Implicit, Nothing}`
│                           `chemistry`::`ClimaAtmos.AtmosChem{Nothing}`
└   
┌ Info: Microphysics settings: 
│                          `n_substeps`::`3`
│                     `n_substeps_quad`::`2`
│              `cloud_liquid_formation`::`CloudLiquidFormation`
│                 `cloud_ice_formation`::`ConstantTimescale`
│                      `cloud_ice_melt`::`CloudIceMelt`
│                 `rain_autoconversion`::`Kessler1M`
│                 `snow_autoconversion`::`NoSupersaturation`
│       `rain_condensation_evaporation`::`RainEvaporation`
│         `snow_deposition_sublimation`::`DepositionAndSublimation`
│                           `snow_melt`::`SnowMelt`
│         `cloud_liquid_rain_accretion`::`CloudLiquidRainAccretion`
│         `cloud_liquid_snow_accretion`::`CloudLiquidSnowAccretion`
│            `cloud_ice_rain_accretion`::`CloudIceRainAccretion`
│            `cloud_ice_snow_accretion`::`CloudIceSnowAccretion`
│                 `rain_snow_accretion`::`RainSnowAccretion`
└   
[ Info: Single-process ClimaAtmos run on CPUSingleThreaded
[ Info: Using ODE config: `ClimaTimeSteppers.ARS222`
[ Info: Initialized state (58.209 μs, 6.98 KiB)
[ Info: Built cache (313.219 ms, 167.22 MiB)
[ Info: Assembled callbacks (184.75 μs, 17.55 KiB)
┌ Info: Jacobian algorithm: ManualSparseJacobian(
│     approximate_solve_iters = 2,
└   )
[ Info: Jacobian derivative flags: topography_flag = IgnoreDerivative, diffusion_flag = UseDerivative
[ Info: Built tendency function (367.0 μs, 195.54 KiB)
[ Info: Initialized integrator (9.617 ms, 161.44 KiB)
[ Info: Added 114 user-provided YAML-style diagnostics
[ Info: Saving accumulated diagnostics to disk with frequency: 10 minutes, 1 hour
[ Info: Set up diagnostics (4.036 ms, 1014.37 KiB)
[ Info: Initialized 114 total diagnostics
