┌ Info: Simulation info
│   job_id = lf1e_clw_cal_member
└   output_dir = /home/jeff/larcform1-experiments/experiments/clw calibration/output/uki_1/iteration_006/member_003/output_0000
┌ Info: Running
│   job_id = lf1e_clw_cal_member
│   output_dir = /home/jeff/larcform1-experiments/experiments/clw calibration/output/uki_1/iteration_006/member_003/output_0000
└   tspan = (0.0 seconds (2010-01-01T00:00:00) [counter = 0, period = 1 second, epoch = 2010-01-01T00:00:00], 172800.0 seconds (2010-01-03T00:00:00) [counter = 172800, period = 1 second, epoch = 2010-01-01T00:00:00])
┌ Info: Progress
│   simulation_time = 30 seconds
│   n_steps_completed = 1
│   wall_time_per_step = 0 seconds
│   wall_time_total = 0 seconds
│   wall_time_remaining = 0 seconds
│   wall_time_spent = 0 seconds
│   percent_complete = 0.0%
│   estimated_sypd = Inf
│   instantaneous_sypd = 0.0 (sdpd_estimate = 0.0)
│   date_now = 2026-07-05T16:52:59.776
└   estimated_finish_date = 2026-07-05T16:52:59.776
┌ Info: Progress
│   simulation_time = 1 minute
│   n_steps_completed = 2
│   wall_time_per_step = 0 seconds
│   wall_time_total = 0 seconds
│   wall_time_remaining = 0 seconds
│   wall_time_spent = 0 seconds
│   percent_complete = 0.0%
│   estimated_sypd = Inf
│   instantaneous_sypd = 0.031
│   date_now = 2026-07-05T16:53:02.401
└   estimated_finish_date = 2026-07-05T16:53:02.401
┌ Info: Progress
│   simulation_time = 2 minutes
│   n_steps_completed = 4
│   wall_time_per_step = 4 milliseconds, 682 microseconds
│   wall_time_total = 26 seconds, 968 milliseconds
│   wall_time_remaining = 26 seconds, 949 milliseconds
│   wall_time_spent = 18 milliseconds, 728 microseconds
│   percent_complete = 0.1%
│   estimated_sypd = 17.543
│   instantaneous_sypd = 17.543
│   date_now = 2026-07-05T16:53:02.411
└   estimated_finish_date = 2026-07-05T16:53:29.411
┌ Info: Progress
│   simulation_time = 4 minutes
│   n_steps_completed = 8
│   wall_time_per_step = 4 milliseconds, 387 microseconds
│   wall_time_total = 25 seconds, 271 milliseconds
│   wall_time_remaining = 25 seconds, 236 milliseconds
│   wall_time_spent = 35 milliseconds, 99 microseconds
│   percent_complete = 0.1%
│   estimated_sypd = 18.721
│   instantaneous_sypd = 20.069
│   date_now = 2026-07-05T16:53:02.427
└   estimated_finish_date = 2026-07-05T16:53:28.427
┌ Info: Progress
│   simulation_time = 8 minutes
│   n_steps_completed = 16
│   wall_time_per_step = 4 milliseconds, 168 microseconds
│   wall_time_total = 24 seconds, 12 milliseconds
│   wall_time_remaining = 23 seconds, 945 milliseconds
│   wall_time_spent = 66 milliseconds, 700 microseconds
│   percent_complete = 0.3%
│   estimated_sypd = 19.703
│   instantaneous_sypd = 20.793
│   date_now = 2026-07-05T16:53:02.459
└   estimated_finish_date = 2026-07-05T16:53:26.459
┌ Info: Progress
│   simulation_time = 16 minutes
│   n_steps_completed = 32
│   wall_time_per_step = 4 milliseconds, 10 microseconds
│   wall_time_total = 23 seconds, 101 milliseconds
│   wall_time_remaining = 22 seconds, 972 milliseconds
│   wall_time_spent = 128 milliseconds, 340 microseconds
│   percent_complete = 0.6%
│   estimated_sypd = 20.479
│   instantaneous_sypd = 21.32
│   date_now = 2026-07-05T16:53:02.520
└   estimated_finish_date = 2026-07-05T16:53:25.520
┌ Info: Progress
│   simulation_time = 32 minutes
│   n_steps_completed = 64
│   wall_time_per_step = 4 milliseconds, 43 microseconds
│   wall_time_total = 23 seconds, 288 milliseconds
│   wall_time_remaining = 23 seconds, 29 milliseconds
│   wall_time_spent = 258 milliseconds, 757 microseconds
│   percent_complete = 1.1%
│   estimated_sypd = 20.315
│   instantaneous_sypd = 20.153
│   date_now = 2026-07-05T16:53:02.651
└   estimated_finish_date = 2026-07-05T16:53:26.651
┌ Info: Progress
│   simulation_time = 1 hour, 4 minutes
│   n_steps_completed = 128
│   wall_time_per_step = 4 milliseconds, 141 microseconds
│   wall_time_total = 23 seconds, 857 milliseconds
│   wall_time_remaining = 23 seconds, 327 milliseconds
│   wall_time_spent = 530 milliseconds, 162 microseconds
│   percent_complete = 2.2%
│   estimated_sypd = 19.83
│   instantaneous_sypd = 19.368
│   date_now = 2026-07-05T16:53:02.922
└   estimated_finish_date = 2026-07-05T16:53:26.922
┌ Info: Progress
│   simulation_time = 2 hours, 8 minutes
│   n_steps_completed = 256
│   wall_time_per_step = 4 milliseconds, 142 microseconds
│   wall_time_total = 23 seconds, 863 milliseconds
│   wall_time_remaining = 22 seconds, 802 milliseconds
│   wall_time_spent = 1 second, 60 milliseconds
│   percent_complete = 4.4%
│   estimated_sypd = 19.825
│   instantaneous_sypd = 19.821
│   date_now = 2026-07-05T16:53:03.453
└   estimated_finish_date = 2026-07-05T16:53:26.453
┌ Info: Progress
│   simulation_time = 4 hours, 16 minutes
│   n_steps_completed = 512
│   wall_time_per_step = 4 milliseconds, 157 microseconds
│   wall_time_total = 23 seconds, 945 milliseconds
│   wall_time_remaining = 21 seconds, 817 milliseconds
│   wall_time_spent = 2 seconds, 128 milliseconds
│   percent_complete = 8.9%
│   estimated_sypd = 19.757
│   instantaneous_sypd = 19.69
│   date_now = 2026-07-05T16:53:04.521
└   estimated_finish_date = 2026-07-05T16:53:26.521
┌ Info: Progress
│   simulation_time = 6 hours, 40 minutes
│   n_steps_completed = 801
│   wall_time_per_step = 4 milliseconds, 223 microseconds
│   wall_time_total = 24 seconds, 325 milliseconds
│   wall_time_remaining = 20 seconds, 942 milliseconds
│   wall_time_spent = 3 seconds, 382 milliseconds
│   percent_complete = 13.9%
│   estimated_sypd = 19.449
│   instantaneous_sypd = 18.926
│   date_now = 2026-07-05T16:53:05.775
└   estimated_finish_date = 2026-07-05T16:53:26.775
┌ Info: Progress
│   simulation_time = 8 hours, 32 minutes
│   n_steps_completed = 1024
│   wall_time_per_step = 4 milliseconds, 273 microseconds
│   wall_time_total = 24 seconds, 617 milliseconds
│   wall_time_remaining = 20 seconds, 240 milliseconds
│   wall_time_spent = 4 seconds, 376 milliseconds
│   percent_complete = 17.8%
│   estimated_sypd = 19.218
│   instantaneous_sypd = 18.434
│   date_now = 2026-07-05T16:53:06.768
└   estimated_finish_date = 2026-07-05T16:53:27.768
┌ Info: Progress
│   simulation_time = 10 hours, 56 minutes
│   n_steps_completed = 1313
│   wall_time_per_step = 4 milliseconds, 332 microseconds
│   wall_time_total = 24 seconds, 952 milliseconds
│   wall_time_remaining = 19 seconds, 264 milliseconds
│   wall_time_spent = 5 seconds, 687 milliseconds
│   percent_complete = 22.8%
│   estimated_sypd = 18.96
│   instantaneous_sypd = 18.098
│   date_now = 2026-07-05T16:53:08.080
└   estimated_finish_date = 2026-07-05T16:53:28.080
┌ Info: Progress
│   simulation_time = 13 hours, 21 minutes
│   n_steps_completed = 1602
│   wall_time_per_step = 4 milliseconds, 416 microseconds
│   wall_time_total = 25 seconds, 440 milliseconds
│   wall_time_remaining = 18 seconds, 364 milliseconds
│   wall_time_spent = 7 seconds, 75 milliseconds
│   percent_complete = 27.8%
│   estimated_sypd = 18.596
│   instantaneous_sypd = 17.106
│   date_now = 2026-07-05T16:53:09.468
└   estimated_finish_date = 2026-07-05T16:53:28.468
┌ Info: Progress
│   simulation_time = 15 hours, 45 minutes
│   n_steps_completed = 1891
│   wall_time_per_step = 4 milliseconds, 508 microseconds
│   wall_time_total = 25 seconds, 970 milliseconds
│   wall_time_remaining = 17 seconds, 444 milliseconds
│   wall_time_spent = 8 seconds, 526 milliseconds
│   percent_complete = 32.8%
│   estimated_sypd = 18.217
│   instantaneous_sypd = 16.365
│   date_now = 2026-07-05T16:53:10.918
└   estimated_finish_date = 2026-07-05T16:53:28.918
┌ Info: Progress
│   simulation_time = 17 hours, 4 minutes
│   n_steps_completed = 2048
│   wall_time_per_step = 4 milliseconds, 556 microseconds
│   wall_time_total = 26 seconds, 245 milliseconds
│   wall_time_remaining = 16 seconds, 913 milliseconds
│   wall_time_spent = 9 seconds, 331 milliseconds
│   percent_complete = 35.6%
│   estimated_sypd = 18.026
│   instantaneous_sypd = 16.009
│   date_now = 2026-07-05T16:53:11.724
└   estimated_finish_date = 2026-07-05T16:53:28.724
┌ Info: Progress
│   simulation_time = 19 hours, 28 minutes
│   n_steps_completed = 2337
│   wall_time_per_step = 4 milliseconds, 627 microseconds
│   wall_time_total = 26 seconds, 653 milliseconds
│   wall_time_remaining = 15 seconds, 839 milliseconds
│   wall_time_spent = 10 seconds, 814 milliseconds
│   percent_complete = 40.6%
│   estimated_sypd = 17.75
│   instantaneous_sypd = 16.011
│   date_now = 2026-07-05T16:53:13.206
└   estimated_finish_date = 2026-07-05T16:53:29.206
┌ Info: Progress
│   simulation_time = 21 hours, 53 minutes
│   n_steps_completed = 2626
│   wall_time_per_step = 4 milliseconds, 748 microseconds
│   wall_time_total = 27 seconds, 349 milliseconds
│   wall_time_remaining = 14 seconds, 880 milliseconds
│   wall_time_spent = 12 seconds, 468 milliseconds
│   percent_complete = 45.6%
│   estimated_sypd = 17.299
│   instantaneous_sypd = 14.348
│   date_now = 2026-07-05T16:53:14.861
└   estimated_finish_date = 2026-07-05T16:53:29.861
┌ Info: Progress
│   simulation_time = 1 day, 17 minutes
│   n_steps_completed = 2915
│   wall_time_per_step = 4 milliseconds, 830 microseconds
│   wall_time_total = 27 seconds, 820 milliseconds
│   wall_time_remaining = 13 seconds, 741 milliseconds
│   wall_time_spent = 14 seconds, 79 milliseconds
│   percent_complete = 50.6%
│   estimated_sypd = 17.005
│   instantaneous_sypd = 14.735
│   date_now = 2026-07-05T16:53:16.472
└   estimated_finish_date = 2026-07-05T16:53:30.472
┌ Info: Progress
│   simulation_time = 1 day, 2 hours
│   n_steps_completed = 3204
│   wall_time_per_step = 4 milliseconds, 904 microseconds
│   wall_time_total = 28 seconds, 250 milliseconds
│   wall_time_remaining = 12 seconds, 536 milliseconds
│   wall_time_spent = 15 seconds, 714 milliseconds
│   percent_complete = 55.6%
│   estimated_sypd = 16.747
│   instantaneous_sypd = 14.52
│   date_now = 2026-07-05T16:53:18.107
└   estimated_finish_date = 2026-07-05T16:53:31.107
┌ Info: Progress
│   simulation_time = 1 day, 5 hours
│   n_steps_completed = 3493
│   wall_time_per_step = 4 milliseconds, 968 microseconds
│   wall_time_total = 28 seconds, 620 milliseconds
│   wall_time_remaining = 11 seconds, 264 milliseconds
│   wall_time_spent = 17 seconds, 356 milliseconds
│   percent_complete = 60.6%
│   estimated_sypd = 16.53
│   instantaneous_sypd = 14.456
│   date_now = 2026-07-05T16:53:19.749
└   estimated_finish_date = 2026-07-05T16:53:31.749
┌ Info: Progress
│   simulation_time = 1 day, 7 hours
│   n_steps_completed = 3782
│   wall_time_per_step = 5 milliseconds, 56 microseconds
│   wall_time_total = 29 seconds, 127 milliseconds
│   wall_time_remaining = 10 seconds, 2 milliseconds
│   wall_time_spent = 19 seconds, 124 milliseconds
│   percent_complete = 65.7%
│   estimated_sypd = 16.243
│   instantaneous_sypd = 13.423
│   date_now = 2026-07-05T16:53:21.517
└   estimated_finish_date = 2026-07-05T16:53:32.517
┌ Info: Progress
│   simulation_time = 1 day, 9 hours
│   n_steps_completed = 4071
│   wall_time_per_step = 5 milliseconds, 119 microseconds
│   wall_time_total = 29 seconds, 485 milliseconds
│   wall_time_remaining = 8 seconds, 646 milliseconds
│   wall_time_spent = 20 seconds, 839 milliseconds
│   percent_complete = 70.7%
│   estimated_sypd = 16.045
│   instantaneous_sypd = 13.842
│   date_now = 2026-07-05T16:53:23.232
└   estimated_finish_date = 2026-07-05T16:53:32.232
┌ Info: Progress
│   simulation_time = 1 day, 10 hours
│   n_steps_completed = 4096
│   wall_time_per_step = 5 milliseconds, 126 microseconds
│   wall_time_total = 29 seconds, 530 milliseconds
│   wall_time_remaining = 8 seconds, 531 milliseconds
│   wall_time_spent = 20 seconds, 999 milliseconds
│   percent_complete = 71.1%
│   estimated_sypd = 16.021
│   instantaneous_sypd = 12.826
│   date_now = 2026-07-05T16:53:23.392
└   estimated_finish_date = 2026-07-05T16:53:32.392
┌ Info: Progress
│   simulation_time = 1 day, 12 hours
│   n_steps_completed = 4385
│   wall_time_per_step = 5 milliseconds, 192 microseconds
│   wall_time_total = 29 seconds, 910 milliseconds
│   wall_time_remaining = 7 seconds, 139 milliseconds
│   wall_time_spent = 22 seconds, 770 milliseconds
│   percent_complete = 76.1%
│   estimated_sypd = 15.817
│   instantaneous_sypd = 13.408
│   date_now = 2026-07-05T16:53:25.162
└   estimated_finish_date = 2026-07-05T16:53:33.162
┌ Info: Progress
│   simulation_time = 1 day, 14 hours
│   n_steps_completed = 4674
│   wall_time_per_step = 5 milliseconds, 268 microseconds
│   wall_time_total = 30 seconds, 345 milliseconds
│   wall_time_remaining = 5 seconds, 721 milliseconds
│   wall_time_spent = 24 seconds, 624 milliseconds
│   percent_complete = 81.1%
│   estimated_sypd = 15.59
│   instantaneous_sypd = 12.801
│   date_now = 2026-07-05T16:53:27.017
└   estimated_finish_date = 2026-07-05T16:53:33.017
┌ Info: Progress
│   simulation_time = 1 day, 17 hours
│   n_steps_completed = 4963
│   wall_time_per_step = 5 milliseconds, 333 microseconds
│   wall_time_total = 30 seconds, 719 milliseconds
│   wall_time_remaining = 4 seconds, 250 milliseconds
│   wall_time_spent = 26 seconds, 469 milliseconds
│   percent_complete = 86.2%
│   estimated_sypd = 15.4
│   instantaneous_sypd = 12.867
│   date_now = 2026-07-05T16:53:28.862
└   estimated_finish_date = 2026-07-05T16:53:33.861
┌ Info: Progress
│   simulation_time = 1 day, 19 hours
│   n_steps_completed = 5252
│   wall_time_per_step = 5 milliseconds, 400 microseconds
│   wall_time_total = 31 seconds, 109 milliseconds
│   wall_time_remaining = 2 seconds, 743 milliseconds
│   wall_time_spent = 28 seconds, 365 milliseconds
│   percent_complete = 91.2%
│   estimated_sypd = 15.208
│   instantaneous_sypd = 12.517
│   date_now = 2026-07-05T16:53:30.758
└   estimated_finish_date = 2026-07-05T16:53:33.758
┌ Info: Progress
│   simulation_time = 1 day, 22 hours
│   n_steps_completed = 5541
│   wall_time_per_step = 5 milliseconds, 472 microseconds
│   wall_time_total = 31 seconds, 523 milliseconds
│   wall_time_remaining = 1 second, 198 milliseconds
│   wall_time_spent = 30 seconds, 325 milliseconds
│   percent_complete = 96.2%
│   estimated_sypd = 15.008
│   instantaneous_sypd = 12.113
│   date_now = 2026-07-05T16:53:32.718
└   estimated_finish_date = 2026-07-05T16:53:34.717
[ Info: solve! walltime = 31.845
[ Info: sypd: 14.866
[ Info: wall_time_per_timestep: 5 milliseconds, 528 microseconds
[ Info: Memory currently used (after solve!) by the process (RSS): 8.68 GiB
[ Info: Completed member 3
┌ Info: Making AtmosConfig with config files: 
│      /home/jeff/larcform1-experiments/ClimaAtmos.jl/src/config/../../config/default_configs/default_config.yml
└   
┌ Info: numerics 
│          `energy_q_tot_upwinding`::`Val{:vanleer_limiter}`
│                `tracer_upwinding`::`Val{:vanleer_limiter}`
│       `edmfx_mse_q_tot_upwinding`::`Val{:first_order}`
│         `edmfx_sgsflux_upwinding`::`Val{:none}`
│          `edmfx_tracer_upwinding`::`Val{:first_order}`
│         `test_dycore_consistency`::`Nothing`
│            `reproducible_restart`::`Nothing`
│                         `limiter`::`Nothing`
│                       `diff_mode`::`ClimaAtmos.Implicit`
│                       `hyperdiff`::`Nothing`
└   
┌ Info: AtmosModel: 
│   
│                               `water`::`ClimaAtmos.AtmosWater{ClimaAtmos.NonEquilibriumMicrophysics1M, ClimaAtmos.QuadratureCloud, ClimaAtmos.Implicit, Nothing, ClimaAtmos.SGSQuadrature{3, StaticArraysCore.SVector{3, Float32}, StaticArraysCore.SVector{3, Float32}, ClimaAtmos.GaussianSGS, Float32}, ClimaAtmos.FixedTerminalVelocity{Float32}}`
│                           `scm_setup`::`ClimaAtmos.SCMSetup{Nothing, Nothing, Nothing, Bool, @NamedTuple{prof_ug::AtmosphericProfilesLibrary.ZProfile{AtmosphericProfilesLibrary.var"#Larcform1_geostrophic_u##0#Larcform1_geostrophic_u##1"{Float32}}, prof_vg::AtmosphericProfilesLibrary.ZProfile{Returns{Float32}}, coriolis_param::Float32}}`
│                           `radiation`::`ClimaAtmos.AtmosRadiation{ClimaAtmos.RRTMGPInterface.AllSkyRadiationWithClearSkyDiagnostics{ClimaAtmos.InteractiveCloudInRadiation}, ClimaAtmos.Larcform1Insolation}`
│                            `turbconv`::`ClimaAtmos.AtmosTurbconv{ClimaAtmos.EDMFXModel{ClimaAtmos.InvZEntrainment, ClimaAtmos.BuoyancyVelocityDetrainment, Val{true}, Val{true}, Val{true}, Val{true}, Val{true}, ClimaAtmos.SmoothMinimumBlending}, ClimaAtmos.PrognosticEDMFX{1, true, Float32}, Nothing, Nothing, Nothing}`
│                     `prescribed_flow`::`Nothing`
│                        `gravity_wave`::`ClimaAtmos.AtmosGravityWave{Nothing, Nothing}`
│                  `vertical_diffusion`::`Nothing`
│                              `sponge`::`ClimaAtmos.AtmosSponge{Nothing, Nothing}`
│                             `surface`::`ClimaAtmos.AtmosSurface{ClimaAtmos.SurfaceConditions.MoninObukhov{Float32, Nothing, Nothing}, ClimaAtmos.SurfaceConditions.SlabOceanTemperature{Float32}, ClimaAtmos.SurfaceConditions.SurfaceBoundaryOverrides{Float32, Float32, Nothing, Nothing, Nothing, Nothing}, ClimaAtmos.ConstantAlbedo{Float32}}`
│                            `numerics`::`ClimaAtmos.AtmosNumerics{Val{:vanleer_limiter}, Val{:vanleer_limiter}, Val{:first_order}, Val{:none}, Val{:first_order}, Nothing, Nothing, Nothing, ClimaAtmos.Implicit, Nothing}`
│                           `chemistry`::`ClimaAtmos.AtmosChem{Nothing}`
└   
┌ Info: Microphysics settings: 
│                          `n_substeps`::`3`
│                     `n_substeps_quad`::`2`
│              `cloud_liquid_formation`::`CloudLiquidFormation`
│                 `cloud_ice_formation`::`TemperatureDependent`
│                      `cloud_ice_melt`::`CloudIceMelt`
│                 `rain_autoconversion`::`Kessler1M`
│                 `snow_autoconversion`::`NoSupersaturation`
│       `rain_condensation_evaporation`::`RainEvaporation`
│         `snow_deposition_sublimation`::`DepositionAndSublimation`
│                           `snow_melt`::`SnowMelt`
│         `cloud_liquid_rain_accretion`::`CloudLiquidRainAccretion`
│         `cloud_liquid_snow_accretion`::`CloudLiquidSnowAccretion`
│            `cloud_ice_rain_accretion`::`CloudIceRainAccretion`
│            `cloud_ice_snow_accretion`::`CloudIceSnowAccretion`
│                 `rain_snow_accretion`::`RainSnowAccretion`
└   
[ Info: Single-process ClimaAtmos run on CPUSingleThreaded
[ Info: Using ODE config: `ClimaTimeSteppers.ARS222`
[ Info: Initialized state (31.091 μs, 7.76 KiB)
[ Info: Built cache (240.78 ms, 172.6 MiB)
[ Info: Assembled callbacks (163.124 μs, 17.42 KiB)
┌ Info: Jacobian algorithm: ManualSparseJacobian(
│     approximate_solve_iters = 2,
└   )
[ Info: Jacobian derivative flags: topography_flag = IgnoreDerivative, diffusion_flag = UseDerivative
[ Info: Built tendency function (200.235 μs, 201.06 KiB)
[ Info: Initialized integrator (8.423 ms, 169.03 KiB)
[ Info: Added 7 user-provided YAML-style diagnostics
[ Info: Saving accumulated diagnostics to disk with frequency: 1 hour
[ Info: Set up diagnostics (491.482 μs, 103.66 KiB)
[ Info: Initialized 7 total diagnostics
