┌ Info: Simulation info
│   job_id = lf1e_clw_cal_member
└   output_dir = /home/jeff/larcform1-experiments/experiments/clw calibration/output/uki_1/iteration_005/member_013/output_0000
┌ Info: Running
│   job_id = lf1e_clw_cal_member
│   output_dir = /home/jeff/larcform1-experiments/experiments/clw calibration/output/uki_1/iteration_005/member_013/output_0000
└   tspan = (0.0 seconds (2010-01-01T00:00:00) [counter = 0, period = 1 second, epoch = 2010-01-01T00:00:00], 172800.0 seconds (2010-01-03T00:00:00) [counter = 172800, period = 1 second, epoch = 2010-01-01T00:00:00])
┌ Info: Progress
│   simulation_time = 30 seconds
│   n_steps_completed = 1
│   wall_time_per_step = 0 seconds
│   wall_time_total = 0 seconds
│   wall_time_remaining = 0 seconds
│   wall_time_spent = 0 seconds
│   percent_complete = 0.0%
│   estimated_sypd = Inf
│   instantaneous_sypd = 0.0 (sdpd_estimate = 0.0)
│   date_now = 2026-07-05T16:51:15.635
└   estimated_finish_date = 2026-07-05T16:51:15.635
┌ Info: Progress
│   simulation_time = 1 minute
│   n_steps_completed = 2
│   wall_time_per_step = 0 seconds
│   wall_time_total = 0 seconds
│   wall_time_remaining = 0 seconds
│   wall_time_spent = 0 seconds
│   percent_complete = 0.0%
│   estimated_sypd = Inf
│   instantaneous_sypd = 0.031
│   date_now = 2026-07-05T16:51:18.252
└   estimated_finish_date = 2026-07-05T16:51:18.252
┌ Info: Progress
│   simulation_time = 2 minutes
│   n_steps_completed = 4
│   wall_time_per_step = 4 milliseconds, 902 microseconds
│   wall_time_total = 28 seconds, 238 milliseconds
│   wall_time_remaining = 28 seconds, 218 milliseconds
│   wall_time_spent = 19 milliseconds, 609 microseconds
│   percent_complete = 0.1%
│   estimated_sypd = 16.754
│   instantaneous_sypd = 16.754
│   date_now = 2026-07-05T16:51:18.262
└   estimated_finish_date = 2026-07-05T16:51:47.262
┌ Info: Progress
│   simulation_time = 4 minutes
│   n_steps_completed = 8
│   wall_time_per_step = 4 milliseconds, 533 microseconds
│   wall_time_total = 26 seconds, 110 milliseconds
│   wall_time_remaining = 26 seconds, 74 milliseconds
│   wall_time_spent = 36 milliseconds, 264 microseconds
│   percent_complete = 0.1%
│   estimated_sypd = 18.119
│   instantaneous_sypd = 19.726
│   date_now = 2026-07-05T16:51:18.278
└   estimated_finish_date = 2026-07-05T16:51:45.278
┌ Info: Progress
│   simulation_time = 8 minutes
│   n_steps_completed = 16
│   wall_time_per_step = 4 milliseconds, 213 microseconds
│   wall_time_total = 24 seconds, 271 milliseconds
│   wall_time_remaining = 24 seconds, 204 milliseconds
│   wall_time_spent = 67 milliseconds, 421 microseconds
│   percent_complete = 0.3%
│   estimated_sypd = 19.492
│   instantaneous_sypd = 21.089
│   date_now = 2026-07-05T16:51:18.309
└   estimated_finish_date = 2026-07-05T16:51:43.309
┌ Info: Progress
│   simulation_time = 16 minutes
│   n_steps_completed = 32
│   wall_time_per_step = 4 milliseconds, 18 microseconds
│   wall_time_total = 23 seconds, 148 milliseconds
│   wall_time_remaining = 23 seconds, 20 milliseconds
│   wall_time_spent = 128 milliseconds, 603 microseconds
│   percent_complete = 0.6%
│   estimated_sypd = 20.437
│   instantaneous_sypd = 21.48
│   date_now = 2026-07-05T16:51:18.371
└   estimated_finish_date = 2026-07-05T16:51:42.371
┌ Info: Progress
│   simulation_time = 32 minutes
│   n_steps_completed = 64
│   wall_time_per_step = 4 milliseconds, 44 microseconds
│   wall_time_total = 23 seconds, 298 milliseconds
│   wall_time_remaining = 23 seconds, 39 milliseconds
│   wall_time_spent = 258 milliseconds, 873 microseconds
│   percent_complete = 1.1%
│   estimated_sypd = 20.306
│   instantaneous_sypd = 20.176
│   date_now = 2026-07-05T16:51:18.501
└   estimated_finish_date = 2026-07-05T16:51:42.501
┌ Info: Progress
│   simulation_time = 1 hour, 4 minutes
│   n_steps_completed = 128
│   wall_time_per_step = 4 milliseconds, 181 microseconds
│   wall_time_total = 24 seconds, 84 milliseconds
│   wall_time_remaining = 23 seconds, 549 milliseconds
│   wall_time_spent = 535 milliseconds, 217 microseconds
│   percent_complete = 2.2%
│   estimated_sypd = 19.643
│   instantaneous_sypd = 19.022
│   date_now = 2026-07-05T16:51:18.777
└   estimated_finish_date = 2026-07-05T16:51:42.777
┌ Info: Progress
│   simulation_time = 2 hours, 8 minutes
│   n_steps_completed = 256
│   wall_time_per_step = 4 milliseconds, 126 microseconds
│   wall_time_total = 23 seconds, 766 milliseconds
│   wall_time_remaining = 22 seconds, 709 milliseconds
│   wall_time_spent = 1 second, 56 milliseconds
│   percent_complete = 4.4%
│   estimated_sypd = 19.906
│   instantaneous_sypd = 20.177
│   date_now = 2026-07-05T16:51:19.298
└   estimated_finish_date = 2026-07-05T16:51:42.298
┌ Info: Progress
│   simulation_time = 4 hours, 16 minutes
│   n_steps_completed = 512
│   wall_time_per_step = 4 milliseconds, 165 microseconds
│   wall_time_total = 23 seconds, 993 milliseconds
│   wall_time_remaining = 21 seconds, 861 milliseconds
│   wall_time_spent = 2 seconds, 132 milliseconds
│   percent_complete = 8.9%
│   estimated_sypd = 19.717
│   instantaneous_sypd = 19.532
│   date_now = 2026-07-05T16:51:20.375
└   estimated_finish_date = 2026-07-05T16:51:42.375
┌ Info: Progress
│   simulation_time = 6 hours, 40 minutes
│   n_steps_completed = 801
│   wall_time_per_step = 4 milliseconds, 232 microseconds
│   wall_time_total = 24 seconds, 380 milliseconds
│   wall_time_remaining = 20 seconds, 990 milliseconds
│   wall_time_spent = 3 seconds, 390 milliseconds
│   percent_complete = 13.9%
│   estimated_sypd = 19.405
│   instantaneous_sypd = 18.874
│   date_now = 2026-07-05T16:51:21.632
└   estimated_finish_date = 2026-07-05T16:51:42.632
┌ Info: Progress
│   simulation_time = 8 hours, 32 minutes
│   n_steps_completed = 1024
│   wall_time_per_step = 4 milliseconds, 287 microseconds
│   wall_time_total = 24 seconds, 696 milliseconds
│   wall_time_remaining = 20 seconds, 305 milliseconds
│   wall_time_spent = 4 seconds, 390 milliseconds
│   percent_complete = 17.8%
│   estimated_sypd = 19.157
│   instantaneous_sypd = 18.315
│   date_now = 2026-07-05T16:51:22.633
└   estimated_finish_date = 2026-07-05T16:51:43.633
┌ Info: Progress
│   simulation_time = 10 hours, 56 minutes
│   n_steps_completed = 1313
│   wall_time_per_step = 4 milliseconds, 355 microseconds
│   wall_time_total = 25 seconds, 89 milliseconds
│   wall_time_remaining = 19 seconds, 370 milliseconds
│   wall_time_spent = 5 seconds, 719 milliseconds
│   percent_complete = 22.8%
│   estimated_sypd = 18.857
│   instantaneous_sypd = 17.865
│   date_now = 2026-07-05T16:51:23.961
└   estimated_finish_date = 2026-07-05T16:51:43.961
┌ Info: Progress
│   simulation_time = 13 hours, 21 minutes
│   n_steps_completed = 1602
│   wall_time_per_step = 4 milliseconds, 446 microseconds
│   wall_time_total = 25 seconds, 610 milliseconds
│   wall_time_remaining = 18 seconds, 487 milliseconds
│   wall_time_spent = 7 seconds, 122 milliseconds
│   percent_complete = 27.8%
│   estimated_sypd = 18.473
│   instantaneous_sypd = 16.91
│   date_now = 2026-07-05T16:51:25.365
└   estimated_finish_date = 2026-07-05T16:51:44.365
┌ Info: Progress
│   simulation_time = 15 hours, 45 minutes
│   n_steps_completed = 1891
│   wall_time_per_step = 4 milliseconds, 516 microseconds
│   wall_time_total = 26 seconds, 15 milliseconds
│   wall_time_remaining = 17 seconds, 474 milliseconds
│   wall_time_spent = 8 seconds, 540 milliseconds
│   percent_complete = 32.8%
│   estimated_sypd = 18.186
│   instantaneous_sypd = 16.742
│   date_now = 2026-07-05T16:51:26.783
└   estimated_finish_date = 2026-07-05T16:51:44.783
┌ Info: Progress
│   simulation_time = 17 hours, 4 minutes
│   n_steps_completed = 2048
│   wall_time_per_step = 4 milliseconds, 558 microseconds
│   wall_time_total = 26 seconds, 255 milliseconds
│   wall_time_remaining = 16 seconds, 920 milliseconds
│   wall_time_spent = 9 seconds, 335 milliseconds
│   percent_complete = 35.6%
│   estimated_sypd = 18.019
│   instantaneous_sypd = 16.227
│   date_now = 2026-07-05T16:51:27.577
└   estimated_finish_date = 2026-07-05T16:51:44.577
┌ Info: Progress
│   simulation_time = 19 hours, 28 minutes
│   n_steps_completed = 2337
│   wall_time_per_step = 4 milliseconds, 634 microseconds
│   wall_time_total = 26 seconds, 695 milliseconds
│   wall_time_remaining = 15 seconds, 864 milliseconds
│   wall_time_spent = 10 seconds, 831 milliseconds
│   percent_complete = 40.6%
│   estimated_sypd = 17.722
│   instantaneous_sypd = 15.869
│   date_now = 2026-07-05T16:51:29.073
└   estimated_finish_date = 2026-07-05T16:51:45.073
┌ Info: Progress
│   simulation_time = 21 hours, 53 minutes
│   n_steps_completed = 2626
│   wall_time_per_step = 4 milliseconds, 716 microseconds
│   wall_time_total = 27 seconds, 168 milliseconds
│   wall_time_remaining = 14 seconds, 782 milliseconds
│   wall_time_spent = 12 seconds, 386 milliseconds
│   percent_complete = 45.6%
│   estimated_sypd = 17.414
│   instantaneous_sypd = 15.265
│   date_now = 2026-07-05T16:51:30.628
└   estimated_finish_date = 2026-07-05T16:51:45.628
┌ Info: Progress
│   simulation_time = 1 day, 17 minutes
│   n_steps_completed = 2915
│   wall_time_per_step = 4 milliseconds, 841 microseconds
│   wall_time_total = 27 seconds, 888 milliseconds
│   wall_time_remaining = 13 seconds, 774 milliseconds
│   wall_time_spent = 14 seconds, 113 milliseconds
│   percent_complete = 50.6%
│   estimated_sypd = 16.964
│   instantaneous_sypd = 13.739
│   date_now = 2026-07-05T16:51:32.356
└   estimated_finish_date = 2026-07-05T16:51:46.356
┌ Info: Progress
│   simulation_time = 1 day, 2 hours
│   n_steps_completed = 3204
│   wall_time_per_step = 4 milliseconds, 913 microseconds
│   wall_time_total = 28 seconds, 301 milliseconds
│   wall_time_remaining = 12 seconds, 558 milliseconds
│   wall_time_spent = 15 seconds, 742 milliseconds
│   percent_complete = 55.6%
│   estimated_sypd = 16.717
│   instantaneous_sypd = 14.574
│   date_now = 2026-07-05T16:51:33.985
└   estimated_finish_date = 2026-07-05T16:51:46.985
┌ Info: Progress
│   simulation_time = 1 day, 5 hours
│   n_steps_completed = 3493
│   wall_time_per_step = 4 milliseconds, 985 microseconds
│   wall_time_total = 28 seconds, 718 milliseconds
│   wall_time_remaining = 11 seconds, 302 milliseconds
│   wall_time_spent = 17 seconds, 415 milliseconds
│   percent_complete = 60.6%
│   estimated_sypd = 16.474
│   instantaneous_sypd = 14.188
│   date_now = 2026-07-05T16:51:35.658
└   estimated_finish_date = 2026-07-05T16:51:47.658
┌ Info: Progress
│   simulation_time = 1 day, 7 hours
│   n_steps_completed = 3782
│   wall_time_per_step = 5 milliseconds, 58 microseconds
│   wall_time_total = 29 seconds, 138 milliseconds
│   wall_time_remaining = 10 seconds, 6 milliseconds
│   wall_time_spent = 19 seconds, 131 milliseconds
│   percent_complete = 65.7%
│   estimated_sypd = 16.237
│   instantaneous_sypd = 13.829
│   date_now = 2026-07-05T16:51:37.374
└   estimated_finish_date = 2026-07-05T16:51:48.374
┌ Info: Progress
│   simulation_time = 1 day, 9 hours
│   n_steps_completed = 4071
│   wall_time_per_step = 5 milliseconds, 153 microseconds
│   wall_time_total = 29 seconds, 681 milliseconds
│   wall_time_remaining = 8 seconds, 703 milliseconds
│   wall_time_spent = 20 seconds, 978 milliseconds
│   percent_complete = 70.7%
│   estimated_sypd = 15.939
│   instantaneous_sypd = 12.858
│   date_now = 2026-07-05T16:51:39.220
└   estimated_finish_date = 2026-07-05T16:51:48.220
┌ Info: Progress
│   simulation_time = 1 day, 10 hours
│   n_steps_completed = 4096
│   wall_time_per_step = 5 milliseconds, 162 microseconds
│   wall_time_total = 29 seconds, 738 milliseconds
│   wall_time_remaining = 8 seconds, 591 milliseconds
│   wall_time_spent = 21 seconds, 147 milliseconds
│   percent_complete = 71.1%
│   estimated_sypd = 15.909
│   instantaneous_sypd = 12.147
│   date_now = 2026-07-05T16:51:39.389
└   estimated_finish_date = 2026-07-05T16:51:48.389
┌ Info: Progress
│   simulation_time = 1 day, 12 hours
│   n_steps_completed = 4385
│   wall_time_per_step = 5 milliseconds, 237 microseconds
│   wall_time_total = 30 seconds, 168 milliseconds
│   wall_time_remaining = 7 seconds, 201 milliseconds
│   wall_time_spent = 22 seconds, 966 milliseconds
│   percent_complete = 76.1%
│   estimated_sypd = 15.682
│   instantaneous_sypd = 13.046
│   date_now = 2026-07-05T16:51:41.209
└   estimated_finish_date = 2026-07-05T16:51:49.209
┌ Info: Progress
│   simulation_time = 1 day, 14 hours
│   n_steps_completed = 4674
│   wall_time_per_step = 5 milliseconds, 300 microseconds
│   wall_time_total = 30 seconds, 530 milliseconds
│   wall_time_remaining = 5 seconds, 756 milliseconds
│   wall_time_spent = 24 seconds, 773 milliseconds
│   percent_complete = 81.1%
│   estimated_sypd = 15.496
│   instantaneous_sypd = 13.135
│   date_now = 2026-07-05T16:51:43.016
└   estimated_finish_date = 2026-07-05T16:51:49.016
┌ Info: Progress
│   simulation_time = 1 day, 17 hours
│   n_steps_completed = 4963
│   wall_time_per_step = 5 milliseconds, 380 microseconds
│   wall_time_total = 30 seconds, 994 milliseconds
│   wall_time_remaining = 4 seconds, 288 milliseconds
│   wall_time_spent = 26 seconds, 705 milliseconds
│   percent_complete = 86.2%
│   estimated_sypd = 15.264
│   instantaneous_sypd = 12.288
│   date_now = 2026-07-05T16:51:44.948
└   estimated_finish_date = 2026-07-05T16:51:49.948
┌ Info: Progress
│   simulation_time = 1 day, 19 hours
│   n_steps_completed = 5252
│   wall_time_per_step = 5 milliseconds, 447 microseconds
│   wall_time_total = 31 seconds, 379 milliseconds
│   wall_time_remaining = 2 seconds, 767 milliseconds
│   wall_time_spent = 28 seconds, 611 milliseconds
│   percent_complete = 91.2%
│   estimated_sypd = 15.077
│   instantaneous_sypd = 12.453
│   date_now = 2026-07-05T16:51:46.854
└   estimated_finish_date = 2026-07-05T16:51:49.854
┌ Info: Progress
│   simulation_time = 1 day, 22 hours
│   n_steps_completed = 5541
│   wall_time_per_step = 5 milliseconds, 513 microseconds
│   wall_time_total = 31 seconds, 759 milliseconds
│   wall_time_remaining = 1 second, 207 milliseconds
│   wall_time_spent = 30 seconds, 551 milliseconds
│   percent_complete = 96.2%
│   estimated_sypd = 14.897
│   instantaneous_sypd = 12.237
│   date_now = 2026-07-05T16:51:48.794
└   estimated_finish_date = 2026-07-05T16:51:50.794
[ Info: solve! walltime = 32.087
[ Info: sypd: 14.754
[ Info: wall_time_per_timestep: 5 milliseconds, 570 microseconds
[ Info: Memory currently used (after solve!) by the process (RSS): 8.68 GiB
[ Info: Completed member 13
[ Info: Completed iteration 5, updating ensemble
[ Info: Iteration 5 (T=0.8066594967227524)
┌ Info: Covariance-weighted error: 0.6688782034621941
│   Covariance trace: 2.5321710640232555
└   Covariance trace ratio (current/previous): 0.9127119397272148
┌ Warn: Attempting to store EnsembleKalmanProcesses.var"#succ_gauss_analysis!#FailureHandler##18".
│   JLD2 only stores functions by name.
└    This may not be useful for anonymous functions.
┌ Warn: Attempting to store EnsembleKalmanProcesses.var"#failsafe_update#FailureHandler##21"{EnsembleKalmanProcesses.var"#succ_gauss_analysis!#FailureHandler##18"}.
│   JLD2 only stores functions by name.
└    This may not be useful for anonymous functions.
┌ Warn: Attempting to store EnsembleKalmanProcesses.Localizers.var"#Localizer##0#Localizer##1".
│   JLD2 only stores functions by name.
└    This may not be useful for anonymous functions.
┌ Info: Iteration 5 complete
│   misfit = 0.6688782034621941
└   constrained_param_means = [69.62166911566779, 100.68278204034749, 0.00043355396771884005, 572.8103681374583, 0.27718441207932154, 1.2331200724006797]
[ Info: Iteration 6
┌ Info: Making AtmosConfig with config files: 
│      /home/jeff/larcform1-experiments/ClimaAtmos.jl/src/config/../../config/default_configs/default_config.yml
└   
┌ Info: numerics 
│          `energy_q_tot_upwinding`::`Val{:vanleer_limiter}`
│                `tracer_upwinding`::`Val{:vanleer_limiter}`
│       `edmfx_mse_q_tot_upwinding`::`Val{:first_order}`
│         `edmfx_sgsflux_upwinding`::`Val{:none}`
│          `edmfx_tracer_upwinding`::`Val{:first_order}`
│         `test_dycore_consistency`::`Nothing`
│            `reproducible_restart`::`Nothing`
│                         `limiter`::`Nothing`
│                       `diff_mode`::`ClimaAtmos.Implicit`
│                       `hyperdiff`::`Nothing`
└   
┌ Info: AtmosModel: 
│   
│                               `water`::`ClimaAtmos.AtmosWater{ClimaAtmos.NonEquilibriumMicrophysics1M, ClimaAtmos.QuadratureCloud, ClimaAtmos.Implicit, Nothing, ClimaAtmos.SGSQuadrature{3, StaticArraysCore.SVector{3, Float32}, StaticArraysCore.SVector{3, Float32}, ClimaAtmos.GaussianSGS, Float32}, ClimaAtmos.FixedTerminalVelocity{Float32}}`
│                           `scm_setup`::`ClimaAtmos.SCMSetup{Nothing, Nothing, Nothing, Bool, @NamedTuple{prof_ug::AtmosphericProfilesLibrary.ZProfile{AtmosphericProfilesLibrary.var"#Larcform1_geostrophic_u##0#Larcform1_geostrophic_u##1"{Float32}}, prof_vg::AtmosphericProfilesLibrary.ZProfile{Returns{Float32}}, coriolis_param::Float32}}`
│                           `radiation`::`ClimaAtmos.AtmosRadiation{ClimaAtmos.RRTMGPInterface.AllSkyRadiationWithClearSkyDiagnostics{ClimaAtmos.InteractiveCloudInRadiation}, ClimaAtmos.Larcform1Insolation}`
│                            `turbconv`::`ClimaAtmos.AtmosTurbconv{ClimaAtmos.EDMFXModel{ClimaAtmos.InvZEntrainment, ClimaAtmos.BuoyancyVelocityDetrainment, Val{true}, Val{true}, Val{true}, Val{true}, Val{true}, ClimaAtmos.SmoothMinimumBlending}, ClimaAtmos.PrognosticEDMFX{1, true, Float32}, Nothing, Nothing, Nothing}`
│                     `prescribed_flow`::`Nothing`
│                        `gravity_wave`::`ClimaAtmos.AtmosGravityWave{Nothing, Nothing}`
│                  `vertical_diffusion`::`Nothing`
│                              `sponge`::`ClimaAtmos.AtmosSponge{Nothing, Nothing}`
│                             `surface`::`ClimaAtmos.AtmosSurface{ClimaAtmos.SurfaceConditions.MoninObukhov{Float32, Nothing, Nothing}, ClimaAtmos.SurfaceConditions.SlabOceanTemperature{Float32}, ClimaAtmos.SurfaceConditions.SurfaceBoundaryOverrides{Float32, Float32, Nothing, Nothing, Nothing, Nothing}, ClimaAtmos.ConstantAlbedo{Float32}}`
│                            `numerics`::`ClimaAtmos.AtmosNumerics{Val{:vanleer_limiter}, Val{:vanleer_limiter}, Val{:first_order}, Val{:none}, Val{:first_order}, Nothing, Nothing, Nothing, ClimaAtmos.Implicit, Nothing}`
│                           `chemistry`::`ClimaAtmos.AtmosChem{Nothing}`
└   
┌ Info: Microphysics settings: 
│                          `n_substeps`::`3`
│                     `n_substeps_quad`::`2`
│              `cloud_liquid_formation`::`CloudLiquidFormation`
│                 `cloud_ice_formation`::`TemperatureDependent`
│                      `cloud_ice_melt`::`CloudIceMelt`
│                 `rain_autoconversion`::`Kessler1M`
│                 `snow_autoconversion`::`NoSupersaturation`
│       `rain_condensation_evaporation`::`RainEvaporation`
│         `snow_deposition_sublimation`::`DepositionAndSublimation`
│                           `snow_melt`::`SnowMelt`
│         `cloud_liquid_rain_accretion`::`CloudLiquidRainAccretion`
│         `cloud_liquid_snow_accretion`::`CloudLiquidSnowAccretion`
│            `cloud_ice_rain_accretion`::`CloudIceRainAccretion`
│            `cloud_ice_snow_accretion`::`CloudIceSnowAccretion`
│                 `rain_snow_accretion`::`RainSnowAccretion`
└   
[ Info: Single-process ClimaAtmos run on CPUSingleThreaded
[ Info: Using ODE config: `ClimaTimeSteppers.ARS222`
[ Info: Initialized state (57.082 μs, 7.76 KiB)
[ Info: Built cache (207.599 ms, 172.6 MiB)
[ Info: Assembled callbacks (178.511 μs, 17.42 KiB)
┌ Info: Jacobian algorithm: ManualSparseJacobian(
│     approximate_solve_iters = 2,
└   )
[ Info: Jacobian derivative flags: topography_flag = IgnoreDerivative, diffusion_flag = UseDerivative
[ Info: Built tendency function (225.406 μs, 201.06 KiB)
[ Info: Initialized integrator (8.432 ms, 169.03 KiB)
[ Info: Added 7 user-provided YAML-style diagnostics
[ Info: Saving accumulated diagnostics to disk with frequency: 1 hour
[ Info: Set up diagnostics (557.589 μs, 103.66 KiB)
[ Info: Initialized 7 total diagnostics
