┌ Info: Simulation info
│   job_id = lf1e_clw_cal_member
└   output_dir = /home/jeff/larcform1-experiments/experiments/clw calibration/output/smoke/iteration_001/member_003/output_0000
┌ Info: Running
│   job_id = lf1e_clw_cal_member
│   output_dir = /home/jeff/larcform1-experiments/experiments/clw calibration/output/smoke/iteration_001/member_003/output_0000
└   tspan = (0.0 seconds (2010-01-01T00:00:00) [counter = 0, period = 1 second, epoch = 2010-01-01T00:00:00], 172800.0 seconds (2010-01-03T00:00:00) [counter = 172800, period = 1 second, epoch = 2010-01-01T00:00:00])
┌ Info: Progress
│   simulation_time = 30 seconds
│   n_steps_completed = 1
│   wall_time_per_step = 0 seconds
│   wall_time_total = 0 seconds
│   wall_time_remaining = 0 seconds
│   wall_time_spent = 0 seconds
│   percent_complete = 0.0%
│   estimated_sypd = Inf
│   instantaneous_sypd = 0.0 (sdpd_estimate = 0.0)
│   date_now = 2026-07-05T09:05:27.519
└   estimated_finish_date = 2026-07-05T09:05:27.519
┌ Info: Progress
│   simulation_time = 1 minute
│   n_steps_completed = 2
│   wall_time_per_step = 0 seconds
│   wall_time_total = 0 seconds
│   wall_time_remaining = 0 seconds
│   wall_time_spent = 0 seconds
│   percent_complete = 0.0%
│   estimated_sypd = Inf
│   instantaneous_sypd = 0.032
│   date_now = 2026-07-05T09:05:30.101
└   estimated_finish_date = 2026-07-05T09:05:30.101
┌ Info: Progress
│   simulation_time = 2 minutes
│   n_steps_completed = 4
│   wall_time_per_step = 4 milliseconds, 515 microseconds
│   wall_time_total = 26 seconds, 6 milliseconds
│   wall_time_remaining = 25 seconds, 988 milliseconds
│   wall_time_spent = 18 milliseconds, 60 microseconds
│   percent_complete = 0.1%
│   estimated_sypd = 18.191
│   instantaneous_sypd = 18.191
│   date_now = 2026-07-05T09:05:30.110
└   estimated_finish_date = 2026-07-05T09:05:56.110
┌ Info: Progress
│   simulation_time = 4 minutes
│   n_steps_completed = 8
│   wall_time_per_step = 4 milliseconds, 293 microseconds
│   wall_time_total = 24 seconds, 731 milliseconds
│   wall_time_remaining = 24 seconds, 697 milliseconds
│   wall_time_spent = 34 milliseconds, 349 microseconds
│   percent_complete = 0.1%
│   estimated_sypd = 19.13
│   instantaneous_sypd = 20.17
│   date_now = 2026-07-05T09:05:30.126
└   estimated_finish_date = 2026-07-05T09:05:55.126
┌ Info: Progress
│   simulation_time = 8 minutes
│   n_steps_completed = 16
│   wall_time_per_step = 4 milliseconds, 44 microseconds
│   wall_time_total = 23 seconds, 298 milliseconds
│   wall_time_remaining = 23 seconds, 233 milliseconds
│   wall_time_spent = 64 milliseconds, 717 microseconds
│   percent_complete = 0.3%
│   estimated_sypd = 20.306
│   instantaneous_sypd = 21.637
│   date_now = 2026-07-05T09:05:30.157
└   estimated_finish_date = 2026-07-05T09:05:54.157
┌ Info: Progress
│   simulation_time = 16 minutes
│   n_steps_completed = 32
│   wall_time_per_step = 3 milliseconds, 892 microseconds
│   wall_time_total = 22 seconds, 423 milliseconds
│   wall_time_remaining = 22 seconds, 298 milliseconds
│   wall_time_spent = 124 milliseconds, 573 microseconds
│   percent_complete = 0.6%
│   estimated_sypd = 21.099
│   instantaneous_sypd = 21.955
│   date_now = 2026-07-05T09:05:30.217
└   estimated_finish_date = 2026-07-05T09:05:53.216
┌ Info: Progress
│   simulation_time = 32 minutes
│   n_steps_completed = 64
│   wall_time_per_step = 4 milliseconds, 223 microseconds
│   wall_time_total = 24 seconds, 330 milliseconds
│   wall_time_remaining = 24 seconds, 59 milliseconds
│   wall_time_spent = 270 milliseconds, 334 microseconds
│   percent_complete = 1.1%
│   estimated_sypd = 19.445
│   instantaneous_sypd = 18.032
│   date_now = 2026-07-05T09:05:30.362
└   estimated_finish_date = 2026-07-05T09:05:55.362
┌ Info: Progress
│   simulation_time = 1 hour, 4 minutes
│   n_steps_completed = 128
│   wall_time_per_step = 4 milliseconds, 217 microseconds
│   wall_time_total = 24 seconds, 292 milliseconds
│   wall_time_remaining = 23 seconds, 752 milliseconds
│   wall_time_spent = 539 milliseconds, 823 microseconds
│   percent_complete = 2.2%
│   estimated_sypd = 19.476
│   instantaneous_sypd = 19.506
│   date_now = 2026-07-05T09:05:30.632
└   estimated_finish_date = 2026-07-05T09:05:54.632
┌ Info: Progress
│   simulation_time = 2 hours, 8 minutes
│   n_steps_completed = 256
│   wall_time_per_step = 4 milliseconds, 122 microseconds
│   wall_time_total = 23 seconds, 748 milliseconds
│   wall_time_remaining = 22 seconds, 692 milliseconds
│   wall_time_spent = 1 second, 55 milliseconds
│   percent_complete = 4.4%
│   estimated_sypd = 19.922
│   instantaneous_sypd = 20.389
│   date_now = 2026-07-05T09:05:31.147
└   estimated_finish_date = 2026-07-05T09:05:54.147
┌ Info: Progress
│   simulation_time = 4 hours, 16 minutes
│   n_steps_completed = 512
│   wall_time_per_step = 4 milliseconds, 100 microseconds
│   wall_time_total = 23 seconds, 619 milliseconds
│   wall_time_remaining = 21 seconds, 519 milliseconds
│   wall_time_spent = 2 seconds, 99 milliseconds
│   percent_complete = 8.9%
│   estimated_sypd = 20.03
│   instantaneous_sypd = 20.14
│   date_now = 2026-07-05T09:05:32.192
└   estimated_finish_date = 2026-07-05T09:05:54.192
┌ Info: Progress
│   simulation_time = 6 hours, 40 minutes
│   n_steps_completed = 801
│   wall_time_per_step = 4 milliseconds, 139 microseconds
│   wall_time_total = 23 seconds, 841 milliseconds
│   wall_time_remaining = 20 seconds, 525 milliseconds
│   wall_time_spent = 3 seconds, 315 milliseconds
│   percent_complete = 13.9%
│   estimated_sypd = 19.844
│   instantaneous_sypd = 19.522
│   date_now = 2026-07-05T09:05:33.407
└   estimated_finish_date = 2026-07-05T09:05:54.407
┌ Info: Progress
│   simulation_time = 8 hours, 32 minutes
│   n_steps_completed = 1024
│   wall_time_per_step = 4 milliseconds, 187 microseconds
│   wall_time_total = 24 seconds, 119 milliseconds
│   wall_time_remaining = 19 seconds, 831 milliseconds
│   wall_time_spent = 4 seconds, 287 milliseconds
│   percent_complete = 17.8%
│   estimated_sypd = 19.615
│   instantaneous_sypd = 18.833
│   date_now = 2026-07-05T09:05:34.380
└   estimated_finish_date = 2026-07-05T09:05:54.380
┌ Info: Progress
│   simulation_time = 10 hours, 56 minutes
│   n_steps_completed = 1313
│   wall_time_per_step = 4 milliseconds, 242 microseconds
│   wall_time_total = 24 seconds, 436 milliseconds
│   wall_time_remaining = 18 seconds, 865 milliseconds
│   wall_time_spent = 5 seconds, 570 milliseconds
│   percent_complete = 22.8%
│   estimated_sypd = 19.361
│   instantaneous_sypd = 18.512
│   date_now = 2026-07-05T09:05:35.662
└   estimated_finish_date = 2026-07-05T09:05:54.662
┌ Info: Progress
│   simulation_time = 13 hours, 21 minutes
│   n_steps_completed = 1602
│   wall_time_per_step = 4 milliseconds, 321 microseconds
│   wall_time_total = 24 seconds, 890 milliseconds
│   wall_time_remaining = 17 seconds, 967 milliseconds
│   wall_time_spent = 6 seconds, 922 milliseconds
│   percent_complete = 27.8%
│   estimated_sypd = 19.007
│   instantaneous_sypd = 17.552
│   date_now = 2026-07-05T09:05:37.015
└   estimated_finish_date = 2026-07-05T09:05:55.015
┌ Info: Progress
│   simulation_time = 15 hours, 45 minutes
│   n_steps_completed = 1891
│   wall_time_per_step = 4 milliseconds, 400 microseconds
│   wall_time_total = 25 seconds, 346 milliseconds
│   wall_time_remaining = 17 seconds, 25 milliseconds
│   wall_time_spent = 8 seconds, 321 milliseconds
│   percent_complete = 32.8%
│   estimated_sypd = 18.665
│   instantaneous_sypd = 16.973
│   date_now = 2026-07-05T09:05:38.413
└   estimated_finish_date = 2026-07-05T09:05:56.413
┌ Info: Progress
│   simulation_time = 17 hours, 4 minutes
│   n_steps_completed = 2048
│   wall_time_per_step = 4 milliseconds, 450 microseconds
│   wall_time_total = 25 seconds, 636 milliseconds
│   wall_time_remaining = 16 seconds, 521 milliseconds
│   wall_time_spent = 9 seconds, 115 milliseconds
│   percent_complete = 35.6%
│   estimated_sypd = 18.454
│   instantaneous_sypd = 16.242
│   date_now = 2026-07-05T09:05:39.207
└   estimated_finish_date = 2026-07-05T09:05:56.207
┌ Info: Progress
│   simulation_time = 19 hours, 28 minutes
│   n_steps_completed = 2337
│   wall_time_per_step = 4 milliseconds, 522 microseconds
│   wall_time_total = 26 seconds, 48 milliseconds
│   wall_time_remaining = 15 seconds, 479 milliseconds
│   wall_time_spent = 10 seconds, 568 milliseconds
│   percent_complete = 40.6%
│   estimated_sypd = 18.163
│   instantaneous_sypd = 16.332
│   date_now = 2026-07-05T09:05:40.661
└   estimated_finish_date = 2026-07-05T09:05:56.661
┌ Info: Progress
│   simulation_time = 21 hours, 53 minutes
│   n_steps_completed = 2626
│   wall_time_per_step = 4 milliseconds, 602 microseconds
│   wall_time_total = 26 seconds, 509 milliseconds
│   wall_time_remaining = 14 seconds, 423 milliseconds
│   wall_time_spent = 12 seconds, 85 milliseconds
│   percent_complete = 45.6%
│   estimated_sypd = 17.846
│   instantaneous_sypd = 15.644
│   date_now = 2026-07-05T09:05:42.178
└   estimated_finish_date = 2026-07-05T09:05:57.178
┌ Info: Progress
│   simulation_time = 1 day, 17 minutes
│   n_steps_completed = 2915
│   wall_time_per_step = 4 milliseconds, 725 microseconds
│   wall_time_total = 27 seconds, 217 milliseconds
│   wall_time_remaining = 13 seconds, 443 milliseconds
│   wall_time_spent = 13 seconds, 774 milliseconds
│   percent_complete = 50.6%
│   estimated_sypd = 17.382
│   instantaneous_sypd = 14.057
│   date_now = 2026-07-05T09:05:43.866
└   estimated_finish_date = 2026-07-05T09:05:57.866
┌ Info: Progress
│   simulation_time = 1 day, 2 hours
│   n_steps_completed = 3204
│   wall_time_per_step = 4 milliseconds, 790 microseconds
│   wall_time_total = 27 seconds, 591 milliseconds
│   wall_time_remaining = 12 seconds, 243 milliseconds
│   wall_time_spent = 15 seconds, 348 milliseconds
│   percent_complete = 55.6%
│   estimated_sypd = 17.146
│   instantaneous_sypd = 15.084
│   date_now = 2026-07-05T09:05:45.440
└   estimated_finish_date = 2026-07-05T09:05:58.440
┌ Info: Progress
│   simulation_time = 1 day, 5 hours
│   n_steps_completed = 3493
│   wall_time_per_step = 4 milliseconds, 858 microseconds
│   wall_time_total = 27 seconds, 987 milliseconds
│   wall_time_remaining = 11 seconds, 15 milliseconds
│   wall_time_spent = 16 seconds, 972 milliseconds
│   percent_complete = 60.6%
│   estimated_sypd = 16.904
│   instantaneous_sypd = 14.616
│   date_now = 2026-07-05T09:05:47.064
└   estimated_finish_date = 2026-07-05T09:05:59.064
┌ Info: Progress
│   simulation_time = 1 day, 7 hours
│   n_steps_completed = 3782
│   wall_time_per_step = 4 milliseconds, 928 microseconds
│   wall_time_total = 28 seconds, 390 milliseconds
│   wall_time_remaining = 9 seconds, 749 milliseconds
│   wall_time_spent = 18 seconds, 641 milliseconds
│   percent_complete = 65.7%
│   estimated_sypd = 16.664
│   instantaneous_sypd = 14.22
│   date_now = 2026-07-05T09:05:48.733
└   estimated_finish_date = 2026-07-05T09:05:58.733
┌ Info: Progress
│   simulation_time = 1 day, 9 hours
│   n_steps_completed = 4071
│   wall_time_per_step = 5 milliseconds, 1 microsecond
│   wall_time_total = 28 seconds, 806 milliseconds
│   wall_time_remaining = 8 seconds, 446 milliseconds
│   wall_time_spent = 20 seconds, 359 milliseconds
│   percent_complete = 70.7%
│   estimated_sypd = 16.424
│   instantaneous_sypd = 13.816
│   date_now = 2026-07-05T09:05:50.452
└   estimated_finish_date = 2026-07-05T09:05:59.452
┌ Info: Progress
│   simulation_time = 1 day, 10 hours
│   n_steps_completed = 4096
│   wall_time_per_step = 5 milliseconds, 9 microseconds
│   wall_time_total = 28 seconds, 856 milliseconds
│   wall_time_remaining = 8 seconds, 336 milliseconds
│   wall_time_spent = 20 seconds, 520 milliseconds
│   percent_complete = 71.1%
│   estimated_sypd = 16.395
│   instantaneous_sypd = 12.788
│   date_now = 2026-07-05T09:05:50.612
└   estimated_finish_date = 2026-07-05T09:05:59.612
┌ Info: Progress
│   simulation_time = 1 day, 12 hours
│   n_steps_completed = 4385
│   wall_time_per_step = 5 milliseconds, 96 microseconds
│   wall_time_total = 29 seconds, 357 milliseconds
│   wall_time_remaining = 7 seconds, 8 milliseconds
│   wall_time_spent = 22 seconds, 349 milliseconds
│   percent_complete = 76.1%
│   estimated_sypd = 16.115
│   instantaneous_sypd = 12.974
│   date_now = 2026-07-05T09:05:52.442
└   estimated_finish_date = 2026-07-05T09:06:00.442
┌ Info: Progress
│   simulation_time = 1 day, 14 hours
│   n_steps_completed = 4674
│   wall_time_per_step = 5 milliseconds, 173 microseconds
│   wall_time_total = 29 seconds, 798 milliseconds
│   wall_time_remaining = 5 seconds, 618 milliseconds
│   wall_time_spent = 24 seconds, 180 milliseconds
│   percent_complete = 81.1%
│   estimated_sypd = 15.876
│   instantaneous_sypd = 12.965
│   date_now = 2026-07-05T09:05:54.273
└   estimated_finish_date = 2026-07-05T09:06:00.273
┌ Info: Progress
│   simulation_time = 1 day, 17 hours
│   n_steps_completed = 4963
│   wall_time_per_step = 5 milliseconds, 250 microseconds
│   wall_time_total = 30 seconds, 242 milliseconds
│   wall_time_remaining = 4 seconds, 184 milliseconds
│   wall_time_spent = 26 seconds, 57 milliseconds
│   percent_complete = 86.2%
│   estimated_sypd = 15.644
│   instantaneous_sypd = 12.647
│   date_now = 2026-07-05T09:05:56.150
└   estimated_finish_date = 2026-07-05T09:06:01.150
┌ Info: Progress
│   simulation_time = 1 day, 19 hours
│   n_steps_completed = 5252
│   wall_time_per_step = 5 milliseconds, 335 microseconds
│   wall_time_total = 30 seconds, 729 milliseconds
│   wall_time_remaining = 2 seconds, 710 milliseconds
│   wall_time_spent = 28 seconds, 19 milliseconds
│   percent_complete = 91.2%
│   estimated_sypd = 15.395
│   instantaneous_sypd = 12.097
│   date_now = 2026-07-05T09:05:58.112
└   estimated_finish_date = 2026-07-05T09:06:01.112
┌ Info: Progress
│   simulation_time = 1 day, 22 hours
│   n_steps_completed = 5541
│   wall_time_per_step = 5 milliseconds, 416 microseconds
│   wall_time_total = 31 seconds, 197 milliseconds
│   wall_time_remaining = 1 second, 186 milliseconds
│   wall_time_spent = 30 seconds, 11 milliseconds
│   percent_complete = 96.2%
│   estimated_sypd = 15.164
│   instantaneous_sypd = 11.916
│   date_now = 2026-07-05T09:06:00.104
└   estimated_finish_date = 2026-07-05T09:06:02.104
[ Info: solve! walltime = 31.536
[ Info: sypd: 15.012
[ Info: wall_time_per_timestep: 5 milliseconds, 474 microseconds
[ Info: Memory currently used (after solve!) by the process (RSS): 8.8 GiB
[ Info: Completed member 3
┌ Info: Making AtmosConfig with config files: 
│      /home/jeff/larcform1-experiments/ClimaAtmos.jl/src/config/../../config/default_configs/default_config.yml
└   
┌ Info: numerics 
│          `energy_q_tot_upwinding`::`Val{:vanleer_limiter}`
│                `tracer_upwinding`::`Val{:vanleer_limiter}`
│       `edmfx_mse_q_tot_upwinding`::`Val{:first_order}`
│         `edmfx_sgsflux_upwinding`::`Val{:none}`
│          `edmfx_tracer_upwinding`::`Val{:first_order}`
│         `test_dycore_consistency`::`Nothing`
│            `reproducible_restart`::`Nothing`
│                         `limiter`::`Nothing`
│                       `diff_mode`::`ClimaAtmos.Implicit`
│                       `hyperdiff`::`Nothing`
└   
┌ Info: AtmosModel: 
│   
│                               `water`::`ClimaAtmos.AtmosWater{ClimaAtmos.NonEquilibriumMicrophysics1M, ClimaAtmos.QuadratureCloud, ClimaAtmos.Implicit, Nothing, ClimaAtmos.SGSQuadrature{3, StaticArraysCore.SVector{3, Float32}, StaticArraysCore.SVector{3, Float32}, ClimaAtmos.GaussianSGS, Float32}, ClimaAtmos.FixedTerminalVelocity{Float32}}`
│                           `scm_setup`::`ClimaAtmos.SCMSetup{Nothing, Nothing, Nothing, Bool, @NamedTuple{prof_ug::AtmosphericProfilesLibrary.ZProfile{AtmosphericProfilesLibrary.var"#Larcform1_geostrophic_u##0#Larcform1_geostrophic_u##1"{Float32}}, prof_vg::AtmosphericProfilesLibrary.ZProfile{Returns{Float32}}, coriolis_param::Float32}}`
│                           `radiation`::`ClimaAtmos.AtmosRadiation{ClimaAtmos.RRTMGPInterface.AllSkyRadiationWithClearSkyDiagnostics{ClimaAtmos.InteractiveCloudInRadiation}, ClimaAtmos.Larcform1Insolation}`
│                            `turbconv`::`ClimaAtmos.AtmosTurbconv{ClimaAtmos.EDMFXModel{ClimaAtmos.InvZEntrainment, ClimaAtmos.BuoyancyVelocityDetrainment, Val{true}, Val{true}, Val{true}, Val{true}, Val{true}, ClimaAtmos.SmoothMinimumBlending}, ClimaAtmos.PrognosticEDMFX{1, true, Float32}, Nothing, Nothing, Nothing}`
│                     `prescribed_flow`::`Nothing`
│                        `gravity_wave`::`ClimaAtmos.AtmosGravityWave{Nothing, Nothing}`
│                  `vertical_diffusion`::`Nothing`
│                              `sponge`::`ClimaAtmos.AtmosSponge{Nothing, Nothing}`
│                             `surface`::`ClimaAtmos.AtmosSurface{ClimaAtmos.SurfaceConditions.MoninObukhov{Float32, Nothing, Nothing}, ClimaAtmos.SurfaceConditions.SlabOceanTemperature{Float32}, ClimaAtmos.SurfaceConditions.SurfaceBoundaryOverrides{Float32, Float32, Nothing, Nothing, Nothing, Nothing}, ClimaAtmos.ConstantAlbedo{Float32}}`
│                            `numerics`::`ClimaAtmos.AtmosNumerics{Val{:vanleer_limiter}, Val{:vanleer_limiter}, Val{:first_order}, Val{:none}, Val{:first_order}, Nothing, Nothing, Nothing, ClimaAtmos.Implicit, Nothing}`
│                           `chemistry`::`ClimaAtmos.AtmosChem{Nothing}`
└   
┌ Info: Microphysics settings: 
│                          `n_substeps`::`3`
│                     `n_substeps_quad`::`2`
│              `cloud_liquid_formation`::`CloudLiquidFormation`
│                 `cloud_ice_formation`::`TemperatureDependent`
│                      `cloud_ice_melt`::`CloudIceMelt`
│                 `rain_autoconversion`::`Kessler1M`
│                 `snow_autoconversion`::`NoSupersaturation`
│       `rain_condensation_evaporation`::`RainEvaporation`
│         `snow_deposition_sublimation`::`DepositionAndSublimation`
│                           `snow_melt`::`SnowMelt`
│         `cloud_liquid_rain_accretion`::`CloudLiquidRainAccretion`
│         `cloud_liquid_snow_accretion`::`CloudLiquidSnowAccretion`
│            `cloud_ice_rain_accretion`::`CloudIceRainAccretion`
│            `cloud_ice_snow_accretion`::`CloudIceSnowAccretion`
│                 `rain_snow_accretion`::`RainSnowAccretion`
└   
[ Info: Single-process ClimaAtmos run on CPUSingleThreaded
[ Info: Using ODE config: `ClimaTimeSteppers.ARS222`
[ Info: Initialized state (79.822 μs, 7.76 KiB)
[ Info: Built cache (260.477 ms, 172.6 MiB)
[ Info: Assembled callbacks (140.803 μs, 17.42 KiB)
┌ Info: Jacobian algorithm: ManualSparseJacobian(
│     approximate_solve_iters = 2,
└   )
[ Info: Jacobian derivative flags: topography_flag = IgnoreDerivative, diffusion_flag = UseDerivative
[ Info: Built tendency function (226.014 μs, 203.8 KiB)
[ Info: Initialized integrator (8.837 ms, 169.03 KiB)
[ Info: Added 7 user-provided YAML-style diagnostics
[ Info: Saving accumulated diagnostics to disk with frequency: 1 hour
[ Info: Set up diagnostics (464.158 μs, 105.05 KiB)
[ Info: Initialized 7 total diagnostics
