┌ Info: Simulation info
│   job_id = lf1e_clw_cal_member
└   output_dir = /home/jeff/larcform1-experiments/experiments/clw calibration/output/uki_1/iteration_002/member_003/output_0000
┌ Info: Running
│   job_id = lf1e_clw_cal_member
│   output_dir = /home/jeff/larcform1-experiments/experiments/clw calibration/output/uki_1/iteration_002/member_003/output_0000
└   tspan = (0.0 seconds (2010-01-01T00:00:00) [counter = 0, period = 1 second, epoch = 2010-01-01T00:00:00], 172800.0 seconds (2010-01-03T00:00:00) [counter = 172800, period = 1 second, epoch = 2010-01-01T00:00:00])
┌ Info: Progress
│   simulation_time = 30 seconds
│   n_steps_completed = 1
│   wall_time_per_step = 0 seconds
│   wall_time_total = 0 seconds
│   wall_time_remaining = 0 seconds
│   wall_time_spent = 0 seconds
│   percent_complete = 0.0%
│   estimated_sypd = Inf
│   instantaneous_sypd = 0.0 (sdpd_estimate = 0.0)
│   date_now = 2026-07-05T16:23:08.561
└   estimated_finish_date = 2026-07-05T16:23:08.561
┌ Info: Progress
│   simulation_time = 1 minute
│   n_steps_completed = 2
│   wall_time_per_step = 0 seconds
│   wall_time_total = 0 seconds
│   wall_time_remaining = 0 seconds
│   wall_time_spent = 0 seconds
│   percent_complete = 0.0%
│   estimated_sypd = Inf
│   instantaneous_sypd = 0.032
│   date_now = 2026-07-05T16:23:11.164
└   estimated_finish_date = 2026-07-05T16:23:11.164
┌ Info: Progress
│   simulation_time = 2 minutes
│   n_steps_completed = 4
│   wall_time_per_step = 4 milliseconds, 567 microseconds
│   wall_time_total = 26 seconds, 308 milliseconds
│   wall_time_remaining = 26 seconds, 290 milliseconds
│   wall_time_spent = 18 milliseconds, 270 microseconds
│   percent_complete = 0.1%
│   estimated_sypd = 17.983
│   instantaneous_sypd = 17.983
│   date_now = 2026-07-05T16:23:11.173
└   estimated_finish_date = 2026-07-05T16:23:38.173
┌ Info: Progress
│   simulation_time = 4 minutes
│   n_steps_completed = 8
│   wall_time_per_step = 4 milliseconds, 325 microseconds
│   wall_time_total = 24 seconds, 914 milliseconds
│   wall_time_remaining = 24 seconds, 880 milliseconds
│   wall_time_spent = 34 milliseconds, 604 microseconds
│   percent_complete = 0.1%
│   estimated_sypd = 18.989
│   instantaneous_sypd = 20.114
│   date_now = 2026-07-05T16:23:11.189
└   estimated_finish_date = 2026-07-05T16:23:36.189
┌ Info: Progress
│   simulation_time = 8 minutes
│   n_steps_completed = 16
│   wall_time_per_step = 4 milliseconds, 68 microseconds
│   wall_time_total = 23 seconds, 433 milliseconds
│   wall_time_remaining = 23 seconds, 368 milliseconds
│   wall_time_spent = 65 milliseconds, 93 microseconds
│   percent_complete = 0.3%
│   estimated_sypd = 20.189
│   instantaneous_sypd = 21.551
│   date_now = 2026-07-05T16:23:11.220
└   estimated_finish_date = 2026-07-05T16:23:35.220
┌ Info: Progress
│   simulation_time = 16 minutes
│   n_steps_completed = 32
│   wall_time_per_step = 3 milliseconds, 911 microseconds
│   wall_time_total = 22 seconds, 532 milliseconds
│   wall_time_remaining = 22 seconds, 407 milliseconds
│   wall_time_spent = 125 milliseconds, 183 microseconds
│   percent_complete = 0.6%
│   estimated_sypd = 20.996
│   instantaneous_sypd = 21.87
│   date_now = 2026-07-05T16:23:11.280
└   estimated_finish_date = 2026-07-05T16:23:34.280
┌ Info: Progress
│   simulation_time = 32 minutes
│   n_steps_completed = 64
│   wall_time_per_step = 3 milliseconds, 960 microseconds
│   wall_time_total = 22 seconds, 814 milliseconds
│   wall_time_remaining = 22 seconds, 561 milliseconds
│   wall_time_spent = 253 milliseconds, 498 microseconds
│   percent_complete = 1.1%
│   estimated_sypd = 20.737
│   instantaneous_sypd = 20.483
│   date_now = 2026-07-05T16:23:11.408
└   estimated_finish_date = 2026-07-05T16:23:34.408
┌ Info: Progress
│   simulation_time = 1 hour, 4 minutes
│   n_steps_completed = 128
│   wall_time_per_step = 4 milliseconds, 69 microseconds
│   wall_time_total = 23 seconds, 438 milliseconds
│   wall_time_remaining = 22 seconds, 917 milliseconds
│   wall_time_spent = 520 milliseconds, 861 microseconds
│   percent_complete = 2.2%
│   estimated_sypd = 20.185
│   instantaneous_sypd = 19.661
│   date_now = 2026-07-05T16:23:11.676
└   estimated_finish_date = 2026-07-05T16:23:34.676
┌ Info: Progress
│   simulation_time = 2 hours, 8 minutes
│   n_steps_completed = 256
│   wall_time_per_step = 4 milliseconds, 65 microseconds
│   wall_time_total = 23 seconds, 415 milliseconds
│   wall_time_remaining = 22 seconds, 374 milliseconds
│   wall_time_spent = 1 second, 40 milliseconds
│   percent_complete = 4.4%
│   estimated_sypd = 20.205
│   instantaneous_sypd = 20.225
│   date_now = 2026-07-05T16:23:12.195
└   estimated_finish_date = 2026-07-05T16:23:35.195
┌ Info: Progress
│   simulation_time = 4 hours, 16 minutes
│   n_steps_completed = 512
│   wall_time_per_step = 4 milliseconds, 82 microseconds
│   wall_time_total = 23 seconds, 512 milliseconds
│   wall_time_remaining = 21 seconds, 422 milliseconds
│   wall_time_spent = 2 seconds, 89 milliseconds
│   percent_complete = 8.9%
│   estimated_sypd = 20.121
│   instantaneous_sypd = 20.038
│   date_now = 2026-07-05T16:23:13.245
└   estimated_finish_date = 2026-07-05T16:23:35.245
┌ Info: Progress
│   simulation_time = 6 hours, 40 minutes
│   n_steps_completed = 801
│   wall_time_per_step = 4 milliseconds, 170 microseconds
│   wall_time_total = 24 seconds, 21 milliseconds
│   wall_time_remaining = 20 seconds, 680 milliseconds
│   wall_time_spent = 3 seconds, 340 milliseconds
│   percent_complete = 13.9%
│   estimated_sypd = 19.695
│   instantaneous_sypd = 18.982
│   date_now = 2026-07-05T16:23:14.495
└   estimated_finish_date = 2026-07-05T16:23:35.495
┌ Info: Progress
│   simulation_time = 8 hours, 32 minutes
│   n_steps_completed = 1024
│   wall_time_per_step = 4 milliseconds, 325 microseconds
│   wall_time_total = 24 seconds, 913 milliseconds
│   wall_time_remaining = 20 seconds, 484 milliseconds
│   wall_time_spent = 4 seconds, 429 milliseconds
│   percent_complete = 17.8%
│   estimated_sypd = 18.989
│   instantaneous_sypd = 16.824
│   date_now = 2026-07-05T16:23:15.585
└   estimated_finish_date = 2026-07-05T16:23:36.585
┌ Info: Progress
│   simulation_time = 10 hours, 56 minutes
│   n_steps_completed = 1313
│   wall_time_per_step = 4 milliseconds, 373 microseconds
│   wall_time_total = 25 seconds, 189 milliseconds
│   wall_time_remaining = 19 seconds, 447 milliseconds
│   wall_time_spent = 5 seconds, 742 milliseconds
│   percent_complete = 22.8%
│   estimated_sypd = 18.781
│   instantaneous_sypd = 18.08
│   date_now = 2026-07-05T16:23:16.897
└   estimated_finish_date = 2026-07-05T16:23:36.897
┌ Info: Progress
│   simulation_time = 13 hours, 21 minutes
│   n_steps_completed = 1602
│   wall_time_per_step = 4 milliseconds, 446 microseconds
│   wall_time_total = 25 seconds, 612 milliseconds
│   wall_time_remaining = 18 seconds, 489 milliseconds
│   wall_time_spent = 7 seconds, 123 milliseconds
│   percent_complete = 27.8%
│   estimated_sypd = 18.471
│   instantaneous_sypd = 17.182
│   date_now = 2026-07-05T16:23:18.278
└   estimated_finish_date = 2026-07-05T16:23:37.278
┌ Info: Progress
│   simulation_time = 15 hours, 45 minutes
│   n_steps_completed = 1891
│   wall_time_per_step = 4 milliseconds, 519 microseconds
│   wall_time_total = 26 seconds, 32 milliseconds
│   wall_time_remaining = 17 seconds, 485 milliseconds
│   wall_time_spent = 8 seconds, 546 milliseconds
│   percent_complete = 32.8%
│   estimated_sypd = 18.174
│   instantaneous_sypd = 16.684
│   date_now = 2026-07-05T16:23:19.701
└   estimated_finish_date = 2026-07-05T16:23:37.701
┌ Info: Progress
│   simulation_time = 17 hours, 4 minutes
│   n_steps_completed = 2048
│   wall_time_per_step = 4 milliseconds, 563 microseconds
│   wall_time_total = 26 seconds, 285 milliseconds
│   wall_time_remaining = 16 seconds, 939 milliseconds
│   wall_time_spent = 9 seconds, 346 milliseconds
│   percent_complete = 35.6%
│   estimated_sypd = 17.998
│   instantaneous_sypd = 16.125
│   date_now = 2026-07-05T16:23:20.501
└   estimated_finish_date = 2026-07-05T16:23:37.501
┌ Info: Progress
│   simulation_time = 19 hours, 28 minutes
│   n_steps_completed = 2337
│   wall_time_per_step = 4 milliseconds, 636 microseconds
│   wall_time_total = 26 seconds, 706 milliseconds
│   wall_time_remaining = 15 seconds, 870 milliseconds
│   wall_time_spent = 10 seconds, 835 milliseconds
│   percent_complete = 40.6%
│   estimated_sypd = 17.715
│   instantaneous_sypd = 15.936
│   date_now = 2026-07-05T16:23:21.990
└   estimated_finish_date = 2026-07-05T16:23:37.990
┌ Info: Progress
│   simulation_time = 21 hours, 53 minutes
│   n_steps_completed = 2626
│   wall_time_per_step = 4 milliseconds, 709 microseconds
│   wall_time_total = 27 seconds, 128 milliseconds
│   wall_time_remaining = 14 seconds, 760 milliseconds
│   wall_time_spent = 12 seconds, 368 milliseconds
│   percent_complete = 45.6%
│   estimated_sypd = 17.439
│   instantaneous_sypd = 15.489
│   date_now = 2026-07-05T16:23:23.523
└   estimated_finish_date = 2026-07-05T16:23:38.523
┌ Info: Progress
│   simulation_time = 1 day, 17 minutes
│   n_steps_completed = 2915
│   wall_time_per_step = 4 milliseconds, 856 microseconds
│   wall_time_total = 27 seconds, 974 milliseconds
│   wall_time_remaining = 13 seconds, 817 milliseconds
│   wall_time_spent = 14 seconds, 156 milliseconds
│   percent_complete = 50.6%
│   estimated_sypd = 16.912
│   instantaneous_sypd = 13.269
│   date_now = 2026-07-05T16:23:25.312
└   estimated_finish_date = 2026-07-05T16:23:39.312
┌ Info: Progress
│   simulation_time = 1 day, 2 hours
│   n_steps_completed = 3204
│   wall_time_per_step = 4 milliseconds, 913 microseconds
│   wall_time_total = 28 seconds, 300 milliseconds
│   wall_time_remaining = 12 seconds, 558 milliseconds
│   wall_time_spent = 15 seconds, 742 milliseconds
│   percent_complete = 55.6%
│   estimated_sypd = 16.717
│   instantaneous_sypd = 14.974
│   date_now = 2026-07-05T16:23:26.897
└   estimated_finish_date = 2026-07-05T16:23:39.897
┌ Info: Progress
│   simulation_time = 1 day, 5 hours
│   n_steps_completed = 3493
│   wall_time_per_step = 4 milliseconds, 973 microseconds
│   wall_time_total = 28 seconds, 646 milliseconds
│   wall_time_remaining = 11 seconds, 274 milliseconds
│   wall_time_spent = 17 seconds, 371 milliseconds
│   percent_complete = 60.6%
│   estimated_sypd = 16.515
│   instantaneous_sypd = 14.566
│   date_now = 2026-07-05T16:23:28.527
└   estimated_finish_date = 2026-07-05T16:23:40.527
┌ Info: Progress
│   simulation_time = 1 day, 7 hours
│   n_steps_completed = 3782
│   wall_time_per_step = 5 milliseconds, 30 microseconds
│   wall_time_total = 28 seconds, 974 milliseconds
│   wall_time_remaining = 9 seconds, 949 milliseconds
│   wall_time_spent = 19 seconds, 24 milliseconds
│   percent_complete = 65.7%
│   estimated_sypd = 16.328
│   instantaneous_sypd = 14.363
│   date_now = 2026-07-05T16:23:30.179
└   estimated_finish_date = 2026-07-05T16:23:40.179
┌ Info: Progress
│   simulation_time = 1 day, 9 hours
│   n_steps_completed = 4071
│   wall_time_per_step = 5 milliseconds, 104 microseconds
│   wall_time_total = 29 seconds, 400 milliseconds
│   wall_time_remaining = 8 seconds, 620 milliseconds
│   wall_time_spent = 20 seconds, 779 milliseconds
│   percent_complete = 70.7%
│   estimated_sypd = 16.092
│   instantaneous_sypd = 13.528
│   date_now = 2026-07-05T16:23:31.934
└   estimated_finish_date = 2026-07-05T16:23:40.934
┌ Info: Progress
│   simulation_time = 1 day, 10 hours
│   n_steps_completed = 4096
│   wall_time_per_step = 5 milliseconds, 111 microseconds
│   wall_time_total = 29 seconds, 444 milliseconds
│   wall_time_remaining = 8 seconds, 506 milliseconds
│   wall_time_spent = 20 seconds, 938 milliseconds
│   percent_complete = 71.1%
│   estimated_sypd = 16.068
│   instantaneous_sypd = 12.928
│   date_now = 2026-07-05T16:23:32.093
└   estimated_finish_date = 2026-07-05T16:23:41.093
┌ Info: Progress
│   simulation_time = 1 day, 12 hours
│   n_steps_completed = 4385
│   wall_time_per_step = 5 milliseconds, 171 microseconds
│   wall_time_total = 29 seconds, 788 milliseconds
│   wall_time_remaining = 7 seconds, 110 milliseconds
│   wall_time_spent = 22 seconds, 677 milliseconds
│   percent_complete = 76.1%
│   estimated_sypd = 15.882
│   instantaneous_sypd = 13.646
│   date_now = 2026-07-05T16:23:33.832
└   estimated_finish_date = 2026-07-05T16:23:41.832
┌ Info: Progress
│   simulation_time = 1 day, 14 hours
│   n_steps_completed = 4674
│   wall_time_per_step = 5 milliseconds, 230 microseconds
│   wall_time_total = 30 seconds, 127 milliseconds
│   wall_time_remaining = 5 seconds, 680 milliseconds
│   wall_time_spent = 24 seconds, 447 milliseconds
│   percent_complete = 81.1%
│   estimated_sypd = 15.703
│   instantaneous_sypd = 13.413
│   date_now = 2026-07-05T16:23:35.602
└   estimated_finish_date = 2026-07-05T16:23:41.602
┌ Info: Progress
│   simulation_time = 1 day, 17 hours
│   n_steps_completed = 4963
│   wall_time_per_step = 5 milliseconds, 302 microseconds
│   wall_time_total = 30 seconds, 544 milliseconds
│   wall_time_remaining = 4 seconds, 226 milliseconds
│   wall_time_spent = 26 seconds, 317 milliseconds
│   percent_complete = 86.2%
│   estimated_sypd = 15.489
│   instantaneous_sypd = 12.69
│   date_now = 2026-07-05T16:23:37.473
└   estimated_finish_date = 2026-07-05T16:23:42.473
┌ Info: Progress
│   simulation_time = 1 day, 19 hours
│   n_steps_completed = 5252
│   wall_time_per_step = 5 milliseconds, 361 microseconds
│   wall_time_total = 30 seconds, 882 milliseconds
│   wall_time_remaining = 2 seconds, 723 milliseconds
│   wall_time_spent = 28 seconds, 158 milliseconds
│   percent_complete = 91.2%
│   estimated_sypd = 15.32
│   instantaneous_sypd = 12.896
│   date_now = 2026-07-05T16:23:39.313
└   estimated_finish_date = 2026-07-05T16:23:42.313
┌ Info: Progress
│   simulation_time = 1 day, 22 hours
│   n_steps_completed = 5541
│   wall_time_per_step = 5 milliseconds, 420 microseconds
│   wall_time_total = 31 seconds, 219 milliseconds
│   wall_time_remaining = 1 second, 186 milliseconds
│   wall_time_spent = 30 seconds, 32 milliseconds
│   percent_complete = 96.2%
│   estimated_sypd = 15.154
│   instantaneous_sypd = 12.665
│   date_now = 2026-07-05T16:23:41.187
└   estimated_finish_date = 2026-07-05T16:23:43.187
[ Info: solve! walltime = 31.5
[ Info: sypd: 15.029
[ Info: wall_time_per_timestep: 5 milliseconds, 468 microseconds
[ Info: Memory currently used (after solve!) by the process (RSS): 8.68 GiB
[ Info: Completed member 3
┌ Info: Making AtmosConfig with config files: 
│      /home/jeff/larcform1-experiments/ClimaAtmos.jl/src/config/../../config/default_configs/default_config.yml
└   
┌ Info: numerics 
│          `energy_q_tot_upwinding`::`Val{:vanleer_limiter}`
│                `tracer_upwinding`::`Val{:vanleer_limiter}`
│       `edmfx_mse_q_tot_upwinding`::`Val{:first_order}`
│         `edmfx_sgsflux_upwinding`::`Val{:none}`
│          `edmfx_tracer_upwinding`::`Val{:first_order}`
│         `test_dycore_consistency`::`Nothing`
│            `reproducible_restart`::`Nothing`
│                         `limiter`::`Nothing`
│                       `diff_mode`::`ClimaAtmos.Implicit`
│                       `hyperdiff`::`Nothing`
└   
┌ Info: AtmosModel: 
│   
│                               `water`::`ClimaAtmos.AtmosWater{ClimaAtmos.NonEquilibriumMicrophysics1M, ClimaAtmos.QuadratureCloud, ClimaAtmos.Implicit, Nothing, ClimaAtmos.SGSQuadrature{3, StaticArraysCore.SVector{3, Float32}, StaticArraysCore.SVector{3, Float32}, ClimaAtmos.GaussianSGS, Float32}, ClimaAtmos.FixedTerminalVelocity{Float32}}`
│                           `scm_setup`::`ClimaAtmos.SCMSetup{Nothing, Nothing, Nothing, Bool, @NamedTuple{prof_ug::AtmosphericProfilesLibrary.ZProfile{AtmosphericProfilesLibrary.var"#Larcform1_geostrophic_u##0#Larcform1_geostrophic_u##1"{Float32}}, prof_vg::AtmosphericProfilesLibrary.ZProfile{Returns{Float32}}, coriolis_param::Float32}}`
│                           `radiation`::`ClimaAtmos.AtmosRadiation{ClimaAtmos.RRTMGPInterface.AllSkyRadiationWithClearSkyDiagnostics{ClimaAtmos.InteractiveCloudInRadiation}, ClimaAtmos.Larcform1Insolation}`
│                            `turbconv`::`ClimaAtmos.AtmosTurbconv{ClimaAtmos.EDMFXModel{ClimaAtmos.InvZEntrainment, ClimaAtmos.BuoyancyVelocityDetrainment, Val{true}, Val{true}, Val{true}, Val{true}, Val{true}, ClimaAtmos.SmoothMinimumBlending}, ClimaAtmos.PrognosticEDMFX{1, true, Float32}, Nothing, Nothing, Nothing}`
│                     `prescribed_flow`::`Nothing`
│                        `gravity_wave`::`ClimaAtmos.AtmosGravityWave{Nothing, Nothing}`
│                  `vertical_diffusion`::`Nothing`
│                              `sponge`::`ClimaAtmos.AtmosSponge{Nothing, Nothing}`
│                             `surface`::`ClimaAtmos.AtmosSurface{ClimaAtmos.SurfaceConditions.MoninObukhov{Float32, Nothing, Nothing}, ClimaAtmos.SurfaceConditions.SlabOceanTemperature{Float32}, ClimaAtmos.SurfaceConditions.SurfaceBoundaryOverrides{Float32, Float32, Nothing, Nothing, Nothing, Nothing}, ClimaAtmos.ConstantAlbedo{Float32}}`
│                            `numerics`::`ClimaAtmos.AtmosNumerics{Val{:vanleer_limiter}, Val{:vanleer_limiter}, Val{:first_order}, Val{:none}, Val{:first_order}, Nothing, Nothing, Nothing, ClimaAtmos.Implicit, Nothing}`
│                           `chemistry`::`ClimaAtmos.AtmosChem{Nothing}`
└   
┌ Info: Microphysics settings: 
│                          `n_substeps`::`3`
│                     `n_substeps_quad`::`2`
│              `cloud_liquid_formation`::`CloudLiquidFormation`
│                 `cloud_ice_formation`::`TemperatureDependent`
│                      `cloud_ice_melt`::`CloudIceMelt`
│                 `rain_autoconversion`::`Kessler1M`
│                 `snow_autoconversion`::`NoSupersaturation`
│       `rain_condensation_evaporation`::`RainEvaporation`
│         `snow_deposition_sublimation`::`DepositionAndSublimation`
│                           `snow_melt`::`SnowMelt`
│         `cloud_liquid_rain_accretion`::`CloudLiquidRainAccretion`
│         `cloud_liquid_snow_accretion`::`CloudLiquidSnowAccretion`
│            `cloud_ice_rain_accretion`::`CloudIceRainAccretion`
│            `cloud_ice_snow_accretion`::`CloudIceSnowAccretion`
│                 `rain_snow_accretion`::`RainSnowAccretion`
└   
[ Info: Single-process ClimaAtmos run on CPUSingleThreaded
[ Info: Using ODE config: `ClimaTimeSteppers.ARS222`
[ Info: Initialized state (48.981 μs, 7.76 KiB)
[ Info: Built cache (218.764 ms, 172.6 MiB)
[ Info: Assembled callbacks (192.084 μs, 17.42 KiB)
┌ Info: Jacobian algorithm: ManualSparseJacobian(
│     approximate_solve_iters = 2,
└   )
[ Info: Jacobian derivative flags: topography_flag = IgnoreDerivative, diffusion_flag = UseDerivative
[ Info: Built tendency function (340.797 μs, 201.06 KiB)
[ Info: Initialized integrator (8.558 ms, 169.03 KiB)
[ Info: Added 7 user-provided YAML-style diagnostics
[ Info: Saving accumulated diagnostics to disk with frequency: 1 hour
[ Info: Set up diagnostics (715.999 μs, 103.66 KiB)
[ Info: Initialized 7 total diagnostics
